[2026.09.12-13.13.17:272][  0]LogCinderFramePacing: Display: CINDERLINE_IOS_PHYSICAL_STATE state=idle thermal=nominal raw_thermal=0 low_power=0 device_temperature_c=unavailable requested_fps=0 actual_pacer_fps=60 quality=full process_cpu_pct=16.11 process_cpu_pct_one_core=161.09 process_memory_mb=299.14 gpu_frame_ms=unavailable gpu_scope=latest_completed_engine_frame
[2026.09.12-13.13.17:272][  0]LogCinderFramePacing: Display: CINDERLINE_IOS_POLICY state=idle actual_thermal=nominal effective_thermal=nominal low_power=0 effective_low_power=0 requested_fps=15 actual_pacer_fps=15 quality=full stable_seconds=0.0 source=physical
[2026.09.12-13.13.17:294][  0]LogCinderFramePacing: Display: CINDERLINE_FRAME_PACING state=idle effective_fps=15.00 engine_fps=0.00
[2026.09.12-13.13.17:356][  0]LogCinderFramePacing: Display: CINDERLINE_WORLD_RENDERING disabled=1 state=menu
[2026.09.12-13.13.17:356][  0]LogCinderHUD: Display: CINDERLINE_MENU_SAFE_AREA canvas=2052x1536 insets_px=(0.0,0.0,0.0,0.0) background=full_bleed
[2026.09.12-13.13.17:359][  0]LogRHI: Display: ShaderPipelineCache: Paused Batching. 1
[2026.09.12-13.13.17:359][  0]LogRHI: Display: ShaderPipelineCache: Resumed Batching. 0
[2026.09.12-13.13.17:359][  0]LogRHI: Display: ShaderPipelineCache: Batching Resumed.
[2026.09.12-13.13.17:362][  0]LogCinderFramePacing: Display: CINDERLINE_FRAME_PACING state=menu effective_fps=15.00 engine_fps=0.00
[2026.09.12-13.13.17:430][  0]LogCinderFramePacing: Display: CINDERLINE_IOS_POLICY state=menu actual_thermal=nominal effective_thermal=nominal low_power=0 effective_low_power=0 requested_fps=15 actual_pacer_fps=15 quality=full stable_seconds=0.2 source=physical
[2026.09.12-13.13.17:474][  0]LogCinderArtPreview: Display: CINDERLINE_ART_PREVIEW_FRAME mode=base viewport=2052x1536 distance=2400.0 focus=(1343.0,2830.5) target_screen=(164,138)-(1826,1229) projected=(91,19)-(1904,1344)
[2026.09.12-13.13.17:476][  0]LogCinderArtPreview: Display: CINDERLINE_ART_PREVIEW mode=base fixture=development_unsaved seed=4280916 buildings=6 mining_workers=3 army=7 cliff=(1320,2400,380,140) camera=projected_fit_1300_2400; ordinary simulation and fog, no save written
[2026.09.12-13.13.17:477][  0]LogCinderArtPreview: Display: CINDERLINE_ART_PREVIEW_FRAME mode=battle viewport=2052x1536 distance=2400.0 focus=(1267.5,3115.1) target_screen=(164,138)-(1826,1229) projected=(287,-3)-(1669,1402)
[2026.09.12-13.13.17:480][  0]LogCinderArtPreview: Display: CINDERLINE_ART_PREVIEW mode=battle fixture=development_unsaved raiders=7 defenders=6 cliff_clear=1; ordinary attack-move orders and combat, no save written
[2026.09.12-13.13.17:480][  0]LogCinderQuality: Display: CINDERLINE_GPU_PROFILE scheduled delay_seconds=5.0
[2026.09.12-13.13.17:480][  0]LogCinderQuality: Display: CINDERLINE_FRAME_PROFILE started map=Frontier warmup_frames=30 sample_frames=120 viewport_px=2052x1536; measures viewport wall-clock cadence plus asynchronous raw engine timings
[2026.09.12-13.13.17:480][  0]LogCinderQuality: Display: CINDERLINE_QUALITY map=Frontier viewport_px=2052x1536 render_target_px=2052x1536 dpi_scale=1.000 high_dpi_active=1 foreground=unavailable rendered_viewport_available=1
[2026.09.12-13.13.17:480][  0]LogCinderFramePacing: Display: CINDERLINE_FRAME_PACING state=gameplay effective_fps=15.00 engine_fps=0.00
[2026.09.12-13.13.17:480][  0]LogCinderQuality: Display: CINDERLINE_QUALITY_FRAME_LIMIT engine=CinderGameEngine state=1 effective_fps=15.00; limit is not measured cadence or GPU utilization
[2026.09.12-13.13.17:480][  0]LogCinderQuality: Display: CINDERLINE_QUALITY_IOS_POLICY actual_thermal=0 raw_platform_thermal=0 device_temperature_c=unavailable effective_thermal=0 low_power=0 effective_low_power=0 requested_frame_pace=15 actual_frame_pace=15 quality=0 stable_seconds=0.2 source=physical world_rendering_disabled=1
[2026.09.12-13.13.17:480][  0]LogCinderQuality: Display: CINDERLINE_QUALITY_CVAR name=EnableHighDPIAwareness value=1 set_by=Code
[2026.09.12-13.13.17:480][  0]LogCinderQuality: Display: CINDERLINE_QUALITY_CVAR name=r.AntiAliasingMethod value=1 set_by=ProjectSetting
[2026.09.12-13.13.17:480][  0]LogCinderQuality: Display: CINDERLINE_QUALITY_CVAR name=r.TemporalAA.Quality value=0 set_by=Scalability
[2026.09.12-13.13.17:480][  0]LogCinderQuality: Display: CINDERLINE_QUALITY_CVAR name=r.TemporalAA.HistoryScreenPercentage value=100 set_by=Constructor
[2026.09.12-13.13.17:480][  0]LogCinderQuality: Display: CINDERLINE_QUALITY_CVAR name=r.TSR.AsyncCompute value=2 set_by=Constructor
[2026.09.12-13.13.17:480][  0]LogCinderQuality: Display: CINDERLINE_QUALITY_CVAR name=r.TSR.History.UpdateQuality value=1 set_by=Scalability
[2026.09.12-13.13.17:480][  0]LogCinderQuality: Display: CINDERLINE_QUALITY_CVAR name=r.ScreenPercentage value=0 set_by=Constructor
[2026.09.12-13.13.17:480][  0]LogCinderQuality: Display: CINDERLINE_QUALITY_CVAR name=r.SecondaryScreenPercentage.GameViewport value=0 set_by=Constructor
[2026.09.12-13.13.17:480][  0]LogCinderQuality: Display: CINDERLINE_QUALITY_CVAR name=r.DynamicRes.OperationMode value=0 set_by=Constructor
[2026.09.12-13.13.17:480][  0]LogCinderQuality: Display: CINDERLINE_QUALITY_CVAR name=r.TSR.History.ScreenPercentage value=100 set_by=Scalability
[2026.09.12-13.13.17:480][  0]LogCinderQuality: Display: CINDERLINE_QUALITY_CVAR name=r.ReflectionMethod value=0 set_by=ProjectSetting
[2026.09.12-13.13.17:480][  0]LogCinderQuality: Display: CINDERLINE_QUALITY_CVAR name=r.SSR.Quality value=2 set_by=DeviceProfile
[2026.09.12-13.13.17:480][  0]LogCinderQuality: Display: CINDERLINE_QUALITY_CVAR name=r.SSR.HalfResSceneColor value=1 set_by=Scalability
[2026.09.12-13.13.17:480][  0]LogCinderQuality: Display: CINDERLINE_QUALITY_CVAR name=r.DefaultFeature.Bloom value=1 set_by=DeviceProfile
[2026.09.12-13.13.17:480][  0]LogCinderQuality: Display: CINDERLINE_QUALITY_CVAR name=r.BloomQuality value=3 set_by=DeviceProfile
[2026.09.12-13.13.17:480][  0]LogCinderQuality: Display: CINDERLINE_QUALITY_CVAR name=r.DefaultFeature.AmbientOcclusion value=1 set_by=Constructor
[2026.09.12-13.13.17:480][  0]LogCinderQuality: Display: CINDERLINE_QUALITY_CVAR name=r.AmbientOcclusionLevels value=0 set_by=Scalability
[2026.09.12-13.13.17:480][  0]LogCinderQuality: Display: CINDERLINE_QUALITY_CVAR name=r.AmbientOcclusionMaxQuality value=60 set_by=Scalability
[2026.09.12-13.13.17:480][  0]LogCinderQuality: Display: CINDERLINE_QUALITY_CVAR name=r.MaxAnisotropy value=8 set_by=DeviceProfile
[2026.09.12-13.13.17:480][  0]LogCinderQuality: Display: CINDERLINE_QUALITY_CVAR name=r.ShadowQuality value=3 set_by=DeviceProfile
[2026.09.12-13.13.17:480][  0]LogCinderQuality: Display: CINDERLINE_QUALITY_CVAR name=r.Shadow.MaxCSMResolution value=1024 set_by=DeviceProfile
[2026.09.12-13.13.17:480][  0]LogCinderQuality: Display: CINDERLINE_QUALITY_CVAR name=r.Shadow.MaxResolution value=1024 set_by=DeviceProfile
[2026.09.12-13.13.17:480][  0]LogCinderQuality: Display: CINDERLINE_QUALITY_CVAR name=r.Shadow.CSM.MaxCascades value=2 set_by=DeviceProfile
[2026.09.12-13.13.17:480][  0]LogCinderQuality: Display: CINDERLINE_QUALITY_CVAR name=r.Tonemapper.Sharpen value=-1 set_by=Constructor
[2026.09.12-13.13.17:480][  0]LogCinderQuality: Display: CINDERLINE_QUALITY_CVAR name=r.VSync value=0 set_by=GameSetting
[2026.09.12-13.13.17:480][  0]LogCinderQuality: Display: CINDERLINE_QUALITY_CVAR name=rhi.SyncInterval value=4 set_by=Code
[2026.09.12-13.13.17:480][  0]LogCinderQuality: Display: CINDERLINE_QUALITY_CVAR name=t.MaxFPS value=0 set_by=DeviceProfile
[2026.09.12-13.13.17:480][  0]LogCinderQuality: Display: CINDERLINE_QUALITY_CVAR name=r.MotionBlurQuality value=3 set_by=Scalability
[2026.09.12-13.13.17:480][  0]LogCinderQuality: Display: CINDERLINE_QUALITY_CVAR name=r.DepthOfFieldQuality value=0 set_by=Scalability
[2026.09.12-13.13.17:480][  0]LogCinderQuality: Display: CINDERLINE_QUALITY_CVAR name=r.SceneColorFringeQuality value=0 set_by=Scalability
[2026.09.12-13.13.17:480][  0]LogCinderQuality: Display: CINDERLINE_QUALITY_CVAR name=r.TranslucencyLightingVolume value=0 set_by=DeviceProfile
[2026.09.12-13.13.17:482][  1]LogCinderFramePacing: Display: CINDERLINE_IOS_POLICY state=gameplay actual_thermal=nominal effective_thermal=serious low_power=0 effective_low_power=0 requested_fps=20 actual_pacer_fps=20 quality=minimum stable_seconds=0.0 source=development_override
[2026.09.12-13.13.17:484][  1]LogCinderFramePacing: Display: CINDERLINE_WORLD_RENDERING disabled=0 state=gameplay
[2026.09.12-13.13.22:481][100]LogCinderQuality: Display: CINDERLINE_GPU_PROFILE capture map=Frontier foreground=unavailable world_rendering_disabled=0; whole frame including UI; single instrumented frame, not sustained utilization
[2026.09.12-13.13.22:481][100]LogCinderQuality: Display: CINDERLINE_QUALITY map=Frontier viewport_px=2052x1536 render_target_px=2052x1536 dpi_scale=1.000 high_dpi_active=1 foreground=unavailable rendered_viewport_available=1
[2026.09.12-13.13.22:481][100]LogCinderQuality: Display: CINDERLINE_QUALITY_FRAME_LIMIT engine=CinderGameEngine state=1 effective_fps=20.00; limit is not measured cadence or GPU utilization
[2026.09.12-13.13.22:481][100]LogCinderQuality: Display: CINDERLINE_QUALITY_IOS_POLICY actual_thermal=0 raw_platform_thermal=0 device_temperature_c=unavailable effective_thermal=2 low_power=0 effective_low_power=0 requested_frame_pace=20 actual_frame_pace=20 quality=2 stable_seconds=0.0 source=development_override world_rendering_disabled=0
[2026.09.12-13.13.22:481][100]LogCinderQuality: Display: CINDERLINE_QUALITY_CVAR name=EnableHighDPIAwareness value=1 set_by=Code
[2026.09.12-13.13.22:481][100]LogCinderQuality: Display: CINDERLINE_QUALITY_CVAR name=r.AntiAliasingMethod value=1 set_by=ProjectSetting
[2026.09.12-13.13.22:481][100]LogCinderQuality: Display: CINDERLINE_QUALITY_CVAR name=r.TemporalAA.Quality value=0 set_by=Scalability
[2026.09.12-13.13.22:481][100]LogCinderQuality: Display: CINDERLINE_QUALITY_CVAR name=r.TemporalAA.HistoryScreenPercentage value=100 set_by=Constructor
[2026.09.12-13.13.22:481][100]LogCinderQuality: Display: CINDERLINE_QUALITY_CVAR name=r.TSR.AsyncCompute value=2 set_by=Constructor
[2026.09.12-13.13.22:481][100]LogCinderQuality: Display: CINDERLINE_QUALITY_CVAR name=r.TSR.History.UpdateQuality value=1 set_by=Scalability
[2026.09.12-13.13.22:481][100]LogCinderQuality: Display: CINDERLINE_QUALITY_CVAR name=r.ScreenPercentage value=70 set_by=Code
[2026.09.12-13.13.22:481][100]LogCinderQuality: Display: CINDERLINE_QUALITY_CVAR name=r.SecondaryScreenPercentage.GameViewport value=0 set_by=Constructor
[2026.09.12-13.13.22:481][100]LogCinderQuality: Display: CINDERLINE_QUALITY_CVAR name=r.DynamicRes.OperationMode value=0 set_by=Constructor
[2026.09.12-13.13.22:481][100]LogCinderQuality: Display: CINDERLINE_QUALITY_CVAR name=r.TSR.History.ScreenPercentage value=100 set_by=Scalability
[2026.09.12-13.13.22:481][100]LogCinderQuality: Display: CINDERLINE_QUALITY_CVAR name=r.ReflectionMethod value=0 set_by=ProjectSetting
[2026.09.12-13.13.22:481][100]LogCinderQuality: Display: CINDERLINE_QUALITY_CVAR name=r.SSR.Quality value=2 set_by=DeviceProfile
[2026.09.12-13.13.22:481][100]LogCinderQuality: Display: CINDERLINE_QUALITY_CVAR name=r.SSR.HalfResSceneColor value=1 set_by=Scalability
[2026.09.12-13.13.22:481][100]LogCinderQuality: Display: CINDERLINE_QUALITY_CVAR name=r.DefaultFeature.Bloom value=1 set_by=DeviceProfile
[2026.09.12-13.13.22:481][100]LogCinderQuality: Display: CINDERLINE_QUALITY_CVAR name=r.BloomQuality value=0 set_by=Code
[2026.09.12-13.13.22:481][100]LogCinderQuality: Display: CINDERLINE_QUALITY_CVAR name=r.DefaultFeature.AmbientOcclusion value=1 set_by=Constructor
[2026.09.12-13.13.22:481][100]LogCinderQuality: Display: CINDERLINE_QUALITY_CVAR name=r.AmbientOcclusionLevels value=0 set_by=Scalability
[2026.09.12-13.13.22:481][100]LogCinderQuality: Display: CINDERLINE_QUALITY_CVAR name=r.AmbientOcclusionMaxQuality value=60 set_by=Scalability
[2026.09.12-13.13.22:481][100]LogCinderQuality: Display: CINDERLINE_QUALITY_CVAR name=r.MaxAnisotropy value=8 set_by=DeviceProfile
[2026.09.12-13.13.22:481][100]LogCinderQuality: Display: CINDERLINE_QUALITY_CVAR name=r.ShadowQuality value=0 set_by=Code
[2026.09.12-13.13.22:481][100]LogCinderQuality: Display: CINDERLINE_QUALITY_CVAR name=r.Shadow.MaxCSMResolution value=512 set_by=Code
[2026.09.12-13.13.22:481][100]LogCinderQuality: Display: CINDERLINE_QUALITY_CVAR name=r.Shadow.MaxResolution value=512 set_by=Code
[2026.09.12-13.13.22:481][100]LogCinderQuality: Display: CINDERLINE_QUALITY_CVAR name=r.Shadow.CSM.MaxCascades value=1 set_by=Code
[2026.09.12-13.13.22:481][100]LogCinderQuality: Display: CINDERLINE_QUALITY_CVAR name=r.Tonemapper.Sharpen value=-1 set_by=Constructor
[2026.09.12-13.13.22:481][100]LogCinderQuality: Display: CINDERLINE_QUALITY_CVAR name=r.VSync value=0 set_by=GameSetting
[2026.09.12-13.13.22:481][100]LogCinderQuality: Display: CINDERLINE_QUALITY_CVAR name=rhi.SyncInterval value=3 set_by=Code
[2026.09.12-13.13.22:481][100]LogCinderQuality: Display: CINDERLINE_QUALITY_CVAR name=t.MaxFPS value=0 set_by=DeviceProfile
[2026.09.12-13.13.22:481][100]LogCinderQuality: Display: CINDERLINE_QUALITY_CVAR name=r.MotionBlurQuality value=3 set_by=Scalability
[2026.09.12-13.13.22:481][100]LogCinderQuality: Display: CINDERLINE_QUALITY_CVAR name=r.DepthOfFieldQuality value=0 set_by=Scalability
[2026.09.12-13.13.22:482][100]LogCinderQuality: Display: CINDERLINE_QUALITY_CVAR name=r.SceneColorFringeQuality value=0 set_by=Scalability
[2026.09.12-13.13.22:482][100]LogCinderQuality: Display: CINDERLINE_QUALITY_CVAR name=r.TranslucencyLightingVolume value=0 set_by=DeviceProfile
[2026.09.12-13.13.22:582][102]LogRHI: Display: 
[2026.09.12-13.13.22:582][102]LogRHI: Display: GPU Profile for Frame 101 - Graphics pipeline 0 - GPU 0
[2026.09.12-13.13.22:582][102]LogRHI: Display: 
[2026.09.12-13.13.22:582][102]LogRHI: Display:     - Frame Time                    : 2.46ms
[2026.09.12-13.13.22:582][102]LogRHI: Display:     - r.ProfileGPU.Root             : "*"
[2026.09.12-13.13.22:582][102]LogRHI: Display:     - r.ProfileGPU.ThresholdPercent : 0.00%
[2026.09.12-13.13.22:582][102]LogRHI: Display:     - r.ProfileGPU.ShowLeafEvents   : true
[2026.09.12-13.13.22:582][102]LogRHI: Display: 
[2026.09.12-13.13.22:582][102]LogRHI: Display:     +---------------------------------------------------+---------------------------------------------------+---------------------------------------------------------------------------------+
[2026.09.12-13.13.22:582][102]LogRHI: Display:     |                     Exclusive                     |                     Inclusive                     |                                                                                 |
[2026.09.12-13.13.22:582][102]LogRHI: Display:     +-------+--------+------+------+---------+----------+-------+--------+------+------+---------+----------+                                     Events                                      |
[2026.09.12-13.13.22:582][102]LogRHI: Display:     | Draws | Dsptch | Prim | Vert | Percent |   Time   | Draws | Dsptch | Prim | Vert | Percent |   Time   |                                                                                 |
[2026.09.12-13.13.22:582][102]LogRHI: Display:     +-------+--------+------+------+---------+----------+-------+--------+------+------+---------+----------+---------------------------------------------------------------------------------+
[2026.09.12-13.13.22:582][102]LogRHI: Display:     |     0 |      0 |    0 |    0 |    3.7% | 0.091 ms |     0 |      0 |    0 |    0 |  100.0% | 2.463 ms | <root>                                                                          |
[2026.09.12-13.13.22:582][102]LogRHI: Display:     |     0 |      0 |    0 |    0 |    0.0% | 0.000 ms |     0 |      0 |    0 |    0 |   96.3% | 2.372 ms |    Frame 101                                                                    |
[2026.09.12-13.13.22:582][102]LogRHI: Display:     |     0 |      0 |    0 |    0 |    0.0% | 0.000 ms |     0 |      0 |    0 |    0 |    0.0% | 0.000 ms |       WorldTick                                                                 |
[2026.09.12-13.13.22:582][102]LogRHI: Display:     |     0 |      0 |    0 |    0 |    0.0% | 0.000 ms |     0 |      0 |    0 |    0 |    0.0% | 0.000 ms |       SendAllEndOfFrameUpdates                                                  |
[2026.09.12-13.13.22:582][102]LogRHI: Display:     |     0 |      0 |    0 |    0 |    0.0% | 0.000 ms |     0 |      0 |    0 |    0 |   94.2% | 2.319 ms |       SceneRender - ViewFamilies                                                |
[2026.09.12-13.13.22:582][102]LogRHI: Display:     |     0 |      0 |    0 |    0 |    0.0% | 0.000 ms |     0 |      0 |    0 |    0 |    0.0% | 0.000 ms |          MobileSceneRender                                                      |
[2026.09.12-13.13.22:582][102]LogRHI: Display:     |     0 |      0 |    0 |    0 |    0.0% | 0.000 ms |     0 |      0 |    0 |    0 |    0.0% | 0.000 ms |             InitViews                                                           |
[2026.09.12-13.13.22:582][102]LogRHI: Display:     |     0 |      0 |    0 |    0 |    0.0% | 0.000 ms |     0 |      0 |    0 |    0 |    0.0% | 0.000 ms |             RenderMobileShadowProjections                                       |
[2026.09.12-13.13.22:582][102]LogRHI: Display:     |     0 |      0 |    0 |    0 |    0.0% | 0.000 ms |     0 |      0 |    0 |    0 |   94.2% | 2.319 ms |          RenderGraphExecute - /ViewFamilies                                     |
[2026.09.12-13.13.22:582][102]LogRHI: Display:     |     0 |      0 |    0 |    0 |    0.0% | 0.000 ms |     0 |      0 |    0 |    0 |    0.0% | 0.000 ms |             FRDGBuilder::SubmitBufferUploads                                    |
[2026.09.12-13.13.22:582][102]LogRHI: Display:     |     0 |      0 |    0 |    0 |   16.6% | 0.410 ms |     0 |      0 |    0 |    0 |   94.2% | 2.319 ms |             MobileSceneRender                                                   |
[2026.09.12-13.13.22:582][102]LogRHI: Display:     |     0 |      0 |    0 |    0 |    0.0% | 0.000 ms |     0 |      0 |    0 |    0 |   11.0% | 0.270 ms |                UpdateAllPrimitiveSceneInfos                                     |
[2026.09.12-13.13.22:582][102]LogRHI: Display:     |     0 |      0 |    0 |    0 |    0.0% | 0.000 ms |     0 |      0 |    0 |    0 |   11.0% | 0.270 ms |                   GPUSceneUpdate                                                |
[2026.09.12-13.13.22:582][102]LogRHI: Display:     |     0 |      0 |    0 |    0 |    0.0% | 0.000 ms |     0 |      0 |    0 |    0 |   11.0% | 0.270 ms |                      GPUScene.Update                                            |
[2026.09.12-13.13.22:582][102]LogRHI: Display:     |     0 |      0 |    0 |    0 |   11.0% | 0.270 ms |     0 |      0 |    0 |    0 |   11.0% | 0.270 ms |                         GPUScene::SetInstancePrimitiveIdCS                      |
[2026.09.12-13.13.22:582][102]LogRHI: Display:     |     0 |      0 |    0 |    0 |    0.0% | 0.000 ms |     0 |      0 |    0 |    0 |    0.0% | 0.000 ms |                         GPUScene::SetInstancePrimitiveIdCS                      |
[2026.09.12-13.13.22:582][102]LogRHI: Display:     |     0 |      0 |    0 |    0 |    0.0% | 0.000 ms |     0 |      0 |    0 |    0 |    0.0% | 0.000 ms |                         UpdateGPUScene NumPrimitiveDataUploads 20               |
[2026.09.12-13.13.22:582][102]LogRHI: Display:     |     0 |      0 |    0 |    0 |    0.0% | 0.000 ms |     0 |      0 |    0 |    0 |    0.0% | 0.000 ms |                            ScatterUpload (Resource: GPUScene.PrimitiveData)     |
[2026.09.12-13.13.22:582][102]LogRHI: Display:     |     0 |      0 |    0 |    0 |    0.0% | 0.000 ms |     0 |      0 |    0 |    0 |    0.0% | 0.000 ms |                            ScatterUpload (Resource: GPUScene.InstanceSceneData) |
[2026.09.12-13.13.22:582][102]LogRHI: Display:     |     0 |      0 |    0 |    0 |    0.0% | 0.000 ms |     0 |      0 |    0 |    0 |    0.0% | 0.000 ms |                ClearGPUMessageBuffer                                            |
[2026.09.12-13.13.22:582][102]LogRHI: Display:     |     0 |      0 |    0 |    0 |    0.0% | 0.000 ms |     0 |      0 |    0 |    0 |    0.0% | 0.000 ms |                ShaderPrint::UploadParameters                                    |
[2026.09.12-13.13.22:582][102]LogRHI: Display:     |     0 |      0 |    0 |    0 |    0.0% | 0.000 ms |     0 |      0 |    0 |    0 |    0.0% | 0.000 ms |                AccessModePass[Graphics] (Textures: 0, Buffers: 1)               |
[2026.09.12-13.13.22:582][102]LogRHI: Display:     |     0 |      0 |    0 |    0 |    0.0% | 0.000 ms |     0 |      0 |    0 |    0 |    0.0% | 0.000 ms |                FXSystemPreRender                                                |
[2026.09.12-13.13.22:582][102]LogRHI: Display:     |     0 |      0 |    0 |    0 |    0.0% | 0.000 ms |     0 |      0 |    0 |    0 |    0.0% | 0.000 ms |                   GPUParticles_PreRender                                        |
[2026.09.12-13.13.22:582][102]LogRHI: Display:     |     0 |      0 |    0 |    0 |    0.0% | 0.000 ms |     0 |      0 |    0 |    0 |    5.9% | 0.146 ms |                BuildRenderingCommandsDeferred(Culling=On)                       |
[2026.09.12-13.13.22:582][102]LogRHI: Display:     |     0 |      0 |    0 |    0 |    5.9% | 0.146 ms |     0 |      0 |    0 |    0 |    5.9% | 0.146 ms |                   ClearIndirectArgInstanceCount                                 |
[2026.09.12-13.13.22:582][102]LogRHI: Display:     |     0 |      0 |    0 |    0 |    0.0% | 0.000 ms |     0 |      0 |    0 |    0 |    0.0% | 0.000 ms |                   CullInstances(UnCulled). Bin 0                                |
[2026.09.12-13.13.22:582][102]LogRHI: Display:     |     0 |      0 |    0 |    0 |    0.0% | 0.000 ms |     0 |      0 |    0 |    0 |    0.0% | 0.000 ms |                   CullInstances(Generic). Bin 1                                 |
[2026.09.12-13.13.22:582][102]LogRHI: Display:     |     0 |      0 |    0 |    0 |    0.0% | 0.000 ms |     0 |      0 |    0 |    0 |   18.9% | 0.465 ms |                ComputeLightGrid                                                 |
[2026.09.12-13.13.22:582][102]LogRHI: Display:     |     0 |      0 |    0 |    0 |    1.3% | 0.033 ms |     0 |      0 |    0 |    0 |   18.9% | 0.465 ms |                   CullLights 23x17x8 NumLights 0 NumCaptures 0                  |
[2026.09.12-13.13.22:582][102]LogRHI: Display:     |     0 |      0 |    0 |    0 |   15.9% | 0.391 ms |     0 |      0 |    0 |    0 |   15.9% | 0.391 ms |                      ClearBuffer(CulledLightLinkAllocator Size=4bytes)          |
[2026.09.12-13.13.22:582][102]LogRHI: Display:     |     0 |      0 |    0 |    0 |    0.0% | 0.000 ms |     0 |      0 |    0 |    0 |    0.0% | 0.000 ms |                      ClearBuffer(CulledLightDataAllocator Size=4bytes)          |
[2026.09.12-13.13.22:582][102]LogRHI: Display:     |     0 |      0 |    0 |    0 |    0.0% | 0.000 ms |     0 |      0 |    0 |    0 |    0.0% | 0.000 ms |                      ClearBuffer(NumCulledLightsGrid Size=50048bytes)           |
[2026.09.12-13.13.22:582][102]LogRHI: Display:     |     0 |      0 |    0 |    0 |    1.7% | 0.041 ms |     0 |      0 |    0 |    0 |    1.7% | 0.041 ms |                      LightGridInject NoLinkedList    SingleThread               |
[2026.09.12-13.13.22:582][102]LogRHI: Display:     |     0 |      0 |    0 |    0 |    0.0% | 0.000 ms |     0 |      0 |    0 |    0 |    0.0% | 0.000 ms |                      LightGridFeedbackStatus                                    |
[2026.09.12-13.13.22:582][102]LogRHI: Display:     |     0 |      0 |    0 |    0 |   30.5% | 0.750 ms |     0 |      0 |    0 |    0 |   30.5% | 0.750 ms |                BasePass                                                         |
[2026.09.12-13.13.22:582][102]LogRHI: Display:     |     0 |      0 |    0 |    0 |    0.0% | 0.000 ms |     0 |      0 |    0 |    0 |    0.0% | 0.000 ms |                   MobileBasePass                                                |
[2026.09.12-13.13.22:582][102]LogRHI: Display:     |     0 |      0 |    0 |    0 |    0.0% | 0.000 ms |     0 |      0 |    0 |    0 |    0.0% | 0.000 ms |                      DynamicEd                                                  |
[2026.09.12-13.13.22:582][102]LogRHI: Display:     |     0 |      0 |    0 |    0 |    0.0% | 0.000 ms |     0 |      0 |    0 |    0 |    0.0% | 0.000 ms |                   BeginOcclusionTests                                           |
[2026.09.12-13.13.22:582][102]LogRHI: Display:     |     0 |      0 |    0 |    0 |    0.0% | 0.000 ms |     0 |      0 |    0 |    0 |    0.0% | 0.000 ms |                      GroupedQueries                                             |
[2026.09.12-13.13.22:582][102]LogRHI: Display:     |     0 |      0 |    0 |    0 |    0.0% | 0.000 ms |     0 |      0 |    0 |    0 |    0.0% | 0.000 ms |                      IndividualQueries                                          |
[2026.09.12-13.13.22:582][102]LogRHI: Display:     |     0 |      0 |    0 |    0 |    0.0% | 0.000 ms |     0 |      0 |    0 |    0 |    0.0% | 0.000 ms |                AsyncGpuTraceHelper::PostRenderOpaque                            |
[2026.09.12-13.13.22:582][102]LogRHI: Display:     |     0 |      0 |    0 |    0 |    0.0% | 0.000 ms |     0 |      0 |    0 |    0 |    0.0% | 0.000 ms |                Niagara::PostRenderFinish                                        |
[2026.09.12-13.13.22:582][102]LogRHI: Display:     |     0 |      0 |    0 |    0 |    0.0% | 0.000 ms |     0 |      0 |    0 |    0 |    0.0% | 0.000 ms |                LightingAndFog                                                   |
[2026.09.12-13.13.22:582][102]LogRHI: Display:     |     0 |      0 |    0 |    0 |    0.0% | 0.000 ms |     0 |      0 |    0 |    0 |    0.0% | 0.000 ms |                   Lighting                                                      |
[2026.09.12-13.13.22:582][102]LogRHI: Display:     |     0 |      0 |    0 |    0 |    0.0% | 0.000 ms |     0 |      0 |    0 |    0 |    0.0% | 0.000 ms |                      DeferredShading                                            |
[2026.09.12-13.13.22:582][102]LogRHI: Display:     |     0 |      0 |    0 |    0 |    0.0% | 0.000 ms |     0 |      0 |    0 |    0 |    0.0% | 0.000 ms |                         Frontier.DirectionalLight_2147482195                    |
[2026.09.12-13.13.22:582][102]LogRHI: Display:     |     0 |      0 |    0 |    0 |    0.0% | 0.000 ms |     0 |      0 |    0 |    0 |    0.0% | 0.000 ms |                   Fog                                                           |
[2026.09.12-13.13.22:582][102]LogRHI: Display:     |     0 |      0 |    0 |    0 |    0.0% | 0.000 ms |     0 |      0 |    0 |    0 |    0.0% | 0.000 ms |                      MobileFog                                                  |
[2026.09.12-13.13.22:582][102]LogRHI: Display:     |     0 |      0 |    0 |    0 |    0.0% | 0.000 ms |     0 |      0 |    0 |    0 |    0.0% | 0.000 ms |                Translucency                                                     |
[2026.09.12-13.13.22:582][102]LogRHI: Display:     |     0 |      0 |    0 |    0 |    0.0% | 0.000 ms |     0 |      0 |    0 |    0 |    0.0% | 0.000 ms |                   Translucency                                                  |
[2026.09.12-13.13.22:582][102]LogRHI: Display:     |     0 |      0 |    0 |    0 |    0.0% | 0.000 ms |     0 |      0 |    0 |    0 |   11.3% | 0.279 ms |                PostProcessing                                                   |
[2026.09.12-13.13.22:582][102]LogRHI: Display:     |     0 |      0 |    0 |    0 |    7.7% | 0.188 ms |     0 |      0 |    0 |    0 |    7.7% | 0.188 ms |                   Tonemap 1437x1076 (PS GammaOnly=0)                            |
[2026.09.12-13.13.22:582][102]LogRHI: Display:     |     0 |      0 |    0 |    0 |    0.0% | 0.000 ms |     0 |      0 |    0 |    0 |    1.7% | 0.043 ms |                   FXAA                                                          |
[2026.09.12-13.13.22:582][102]LogRHI: Display:     |     0 |      0 |    0 |    0 |    1.7% | 0.043 ms |     0 |      0 |    0 |    0 |    1.7% | 0.043 ms |                      FXAA(Quality=0) 1437x1076 PS                               |
[2026.09.12-13.13.22:582][102]LogRHI: Display:     |     0 |      0 |    0 |    0 |    1.9% | 0.048 ms |     0 |      0 |    0 |    0 |    1.9% | 0.048 ms |                   Upscale(PrimaryToOutput Method=2) 1437x1076 -> 2052x1536      |
[2026.09.12-13.13.22:582][102]LogRHI: Display:     |     0 |      0 |    0 |    0 |    0.0% | 0.000 ms |     0 |      0 |    0 |    0 |    0.0% | 0.000 ms |                VirtualTextureUpdate                                             |
[2026.09.12-13.13.22:582][102]LogRHI: Display:     |     0 |      0 |    0 |    0 |    0.0% | 0.000 ms |     0 |      0 |    0 |    0 |    0.0% | 0.000 ms |                ExtractUniformBuffer                                             |
[2026.09.12-13.13.22:582][102]LogRHI: Display:     |     0 |      0 |    0 |    0 |    0.0% | 0.000 ms |     0 |      0 |    0 |    0 |    0.0% | 0.000 ms |                EnqueueCopy(GPUMessageManager.MessageBuffer)                     |
[2026.09.12-13.13.22:582][102]LogRHI: Display:     |     0 |      0 |    0 |    0 |    2.1% | 0.053 ms |     0 |      0 |    0 |    0 |    2.1% | 0.053 ms |       RenderGraphExecute - CanvasRenderThreadScope                              |
[2026.09.12-13.13.22:582][102]LogRHI: Display:     |     0 |      0 |    0 |    0 |    0.0% | 0.000 ms |     0 |      0 |    0 |    0 |    0.0% | 0.000 ms |          FRDGBuilder::SubmitBufferUploads                                       |
[2026.09.12-13.13.22:582][102]LogRHI: Display:     |     0 |      0 |    0 |    0 |    0.0% | 0.000 ms |     0 |      0 |    0 |    0 |    0.0% | 0.000 ms |          CanvasBatchedElements                                                  |
[2026.09.12-13.13.22:582][102]LogRHI: Display:     |     0 |      0 |    0 |    0 |    0.0% | 0.000 ms |     0 |      0 |    0 |    0 |    0.0% | 0.000 ms |          CanvasBatchedElements                                                  |
[2026.09.12-13.13.22:582][102]LogRHI: Display:     |     0 |      0 |    0 |    0 |    0.0% | 0.000 ms |     0 |      0 |    0 |    0 |    0.0% | 0.000 ms |          CanvasBatchedElements                                                  |
[2026.09.12-13.13.22:582][102]LogRHI: Display:     |     0 |      0 |    0 |    0 |    0.0% | 0.000 ms |     0 |      0 |    0 |    0 |    0.0% | 0.000 ms |          CanvasBatchedElements                                                  |
[2026.09.12-13.13.22:582][102]LogRHI: Display:     |     0 |      0 |    0 |    0 |    0.0% | 0.000 ms |     0 |      0 |    0 |    0 |    0.0% | 0.000 ms |          CanvasBatchedElements                                                  |
[2026.09.12-13.13.22:582][102]LogRHI: Display:     |     0 |      0 |    0 |    0 |    0.0% | 0.000 ms |     0 |      0 |    0 |    0 |    0.0% | 0.000 ms |          CanvasBatchedElements                                                  |
[2026.09.12-13.13.22:582][102]LogRHI: Display:     |     0 |      0 |    0 |    0 |    0.0% | 0.000 ms |     0 |      0 |    0 |    0 |    0.0% | 0.000 ms |          CanvasBatchedElements                                                  |
[2026.09.12-13.13.22:582][102]LogRHI: Display:     |     0 |      0 |    0 |    0 |    0.0% | 0.000 ms |     0 |      0 |    0 |    0 |    0.0% | 0.000 ms |          CanvasBatchedElements                                                  |
[2026.09.12-13.13.22:582][102]LogRHI: Display:     |     0 |      0 |    0 |    0 |    0.0% | 0.000 ms |     0 |      0 |    0 |    0 |    0.0% | 0.000 ms |          CanvasBatchedElements                                                  |
[2026.09.12-13.13.22:582][102]LogRHI: Display:     |     0 |      0 |    0 |    0 |    0.0% | 0.000 ms |     0 |      0 |    0 |    0 |    0.0% | 0.000 ms |          CanvasBatchedElements                                                  |
[2026.09.12-13.13.22:582][102]LogRHI: Display:     |     0 |      0 |    0 |    0 |    0.0% | 0.000 ms |     0 |      0 |    0 |    0 |    0.0% | 0.000 ms |          CanvasBatchedElements                                                  |
[2026.09.12-13.13.22:582][102]LogRHI: Display:     |     0 |      0 |    0 |    0 |    0.0% | 0.000 ms |     0 |      0 |    0 |    0 |    0.0% | 0.000 ms |          CanvasBatchedElements                                                  |
[2026.09.12-13.13.22:582][102]LogRHI: Display:     |     0 |      0 |    0 |    0 |    0.0% | 0.000 ms |     0 |      0 |    0 |    0 |    0.0% | 0.000 ms |          CanvasBatchedElements                                                  |
[2026.09.12-13.13.22:582][102]LogRHI: Display:     |     0 |      0 |    0 |    0 |    0.0% | 0.000 ms |     0 |      0 |    0 |    0 |    0.0% | 0.000 ms |          CanvasBatchedElements                                                  |
[2026.09.12-13.13.22:582][102]LogRHI: Display:     |     0 |      0 |    0 |    0 |    0.0% | 0.000 ms |     0 |      0 |    0 |    0 |    0.0% | 0.000 ms |          CanvasBatchedElements                                                  |
[2026.09.12-13.13.22:582][102]LogRHI: Display:     |     0 |      0 |    0 |    0 |    0.0% | 0.000 ms |     0 |      0 |    0 |    0 |    0.0% | 0.000 ms |          CanvasBatchedElements                                                  |
[2026.09.12-13.13.22:582][102]LogRHI: Display:     |     0 |      0 |    0 |    0 |    0.0% | 0.000 ms |     0 |      0 |    0 |    0 |    0.0% | 0.000 ms |          CanvasBatchedElements                                                  |
[2026.09.12-13.13.22:582][102]LogRHI: Display:     |     0 |      0 |    0 |    0 |    0.0% | 0.000 ms |     0 |      0 |    0 |    0 |    0.0% | 0.000 ms |          CanvasBatchedElements                                                  |
[2026.09.12-13.13.22:582][102]LogRHI: Display:     |     0 |      0 |    0 |    0 |    0.0% | 0.000 ms |     0 |      0 |    0 |    0 |    0.0% | 0.000 ms |          CanvasBatchedElements                                                  |
[2026.09.12-13.13.22:582][102]LogRHI: Display:     |     0 |      0 |    0 |    0 |    0.0% | 0.000 ms |     0 |      0 |    0 |    0 |    0.0% | 0.000 ms |          CanvasBatchedElements                                                  |
[2026.09.12-13.13.22:582][102]LogRHI: Display:     |     0 |      0 |    0 |    0 |    0.0% | 0.000 ms |     0 |      0 |    0 |    0 |    0.0% | 0.000 ms |       RenderGraphExecute - Slate                                                |
[2026.09.12-13.13.22:582][102]LogRHI: Display:     |     0 |      0 |    0 |    0 |    0.0% | 0.000 ms |     0 |      0 |    0 |    0 |    0.0% | 0.000 ms |          FRDGBuilder::SubmitBufferUploads                                       |
[2026.09.12-13.13.22:582][102]LogRHI: Display:     |     0 |      0 |    0 |    0 |    0.0% | 0.000 ms |     0 |      0 |    0 |    0 |    0.0% | 0.000 ms |       EndDrawingViewport                                                        |
[2026.09.12-13.13.22:582][102]LogRHI: Display:     +-------+--------+------+------+---------+----------+-------+--------+------+------+---------+----------+---------------------------------------------------------------------------------+
[2026.09.12-13.13.22:582][102]LogRHI: Display: 
[2026.09.12-13.13.24:992][150]LogCinderQuality: Display: CINDERLINE_FRAME_PROFILE result map=Frontier samples=120 warmup_frames=30 viewport_px=2052x1536 window_seconds=6.056 mean_ms=50.469 median_ms=50.207 p95_ms=54.663 fps=19.81 foreground=unavailable background_frames=unavailable measurement=rendered_viewport_wall_clock gpu_timing=completed_engine_frames
[2026.09.12-13.13.24:992][150]LogCinderQuality: Display: CINDERLINE_FRAME_PROFILE_TIMING metric=game_thread status=available samples=120 viewport_samples=120 unavailable_observations=0 mean_ms=2.950 median_ms=2.623 p95_ms=5.073 source=GGameThreadTime availability=positive_latest_published_counter
[2026.09.12-13.13.24:992][150]LogCinderQuality: Display: CINDERLINE_FRAME_PROFILE_TIMING metric=render_thread status=available samples=120 viewport_samples=120 unavailable_observations=0 mean_ms=4.946 median_ms=4.951 p95_ms=7.206 source=GRenderThreadTime availability=separate_thread_and_positive_latest_published_counter
[2026.09.12-13.13.24:992][150]LogCinderQuality: Display: CINDERLINE_FRAME_PROFILE_TIMING metric=rhi_thread status=unavailable samples=0 viewport_samples=120 unavailable_observations=120 mean_ms=unavailable median_ms=unavailable p95_ms=unavailable source=GRHIThreadTime availability=separate_thread_and_positive_latest_published_counter
[2026.09.12-13.13.24:992][150]LogCinderQuality: Display: CINDERLINE_FRAME_PROFILE_TIMING metric=gpu status=available samples=120 viewport_samples=120 unavailable_observations=0 mean_ms=2.493 median_ms=1.820 p95_ms=6.044 source=FRHIGPUFrameTimeHistory availability=fresh_positive_completed_gpu_frames
[2026.09.12-13.13.24:992][150]LogCinderQuality: Display: CINDERLINE_FRAME_PROFILE_TIMING_SCOPE scope=global_engine cpu_alignment=latest_published gpu_alignment=asynchronous_completed gpu_frames=120 viewport_frames_without_gpu_completion=0 gpu_disjoint_events=0 gpu_poll_limit_hits=0 gpu_overflow_discarded=0 gpu_frame_bubbles_removed=1 render_thread_separate=1 rhi_thread_separate=0; CPU engine timings may include waits and are not CPU utilization or pure active work. GPU completions can lag, include other engine viewport work, and are not paired with these viewport frames; zero or missing timings are unavailable, not measured zero. No GPU utilization or synchronized frame attribution is inferred.
