[aist#0:0/pcm_s16le @ 0x7be3040180] Guessed Channel Layout: mono
Input #0, wav, from 'videos/health-channel/episodes/2026-09-23-detox-job-interview/public/audio/narration-raw.wav':
  Duration: 00:00:26.32, bitrate: 384 kb/s
  Stream #0:0: Audio: pcm_s16le ([1][0][0][0] / 0x0001), 24000 Hz, mono, s16, 384 kb/s
Stream mapping:
  Stream #0:0 -> #0:0 (pcm_s16le (native) -> pcm_s16le (native))
Press [q] to stop, [?] for help
Output #0, null, to 'pipe:':
  Metadata:
    encoder         : Lavf62.3.100
  Stream #0:0: Audio: pcm_s16le, 192000 Hz, mono, s16, 3072 kb/s
    Metadata:
      encoder         : Lavc62.11.100 pcm_s16le
[Parsed_loudnorm_0 @ 0x7be2c309c0] 
{
	"input_i" : "-22.93",
	"input_tp" : "-2.98",
	"input_lra" : "2.20",
	"input_thresh" : "-33.77",
	"output_i" : "-18.48",
	"output_tp" : "-1.50",
	"output_lra" : "2.40",
	"output_thresh" : "-29.27",
	"normalization_type" : "dynamic",
	"target_offset" : "0.48"
}
[out#0/null @ 0x7be2c30240] video:0KiB audio:9870KiB subtitle:0KiB other streams:0KiB global headers:0KiB muxing overhead: unknown
size=N/A time=00:00:26.40 bitrate=N/A speed=62.2x elapsed=0:00:00.42    
