match-baseline preparation tick 0 team0=5/100 supply=9/30 team1=5/100 supply=9/30 team2=5/100 supply=9/30 team3=5/100 supply=9/30
match-latency slow_step tick=1 phase=preparation update_wall_ms=30.163 monotonic_ms=46.722 wall_epoch_ms=1789392257459.907 profile_collected=1 profile_tick=1 setup_ms=0.001 production_ms=0.149 movement_economy_ms=29.995 vision_ms=0.016 combat_ms=0.000 ai_ms=0.000 completion_ms=0.000 profile_total_ms=30.161
match-latency slow_step tick=1304 phase=preparation update_wall_ms=20.004 monotonic_ms=510.226 wall_epoch_ms=1789392257923.410 profile_collected=1 profile_tick=1304 setup_ms=0.000 production_ms=0.003 movement_economy_ms=19.823 vision_ms=0.176 combat_ms=0.001 ai_ms=0.000 completion_ms=0.000 profile_total_ms=20.004
match-latency slow_step tick=1781 phase=preparation update_wall_ms=20.660 monotonic_ms=909.880 wall_epoch_ms=1789392258323.063 profile_collected=1 profile_tick=1781 setup_ms=0.000 production_ms=0.005 movement_economy_ms=20.624 vision_ms=0.030 combat_ms=0.001 ai_ms=0.000 completion_ms=0.000 profile_total_ms=20.660
match-latency slow_step tick=1921 phase=preparation update_wall_ms=39.961 monotonic_ms=1013.686 wall_epoch_ms=1789392258426.876 profile_collected=1 profile_tick=1921 setup_ms=0.000 production_ms=0.009 movement_economy_ms=39.917 vision_ms=0.034 combat_ms=0.001 ai_ms=0.000 completion_ms=0.000 profile_total_ms=39.961
match-latency slow_step tick=2061 phase=preparation update_wall_ms=22.508 monotonic_ms=1147.649 wall_epoch_ms=1789392258560.833 profile_collected=1 profile_tick=2061 setup_ms=0.000 production_ms=0.009 movement_economy_ms=22.449 vision_ms=0.048 combat_ms=0.001 ai_ms=0.000 completion_ms=0.000 profile_total_ms=22.508
match-latency slow_step tick=2081 phase=preparation update_wall_ms=24.092 monotonic_ms=1207.783 wall_epoch_ms=1789392258620.967 profile_collected=1 profile_tick=2081 setup_ms=0.000 production_ms=0.010 movement_economy_ms=24.047 vision_ms=0.034 combat_ms=0.001 ai_ms=0.000 completion_ms=0.000 profile_total_ms=24.092
match-latency slow_step tick=2121 phase=preparation update_wall_ms=22.724 monotonic_ms=1244.613 wall_epoch_ms=1789392258657.796 profile_collected=1 profile_tick=2121 setup_ms=0.000 production_ms=0.007 movement_economy_ms=22.681 vision_ms=0.035 combat_ms=0.001 ai_ms=0.000 completion_ms=0.000 profile_total_ms=22.724
match-latency slow_step tick=2241 phase=preparation update_wall_ms=23.631 monotonic_ms=1380.335 wall_epoch_ms=1789392258793.520 profile_collected=1 profile_tick=2241 setup_ms=0.000 production_ms=0.011 movement_economy_ms=23.582 vision_ms=0.036 combat_ms=0.001 ai_ms=0.000 completion_ms=0.000 profile_total_ms=23.631
match-latency slow_step tick=2281 phase=preparation update_wall_ms=25.216 monotonic_ms=1465.274 wall_epoch_ms=1789392258878.458 profile_collected=1 profile_tick=2281 setup_ms=0.000 production_ms=0.010 movement_economy_ms=25.168 vision_ms=0.036 combat_ms=0.001 ai_ms=0.000 completion_ms=0.000 profile_total_ms=25.216
match-latency slow_step tick=2301 phase=preparation update_wall_ms=28.234 monotonic_ms=1557.654 wall_epoch_ms=1789392258970.837 profile_collected=1 profile_tick=2301 setup_ms=0.000 production_ms=0.010 movement_economy_ms=28.185 vision_ms=0.037 combat_ms=0.001 ai_ms=0.000 completion_ms=0.000 profile_total_ms=28.234
match-latency slow_step tick=2318 phase=preparation update_wall_ms=38.913 monotonic_ms=1595.361 wall_epoch_ms=1789392259008.544 profile_collected=1 profile_tick=2318 setup_ms=0.000 production_ms=0.007 movement_economy_ms=38.866 vision_ms=0.038 combat_ms=0.001 ai_ms=0.000 completion_ms=0.000 profile_total_ms=38.912
match-latency slow_step tick=2396 phase=preparation update_wall_ms=23.797 monotonic_ms=1673.320 wall_epoch_ms=1789392259086.506 profile_collected=1 profile_tick=2396 setup_ms=0.000 production_ms=0.011 movement_economy_ms=22.967 vision_ms=0.812 combat_ms=0.004 ai_ms=0.000 completion_ms=0.001 profile_total_ms=23.795
match-latency slow_step tick=2401 phase=preparation update_wall_ms=26.612 monotonic_ms=1700.503 wall_epoch_ms=1789392259113.688 profile_collected=1 profile_tick=2401 setup_ms=0.000 production_ms=0.010 movement_economy_ms=26.560 vision_ms=0.040 combat_ms=0.001 ai_ms=0.000 completion_ms=0.000 profile_total_ms=26.612
match-latency slow_step tick=2441 phase=preparation update_wall_ms=29.098 monotonic_ms=1785.793 wall_epoch_ms=1789392259198.977 profile_collected=1 profile_tick=2441 setup_ms=0.000 production_ms=0.011 movement_economy_ms=29.045 vision_ms=0.039 combat_ms=0.001 ai_ms=0.000 completion_ms=0.000 profile_total_ms=29.098
match-latency slow_step tick=2551 phase=preparation update_wall_ms=25.485 monotonic_ms=1913.293 wall_epoch_ms=1789392259326.477 profile_collected=1 profile_tick=2551 setup_ms=0.000 production_ms=0.008 movement_economy_ms=25.436 vision_ms=0.040 combat_ms=0.001 ai_ms=0.000 completion_ms=0.000 profile_total_ms=25.485
match-latency slow_step tick=2602 phase=preparation update_wall_ms=38.298 monotonic_ms=1998.087 wall_epoch_ms=1789392259411.271 profile_collected=1 profile_tick=2602 setup_ms=0.000 production_ms=0.009 movement_economy_ms=38.248 vision_ms=0.040 combat_ms=0.001 ai_ms=0.000 completion_ms=0.000 profile_total_ms=38.298
match-latency slow_step tick=2629 phase=preparation update_wall_ms=24.745 monotonic_ms=2055.357 wall_epoch_ms=1789392259468.542 profile_collected=1 profile_tick=2629 setup_ms=0.000 production_ms=0.007 movement_economy_ms=24.696 vision_ms=0.040 combat_ms=0.001 ai_ms=0.000 completion_ms=0.000 profile_total_ms=24.745
match-latency slow_step tick=2634 phase=preparation update_wall_ms=48.774 monotonic_ms=2081.797 wall_epoch_ms=1789392259494.982 profile_collected=1 profile_tick=2634 setup_ms=0.000 production_ms=0.008 movement_economy_ms=48.725 vision_ms=0.040 combat_ms=0.001 ai_ms=0.000 completion_ms=0.000 profile_total_ms=48.774
match-latency slow_step tick=2641 phase=preparation update_wall_ms=24.275 monotonic_ms=2180.367 wall_epoch_ms=1789392259593.551 profile_collected=1 profile_tick=2641 setup_ms=0.000 production_ms=0.013 movement_economy_ms=24.219 vision_ms=0.041 combat_ms=0.001 ai_ms=0.000 completion_ms=0.000 profile_total_ms=24.275
match-latency slow_step tick=2642 phase=preparation update_wall_ms=51.060 monotonic_ms=2204.802 wall_epoch_ms=1789392259617.985 profile_collected=1 profile_tick=2642 setup_ms=0.000 production_ms=0.012 movement_economy_ms=51.009 vision_ms=0.038 combat_ms=0.001 ai_ms=0.000 completion_ms=0.000 profile_total_ms=51.060
match-latency slow_step tick=2661 phase=preparation update_wall_ms=22.947 monotonic_ms=2290.995 wall_epoch_ms=1789392259704.179 profile_collected=1 profile_tick=2661 setup_ms=0.000 production_ms=0.012 movement_economy_ms=22.892 vision_ms=0.042 combat_ms=0.001 ai_ms=0.000 completion_ms=0.000 profile_total_ms=22.947
match-latency slow_step tick=2741 phase=preparation update_wall_ms=36.224 monotonic_ms=2441.644 wall_epoch_ms=1789392259854.829 profile_collected=1 profile_tick=2741 setup_ms=0.000 production_ms=0.014 movement_economy_ms=36.168 vision_ms=0.041 combat_ms=0.001 ai_ms=0.000 completion_ms=0.000 profile_total_ms=36.224
match-latency slow_step tick=2781 phase=preparation update_wall_ms=33.763 monotonic_ms=2568.095 wall_epoch_ms=1789392259981.280 profile_collected=1 profile_tick=2781 setup_ms=0.000 production_ms=0.013 movement_economy_ms=33.707 vision_ms=0.041 combat_ms=0.001 ai_ms=0.000 completion_ms=0.000 profile_total_ms=33.763
match-latency slow_step tick=2835 phase=preparation update_wall_ms=21.496 monotonic_ms=2650.390 wall_epoch_ms=1789392260063.575 profile_collected=1 profile_tick=2835 setup_ms=0.000 production_ms=0.009 movement_economy_ms=21.444 vision_ms=0.042 combat_ms=0.001 ai_ms=0.000 completion_ms=0.000 profile_total_ms=21.496
match-latency slow_step tick=2861 phase=preparation update_wall_ms=24.242 monotonic_ms=2712.869 wall_epoch_ms=1789392260126.055 profile_collected=1 profile_tick=2861 setup_ms=0.001 production_ms=0.018 movement_economy_ms=24.182 vision_ms=0.041 combat_ms=0.001 ai_ms=0.000 completion_ms=0.000 profile_total_ms=24.242
match-latency slow_step tick=2961 phase=preparation update_wall_ms=27.260 monotonic_ms=2839.099 wall_epoch_ms=1789392260252.286 profile_collected=1 profile_tick=2961 setup_ms=0.000 production_ms=0.014 movement_economy_ms=27.201 vision_ms=0.043 combat_ms=0.001 ai_ms=0.000 completion_ms=0.000 profile_total_ms=27.260
match-latency slow_step tick=2994 phase=preparation update_wall_ms=34.305 monotonic_ms=2896.649 wall_epoch_ms=1789392260309.833 profile_collected=1 profile_tick=2994 setup_ms=0.000 production_ms=0.010 movement_economy_ms=34.261 vision_ms=0.032 combat_ms=0.001 ai_ms=0.000 completion_ms=0.000 profile_total_ms=34.304
match-latency slow_step tick=3002 phase=preparation update_wall_ms=51.982 monotonic_ms=2971.852 wall_epoch_ms=1789392260385.037 profile_collected=1 profile_tick=3002 setup_ms=0.000 production_ms=0.012 movement_economy_ms=51.923 vision_ms=0.045 combat_ms=0.001 ai_ms=0.000 completion_ms=0.000 profile_total_ms=51.982
match-latency slow_step tick=3062 phase=preparation update_wall_ms=45.502 monotonic_ms=3113.340 wall_epoch_ms=1789392260526.525 profile_collected=1 profile_tick=3062 setup_ms=0.000 production_ms=0.013 movement_economy_ms=45.446 vision_ms=0.043 combat_ms=0.001 ai_ms=0.000 completion_ms=0.000 profile_total_ms=45.502
match-latency slow_step tick=3162 phase=preparation update_wall_ms=46.465 monotonic_ms=3312.119 wall_epoch_ms=1789392260725.305 profile_collected=1 profile_tick=3162 setup_ms=0.000 production_ms=0.014 movement_economy_ms=46.404 vision_ms=0.045 combat_ms=0.001 ai_ms=0.000 completion_ms=0.000 profile_total_ms=46.465
match-latency slow_step tick=3168 phase=preparation update_wall_ms=22.669 monotonic_ms=3360.772 wall_epoch_ms=1789392260773.958 profile_collected=1 profile_tick=3168 setup_ms=0.000 production_ms=0.011 movement_economy_ms=22.606 vision_ms=0.049 combat_ms=0.001 ai_ms=0.000 completion_ms=0.000 profile_total_ms=22.668
match-latency slow_step tick=3181 phase=preparation update_wall_ms=26.477 monotonic_ms=3423.707 wall_epoch_ms=1789392260836.892 profile_collected=1 profile_tick=3181 setup_ms=0.001 production_ms=0.016 movement_economy_ms=26.409 vision_ms=0.049 combat_ms=0.001 ai_ms=0.000 completion_ms=0.000 profile_total_ms=26.476
match-latency slow_step tick=3182 phase=preparation update_wall_ms=20.981 monotonic_ms=3450.409 wall_epoch_ms=1789392260863.596 profile_collected=1 profile_tick=3182 setup_ms=0.001 production_ms=0.020 movement_economy_ms=20.909 vision_ms=0.049 combat_ms=0.001 ai_ms=0.000 completion_ms=0.001 profile_total_ms=20.980
match-latency slow_step tick=3253 phase=preparation update_wall_ms=27.631 monotonic_ms=3572.369 wall_epoch_ms=1789392260985.555 profile_collected=1 profile_tick=3253 setup_ms=0.000 production_ms=0.013 movement_economy_ms=27.567 vision_ms=0.047 combat_ms=0.001 ai_ms=0.000 completion_ms=0.002 profile_total_ms=27.631
match-latency slow_step tick=3362 phase=preparation update_wall_ms=21.153 monotonic_ms=3801.506 wall_epoch_ms=1789392261214.692 profile_collected=1 profile_tick=3362 setup_ms=0.000 production_ms=0.015 movement_economy_ms=21.085 vision_ms=0.050 combat_ms=0.001 ai_ms=0.000 completion_ms=0.000 profile_total_ms=21.152
match-latency slow_step tick=3425 phase=preparation update_wall_ms=31.941 monotonic_ms=3911.084 wall_epoch_ms=1789392261324.271 profile_collected=1 profile_tick=3425 setup_ms=0.000 production_ms=0.011 movement_economy_ms=31.869 vision_ms=0.056 combat_ms=0.001 ai_ms=0.000 completion_ms=0.000 profile_total_ms=31.937
match-latency slow_step tick=3462 phase=preparation update_wall_ms=51.491 monotonic_ms=4012.280 wall_epoch_ms=1789392261425.468 profile_collected=1 profile_tick=3462 setup_ms=0.000 production_ms=0.017 movement_economy_ms=51.420 vision_ms=0.052 combat_ms=0.001 ai_ms=0.000 completion_ms=0.000 profile_total_ms=51.491
match-latency slow_step tick=3482 phase=preparation update_wall_ms=50.065 monotonic_ms=4116.208 wall_epoch_ms=1789392261529.394 profile_collected=1 profile_tick=3482 setup_ms=0.000 production_ms=0.014 movement_economy_ms=49.999 vision_ms=0.050 combat_ms=0.001 ai_ms=0.000 completion_ms=0.000 profile_total_ms=50.065
match-latency slow_step tick=3501 phase=preparation update_wall_ms=30.937 monotonic_ms=4210.502 wall_epoch_ms=1789392261623.688 profile_collected=1 profile_tick=3501 setup_ms=0.000 production_ms=0.018 movement_economy_ms=30.863 vision_ms=0.053 combat_ms=0.001 ai_ms=0.000 completion_ms=0.000 profile_total_ms=30.936
match-latency slow_step tick=3502 phase=preparation update_wall_ms=33.789 monotonic_ms=4241.608 wall_epoch_ms=1789392261654.794 profile_collected=1 profile_tick=3502 setup_ms=0.000 production_ms=0.017 movement_economy_ms=33.716 vision_ms=0.050 combat_ms=0.001 ai_ms=0.000 completion_ms=0.003 profile_total_ms=33.788
match-latency slow_step tick=3561 phase=preparation update_wall_ms=29.544 monotonic_ms=4344.572 wall_epoch_ms=1789392261757.759 profile_collected=1 profile_tick=3561 setup_ms=0.000 production_ms=0.019 movement_economy_ms=29.474 vision_ms=0.049 combat_ms=0.001 ai_ms=0.000 completion_ms=0.000 profile_total_ms=29.544
match-latency slow_step tick=3621 phase=preparation update_wall_ms=30.463 monotonic_ms=4516.044 wall_epoch_ms=1789392261929.230 profile_collected=1 profile_tick=3621 setup_ms=0.001 production_ms=0.016 movement_economy_ms=30.388 vision_ms=0.056 combat_ms=0.001 ai_ms=0.000 completion_ms=0.000 profile_total_ms=30.462
match-latency slow_step tick=3622 phase=preparation update_wall_ms=23.105 monotonic_ms=4546.673 wall_epoch_ms=1789392261959.858 profile_collected=1 profile_tick=3622 setup_ms=0.000 production_ms=0.016 movement_economy_ms=23.035 vision_ms=0.052 combat_ms=0.001 ai_ms=0.000 completion_ms=0.000 profile_total_ms=23.104
match-latency slow_step tick=3626 phase=preparation update_wall_ms=77.260 monotonic_ms=4571.380 wall_epoch_ms=1789392261984.565 profile_collected=1 profile_tick=3626 setup_ms=0.000 production_ms=0.016 movement_economy_ms=77.186 vision_ms=0.054 combat_ms=0.001 ai_ms=0.000 completion_ms=0.000 profile_total_ms=77.257
match-latency slow_step tick=3642 phase=preparation update_wall_ms=22.190 monotonic_ms=4702.215 wall_epoch_ms=1789392262115.402 profile_collected=1 profile_tick=3642 setup_ms=0.000 production_ms=0.013 movement_economy_ms=22.120 vision_ms=0.054 combat_ms=0.001 ai_ms=0.000 completion_ms=0.000 profile_total_ms=22.189
match-latency slow_step tick=3669 phase=preparation update_wall_ms=116.407 monotonic_ms=4737.636 wall_epoch_ms=1789392262150.823 profile_collected=1 profile_tick=3669 setup_ms=0.000 production_ms=0.013 movement_economy_ms=116.331 vision_ms=0.059 combat_ms=0.001 ai_ms=0.000 completion_ms=0.000 profile_total_ms=116.405
match-latency slow_step tick=3681 phase=preparation update_wall_ms=26.449 monotonic_ms=4915.162 wall_epoch_ms=1789392262328.349 profile_collected=1 profile_tick=3681 setup_ms=0.000 production_ms=0.018 movement_economy_ms=26.376 vision_ms=0.054 combat_ms=0.001 ai_ms=0.000 completion_ms=0.000 profile_total_ms=26.449
match-latency slow_step tick=3682 phase=preparation update_wall_ms=100.708 monotonic_ms=4941.782 wall_epoch_ms=1789392262354.971 profile_collected=1 profile_tick=3682 setup_ms=0.000 production_ms=0.016 movement_economy_ms=100.635 vision_ms=0.055 combat_ms=0.001 ai_ms=0.000 completion_ms=0.000 profile_total_ms=100.707
match-latency slow_step tick=3683 phase=preparation update_wall_ms=21.183 monotonic_ms=5042.882 wall_epoch_ms=1789392262456.068 profile_collected=1 profile_tick=3683 setup_ms=0.000 production_ms=0.017 movement_economy_ms=21.109 vision_ms=0.055 combat_ms=0.001 ai_ms=0.000 completion_ms=0.000 profile_total_ms=21.182
match-latency slow_step tick=3722 phase=preparation update_wall_ms=143.413 monotonic_ms=5144.278 wall_epoch_ms=1789392262557.464 profile_collected=1 profile_tick=3722 setup_ms=0.000 production_ms=0.016 movement_economy_ms=143.340 vision_ms=0.055 combat_ms=0.001 ai_ms=0.000 completion_ms=0.000 profile_total_ms=143.412
match-latency slow_step tick=4375 phase=preparation update_wall_ms=156.961 monotonic_ms=5744.230 wall_epoch_ms=1789392263157.417 profile_collected=1 profile_tick=4375 setup_ms=0.000 production_ms=0.009 movement_economy_ms=156.886 vision_ms=0.062 combat_ms=0.001 ai_ms=0.000 completion_ms=0.000 profile_total_ms=156.958
match-latency slow_step tick=5293 phase=preparation update_wall_ms=22.480 monotonic_ms=6545.493 wall_epoch_ms=1789392263958.680 profile_collected=1 profile_tick=5293 setup_ms=0.000 production_ms=0.003 movement_economy_ms=22.412 vision_ms=0.062 combat_ms=0.001 ai_ms=0.000 completion_ms=0.000 profile_total_ms=22.479
match-latency slow_step tick=5294 phase=preparation update_wall_ms=26.834 monotonic_ms=6568.172 wall_epoch_ms=1789392263981.360 profile_collected=1 profile_tick=5294 setup_ms=0.001 production_ms=0.007 movement_economy_ms=26.759 vision_ms=0.065 combat_ms=0.001 ai_ms=0.000 completion_ms=0.000 profile_total_ms=26.834
match-latency slow_step tick=5921 phase=preparation update_wall_ms=22.695 monotonic_ms=7139.392 wall_epoch_ms=1789392264552.580 profile_collected=1 profile_tick=5921 setup_ms=0.001 production_ms=0.005 movement_economy_ms=22.624 vision_ms=0.064 combat_ms=0.001 ai_ms=0.000 completion_ms=0.000 profile_total_ms=22.695
match-latency slow_step tick=5932 phase=preparation update_wall_ms=22.194 monotonic_ms=7175.580 wall_epoch_ms=1789392264588.768 profile_collected=1 profile_tick=5932 setup_ms=0.000 production_ms=0.004 movement_economy_ms=22.122 vision_ms=0.066 combat_ms=0.001 ai_ms=0.000 completion_ms=0.000 profile_total_ms=22.194
match-latency slow_step tick=5933 phase=preparation update_wall_ms=22.225 monotonic_ms=7198.163 wall_epoch_ms=1789392264611.351 profile_collected=1 profile_tick=5933 setup_ms=0.000 production_ms=0.004 movement_economy_ms=22.155 vision_ms=0.064 combat_ms=0.001 ai_ms=0.000 completion_ms=0.000 profile_total_ms=22.225
match-latency slow_step tick=5934 phase=preparation update_wall_ms=22.805 monotonic_ms=7220.562 wall_epoch_ms=1789392264633.751 profile_collected=1 profile_tick=5934 setup_ms=0.000 production_ms=0.005 movement_economy_ms=22.731 vision_ms=0.066 combat_ms=0.001 ai_ms=0.000 completion_ms=0.000 profile_total_ms=22.804
match-latency slow_step tick=5982 phase=preparation update_wall_ms=24.386 monotonic_ms=7384.587 wall_epoch_ms=1789392264797.776 profile_collected=1 profile_tick=5982 setup_ms=0.001 production_ms=0.009 movement_economy_ms=24.309 vision_ms=0.065 combat_ms=0.001 ai_ms=0.000 completion_ms=0.000 profile_total_ms=24.385
match-baseline preparation tick 6000 team0=21/100 supply=21/184 team1=21/100 supply=21/184 team2=21/100 supply=21/184 team3=21/100 supply=21/184
match-latency slow_step tick=6035 phase=preparation update_wall_ms=24.923 monotonic_ms=7448.682 wall_epoch_ms=1789392264861.871 profile_collected=1 profile_tick=6035 setup_ms=0.000 production_ms=0.006 movement_economy_ms=24.852 vision_ms=0.063 combat_ms=0.001 ai_ms=0.000 completion_ms=0.000 profile_total_ms=24.922
match-latency slow_step tick=6041 phase=preparation update_wall_ms=25.463 monotonic_ms=7528.793 wall_epoch_ms=1789392264941.981 profile_collected=1 profile_tick=6041 setup_ms=0.000 production_ms=0.008 movement_economy_ms=25.388 vision_ms=0.065 combat_ms=0.001 ai_ms=0.000 completion_ms=0.000 profile_total_ms=25.463
match-latency slow_step tick=6042 phase=preparation update_wall_ms=26.169 monotonic_ms=7554.427 wall_epoch_ms=1789392264967.615 profile_collected=1 profile_tick=6042 setup_ms=0.000 production_ms=0.008 movement_economy_ms=26.093 vision_ms=0.066 combat_ms=0.001 ai_ms=0.000 completion_ms=0.000 profile_total_ms=26.169
match-latency slow_step tick=6284 phase=preparation update_wall_ms=44.657 monotonic_ms=7794.602 wall_epoch_ms=1789392265207.791 profile_collected=1 profile_tick=6284 setup_ms=0.000 production_ms=0.006 movement_economy_ms=44.580 vision_ms=0.068 combat_ms=0.001 ai_ms=0.000 completion_ms=0.000 profile_total_ms=44.657
match-latency slow_step tick=6296 phase=preparation update_wall_ms=30.290 monotonic_ms=7864.432 wall_epoch_ms=1789392265277.623 profile_collected=1 profile_tick=6296 setup_ms=0.001 production_ms=0.007 movement_economy_ms=30.123 vision_ms=0.156 combat_ms=0.001 ai_ms=0.000 completion_ms=0.000 profile_total_ms=30.289
match-latency slow_step tick=6416 phase=preparation update_wall_ms=265.845 monotonic_ms=8098.764 wall_epoch_ms=1789392265511.954 profile_collected=1 profile_tick=6416 setup_ms=0.001 production_ms=0.008 movement_economy_ms=265.769 vision_ms=0.065 combat_ms=0.001 ai_ms=0.000 completion_ms=0.001 profile_total_ms=265.845
match-latency slow_step tick=6717 phase=preparation update_wall_ms=22.644 monotonic_ms=8597.727 wall_epoch_ms=1789392266010.916 profile_collected=1 profile_tick=6717 setup_ms=0.000 production_ms=0.005 movement_economy_ms=22.575 vision_ms=0.062 combat_ms=0.001 ai_ms=0.000 completion_ms=0.000 profile_total_ms=22.644
match-latency slow_step tick=6752 phase=preparation update_wall_ms=22.371 monotonic_ms=8650.478 wall_epoch_ms=1789392266063.666 profile_collected=1 profile_tick=6752 setup_ms=0.000 production_ms=0.005 movement_economy_ms=22.297 vision_ms=0.067 combat_ms=0.001 ai_ms=0.000 completion_ms=0.000 profile_total_ms=22.371
match-latency slow_step tick=6804 phase=preparation update_wall_ms=25.076 monotonic_ms=8718.557 wall_epoch_ms=1789392266131.745 profile_collected=1 profile_tick=6804 setup_ms=0.000 production_ms=0.006 movement_economy_ms=25.001 vision_ms=0.067 combat_ms=0.001 ai_ms=0.000 completion_ms=0.000 profile_total_ms=25.075
match-latency slow_step tick=7146 phase=preparation update_wall_ms=24.126 monotonic_ms=9007.285 wall_epoch_ms=1789392266420.475 profile_collected=1 profile_tick=7146 setup_ms=0.000 production_ms=0.008 movement_economy_ms=24.048 vision_ms=0.068 combat_ms=0.001 ai_ms=0.000 completion_ms=0.000 profile_total_ms=24.125
match-latency slow_step tick=7223 phase=preparation update_wall_ms=25.473 monotonic_ms=9098.165 wall_epoch_ms=1789392266511.354 profile_collected=1 profile_tick=7223 setup_ms=0.000 production_ms=0.006 movement_economy_ms=25.398 vision_ms=0.066 combat_ms=0.001 ai_ms=0.000 completion_ms=0.000 profile_total_ms=25.472
match-latency slow_step tick=7229 phase=preparation update_wall_ms=25.545 monotonic_ms=9128.073 wall_epoch_ms=1789392266541.262 profile_collected=1 profile_tick=7229 setup_ms=0.000 production_ms=0.006 movement_economy_ms=25.475 vision_ms=0.063 combat_ms=0.001 ai_ms=0.000 completion_ms=0.000 profile_total_ms=25.545
match-latency slow_step tick=7310 phase=preparation update_wall_ms=24.405 monotonic_ms=9219.465 wall_epoch_ms=1789392266632.655 profile_collected=1 profile_tick=7310 setup_ms=0.000 production_ms=0.006 movement_economy_ms=24.332 vision_ms=0.065 combat_ms=0.001 ai_ms=0.000 completion_ms=0.000 profile_total_ms=24.405
match-latency slow_step tick=7311 phase=preparation update_wall_ms=25.700 monotonic_ms=9244.265 wall_epoch_ms=1789392266657.456 profile_collected=1 profile_tick=7311 setup_ms=0.000 production_ms=0.008 movement_economy_ms=25.627 vision_ms=0.063 combat_ms=0.001 ai_ms=0.000 completion_ms=0.000 profile_total_ms=25.700
match-latency slow_step tick=7323 phase=preparation update_wall_ms=24.636 monotonic_ms=9278.478 wall_epoch_ms=1789392266691.668 profile_collected=1 profile_tick=7323 setup_ms=0.000 production_ms=0.005 movement_economy_ms=24.563 vision_ms=0.066 combat_ms=0.001 ai_ms=0.000 completion_ms=0.000 profile_total_ms=24.635
match-latency slow_step tick=7349 phase=preparation update_wall_ms=22.594 monotonic_ms=9331.872 wall_epoch_ms=1789392266745.061 profile_collected=1 profile_tick=7349 setup_ms=0.001 production_ms=0.007 movement_economy_ms=22.519 vision_ms=0.066 combat_ms=0.001 ai_ms=0.000 completion_ms=0.000 profile_total_ms=22.594
match-latency slow_step tick=7353 phase=preparation update_wall_ms=34.698 monotonic_ms=9358.404 wall_epoch_ms=1789392266771.594 profile_collected=1 profile_tick=7353 setup_ms=0.000 production_ms=0.006 movement_economy_ms=34.625 vision_ms=0.065 combat_ms=0.001 ai_ms=0.000 completion_ms=0.000 profile_total_ms=34.698
match-latency slow_step tick=8164 phase=preparation update_wall_ms=21.474 monotonic_ms=10030.252 wall_epoch_ms=1789392267443.444 profile_collected=1 profile_tick=8164 setup_ms=0.000 production_ms=0.005 movement_economy_ms=21.401 vision_ms=0.066 combat_ms=0.001 ai_ms=0.000 completion_ms=0.000 profile_total_ms=21.474
match-latency slow_step tick=8166 phase=preparation update_wall_ms=24.615 monotonic_ms=10056.389 wall_epoch_ms=1789392267469.582 profile_collected=1 profile_tick=8166 setup_ms=0.001 production_ms=0.004 movement_economy_ms=24.544 vision_ms=0.064 combat_ms=0.001 ai_ms=0.000 completion_ms=0.000 profile_total_ms=24.614
match-latency slow_step tick=8167 phase=preparation update_wall_ms=38.393 monotonic_ms=10081.409 wall_epoch_ms=1789392267494.600 profile_collected=1 profile_tick=8167 setup_ms=0.000 production_ms=0.005 movement_economy_ms=38.324 vision_ms=0.063 combat_ms=0.001 ai_ms=0.000 completion_ms=0.000 profile_total_ms=38.393
match-latency slow_step tick=8171 phase=preparation update_wall_ms=20.768 monotonic_ms=10122.586 wall_epoch_ms=1789392267535.779 profile_collected=1 profile_tick=8171 setup_ms=0.000 production_ms=0.004 movement_economy_ms=20.695 vision_ms=0.068 combat_ms=0.001 ai_ms=0.000 completion_ms=0.000 profile_total_ms=20.767
match-latency slow_step tick=8173 phase=preparation update_wall_ms=23.773 monotonic_ms=10149.534 wall_epoch_ms=1789392267562.725 profile_collected=1 profile_tick=8173 setup_ms=0.001 production_ms=0.004 movement_economy_ms=23.698 vision_ms=0.067 combat_ms=0.001 ai_ms=0.000 completion_ms=0.000 profile_total_ms=23.772
match-latency slow_step tick=8194 phase=preparation update_wall_ms=29.040 monotonic_ms=10198.343 wall_epoch_ms=1789392267611.534 profile_collected=1 profile_tick=8194 setup_ms=0.000 production_ms=0.004 movement_economy_ms=28.979 vision_ms=0.056 combat_ms=0.001 ai_ms=0.000 completion_ms=0.000 profile_total_ms=29.040
match-latency slow_step tick=8562 phase=preparation update_wall_ms=37.671 monotonic_ms=10570.497 wall_epoch_ms=1789392267983.687 profile_collected=1 profile_tick=8562 setup_ms=0.000 production_ms=0.004 movement_economy_ms=37.600 vision_ms=0.065 combat_ms=0.001 ai_ms=0.000 completion_ms=0.000 profile_total_ms=37.670
match-latency slow_step tick=8565 phase=preparation update_wall_ms=22.555 monotonic_ms=10616.803 wall_epoch_ms=1789392268029.993 profile_collected=1 profile_tick=8565 setup_ms=0.001 production_ms=0.004 movement_economy_ms=22.485 vision_ms=0.063 combat_ms=0.001 ai_ms=0.000 completion_ms=0.000 profile_total_ms=22.554
match-latency slow_step tick=8827 phase=preparation update_wall_ms=187.173 monotonic_ms=10871.935 wall_epoch_ms=1789392268285.127 profile_collected=1 profile_tick=8827 setup_ms=0.000 production_ms=0.004 movement_economy_ms=187.103 vision_ms=0.064 combat_ms=0.001 ai_ms=0.000 completion_ms=0.000 profile_total_ms=187.172
{
  "schema": "cinderline.match_latency_probe.v1",
  "success": false,
  "diagnostic_only": true,
  "full_acceptance": false,
  "repeat_run_performed": false,
  "completed": false,
  "diagnostic_interrupted_prefix": true,
  "diagnostic_stop_after_ticks": 10000,
  "measured_run_valid": false,
  "players": 4,
  "reference_mobile_units_per_team": 100,
  "reference_crew_per_team": 184,
  "supported_device_capacity_claim": false,
  "economy_bypass": false,
  "debug_spawn_used": false,
  "script_uses_authored_map_knowledge": true,
  "gather_requires_explored_resource": true,
  "preparation_combat_suppression": "accepted Move orders between two own-corner waypoints",
  "required_gathered_ore_per_team": 15220,
  "reference_layout_minimum_static_gap_world_units": 72.000000,
  "workers_join_holding_pattern_after_required_ore_gathered": true,
  "preparation_patrol_commands": 1889,
  "preparation_patrol_command_limit": 576000,
  "preparation_movement_scheduler_ms": {"p50": 0.000833, "p95": 0.007000, "p99": 0.020083, "max": 0.110167},
  "preparation_limit_seconds": 3600,
  "prepared": false,
  "preparation_ticks": 10000,
  "final_tick": 10000,
  "winner": -1,
  "early_end": false,
  "profile_enabled": true,
  "snapshots_enabled": true,
  "state_hash": "0x459b9f9102dc2f71",
  "repeat_state_hash": null,
  "trajectory_hash": "0x15f41ac71631e7d6",
  "repeat_trajectory_hash": null,
  "recording_hash": "0xe3a85e0ed47f14df",
  "repeat_recording_hash": null,
  "recorded_commands": 2061,
  "deterministic_repeat": null,
  "commands": {"accepted": 2061, "rejected": 0, "wall_total_ms": 11.263921, "wall_max_ms": 0.092583, "accepted_by_type": {"AutoBuild": 56, "AutoRally": 4, "AutoResearch": 8, "AutoTrain": 70, "Gather": 30, "Move": 1893}, "wall_ms_by_type": {"AutoBuild": {"p50": 0.015167, "p95": 0.020750, "p99": 0.058583, "max": 0.058583}, "AutoRally": {"p50": 0.000709, "p95": 0.056250, "p99": 0.056250, "max": 0.056250}, "AutoResearch": {"p50": 0.001500, "p95": 0.003083, "p99": 0.003083, "max": 0.003083}, "AutoTrain": {"p50": 0.000916, "p95": 0.005500, "p99": 0.014209, "max": 0.014209}, "Gather": {"p50": 0.000417, "p95": 0.003500, "p99": 0.068958, "max": 0.068958}, "Move": {"p50": 0.001833, "p95": 0.017083, "p99": 0.021792, "max": 0.092583}}},
  "phases": [
    {"name": "preparation", "ticks": 10000, "step_ms": {"p50": 0.211500, "p95": 1.352333, "p99": 15.746333, "max": 265.844792}, "profile_ms": {"setup": {"p50": 0.000125, "p95": 0.000833, "p99": 0.001042, "max": 0.019875}, "production": {"p50": 0.004792, "p95": 0.013125, "p99": 0.018125, "max": 10.021292}, "movement_economy": {"p50": 0.154583, "p95": 1.282792, "p99": 15.693791, "max": 265.769084}, "vision": {"p50": 0.045625, "p95": 0.066333, "p99": 0.095708, "max": 0.812125}, "combat": {"p50": 0.000792, "p95": 0.001083, "p99": 0.001292, "max": 0.032875}, "ai": {"p50": 0.000041, "p95": 0.000042, "p99": 0.000042, "max": 0.000208}, "completion": {"p50": 0.000083, "p95": 0.000250, "p99": 0.000375, "max": 0.064458}, "total": {"p50": 0.211500, "p95": 1.352333, "p99": 15.746333, "max": 265.844792}}, "snapshots": {"scope":"fog_filtered_opaque_snapshots_cpu_no_transport","cadence_hz":10,"protocol":7,"message_byte_limit":1048576,"batches":5000,"messages":20000,"build_ms":{"mean":0.039677,"p50":0.037125,"p95":0.047833,"p99":0.096458,"max":4.409042},"encode_ms":{"mean":0.010567,"p50":0.010625,"p95":0.014042,"p99":0.021709,"max":2.893500},"message_cpu_ms":{"mean":0.050244,"p50":0.047792,"p95":0.062750,"p99":0.120292,"max":4.427167},"all_seats_batch_cpu_ms":{"mean":0.202553,"p50":0.194458,"p95":0.252083,"p99":0.443459,"max":4.588375},"message_bytes":{"mean":3686.831650,"p50":4228.000000,"p95":4414.000000,"p99":4441.000000,"max":4960.000000},"all_seats_batch_bytes":{"mean":14747.326600,"p50":16957.000000,"p95":17389.000000,"p99":17422.000000,"max":18937.000000},"visible_entities":{"mean":35.709000,"p50":42.000000,"p95":43.000000,"p99":43.000000,"max":43.000000},"visible_effects":{"mean":0.000000,"p50":0.000000,"p95":0.000000,"p99":0.000000,"max":0.000000}}},
    {"name": "march", "ticks": 0, "step_ms": null, "profile_ms": null, "snapshots": {"scope":"fog_filtered_opaque_snapshots_cpu_no_transport","cadence_hz":10,"protocol":7,"message_byte_limit":1048576,"batches":0,"messages":0,"build_ms":null,"encode_ms":null,"message_cpu_ms":null,"all_seats_batch_cpu_ms":null,"message_bytes":null,"all_seats_batch_bytes":null,"visible_entities":null,"visible_effects":null}},
    {"name": "combat", "ticks": 0, "step_ms": null, "profile_ms": null, "snapshots": {"scope":"fog_filtered_opaque_snapshots_cpu_no_transport","cadence_hz":10,"protocol":7,"message_byte_limit":1048576,"batches":0,"messages":0,"build_ms":null,"encode_ms":null,"message_cpu_ms":null,"all_seats_batch_cpu_ms":null,"message_bytes":null,"all_seats_batch_bytes":null,"visible_entities":null,"visible_effects":null}}
  ],
  "navigation": {"searches": 11010, "expanded": 26919, "failures": 59, "budget_deferrals": 1142},
  "teams": [
    {"team": 0, "supply": 86, "capacity": 184, "ore": 5306, "gathered": 15226, "produced": 16, "built": 14, "tier": 3, "scheduler_ms": {"p50": 0.004833, "p95": 0.012750, "p99": 35.420334, "max": 50.233458}, "march": {"expected": 0, "alive": 0, "arrived": 0, "pending_valid_order": 0, "navigation_exhausted": 0, "missing": 0, "goal_changed": 0}, "prepared_supply": 0, "prepared_capacity": 0, "combat_delta": {"damage": 0.000000, "lost": 0, "killed": 0}, "prepared_units": {"Drudge": 0, "Ember": 0, "Needle": 0, "Skim": 0, "Anvil": 0, "Cinderthrow": 0, "Mend": 0, "Veil": 0}, "final_units": {"Drudge": 20, "Ember": 0, "Needle": 0, "Skim": 1, "Anvil": 0, "Cinderthrow": 0, "Mend": 0, "Veil": 0}},
    {"team": 1, "supply": 86, "capacity": 184, "ore": 5317, "gathered": 15237, "produced": 16, "built": 14, "tier": 3, "scheduler_ms": {"p50": 0.003292, "p95": 0.008875, "p99": 32.135541, "max": 51.850209}, "march": {"expected": 0, "alive": 0, "arrived": 0, "pending_valid_order": 0, "navigation_exhausted": 0, "missing": 0, "goal_changed": 0}, "prepared_supply": 0, "prepared_capacity": 0, "combat_delta": {"damage": 0.000000, "lost": 0, "killed": 0}, "prepared_units": {"Drudge": 0, "Ember": 0, "Needle": 0, "Skim": 0, "Anvil": 0, "Cinderthrow": 0, "Mend": 0, "Veil": 0}, "final_units": {"Drudge": 20, "Ember": 0, "Needle": 0, "Skim": 1, "Anvil": 0, "Cinderthrow": 0, "Mend": 0, "Veil": 0}},
    {"team": 2, "supply": 86, "capacity": 184, "ore": 5307, "gathered": 15227, "produced": 16, "built": 14, "tier": 3, "scheduler_ms": {"p50": 0.003000, "p95": 0.006291, "p99": 35.558750, "max": 53.702500}, "march": {"expected": 0, "alive": 0, "arrived": 0, "pending_valid_order": 0, "navigation_exhausted": 0, "missing": 0, "goal_changed": 0}, "prepared_supply": 0, "prepared_capacity": 0, "combat_delta": {"damage": 0.000000, "lost": 0, "killed": 0}, "prepared_units": {"Drudge": 0, "Ember": 0, "Needle": 0, "Skim": 0, "Anvil": 0, "Cinderthrow": 0, "Mend": 0, "Veil": 0}, "final_units": {"Drudge": 20, "Ember": 0, "Needle": 0, "Skim": 1, "Anvil": 0, "Cinderthrow": 0, "Mend": 0, "Veil": 0}},
    {"team": 3, "supply": 21, "capacity": 184, "ore": 9812, "gathered": 15222, "produced": 16, "built": 14, "tier": 2, "scheduler_ms": {"p50": 0.003125, "p95": 0.006833, "p99": 36.281750, "max": 50.285791}, "march": {"expected": 0, "alive": 0, "arrived": 0, "pending_valid_order": 0, "navigation_exhausted": 0, "missing": 0, "goal_changed": 0}, "prepared_supply": 0, "prepared_capacity": 0, "combat_delta": {"damage": 0.000000, "lost": 0, "killed": 0}, "prepared_units": {"Drudge": 0, "Ember": 0, "Needle": 0, "Skim": 0, "Anvil": 0, "Cinderthrow": 0, "Mend": 0, "Veil": 0}, "final_units": {"Drudge": 20, "Ember": 0, "Needle": 0, "Skim": 1, "Anvil": 0, "Cinderthrow": 0, "Mend": 0, "Veil": 0}}
  ],
  "blocked_statuses": {"build Resonator: Insufficient ore.": 59, "build Siphon: Insufficient ore.": 626, "place Kiln: A ground unit occupies this site.": 4, "place Siphon: A ground unit occupies this site.": 8, "reference layout Crucible: reserve full-army passage between static footprints": 16, "reference layout Kiln: reserve full-army passage between static footprints": 10, "reference layout Resonator: reserve full-army passage between static footprints": 16, "reference layout Siphon: reserve full-army passage between static footprints": 317, "research tier: Insufficient ore.": 154, "train Drudge: Insufficient ore for the complete batch.": 148, "train Ember: Not enough production queue space for the complete batch.": 3, "train Needle: Not enough production queue space for the complete batch.": 6, "train Skim: Build an operational Kiln first.": 273, "train Skim: Insufficient ore for the complete batch.": 4},
  "dropped_blocked_statuses": 0,
  "progress": [
    {"tick": 0, "team": 0, "ore": 10, "gathered": 0, "produced": 0, "built": 0, "tier": 1, "supply": 9, "capacity": 30, "mobile": 5},
    {"tick": 0, "team": 1, "ore": 10, "gathered": 0, "produced": 0, "built": 0, "tier": 1, "supply": 9, "capacity": 30, "mobile": 5},
    {"tick": 0, "team": 2, "ore": 10, "gathered": 0, "produced": 0, "built": 0, "tier": 1, "supply": 9, "capacity": 30, "mobile": 5},
    {"tick": 0, "team": 3, "ore": 10, "gathered": 0, "produced": 0, "built": 0, "tier": 1, "supply": 9, "capacity": 30, "mobile": 5},
    {"tick": 6000, "team": 0, "ore": 3482, "gathered": 8892, "produced": 16, "built": 13, "tier": 2, "supply": 21, "capacity": 184, "mobile": 21},
    {"tick": 6000, "team": 1, "ore": 3933, "gathered": 9343, "produced": 16, "built": 13, "tier": 2, "supply": 21, "capacity": 184, "mobile": 21},
    {"tick": 6000, "team": 2, "ore": 4401, "gathered": 9811, "produced": 16, "built": 13, "tier": 2, "supply": 21, "capacity": 184, "mobile": 21},
    {"tick": 6000, "team": 3, "ore": 4864, "gathered": 8874, "produced": 16, "built": 13, "tier": 1, "supply": 21, "capacity": 184, "mobile": 21},
    {"tick": 10000, "team": 0, "ore": 5306, "gathered": 15226, "produced": 16, "built": 14, "tier": 3, "supply": 86, "capacity": 184, "mobile": 21},
    {"tick": 10000, "team": 1, "ore": 5317, "gathered": 15237, "produced": 16, "built": 14, "tier": 3, "supply": 86, "capacity": 184, "mobile": 21},
    {"tick": 10000, "team": 2, "ore": 5307, "gathered": 15227, "produced": 16, "built": 14, "tier": 3, "supply": 86, "capacity": 184, "mobile": 21},
    {"tick": 10000, "team": 3, "ore": 9812, "gathered": 15222, "produced": 16, "built": 14, "tier": 2, "supply": 21, "capacity": 184, "mobile": 21}
  ],
  "errors": ["diagnostic interrupted preparation prefix; full workload criteria and repeat not performed"]
}
