match-baseline preparation tick 0 team0=5/100 supply=9/30 team1=5/100 supply=9/30 team2=5/100 supply=9/30 team3=5/100 supply=9/30
match-latency slow_step tick=1 phase=preparation update_wall_ms=35.467 monotonic_ms=68.412 wall_epoch_ms=1789391716222.969 profile_collected=1 profile_tick=1 setup_ms=0.003 production_ms=0.004 movement_economy_ms=35.423 vision_ms=0.014 combat_ms=0.000 ai_ms=0.000 completion_ms=0.021 profile_total_ms=35.466
match-latency slow_step tick=1921 phase=preparation update_wall_ms=52.794 monotonic_ms=972.067 wall_epoch_ms=1789391717126.624 profile_collected=1 profile_tick=1921 setup_ms=0.000 production_ms=0.009 movement_economy_ms=52.748 vision_ms=0.035 combat_ms=0.001 ai_ms=0.000 completion_ms=0.000 profile_total_ms=52.794
match-latency slow_step tick=2061 phase=preparation update_wall_ms=24.799 monotonic_ms=1135.830 wall_epoch_ms=1789391717290.387 profile_collected=1 profile_tick=2061 setup_ms=0.000 production_ms=0.010 movement_economy_ms=24.751 vision_ms=0.036 combat_ms=0.001 ai_ms=0.000 completion_ms=0.000 profile_total_ms=24.799
match-latency slow_step tick=2081 phase=preparation update_wall_ms=28.320 monotonic_ms=1202.243 wall_epoch_ms=1789391717356.802 profile_collected=1 profile_tick=2081 setup_ms=0.000 production_ms=0.010 movement_economy_ms=28.274 vision_ms=0.034 combat_ms=0.001 ai_ms=0.000 completion_ms=0.000 profile_total_ms=28.320
match-latency slow_step tick=2121 phase=preparation update_wall_ms=25.810 monotonic_ms=1242.693 wall_epoch_ms=1789391717397.252 profile_collected=1 profile_tick=2121 setup_ms=0.000 production_ms=0.006 movement_economy_ms=25.767 vision_ms=0.035 combat_ms=0.001 ai_ms=0.000 completion_ms=0.000 profile_total_ms=25.810
match-latency slow_step tick=2241 phase=preparation update_wall_ms=22.669 monotonic_ms=1401.599 wall_epoch_ms=1789391717556.159 profile_collected=1 profile_tick=2241 setup_ms=0.000 production_ms=0.011 movement_economy_ms=22.619 vision_ms=0.036 combat_ms=0.001 ai_ms=0.000 completion_ms=0.000 profile_total_ms=22.668
match-latency slow_step tick=2281 phase=preparation update_wall_ms=27.778 monotonic_ms=1498.392 wall_epoch_ms=1789391717652.951 profile_collected=1 profile_tick=2281 setup_ms=0.000 production_ms=0.013 movement_economy_ms=27.735 vision_ms=0.029 combat_ms=0.000 ai_ms=0.000 completion_ms=0.000 profile_total_ms=27.778
match-latency slow_step tick=2282 phase=preparation update_wall_ms=21.109 monotonic_ms=1526.359 wall_epoch_ms=1789391717680.916 profile_collected=1 profile_tick=2282 setup_ms=0.001 production_ms=0.016 movement_economy_ms=21.055 vision_ms=0.036 combat_ms=0.001 ai_ms=0.000 completion_ms=0.000 profile_total_ms=21.108
match-latency slow_step tick=2301 phase=preparation update_wall_ms=34.863 monotonic_ms=1610.993 wall_epoch_ms=1789391717765.549 profile_collected=1 profile_tick=2301 setup_ms=0.000 production_ms=0.008 movement_economy_ms=34.815 vision_ms=0.038 combat_ms=0.001 ai_ms=0.000 completion_ms=0.000 profile_total_ms=34.863
match-latency slow_step tick=2318 phase=preparation update_wall_ms=39.398 monotonic_ms=1651.967 wall_epoch_ms=1789391717806.524 profile_collected=1 profile_tick=2318 setup_ms=0.000 production_ms=0.007 movement_economy_ms=39.355 vision_ms=0.035 combat_ms=0.001 ai_ms=0.000 completion_ms=0.000 profile_total_ms=39.398
match-latency slow_step tick=2396 phase=preparation update_wall_ms=27.803 monotonic_ms=1733.880 wall_epoch_ms=1789391717888.437 profile_collected=1 profile_tick=2396 setup_ms=0.000 production_ms=0.007 movement_economy_ms=27.764 vision_ms=0.031 combat_ms=0.001 ai_ms=0.000 completion_ms=0.000 profile_total_ms=27.803
match-latency slow_step tick=2401 phase=preparation update_wall_ms=32.520 monotonic_ms=1763.957 wall_epoch_ms=1789391717918.514 profile_collected=1 profile_tick=2401 setup_ms=0.000 production_ms=0.007 movement_economy_ms=32.477 vision_ms=0.034 combat_ms=0.001 ai_ms=0.000 completion_ms=0.000 profile_total_ms=32.520
match-latency slow_step tick=2441 phase=preparation update_wall_ms=27.643 monotonic_ms=1868.109 wall_epoch_ms=1789391718022.669 profile_collected=1 profile_tick=2441 setup_ms=0.000 production_ms=0.011 movement_economy_ms=27.588 vision_ms=0.042 combat_ms=0.001 ai_ms=0.000 completion_ms=0.000 profile_total_ms=27.643
match-latency slow_step tick=2442 phase=preparation update_wall_ms=28.209 monotonic_ms=1895.995 wall_epoch_ms=1789391718050.552 profile_collected=1 profile_tick=2442 setup_ms=0.000 production_ms=0.014 movement_economy_ms=28.138 vision_ms=0.042 combat_ms=0.001 ai_ms=0.000 completion_ms=0.014 profile_total_ms=28.209
match-latency slow_step tick=2551 phase=preparation update_wall_ms=27.446 monotonic_ms=2015.129 wall_epoch_ms=1789391718169.687 profile_collected=1 profile_tick=2551 setup_ms=0.000 production_ms=0.008 movement_economy_ms=27.397 vision_ms=0.040 combat_ms=0.001 ai_ms=0.000 completion_ms=0.000 profile_total_ms=27.446
match-latency slow_step tick=2602 phase=preparation update_wall_ms=50.422 monotonic_ms=2107.051 wall_epoch_ms=1789391718261.610 profile_collected=1 profile_tick=2602 setup_ms=0.000 production_ms=0.009 movement_economy_ms=50.371 vision_ms=0.040 combat_ms=0.001 ai_ms=0.000 completion_ms=0.000 profile_total_ms=50.422
match-latency slow_step tick=2629 phase=preparation update_wall_ms=26.510 monotonic_ms=2180.458 wall_epoch_ms=1789391718335.017 profile_collected=1 profile_tick=2629 setup_ms=0.000 production_ms=0.008 movement_economy_ms=26.465 vision_ms=0.037 combat_ms=0.001 ai_ms=0.000 completion_ms=0.000 profile_total_ms=26.510
match-latency slow_step tick=2634 phase=preparation update_wall_ms=47.877 monotonic_ms=2208.772 wall_epoch_ms=1789391718363.329 profile_collected=1 profile_tick=2634 setup_ms=0.000 production_ms=0.008 movement_economy_ms=47.828 vision_ms=0.039 combat_ms=0.001 ai_ms=0.000 completion_ms=0.000 profile_total_ms=47.876
match-latency slow_step tick=2641 phase=preparation update_wall_ms=28.594 monotonic_ms=2294.747 wall_epoch_ms=1789391718449.305 profile_collected=1 profile_tick=2641 setup_ms=0.000 production_ms=0.013 movement_economy_ms=28.537 vision_ms=0.042 combat_ms=0.001 ai_ms=0.000 completion_ms=0.000 profile_total_ms=28.593
match-latency slow_step tick=2642 phase=preparation update_wall_ms=72.323 monotonic_ms=2323.548 wall_epoch_ms=1789391718478.106 profile_collected=1 profile_tick=2642 setup_ms=0.001 production_ms=0.016 movement_economy_ms=72.263 vision_ms=0.041 combat_ms=0.001 ai_ms=0.000 completion_ms=0.000 profile_total_ms=72.322
match-latency slow_step tick=2661 phase=preparation update_wall_ms=26.712 monotonic_ms=2437.106 wall_epoch_ms=1789391718591.664 profile_collected=1 profile_tick=2661 setup_ms=0.000 production_ms=0.012 movement_economy_ms=26.658 vision_ms=0.041 combat_ms=0.001 ai_ms=0.000 completion_ms=0.000 profile_total_ms=26.711
match-latency slow_step tick=2663 phase=preparation update_wall_ms=22.135 monotonic_ms=2465.158 wall_epoch_ms=1789391718619.717 profile_collected=1 profile_tick=2663 setup_ms=0.000 production_ms=0.011 movement_economy_ms=22.079 vision_ms=0.043 combat_ms=0.001 ai_ms=0.000 completion_ms=0.000 profile_total_ms=22.134
match-latency slow_step tick=2741 phase=preparation update_wall_ms=48.294 monotonic_ms=2626.978 wall_epoch_ms=1789391718781.535 profile_collected=1 profile_tick=2741 setup_ms=0.000 production_ms=0.036 movement_economy_ms=48.212 vision_ms=0.044 combat_ms=0.001 ai_ms=0.000 completion_ms=0.000 profile_total_ms=48.293
match-latency slow_step tick=2781 phase=preparation update_wall_ms=43.369 monotonic_ms=2787.689 wall_epoch_ms=1789391718942.248 profile_collected=1 profile_tick=2781 setup_ms=0.000 production_ms=0.013 movement_economy_ms=43.312 vision_ms=0.042 combat_ms=0.001 ai_ms=0.000 completion_ms=0.000 profile_total_ms=43.369
match-latency slow_step tick=2782 phase=preparation update_wall_ms=22.444 monotonic_ms=2831.262 wall_epoch_ms=1789391718985.821 profile_collected=1 profile_tick=2782 setup_ms=0.001 production_ms=0.017 movement_economy_ms=22.381 vision_ms=0.044 combat_ms=0.001 ai_ms=0.000 completion_ms=0.000 profile_total_ms=22.444
match-latency slow_step tick=2835 phase=preparation update_wall_ms=32.984 monotonic_ms=2895.255 wall_epoch_ms=1789391719049.814 profile_collected=1 profile_tick=2835 setup_ms=0.000 production_ms=0.010 movement_economy_ms=32.938 vision_ms=0.035 combat_ms=0.001 ai_ms=0.000 completion_ms=0.000 profile_total_ms=32.984
match-latency slow_step tick=2861 phase=preparation update_wall_ms=30.791 monotonic_ms=2978.988 wall_epoch_ms=1789391719133.547 profile_collected=1 profile_tick=2861 setup_ms=0.001 production_ms=0.015 movement_economy_ms=30.732 vision_ms=0.043 combat_ms=0.001 ai_ms=0.000 completion_ms=0.000 profile_total_ms=30.791
match-latency slow_step tick=2961 phase=preparation update_wall_ms=32.721 monotonic_ms=3129.166 wall_epoch_ms=1789391719283.726 profile_collected=1 profile_tick=2961 setup_ms=0.000 production_ms=0.014 movement_economy_ms=32.660 vision_ms=0.045 combat_ms=0.001 ai_ms=0.000 completion_ms=0.000 profile_total_ms=32.721
match-latency slow_step tick=2994 phase=preparation update_wall_ms=49.557 monotonic_ms=3193.994 wall_epoch_ms=1789391719348.552 profile_collected=1 profile_tick=2994 setup_ms=0.000 production_ms=0.011 movement_economy_ms=49.501 vision_ms=0.044 combat_ms=0.001 ai_ms=0.000 completion_ms=0.000 profile_total_ms=49.557
match-latency slow_step tick=3002 phase=preparation update_wall_ms=69.700 monotonic_ms=3294.717 wall_epoch_ms=1789391719449.276 profile_collected=1 profile_tick=3002 setup_ms=0.001 production_ms=0.014 movement_economy_ms=69.638 vision_ms=0.046 combat_ms=0.001 ai_ms=0.000 completion_ms=0.000 profile_total_ms=69.700
match-latency slow_step tick=3003 phase=preparation update_wall_ms=20.509 monotonic_ms=3364.880 wall_epoch_ms=1789391719519.439 profile_collected=1 profile_tick=3003 setup_ms=0.001 production_ms=0.017 movement_economy_ms=20.444 vision_ms=0.045 combat_ms=0.001 ai_ms=0.000 completion_ms=0.000 profile_total_ms=20.508
match-latency slow_step tick=3062 phase=preparation update_wall_ms=53.036 monotonic_ms=3475.226 wall_epoch_ms=1789391719629.784 profile_collected=1 profile_tick=3062 setup_ms=0.000 production_ms=0.014 movement_economy_ms=52.974 vision_ms=0.046 combat_ms=0.001 ai_ms=0.000 completion_ms=0.000 profile_total_ms=53.036
match-latency slow_step tick=3162 phase=preparation update_wall_ms=65.889 monotonic_ms=3726.247 wall_epoch_ms=1789391719880.806 profile_collected=1 profile_tick=3162 setup_ms=0.000 production_ms=0.013 movement_economy_ms=65.824 vision_ms=0.050 combat_ms=0.001 ai_ms=0.000 completion_ms=0.000 profile_total_ms=65.889
match-latency slow_step tick=3168 phase=preparation update_wall_ms=39.572 monotonic_ms=3794.217 wall_epoch_ms=1789391719948.778 profile_collected=1 profile_tick=3168 setup_ms=0.000 production_ms=0.011 movement_economy_ms=39.482 vision_ms=0.076 combat_ms=0.002 ai_ms=0.000 completion_ms=0.000 profile_total_ms=39.572
match-latency slow_step tick=3181 phase=preparation update_wall_ms=33.805 monotonic_ms=3886.745 wall_epoch_ms=1789391720041.305 profile_collected=1 profile_tick=3181 setup_ms=0.000 production_ms=0.017 movement_economy_ms=33.732 vision_ms=0.053 combat_ms=0.001 ai_ms=0.000 completion_ms=0.000 profile_total_ms=33.804
match-latency slow_step tick=3182 phase=preparation update_wall_ms=43.746 monotonic_ms=3920.736 wall_epoch_ms=1789391720075.296 profile_collected=1 profile_tick=3182 setup_ms=0.000 production_ms=0.016 movement_economy_ms=43.675 vision_ms=0.052 combat_ms=0.001 ai_ms=0.000 completion_ms=0.000 profile_total_ms=43.745
match-latency slow_step tick=3185 phase=preparation update_wall_ms=20.620 monotonic_ms=3965.644 wall_epoch_ms=1789391720120.203 profile_collected=1 profile_tick=3185 setup_ms=0.000 production_ms=0.012 movement_economy_ms=20.557 vision_ms=0.049 combat_ms=0.001 ai_ms=0.000 completion_ms=0.000 profile_total_ms=20.620
match-latency slow_step tick=3253 phase=preparation update_wall_ms=34.734 monotonic_ms=4086.988 wall_epoch_ms=1789391720241.548 profile_collected=1 profile_tick=3253 setup_ms=0.001 production_ms=0.018 movement_economy_ms=34.661 vision_ms=0.052 combat_ms=0.001 ai_ms=0.000 completion_ms=0.000 profile_total_ms=34.733
match-latency slow_step tick=3272 phase=preparation update_wall_ms=22.332 monotonic_ms=4129.722 wall_epoch_ms=1789391720284.281 profile_collected=1 profile_tick=3272 setup_ms=0.000 production_ms=0.011 movement_economy_ms=22.268 vision_ms=0.051 combat_ms=0.001 ai_ms=0.000 completion_ms=0.000 profile_total_ms=22.332
match-latency slow_step tick=3342 phase=preparation update_wall_ms=23.494 monotonic_ms=4293.054 wall_epoch_ms=1789391720447.615 profile_collected=1 profile_tick=3342 setup_ms=0.000 production_ms=0.015 movement_economy_ms=23.423 vision_ms=0.054 combat_ms=0.001 ai_ms=0.000 completion_ms=0.000 profile_total_ms=23.494
match-latency slow_step tick=3362 phase=preparation update_wall_ms=24.145 monotonic_ms=4382.315 wall_epoch_ms=1789391720536.875 profile_collected=1 profile_tick=3362 setup_ms=0.000 production_ms=0.016 movement_economy_ms=24.073 vision_ms=0.054 combat_ms=0.001 ai_ms=0.000 completion_ms=0.000 profile_total_ms=24.145
match-latency slow_step tick=3403 phase=preparation update_wall_ms=21.951 monotonic_ms=4478.725 wall_epoch_ms=1789391720633.285 profile_collected=1 profile_tick=3403 setup_ms=0.000 production_ms=0.015 movement_economy_ms=21.730 vision_ms=0.204 combat_ms=0.001 ai_ms=0.000 completion_ms=0.001 profile_total_ms=21.951
match-latency slow_step tick=3425 phase=preparation update_wall_ms=41.997 monotonic_ms=4512.575 wall_epoch_ms=1789391720667.136 profile_collected=1 profile_tick=3425 setup_ms=0.000 production_ms=0.014 movement_economy_ms=41.926 vision_ms=0.056 combat_ms=0.001 ai_ms=0.000 completion_ms=0.000 profile_total_ms=41.997
match-latency slow_step tick=3462 phase=preparation update_wall_ms=65.040 monotonic_ms=4643.937 wall_epoch_ms=1789391720798.498 profile_collected=1 profile_tick=3462 setup_ms=0.000 production_ms=0.014 movement_economy_ms=64.968 vision_ms=0.056 combat_ms=0.001 ai_ms=0.000 completion_ms=0.000 profile_total_ms=65.039
match-latency slow_step tick=3482 phase=preparation update_wall_ms=60.485 monotonic_ms=4775.676 wall_epoch_ms=1789391720930.235 profile_collected=1 profile_tick=3482 setup_ms=0.001 production_ms=0.015 movement_economy_ms=60.415 vision_ms=0.053 combat_ms=0.001 ai_ms=0.000 completion_ms=0.000 profile_total_ms=60.485
match-latency slow_step tick=3501 phase=preparation update_wall_ms=43.791 monotonic_ms=4934.214 wall_epoch_ms=1789391721088.774 profile_collected=1 profile_tick=3501 setup_ms=0.000 production_ms=0.019 movement_economy_ms=43.715 vision_ms=0.055 combat_ms=0.001 ai_ms=0.000 completion_ms=0.000 profile_total_ms=43.791
match-latency slow_step tick=3502 phase=preparation update_wall_ms=45.593 monotonic_ms=4978.208 wall_epoch_ms=1789391721132.768 profile_collected=1 profile_tick=3502 setup_ms=0.001 production_ms=0.022 movement_economy_ms=45.515 vision_ms=0.053 combat_ms=0.001 ai_ms=0.000 completion_ms=0.000 profile_total_ms=45.593
match-latency slow_step tick=3561 phase=preparation update_wall_ms=36.149 monotonic_ms=5110.917 wall_epoch_ms=1789391721265.479 profile_collected=1 profile_tick=3561 setup_ms=0.000 production_ms=0.019 movement_economy_ms=36.071 vision_ms=0.057 combat_ms=0.001 ai_ms=0.000 completion_ms=0.000 profile_total_ms=36.148
match-latency slow_step tick=3571 phase=preparation update_wall_ms=20.644 monotonic_ms=5152.051 wall_epoch_ms=1789391721306.612 profile_collected=1 profile_tick=3571 setup_ms=0.000 production_ms=0.013 movement_economy_ms=20.571 vision_ms=0.058 combat_ms=0.001 ai_ms=0.000 completion_ms=0.000 profile_total_ms=20.644
match-latency slow_step tick=3621 phase=preparation update_wall_ms=37.443 monotonic_ms=5323.756 wall_epoch_ms=1789391721478.316 profile_collected=1 profile_tick=3621 setup_ms=0.000 production_ms=0.015 movement_economy_ms=37.366 vision_ms=0.059 combat_ms=0.001 ai_ms=0.000 completion_ms=0.000 profile_total_ms=37.442
match-latency slow_step tick=3622 phase=preparation update_wall_ms=25.165 monotonic_ms=5361.415 wall_epoch_ms=1789391721515.975 profile_collected=1 profile_tick=3622 setup_ms=0.001 production_ms=0.017 movement_economy_ms=25.089 vision_ms=0.056 combat_ms=0.001 ai_ms=0.000 completion_ms=0.000 profile_total_ms=25.165
match-latency slow_step tick=3626 phase=preparation update_wall_ms=119.169 monotonic_ms=5388.258 wall_epoch_ms=1789391721542.819 profile_collected=1 profile_tick=3626 setup_ms=0.000 production_ms=0.013 movement_economy_ms=119.093 vision_ms=0.061 combat_ms=0.001 ai_ms=0.000 completion_ms=0.000 profile_total_ms=119.169
match-latency slow_step tick=3642 phase=preparation update_wall_ms=23.737 monotonic_ms=5575.377 wall_epoch_ms=1789391721729.937 profile_collected=1 profile_tick=3642 setup_ms=0.000 production_ms=0.014 movement_economy_ms=23.663 vision_ms=0.058 combat_ms=0.001 ai_ms=0.000 completion_ms=0.000 profile_total_ms=23.736
match-latency slow_step tick=3669 phase=preparation update_wall_ms=170.193 monotonic_ms=5614.603 wall_epoch_ms=1789391721769.163 profile_collected=1 profile_tick=3669 setup_ms=0.000 production_ms=0.013 movement_economy_ms=170.121 vision_ms=0.056 combat_ms=0.001 ai_ms=0.000 completion_ms=0.000 profile_total_ms=170.192
match-latency slow_step tick=3681 phase=preparation update_wall_ms=31.422 monotonic_ms=5857.621 wall_epoch_ms=1789391722012.182 profile_collected=1 profile_tick=3681 setup_ms=0.001 production_ms=0.018 movement_economy_ms=31.329 vision_ms=0.071 combat_ms=0.001 ai_ms=0.000 completion_ms=0.000 profile_total_ms=31.421
match-latency slow_step tick=3682 phase=preparation update_wall_ms=157.207 monotonic_ms=5889.242 wall_epoch_ms=1789391722043.803 profile_collected=1 profile_tick=3682 setup_ms=0.000 production_ms=0.018 movement_economy_ms=157.128 vision_ms=0.060 combat_ms=0.001 ai_ms=0.000 completion_ms=0.000 profile_total_ms=157.207
match-latency slow_step tick=3683 phase=preparation update_wall_ms=22.391 monotonic_ms=6046.899 wall_epoch_ms=1789391722201.459 profile_collected=1 profile_tick=3683 setup_ms=0.001 production_ms=0.019 movement_economy_ms=22.309 vision_ms=0.060 combat_ms=0.001 ai_ms=0.000 completion_ms=0.000 profile_total_ms=22.390
match-latency slow_step tick=3707 phase=preparation update_wall_ms=20.828 monotonic_ms=6086.469 wall_epoch_ms=1789391722241.028 profile_collected=1 profile_tick=3707 setup_ms=0.000 production_ms=0.015 movement_economy_ms=20.763 vision_ms=0.049 combat_ms=0.001 ai_ms=0.000 completion_ms=0.000 profile_total_ms=20.828
match-latency slow_step tick=3722 phase=preparation update_wall_ms=199.617 monotonic_ms=6173.567 wall_epoch_ms=1789391722328.128 profile_collected=1 profile_tick=3722 setup_ms=0.000 production_ms=0.014 movement_economy_ms=199.545 vision_ms=0.056 combat_ms=0.001 ai_ms=0.000 completion_ms=0.000 profile_total_ms=199.617
match-latency slow_step tick=3739 phase=preparation update_wall_ms=21.690 monotonic_ms=6385.077 wall_epoch_ms=1789391722539.638 profile_collected=1 profile_tick=3739 setup_ms=0.000 production_ms=0.014 movement_economy_ms=21.609 vision_ms=0.066 combat_ms=0.001 ai_ms=0.000 completion_ms=0.000 profile_total_ms=21.690
match-latency slow_step tick=3802 phase=preparation update_wall_ms=23.517 monotonic_ms=6444.004 wall_epoch_ms=1789391722598.564 profile_collected=1 profile_tick=3802 setup_ms=0.000 production_ms=0.013 movement_economy_ms=23.439 vision_ms=0.059 combat_ms=0.004 ai_ms=0.000 completion_ms=0.000 profile_total_ms=23.516
match-latency slow_step tick=3917 phase=preparation update_wall_ms=24.042 monotonic_ms=6533.905 wall_epoch_ms=1789391722688.467 profile_collected=1 profile_tick=3917 setup_ms=0.000 production_ms=0.014 movement_economy_ms=23.972 vision_ms=0.055 combat_ms=0.001 ai_ms=0.000 completion_ms=0.000 profile_total_ms=24.042
match-latency slow_step tick=4062 phase=preparation update_wall_ms=21.190 monotonic_ms=6644.165 wall_epoch_ms=1789391722798.727 profile_collected=1 profile_tick=4062 setup_ms=0.000 production_ms=0.012 movement_economy_ms=21.117 vision_ms=0.056 combat_ms=0.004 ai_ms=0.000 completion_ms=0.000 profile_total_ms=21.190
match-latency slow_step tick=4074 phase=preparation update_wall_ms=25.298 monotonic_ms=6671.553 wall_epoch_ms=1789391722826.113 profile_collected=1 profile_tick=4074 setup_ms=0.000 production_ms=0.012 movement_economy_ms=25.236 vision_ms=0.050 combat_ms=0.001 ai_ms=0.000 completion_ms=0.000 profile_total_ms=25.298
match-latency slow_step tick=4262 phase=preparation update_wall_ms=21.279 monotonic_ms=6840.006 wall_epoch_ms=1789391722994.567 profile_collected=1 profile_tick=4262 setup_ms=0.000 production_ms=0.011 movement_economy_ms=21.201 vision_ms=0.062 combat_ms=0.001 ai_ms=0.000 completion_ms=0.000 profile_total_ms=21.276
match-latency slow_step tick=4375 phase=preparation update_wall_ms=243.106 monotonic_ms=6934.308 wall_epoch_ms=1789391723088.871 profile_collected=1 profile_tick=4375 setup_ms=0.000 production_ms=0.009 movement_economy_ms=243.032 vision_ms=0.063 combat_ms=0.001 ai_ms=0.000 completion_ms=0.000 profile_total_ms=243.106
match-latency slow_step tick=5293 phase=preparation update_wall_ms=24.305 monotonic_ms=7873.903 wall_epoch_ms=1789391724028.464 profile_collected=1 profile_tick=5293 setup_ms=0.000 production_ms=0.003 movement_economy_ms=24.233 vision_ms=0.068 combat_ms=0.001 ai_ms=0.000 completion_ms=0.000 profile_total_ms=24.305
match-latency slow_step tick=5294 phase=preparation update_wall_ms=29.425 monotonic_ms=7898.414 wall_epoch_ms=1789391724052.975 profile_collected=1 profile_tick=5294 setup_ms=0.001 production_ms=0.008 movement_economy_ms=29.345 vision_ms=0.069 combat_ms=0.001 ai_ms=0.000 completion_ms=0.000 profile_total_ms=29.424
match-latency slow_step tick=5921 phase=preparation update_wall_ms=23.340 monotonic_ms=8491.174 wall_epoch_ms=1789391724645.735 profile_collected=1 profile_tick=5921 setup_ms=0.001 production_ms=0.004 movement_economy_ms=23.269 vision_ms=0.066 combat_ms=0.001 ai_ms=0.000 completion_ms=0.000 profile_total_ms=23.340
match-latency slow_step tick=5932 phase=preparation update_wall_ms=23.175 monotonic_ms=8528.685 wall_epoch_ms=1789391724683.247 profile_collected=1 profile_tick=5932 setup_ms=0.000 production_ms=0.004 movement_economy_ms=23.101 vision_ms=0.069 combat_ms=0.001 ai_ms=0.000 completion_ms=0.000 profile_total_ms=23.175
match-latency slow_step tick=5933 phase=preparation update_wall_ms=23.020 monotonic_ms=8552.289 wall_epoch_ms=1789391724706.850 profile_collected=1 profile_tick=5933 setup_ms=0.001 production_ms=0.004 movement_economy_ms=22.946 vision_ms=0.068 combat_ms=0.001 ai_ms=0.000 completion_ms=0.000 profile_total_ms=23.020
match-latency slow_step tick=5934 phase=preparation update_wall_ms=23.330 monotonic_ms=8575.501 wall_epoch_ms=1789391724730.063 profile_collected=1 profile_tick=5934 setup_ms=0.001 production_ms=0.006 movement_economy_ms=23.255 vision_ms=0.067 combat_ms=0.001 ai_ms=0.000 completion_ms=0.000 profile_total_ms=23.330
match-latency slow_step tick=5982 phase=preparation update_wall_ms=25.898 monotonic_ms=8776.339 wall_epoch_ms=1789391724930.903 profile_collected=1 profile_tick=5982 setup_ms=0.000 production_ms=0.006 movement_economy_ms=25.814 vision_ms=0.075 combat_ms=0.001 ai_ms=0.000 completion_ms=0.000 profile_total_ms=25.896
match-baseline preparation tick 6000 team0=21/100 supply=21/184 team1=21/100 supply=21/184 team2=21/100 supply=21/184 team3=21/100 supply=21/184
match-latency slow_step tick=6035 phase=preparation update_wall_ms=28.381 monotonic_ms=8846.687 wall_epoch_ms=1789391725001.251 profile_collected=1 profile_tick=6035 setup_ms=0.000 production_ms=0.005 movement_economy_ms=28.294 vision_ms=0.076 combat_ms=0.005 ai_ms=0.000 completion_ms=0.000 profile_total_ms=28.380
match-latency slow_step tick=6041 phase=preparation update_wall_ms=29.048 monotonic_ms=8947.749 wall_epoch_ms=1789391725102.313 profile_collected=1 profile_tick=6041 setup_ms=0.000 production_ms=0.009 movement_economy_ms=28.963 vision_ms=0.074 combat_ms=0.001 ai_ms=0.000 completion_ms=0.000 profile_total_ms=29.047
match-latency slow_step tick=6042 phase=preparation update_wall_ms=26.708 monotonic_ms=8976.984 wall_epoch_ms=1789391725131.547 profile_collected=1 profile_tick=6042 setup_ms=0.000 production_ms=0.008 movement_economy_ms=26.628 vision_ms=0.068 combat_ms=0.001 ai_ms=0.000 completion_ms=0.000 profile_total_ms=26.706
match-latency slow_step tick=6284 phase=preparation update_wall_ms=28.752 monotonic_ms=9206.972 wall_epoch_ms=1789391725361.535 profile_collected=1 profile_tick=6284 setup_ms=0.000 production_ms=0.006 movement_economy_ms=28.680 vision_ms=0.065 combat_ms=0.001 ai_ms=0.000 completion_ms=0.000 profile_total_ms=28.752
match-latency slow_step tick=6296 phase=preparation update_wall_ms=22.628 monotonic_ms=9246.535 wall_epoch_ms=1789391725401.097 profile_collected=1 profile_tick=6296 setup_ms=0.000 production_ms=0.005 movement_economy_ms=22.560 vision_ms=0.061 combat_ms=0.001 ai_ms=0.000 completion_ms=0.000 profile_total_ms=22.628
match-latency slow_step tick=6416 phase=preparation update_wall_ms=318.547 monotonic_ms=9369.826 wall_epoch_ms=1789391725524.390 profile_collected=1 profile_tick=6416 setup_ms=0.000 production_ms=0.006 movement_economy_ms=318.474 vision_ms=0.066 combat_ms=0.001 ai_ms=0.000 completion_ms=0.000 profile_total_ms=318.546
match-latency slow_step tick=6717 phase=preparation update_wall_ms=23.854 monotonic_ms=9945.123 wall_epoch_ms=1789391726099.686 profile_collected=1 profile_tick=6717 setup_ms=0.000 production_ms=0.005 movement_economy_ms=23.777 vision_ms=0.069 combat_ms=0.001 ai_ms=0.000 completion_ms=0.000 profile_total_ms=23.854
match-latency slow_step tick=6752 phase=preparation update_wall_ms=22.957 monotonic_ms=10001.668 wall_epoch_ms=1789391726156.230 profile_collected=1 profile_tick=6752 setup_ms=0.000 production_ms=0.005 movement_economy_ms=22.884 vision_ms=0.066 combat_ms=0.001 ai_ms=0.000 completion_ms=0.000 profile_total_ms=22.957
match-latency slow_step tick=6804 phase=preparation update_wall_ms=28.110 monotonic_ms=10069.338 wall_epoch_ms=1789391726223.903 profile_collected=1 profile_tick=6804 setup_ms=0.000 production_ms=0.005 movement_economy_ms=28.033 vision_ms=0.070 combat_ms=0.001 ai_ms=0.000 completion_ms=0.000 profile_total_ms=28.110
match-latency slow_step tick=7146 phase=preparation update_wall_ms=24.574 monotonic_ms=10373.749 wall_epoch_ms=1789391726528.312 profile_collected=1 profile_tick=7146 setup_ms=0.001 production_ms=0.008 movement_economy_ms=24.497 vision_ms=0.067 combat_ms=0.001 ai_ms=0.000 completion_ms=0.000 profile_total_ms=24.574
match-latency slow_step tick=7223 phase=preparation update_wall_ms=26.653 monotonic_ms=10467.699 wall_epoch_ms=1789391726622.262 profile_collected=1 profile_tick=7223 setup_ms=0.000 production_ms=0.006 movement_economy_ms=26.578 vision_ms=0.067 combat_ms=0.001 ai_ms=0.000 completion_ms=0.000 profile_total_ms=26.653
match-latency slow_step tick=7229 phase=preparation update_wall_ms=27.531 monotonic_ms=10499.147 wall_epoch_ms=1789391726653.712 profile_collected=1 profile_tick=7229 setup_ms=0.000 production_ms=0.007 movement_economy_ms=27.453 vision_ms=0.069 combat_ms=0.001 ai_ms=0.000 completion_ms=0.000 profile_total_ms=27.531
match-latency slow_step tick=7310 phase=preparation update_wall_ms=26.403 monotonic_ms=10596.060 wall_epoch_ms=1789391726750.625 profile_collected=1 profile_tick=7310 setup_ms=0.000 production_ms=0.006 movement_economy_ms=26.318 vision_ms=0.078 combat_ms=0.001 ai_ms=0.000 completion_ms=0.000 profile_total_ms=26.403
match-latency slow_step tick=7311 phase=preparation update_wall_ms=27.959 monotonic_ms=10622.867 wall_epoch_ms=1789391726777.432 profile_collected=1 profile_tick=7311 setup_ms=0.000 production_ms=0.008 movement_economy_ms=27.880 vision_ms=0.069 combat_ms=0.001 ai_ms=0.000 completion_ms=0.000 profile_total_ms=27.959
match-latency slow_step tick=7323 phase=preparation update_wall_ms=25.707 monotonic_ms=10659.921 wall_epoch_ms=1789391726814.485 profile_collected=1 profile_tick=7323 setup_ms=0.000 production_ms=0.005 movement_economy_ms=25.630 vision_ms=0.070 combat_ms=0.001 ai_ms=0.000 completion_ms=0.000 profile_total_ms=25.707
match-latency slow_step tick=7349 phase=preparation update_wall_ms=23.676 monotonic_ms=10715.770 wall_epoch_ms=1789391726870.335 profile_collected=1 profile_tick=7349 setup_ms=0.001 production_ms=0.006 movement_economy_ms=23.596 vision_ms=0.072 combat_ms=0.001 ai_ms=0.000 completion_ms=0.000 profile_total_ms=23.675
match-latency slow_step tick=7353 phase=preparation update_wall_ms=44.582 monotonic_ms=10743.313 wall_epoch_ms=1789391726897.878 profile_collected=1 profile_tick=7353 setup_ms=0.000 production_ms=0.006 movement_economy_ms=44.504 vision_ms=0.070 combat_ms=0.001 ai_ms=0.000 completion_ms=0.000 profile_total_ms=44.581
match-latency slow_step tick=8164 phase=preparation update_wall_ms=22.047 monotonic_ms=11485.415 wall_epoch_ms=1789391727639.979 profile_collected=1 profile_tick=8164 setup_ms=0.000 production_ms=0.004 movement_economy_ms=21.974 vision_ms=0.067 combat_ms=0.001 ai_ms=0.000 completion_ms=0.000 profile_total_ms=22.047
match-latency slow_step tick=8166 phase=preparation update_wall_ms=25.106 monotonic_ms=11512.172 wall_epoch_ms=1789391727666.737 profile_collected=1 profile_tick=8166 setup_ms=0.000 production_ms=0.004 movement_economy_ms=25.033 vision_ms=0.068 combat_ms=0.001 ai_ms=0.000 completion_ms=0.000 profile_total_ms=25.106
match-latency slow_step tick=8167 phase=preparation update_wall_ms=59.436 monotonic_ms=11537.722 wall_epoch_ms=1789391727692.286 profile_collected=1 profile_tick=8167 setup_ms=0.001 production_ms=0.005 movement_economy_ms=59.359 vision_ms=0.069 combat_ms=0.001 ai_ms=0.000 completion_ms=0.000 profile_total_ms=59.435
match-latency slow_step tick=8171 phase=preparation update_wall_ms=21.974 monotonic_ms=11600.254 wall_epoch_ms=1789391727754.819 profile_collected=1 profile_tick=8171 setup_ms=0.000 production_ms=0.004 movement_economy_ms=21.884 vision_ms=0.084 combat_ms=0.001 ai_ms=0.000 completion_ms=0.000 profile_total_ms=21.973
match-latency slow_step tick=8173 phase=preparation update_wall_ms=24.991 monotonic_ms=11628.859 wall_epoch_ms=1789391727783.423 profile_collected=1 profile_tick=8173 setup_ms=0.000 production_ms=0.004 movement_economy_ms=24.920 vision_ms=0.065 combat_ms=0.001 ai_ms=0.000 completion_ms=0.000 profile_total_ms=24.990
match-latency slow_step tick=8194 phase=preparation update_wall_ms=48.647 monotonic_ms=11687.836 wall_epoch_ms=1789391727842.401 profile_collected=1 profile_tick=8194 setup_ms=0.000 production_ms=0.005 movement_economy_ms=48.572 vision_ms=0.068 combat_ms=0.001 ai_ms=0.000 completion_ms=0.000 profile_total_ms=48.647
match-latency slow_step tick=8562 phase=preparation update_wall_ms=51.240 monotonic_ms=12155.238 wall_epoch_ms=1789391728309.807 profile_collected=1 profile_tick=8562 setup_ms=0.000 production_ms=0.004 movement_economy_ms=51.168 vision_ms=0.067 combat_ms=0.001 ai_ms=0.000 completion_ms=0.000 profile_total_ms=51.240
match-latency slow_step tick=8565 phase=preparation update_wall_ms=23.183 monotonic_ms=12218.517 wall_epoch_ms=1789391728373.083 profile_collected=1 profile_tick=8565 setup_ms=0.000 production_ms=0.004 movement_economy_ms=23.107 vision_ms=0.070 combat_ms=0.001 ai_ms=0.000 completion_ms=0.000 profile_total_ms=23.183
match-latency slow_step tick=8827 phase=preparation update_wall_ms=274.481 monotonic_ms=12517.677 wall_epoch_ms=1789391728672.243 profile_collected=1 profile_tick=8827 setup_ms=0.000 production_ms=0.004 movement_economy_ms=274.410 vision_ms=0.067 combat_ms=0.001 ai_ms=0.000 completion_ms=0.000 profile_total_ms=274.481
{
  "schema": "cinderline.match_latency_probe.v1",
  "success": false,
  "diagnostic_only": true,
  "full_acceptance": false,
  "repeat_run_performed": false,
  "completed": false,
  "diagnostic_interrupted_prefix": true,
  "diagnostic_stop_after_ticks": 10000,
  "measured_run_valid": false,
  "players": 4,
  "reference_mobile_units_per_team": 100,
  "reference_crew_per_team": 184,
  "supported_device_capacity_claim": false,
  "economy_bypass": false,
  "debug_spawn_used": false,
  "script_uses_authored_map_knowledge": true,
  "gather_requires_explored_resource": true,
  "preparation_combat_suppression": "accepted Move orders between two own-corner waypoints",
  "required_gathered_ore_per_team": 15220,
  "reference_layout_minimum_static_gap_world_units": 72.000000,
  "workers_join_holding_pattern_after_required_ore_gathered": true,
  "preparation_patrol_commands": 1889,
  "preparation_patrol_command_limit": 576000,
  "preparation_movement_scheduler_ms": {"p50": 0.000708, "p95": 0.006750, "p99": 0.019375, "max": 0.097000},
  "preparation_limit_seconds": 3600,
  "prepared": false,
  "preparation_ticks": 10000,
  "final_tick": 10000,
  "winner": -1,
  "early_end": false,
  "profile_enabled": true,
  "snapshots_enabled": true,
  "state_hash": "0x459b9f9102dc2f71",
  "repeat_state_hash": null,
  "trajectory_hash": "0x15f41ac71631e7d6",
  "repeat_trajectory_hash": null,
  "recording_hash": "0xe3a85e0ed47f14df",
  "repeat_recording_hash": null,
  "recorded_commands": 2061,
  "deterministic_repeat": null,
  "commands": {"accepted": 2061, "rejected": 0, "wall_total_ms": 10.645672, "wall_max_ms": 0.069417, "accepted_by_type": {"AutoBuild": 56, "AutoRally": 4, "AutoResearch": 8, "AutoTrain": 70, "Gather": 30, "Move": 1893}, "wall_ms_by_type": {"AutoBuild": {"p50": 0.016459, "p95": 0.021250, "p99": 0.026792, "max": 0.026792}, "AutoRally": {"p50": 0.000834, "p95": 0.013667, "p99": 0.013667, "max": 0.013667}, "AutoResearch": {"p50": 0.001417, "p95": 0.002792, "p99": 0.002792, "max": 0.002792}, "AutoTrain": {"p50": 0.000916, "p95": 0.003417, "p99": 0.026875, "max": 0.026875}, "Gather": {"p50": 0.000458, "p95": 0.003667, "p99": 0.012958, "max": 0.012958}, "Move": {"p50": 0.001416, "p95": 0.017084, "p99": 0.020417, "max": 0.069417}}},
  "phases": [
    {"name": "preparation", "ticks": 10000, "step_ms": {"p50": 0.215542, "p95": 1.769584, "p99": 19.177541, "max": 318.546500}, "profile_ms": {"setup": {"p50": 0.000125, "p95": 0.000584, "p99": 0.001000, "max": 0.009834}, "production": {"p50": 0.004708, "p95": 0.013709, "p99": 0.017875, "max": 1.088083}, "movement_economy": {"p50": 0.152833, "p95": 1.701250, "p99": 19.106250, "max": 318.473750}, "vision": {"p50": 0.053583, "p95": 0.067375, "p99": 0.076333, "max": 0.204000}, "combat": {"p50": 0.000792, "p95": 0.001042, "p99": 0.001416, "max": 0.072291}, "ai": {"p50": 0.000041, "p95": 0.000042, "p99": 0.000042, "max": 0.015667}, "completion": {"p50": 0.000042, "p95": 0.000250, "p99": 0.000375, "max": 0.021209}, "total": {"p50": 0.215542, "p95": 1.769584, "p99": 19.177541, "max": 318.546500}}, "snapshots": {"scope":"fog_filtered_opaque_snapshots_cpu_no_transport","cadence_hz":10,"protocol":7,"message_byte_limit":1048576,"batches":5000,"messages":20000,"build_ms":{"mean":0.037678,"p50":0.037208,"p95":0.044542,"p99":0.056000,"max":1.345792},"encode_ms":{"mean":0.010164,"p50":0.010750,"p95":0.013375,"p99":0.017542,"max":0.217042},"message_cpu_ms":{"mean":0.047842,"p50":0.048000,"p95":0.058084,"p99":0.072500,"max":1.361333},"all_seats_batch_cpu_ms":{"mean":0.192900,"p50":0.194625,"p95":0.231000,"p99":0.256042,"max":1.909375},"message_bytes":{"mean":3686.831650,"p50":4228.000000,"p95":4414.000000,"p99":4441.000000,"max":4960.000000},"all_seats_batch_bytes":{"mean":14747.326600,"p50":16957.000000,"p95":17389.000000,"p99":17422.000000,"max":18937.000000},"visible_entities":{"mean":35.709000,"p50":42.000000,"p95":43.000000,"p99":43.000000,"max":43.000000},"visible_effects":{"mean":0.000000,"p50":0.000000,"p95":0.000000,"p99":0.000000,"max":0.000000}}},
    {"name": "march", "ticks": 0, "step_ms": null, "profile_ms": null, "snapshots": {"scope":"fog_filtered_opaque_snapshots_cpu_no_transport","cadence_hz":10,"protocol":7,"message_byte_limit":1048576,"batches":0,"messages":0,"build_ms":null,"encode_ms":null,"message_cpu_ms":null,"all_seats_batch_cpu_ms":null,"message_bytes":null,"all_seats_batch_bytes":null,"visible_entities":null,"visible_effects":null}},
    {"name": "combat", "ticks": 0, "step_ms": null, "profile_ms": null, "snapshots": {"scope":"fog_filtered_opaque_snapshots_cpu_no_transport","cadence_hz":10,"protocol":7,"message_byte_limit":1048576,"batches":0,"messages":0,"build_ms":null,"encode_ms":null,"message_cpu_ms":null,"all_seats_batch_cpu_ms":null,"message_bytes":null,"all_seats_batch_bytes":null,"visible_entities":null,"visible_effects":null}}
  ],
  "navigation": {"searches": 11010, "expanded": 26919, "failures": 59, "budget_deferrals": 1142},
  "teams": [
    {"team": 0, "supply": 86, "capacity": 184, "ore": 5306, "gathered": 15226, "produced": 16, "built": 14, "tier": 3, "scheduler_ms": {"p50": 0.004542, "p95": 0.012209, "p99": 46.523500, "max": 61.961208}, "march": {"expected": 0, "alive": 0, "arrived": 0, "pending_valid_order": 0, "navigation_exhausted": 0, "missing": 0, "goal_changed": 0}, "prepared_supply": 0, "prepared_capacity": 0, "combat_delta": {"damage": 0.000000, "lost": 0, "killed": 0}, "prepared_units": {"Drudge": 0, "Ember": 0, "Needle": 0, "Skim": 0, "Anvil": 0, "Cinderthrow": 0, "Mend": 0, "Veil": 0}, "final_units": {"Drudge": 20, "Ember": 0, "Needle": 0, "Skim": 1, "Anvil": 0, "Cinderthrow": 0, "Mend": 0, "Veil": 0}},
    {"team": 1, "supply": 86, "capacity": 184, "ore": 5317, "gathered": 15237, "produced": 16, "built": 14, "tier": 3, "scheduler_ms": {"p50": 0.003291, "p95": 0.008041, "p99": 35.209333, "max": 65.419625}, "march": {"expected": 0, "alive": 0, "arrived": 0, "pending_valid_order": 0, "navigation_exhausted": 0, "missing": 0, "goal_changed": 0}, "prepared_supply": 0, "prepared_capacity": 0, "combat_delta": {"damage": 0.000000, "lost": 0, "killed": 0}, "prepared_units": {"Drudge": 0, "Ember": 0, "Needle": 0, "Skim": 0, "Anvil": 0, "Cinderthrow": 0, "Mend": 0, "Veil": 0}, "final_units": {"Drudge": 20, "Ember": 0, "Needle": 0, "Skim": 1, "Anvil": 0, "Cinderthrow": 0, "Mend": 0, "Veil": 0}},
    {"team": 2, "supply": 86, "capacity": 184, "ore": 5307, "gathered": 15227, "produced": 16, "built": 14, "tier": 3, "scheduler_ms": {"p50": 0.003000, "p95": 0.006250, "p99": 47.296250, "max": 87.697709}, "march": {"expected": 0, "alive": 0, "arrived": 0, "pending_valid_order": 0, "navigation_exhausted": 0, "missing": 0, "goal_changed": 0}, "prepared_supply": 0, "prepared_capacity": 0, "combat_delta": {"damage": 0.000000, "lost": 0, "killed": 0}, "prepared_units": {"Drudge": 0, "Ember": 0, "Needle": 0, "Skim": 0, "Anvil": 0, "Cinderthrow": 0, "Mend": 0, "Veil": 0}, "final_units": {"Drudge": 20, "Ember": 0, "Needle": 0, "Skim": 1, "Anvil": 0, "Cinderthrow": 0, "Mend": 0, "Veil": 0}},
    {"team": 3, "supply": 21, "capacity": 184, "ore": 9812, "gathered": 15222, "produced": 16, "built": 14, "tier": 2, "scheduler_ms": {"p50": 0.003083, "p95": 0.006500, "p99": 49.528334, "max": 67.452500}, "march": {"expected": 0, "alive": 0, "arrived": 0, "pending_valid_order": 0, "navigation_exhausted": 0, "missing": 0, "goal_changed": 0}, "prepared_supply": 0, "prepared_capacity": 0, "combat_delta": {"damage": 0.000000, "lost": 0, "killed": 0}, "prepared_units": {"Drudge": 0, "Ember": 0, "Needle": 0, "Skim": 0, "Anvil": 0, "Cinderthrow": 0, "Mend": 0, "Veil": 0}, "final_units": {"Drudge": 20, "Ember": 0, "Needle": 0, "Skim": 1, "Anvil": 0, "Cinderthrow": 0, "Mend": 0, "Veil": 0}}
  ],
  "blocked_statuses": {"build Resonator: Insufficient ore.": 59, "build Siphon: Insufficient ore.": 626, "place Kiln: A ground unit occupies this site.": 4, "place Siphon: A ground unit occupies this site.": 8, "reference layout Crucible: reserve full-army passage between static footprints": 16, "reference layout Kiln: reserve full-army passage between static footprints": 10, "reference layout Resonator: reserve full-army passage between static footprints": 16, "reference layout Siphon: reserve full-army passage between static footprints": 317, "research tier: Insufficient ore.": 154, "train Drudge: Insufficient ore for the complete batch.": 148, "train Ember: Not enough production queue space for the complete batch.": 3, "train Needle: Not enough production queue space for the complete batch.": 6, "train Skim: Build an operational Kiln first.": 273, "train Skim: Insufficient ore for the complete batch.": 4},
  "dropped_blocked_statuses": 0,
  "progress": [
    {"tick": 0, "team": 0, "ore": 10, "gathered": 0, "produced": 0, "built": 0, "tier": 1, "supply": 9, "capacity": 30, "mobile": 5},
    {"tick": 0, "team": 1, "ore": 10, "gathered": 0, "produced": 0, "built": 0, "tier": 1, "supply": 9, "capacity": 30, "mobile": 5},
    {"tick": 0, "team": 2, "ore": 10, "gathered": 0, "produced": 0, "built": 0, "tier": 1, "supply": 9, "capacity": 30, "mobile": 5},
    {"tick": 0, "team": 3, "ore": 10, "gathered": 0, "produced": 0, "built": 0, "tier": 1, "supply": 9, "capacity": 30, "mobile": 5},
    {"tick": 6000, "team": 0, "ore": 3482, "gathered": 8892, "produced": 16, "built": 13, "tier": 2, "supply": 21, "capacity": 184, "mobile": 21},
    {"tick": 6000, "team": 1, "ore": 3933, "gathered": 9343, "produced": 16, "built": 13, "tier": 2, "supply": 21, "capacity": 184, "mobile": 21},
    {"tick": 6000, "team": 2, "ore": 4401, "gathered": 9811, "produced": 16, "built": 13, "tier": 2, "supply": 21, "capacity": 184, "mobile": 21},
    {"tick": 6000, "team": 3, "ore": 4864, "gathered": 8874, "produced": 16, "built": 13, "tier": 1, "supply": 21, "capacity": 184, "mobile": 21},
    {"tick": 10000, "team": 0, "ore": 5306, "gathered": 15226, "produced": 16, "built": 14, "tier": 3, "supply": 86, "capacity": 184, "mobile": 21},
    {"tick": 10000, "team": 1, "ore": 5317, "gathered": 15237, "produced": 16, "built": 14, "tier": 3, "supply": 86, "capacity": 184, "mobile": 21},
    {"tick": 10000, "team": 2, "ore": 5307, "gathered": 15227, "produced": 16, "built": 14, "tier": 3, "supply": 86, "capacity": 184, "mobile": 21},
    {"tick": 10000, "team": 3, "ore": 9812, "gathered": 15222, "produced": 16, "built": 14, "tier": 2, "supply": 21, "capacity": 184, "mobile": 21}
  ],
  "errors": ["diagnostic interrupted preparation prefix; full workload criteria and repeat not performed"]
}
