[2026.09.12-12.11.10:726][  0]LogCinderFramePacing: Display: CINDERLINE_FRAME_PACING state=bypass effective_fps=0.00 engine_fps=0.00
[2026.09.12-12.11.11:941][  0]LogCinderFramePacing: Display: CINDERLINE_FRAME_PACING state=menu effective_fps=30.00 engine_fps=0.00
[2026.09.12-12.11.12:105][  0]LogCinderModels: Display: CINDERLINE_RENDER_MODELS loaded=15/15 model_batches=55 rendered_model_entities=10 rendered_fallback_entities=0
[2026.09.12-12.11.12:105][  0]LogCinderModels: Display: CINDERLINE_RENDER_WORLD rock_kinds=4/4 rock_instances=0 fog=256_texture_plane fog_uploads=1 pads=0
[2026.09.12-12.11.12:105][  0]LogCinderModels: Display: CINDERLINE_TERRAIN_SURFACE material=layered_basalt mask=256_linear uploads=1; cached explored cliffs and observed mineral positions, no terrain collision changes
[2026.09.12-12.11.12:105][  0]LogCinderModels: Display: CINDERLINE_INSTANCE_SUBMISSIONS passes=1 delta_calls=0 transforms=0 added=37 removed=0 full_rebuilds=0 unchanged_skips=72 static_skips=0; actor-lifetime accepted adapter submissions, not GPU timings
[2026.09.12-12.11.12:105][  0]LogCinderModels: Display: CINDERLINE_SCENERY initialized=1 batches=12 instances=14 rocks=0 industrial=2 debris=12 out_of_bounds=0 rebuilds=1
[2026.09.12-12.11.12:105][  0]LogCinderModels: Display: CINDERLINE_WORLD_EFFECTS initialized=1 instances=0 peak=0 uploads=0 hidden=0 budget_drops=0
[2026.09.12-12.11.12:105][  0]LogCinderQuality: Display: CINDERLINE_GPU_PROFILE scheduled delay_seconds=10.0
[2026.09.12-12.11.12:105][  0]LogCinderQuality: Display: CINDERLINE_FRAME_PROFILE started map=Frontier warmup_frames=30 sample_frames=600 viewport_px=1440x810; measures viewport wall-clock cadence plus asynchronous raw engine timings
[2026.09.12-12.11.12:105][  0]LogCinderQuality: Display: CINDERLINE_QUALITY map=Frontier viewport_px=1440x810 render_target_px=1440x810 dpi_scale=2.000 high_dpi_active=1 foreground=0 rendered_viewport_available=1
[2026.09.12-12.11.12:105][  0]LogCinderQuality: Display: CINDERLINE_QUALITY_FRAME_LIMIT engine=CinderGameEngine state=2 effective_fps=30.00; limit is not measured cadence or GPU utilization
[2026.09.12-12.11.12:105][  0]LogCinderQuality: Display: CINDERLINE_QUALITY_IOS_POLICY actual_thermal=0 raw_platform_thermal=-1 device_temperature_c=unavailable effective_thermal=0 low_power=0 effective_low_power=0 requested_frame_pace=0 actual_frame_pace=0 quality=0 stable_seconds=16930568.4 source=physical world_rendering_disabled=0
[2026.09.12-12.11.12:105][  0]LogCinderQuality: Display: CINDERLINE_QUALITY_CVAR name=EnableHighDPIAwareness value=1 set_by=Code
[2026.09.12-12.11.12:105][  0]LogCinderQuality: Display: CINDERLINE_QUALITY_CVAR name=r.AntiAliasingMethod value=2 set_by=DeviceProfile
[2026.09.12-12.11.12:105][  0]LogCinderQuality: Display: CINDERLINE_QUALITY_CVAR name=r.TemporalAA.Quality value=2 set_by=DeviceProfile
[2026.09.12-12.11.12:105][  0]LogCinderQuality: Display: CINDERLINE_QUALITY_CVAR name=r.TemporalAA.HistoryScreenPercentage value=100 set_by=Constructor
[2026.09.12-12.11.12:105][  0]LogCinderQuality: Display: CINDERLINE_QUALITY_CVAR name=r.TSR.AsyncCompute value=2 set_by=Constructor
[2026.09.12-12.11.12:105][  0]LogCinderQuality: Display: CINDERLINE_QUALITY_CVAR name=r.TSR.History.UpdateQuality value=3 set_by=Scalability
[2026.09.12-12.11.12:105][  0]LogCinderQuality: Display: CINDERLINE_QUALITY_CVAR name=r.ScreenPercentage value=100 set_by=DeviceProfile
[2026.09.12-12.11.12:105][  0]LogCinderQuality: Display: CINDERLINE_QUALITY_CVAR name=r.SecondaryScreenPercentage.GameViewport value=100 set_by=DeviceProfile
[2026.09.12-12.11.12:105][  0]LogCinderQuality: Display: CINDERLINE_QUALITY_CVAR name=r.DynamicRes.OperationMode value=0 set_by=DeviceProfile
[2026.09.12-12.11.12:105][  0]LogCinderQuality: Display: CINDERLINE_QUALITY_CVAR name=r.TSR.History.ScreenPercentage value=100 set_by=DeviceProfile
[2026.09.12-12.11.12:105][  0]LogCinderQuality: Display: CINDERLINE_QUALITY_CVAR name=r.ReflectionMethod value=2 set_by=DeviceProfile
[2026.09.12-12.11.12:105][  0]LogCinderQuality: Display: CINDERLINE_QUALITY_CVAR name=r.SSR.Quality value=3 set_by=DeviceProfile
[2026.09.12-12.11.12:105][  0]LogCinderQuality: Display: CINDERLINE_QUALITY_CVAR name=r.SSR.HalfResSceneColor value=0 set_by=DeviceProfile
[2026.09.12-12.11.12:105][  0]LogCinderQuality: Display: CINDERLINE_QUALITY_CVAR name=r.DefaultFeature.Bloom value=1 set_by=DeviceProfile
[2026.09.12-12.11.12:105][  0]LogCinderQuality: Display: CINDERLINE_QUALITY_CVAR name=r.BloomQuality value=5 set_by=DeviceProfile
[2026.09.12-12.11.12:105][  0]LogCinderQuality: Display: CINDERLINE_QUALITY_CVAR name=r.DefaultFeature.AmbientOcclusion value=1 set_by=DeviceProfile
[2026.09.12-12.11.12:105][  0]LogCinderQuality: Display: CINDERLINE_QUALITY_CVAR name=r.AmbientOcclusionLevels value=-1 set_by=DeviceProfile
[2026.09.12-12.11.12:105][  0]LogCinderQuality: Display: CINDERLINE_QUALITY_CVAR name=r.AmbientOcclusionMaxQuality value=100 set_by=DeviceProfile
[2026.09.12-12.11.12:105][  0]LogCinderQuality: Display: CINDERLINE_QUALITY_CVAR name=r.MaxAnisotropy value=16 set_by=DeviceProfile
[2026.09.12-12.11.12:105][  0]LogCinderQuality: Display: CINDERLINE_QUALITY_CVAR name=r.ShadowQuality value=5 set_by=DeviceProfile
[2026.09.12-12.11.12:105][  0]LogCinderQuality: Display: CINDERLINE_QUALITY_CVAR name=r.Shadow.MaxCSMResolution value=2048 set_by=DeviceProfile
[2026.09.12-12.11.12:105][  0]LogCinderQuality: Display: CINDERLINE_QUALITY_CVAR name=r.Shadow.MaxResolution value=2048 set_by=DeviceProfile
[2026.09.12-12.11.12:105][  0]LogCinderQuality: Display: CINDERLINE_QUALITY_CVAR name=r.Shadow.CSM.MaxCascades value=4 set_by=DeviceProfile
[2026.09.12-12.11.12:105][  0]LogCinderQuality: Display: CINDERLINE_QUALITY_CVAR name=r.Tonemapper.Sharpen value=0.25 set_by=DeviceProfile
[2026.09.12-12.11.12:105][  0]LogCinderQuality: Display: CINDERLINE_QUALITY_CVAR name=r.VSync value=0 set_by=GameSetting
[2026.09.12-12.11.12:105][  0]LogCinderQuality: Display: CINDERLINE_QUALITY_CVAR name=rhi.SyncInterval value=1 set_by=Constructor
[2026.09.12-12.11.12:105][  0]LogCinderQuality: Display: CINDERLINE_QUALITY_CVAR name=t.MaxFPS value=30 set_by=Console
[2026.09.12-12.11.12:105][  0]LogCinderQuality: Display: CINDERLINE_QUALITY_CVAR name=r.MotionBlurQuality value=0 set_by=DeviceProfile
[2026.09.12-12.11.12:105][  0]LogCinderQuality: Display: CINDERLINE_QUALITY_CVAR name=r.DepthOfFieldQuality value=0 set_by=DeviceProfile
[2026.09.12-12.11.12:105][  0]LogCinderQuality: Display: CINDERLINE_QUALITY_CVAR name=r.SceneColorFringeQuality value=0 set_by=DeviceProfile
[2026.09.12-12.11.22:009][298]LogCinderQuality: Display: CINDERLINE_GPU_PROFILE capture map=Frontier foreground=0; single instrumented frame, not sustained utilization
[2026.09.12-12.11.22:009][298]LogCinderQuality: Display: CINDERLINE_QUALITY map=Frontier viewport_px=1440x810 render_target_px=1440x810 dpi_scale=2.000 high_dpi_active=1 foreground=0 rendered_viewport_available=1
[2026.09.12-12.11.22:009][298]LogCinderQuality: Display: CINDERLINE_QUALITY_FRAME_LIMIT engine=CinderGameEngine state=2 effective_fps=30.00; limit is not measured cadence or GPU utilization
[2026.09.12-12.11.22:009][298]LogCinderQuality: Display: CINDERLINE_QUALITY_IOS_POLICY actual_thermal=0 raw_platform_thermal=-1 device_temperature_c=unavailable effective_thermal=0 low_power=0 effective_low_power=0 requested_frame_pace=0 actual_frame_pace=0 quality=0 stable_seconds=16930578.3 source=physical world_rendering_disabled=0
[2026.09.12-12.11.22:009][298]LogCinderQuality: Display: CINDERLINE_QUALITY_CVAR name=EnableHighDPIAwareness value=1 set_by=Code
[2026.09.12-12.11.22:009][298]LogCinderQuality: Display: CINDERLINE_QUALITY_CVAR name=r.AntiAliasingMethod value=2 set_by=DeviceProfile
[2026.09.12-12.11.22:009][298]LogCinderQuality: Display: CINDERLINE_QUALITY_CVAR name=r.TemporalAA.Quality value=2 set_by=DeviceProfile
[2026.09.12-12.11.22:009][298]LogCinderQuality: Display: CINDERLINE_QUALITY_CVAR name=r.TemporalAA.HistoryScreenPercentage value=100 set_by=Constructor
[2026.09.12-12.11.22:009][298]LogCinderQuality: Display: CINDERLINE_QUALITY_CVAR name=r.TSR.AsyncCompute value=2 set_by=Constructor
[2026.09.12-12.11.22:009][298]LogCinderQuality: Display: CINDERLINE_QUALITY_CVAR name=r.TSR.History.UpdateQuality value=3 set_by=Scalability
[2026.09.12-12.11.22:009][298]LogCinderQuality: Display: CINDERLINE_QUALITY_CVAR name=r.ScreenPercentage value=100 set_by=DeviceProfile
[2026.09.12-12.11.22:009][298]LogCinderQuality: Display: CINDERLINE_QUALITY_CVAR name=r.SecondaryScreenPercentage.GameViewport value=100 set_by=DeviceProfile
[2026.09.12-12.11.22:009][298]LogCinderQuality: Display: CINDERLINE_QUALITY_CVAR name=r.DynamicRes.OperationMode value=0 set_by=DeviceProfile
[2026.09.12-12.11.22:009][298]LogCinderQuality: Display: CINDERLINE_QUALITY_CVAR name=r.TSR.History.ScreenPercentage value=100 set_by=DeviceProfile
[2026.09.12-12.11.22:009][298]LogCinderQuality: Display: CINDERLINE_QUALITY_CVAR name=r.ReflectionMethod value=2 set_by=DeviceProfile
[2026.09.12-12.11.22:009][298]LogCinderQuality: Display: CINDERLINE_QUALITY_CVAR name=r.SSR.Quality value=3 set_by=DeviceProfile
[2026.09.12-12.11.22:009][298]LogCinderQuality: Display: CINDERLINE_QUALITY_CVAR name=r.SSR.HalfResSceneColor value=0 set_by=DeviceProfile
[2026.09.12-12.11.22:009][298]LogCinderQuality: Display: CINDERLINE_QUALITY_CVAR name=r.DefaultFeature.Bloom value=1 set_by=DeviceProfile
[2026.09.12-12.11.22:009][298]LogCinderQuality: Display: CINDERLINE_QUALITY_CVAR name=r.BloomQuality value=5 set_by=DeviceProfile
[2026.09.12-12.11.22:009][298]LogCinderQuality: Display: CINDERLINE_QUALITY_CVAR name=r.DefaultFeature.AmbientOcclusion value=1 set_by=DeviceProfile
[2026.09.12-12.11.22:009][298]LogCinderQuality: Display: CINDERLINE_QUALITY_CVAR name=r.AmbientOcclusionLevels value=-1 set_by=DeviceProfile
[2026.09.12-12.11.22:009][298]LogCinderQuality: Display: CINDERLINE_QUALITY_CVAR name=r.AmbientOcclusionMaxQuality value=100 set_by=DeviceProfile
[2026.09.12-12.11.22:009][298]LogCinderQuality: Display: CINDERLINE_QUALITY_CVAR name=r.MaxAnisotropy value=16 set_by=DeviceProfile
[2026.09.12-12.11.22:009][298]LogCinderQuality: Display: CINDERLINE_QUALITY_CVAR name=r.ShadowQuality value=5 set_by=DeviceProfile
[2026.09.12-12.11.22:009][298]LogCinderQuality: Display: CINDERLINE_QUALITY_CVAR name=r.Shadow.MaxCSMResolution value=2048 set_by=DeviceProfile
[2026.09.12-12.11.22:009][298]LogCinderQuality: Display: CINDERLINE_QUALITY_CVAR name=r.Shadow.MaxResolution value=2048 set_by=DeviceProfile
[2026.09.12-12.11.22:009][298]LogCinderQuality: Display: CINDERLINE_QUALITY_CVAR name=r.Shadow.CSM.MaxCascades value=4 set_by=DeviceProfile
[2026.09.12-12.11.22:009][298]LogCinderQuality: Display: CINDERLINE_QUALITY_CVAR name=r.Tonemapper.Sharpen value=0.25 set_by=DeviceProfile
[2026.09.12-12.11.22:009][298]LogCinderQuality: Display: CINDERLINE_QUALITY_CVAR name=r.VSync value=0 set_by=GameSetting
[2026.09.12-12.11.22:009][298]LogCinderQuality: Display: CINDERLINE_QUALITY_CVAR name=rhi.SyncInterval value=1 set_by=Constructor
[2026.09.12-12.11.22:009][298]LogCinderQuality: Display: CINDERLINE_QUALITY_CVAR name=t.MaxFPS value=30 set_by=Console
[2026.09.12-12.11.22:009][298]LogCinderQuality: Display: CINDERLINE_QUALITY_CVAR name=r.MotionBlurQuality value=0 set_by=DeviceProfile
[2026.09.12-12.11.22:009][298]LogCinderQuality: Display: CINDERLINE_QUALITY_CVAR name=r.DepthOfFieldQuality value=0 set_by=DeviceProfile
[2026.09.12-12.11.22:009][298]LogCinderQuality: Display: CINDERLINE_QUALITY_CVAR name=r.SceneColorFringeQuality value=0 set_by=DeviceProfile
[2026.09.12-12.11.22:055][300]LogRHI: Display: 
[2026.09.12-12.11.22:055][300]LogRHI: Display: GPU Profile for Frame 299 - Graphics pipeline 0 - GPU 0
[2026.09.12-12.11.22:056][300]LogRHI: Display: 
[2026.09.12-12.11.22:056][300]LogRHI: Display:     - Frame Time                    : 6.29ms
[2026.09.12-12.11.22:056][300]LogRHI: Display:     - r.ProfileGPU.Root             : "*"
[2026.09.12-12.11.22:056][300]LogRHI: Display:     - r.ProfileGPU.ThresholdPercent : 0.00%
[2026.09.12-12.11.22:056][300]LogRHI: Display:     - r.ProfileGPU.ShowLeafEvents   : true
[2026.09.12-12.11.22:056][300]LogRHI: Display: 
[2026.09.12-12.11.22:056][300]LogRHI: Display:     +---------------------------------------------------+---------------------------------------------------+----------------------------------------------------------------------------------------------------------+
[2026.09.12-12.11.22:056][300]LogRHI: Display:     |                     Exclusive                     |                     Inclusive                     |                                                                                                          |
[2026.09.12-12.11.22:056][300]LogRHI: Display:     +-------+--------+------+------+---------+----------+-------+--------+------+------+---------+----------+                                                  Events                                                  |
[2026.09.12-12.11.22:056][300]LogRHI: Display:     | Draws | Dsptch | Prim | Vert | Percent |   Time   | Draws | Dsptch | Prim | Vert | Percent |   Time   |                                                                                                          |
[2026.09.12-12.11.22:056][300]LogRHI: Display:     +-------+--------+------+------+---------+----------+-------+--------+------+------+---------+----------+----------------------------------------------------------------------------------------------------------+
[2026.09.12-12.11.22:056][300]LogRHI: Display:     |     0 |      0 |    0 |    0 |    0.0% | 0.000 ms |     0 |      0 |    0 |    0 |  100.0% | 6.291 ms | <root>                                                                                                   |
[2026.09.12-12.11.22:056][300]LogRHI: Display:     |     0 |      0 |    0 |    0 |    0.0% | 0.000 ms |     0 |      0 |    0 |    0 |  100.0% | 6.291 ms |    Frame 299                                                                                             |
[2026.09.12-12.11.22:056][300]LogRHI: Display:     |     0 |      0 |    0 |    0 |    0.3% | 0.020 ms |     0 |      0 |    0 |    0 |  100.0% | 6.291 ms |       SceneRender - ViewFamilies                                                                         |
[2026.09.12-12.11.22:056][300]LogRHI: Display:     |     0 |      0 |    0 |    0 |    1.1% | 0.069 ms |     0 |      0 |    0 |    0 |   99.7% | 6.271 ms |          RenderGraphExecute - /ViewFamilies                                                              |
[2026.09.12-12.11.22:056][300]LogRHI: Display:     |     0 |      0 |    0 |    0 |   30.4% | 1.912 ms |     0 |      0 |    0 |    0 |   98.4% | 6.192 ms |             Scene                                                                                        |
[2026.09.12-12.11.22:056][300]LogRHI: Display:     |     0 |      0 |    0 |    0 |    1.1% | 0.067 ms |     0 |      0 |    0 |    0 |   18.2% | 1.148 ms |                RenderDeferredLighting                                                                    |
[2026.09.12-12.11.22:056][300]LogRHI: Display:     |     0 |      0 |    0 |    0 |    0.0% | 0.000 ms |     0 |      0 |    0 |    0 |    8.0% | 0.506 ms |                   Lights                                                                                 |
[2026.09.12-12.11.22:056][300]LogRHI: Display:     |     0 |      0 |    0 |    0 |    0.0% | 0.000 ms |     0 |      0 |    0 |    0 |    8.0% | 0.506 ms |                      DirectLighting                                                                      |
[2026.09.12-12.11.22:056][300]LogRHI: Display:     |     0 |      0 |    0 |    0 |    0.0% | 0.000 ms |     0 |      0 |    0 |    0 |    8.0% | 0.506 ms |                         UnbatchedLights                                                                  |
[2026.09.12-12.11.22:056][300]LogRHI: Display:     |     0 |      0 |    0 |    0 |    0.8% | 0.053 ms |     0 |      0 |    0 |    0 |    8.0% | 0.506 ms |                            Frontier.DirectionalLight_0                                                   |
[2026.09.12-12.11.22:056][300]LogRHI: Display:     |     0 |      0 |    0 |    0 |    0.0% | 0.000 ms |     0 |      0 |    0 |    0 |    4.8% | 0.302 ms |                               ShadowProjectionOnOpaque                                                   |
[2026.09.12-12.11.22:056][300]LogRHI: Display:     |     0 |      0 |    0 |    0 |    0.0% | 0.000 ms |     0 |      0 |    0 |    0 |    4.8% | 0.302 ms |                                  Shadows                                                                 |
[2026.09.12-12.11.22:056][300]LogRHI: Display:     |     0 |      0 |    0 |    0 |    0.5% | 0.032 ms |     0 |      0 |    0 |    0 |    4.8% | 0.302 ms |                                     Frontier.DirectionalLight_0                                          |
[2026.09.12-12.11.22:056][300]LogRHI: Display:     |     0 |      0 |    0 |    0 |    2.1% | 0.133 ms |     0 |      0 |    0 |    0 |    2.1% | 0.133 ms |                                        ShadowProjection WholeScene split2                                |
[2026.09.12-12.11.22:056][300]LogRHI: Display:     |     0 |      0 |    0 |    0 |    0.8% | 0.053 ms |     0 |      0 |    0 |    0 |    0.8% | 0.053 ms |                                        ShadowProjection WholeScene split3                                |
[2026.09.12-12.11.22:056][300]LogRHI: Display:     |     0 |      0 |    0 |    0 |    0.7% | 0.045 ms |     0 |      0 |    0 |    0 |    0.7% | 0.045 ms |                                        ShadowProjection WholeScene split1                                |
[2026.09.12-12.11.22:056][300]LogRHI: Display:     |     0 |      0 |    0 |    0 |    0.6% | 0.039 ms |     0 |      0 |    0 |    0 |    0.6% | 0.039 ms |                                        ShadowProjection WholeScene split0                                |
[2026.09.12-12.11.22:056][300]LogRHI: Display:     |     0 |      0 |    0 |    0 |    2.4% | 0.151 ms |     0 |      0 |    0 |    0 |    2.4% | 0.151 ms |                               RenderLight Light::StandardDeferred: DirectionalLight_0                    |
[2026.09.12-12.11.22:056][300]LogRHI: Display:     |     0 |      0 |    0 |    0 |    0.0% | 0.000 ms |     0 |      0 |    0 |    0 |    0.0% | 0.000 ms |                               ClearRenderTarget(ShadowMaskTexture, slice 0, mip 0) 1440x816 ClearAction  |
[2026.09.12-12.11.22:056][300]LogRHI: Display:     |     0 |      0 |    0 |    0 |    0.2% | 0.014 ms |     0 |      0 |    0 |    0 |    8.0% | 0.503 ms |                   TranslucencyLightingVolume                                                             |
[2026.09.12-12.11.22:056][300]LogRHI: Display:     |     0 |      0 |    0 |    0 |    1.1% | 0.067 ms |     0 |      0 |    0 |    0 |    6.1% | 0.387 ms |                      InjectTranslucencyLightingVolume(View=0)                                            |
[2026.09.12-12.11.22:056][300]LogRHI: Display:     |     0 |      0 |    0 |    0 |    0.9% | 0.055 ms |     0 |      0 |    0 |    0 |    0.9% | 0.055 ms |                         InjectTranslucencyLightingVolume(VolumeCascade=1,ShadowMap)                      |
[2026.09.12-12.11.22:056][300]LogRHI: Display:     |     0 |      0 |    0 |    0 |    0.8% | 0.048 ms |     0 |      0 |    0 |    0 |    0.8% | 0.048 ms |                         InjectTranslucencyLightingVolume(VolumeCascade=0,ShadowMap)                      |
[2026.09.12-12.11.22:056][300]LogRHI: Display:     |     0 |      0 |    0 |    0 |    0.6% | 0.038 ms |     0 |      0 |    0 |    0 |    0.6% | 0.038 ms |                         InjectTranslucencyLightingVolume(VolumeCascade=1,ShadowMap)                      |
[2026.09.12-12.11.22:056][300]LogRHI: Display:     |     0 |      0 |    0 |    0 |    0.6% | 0.038 ms |     0 |      0 |    0 |    0 |    0.6% | 0.038 ms |                         InjectTranslucencyLightingVolume(VolumeCascade=0,ShadowMap)                      |
[2026.09.12-12.11.22:056][300]LogRHI: Display:     |     0 |      0 |    0 |    0 |    0.6% | 0.037 ms |     0 |      0 |    0 |    0 |    0.6% | 0.037 ms |                         InjectTranslucencyLightingVolume(VolumeCascade=1,ShadowMap)                      |
[2026.09.12-12.11.22:056][300]LogRHI: Display:     |     0 |      0 |    0 |    0 |    0.6% | 0.037 ms |     0 |      0 |    0 |    0 |    0.6% | 0.037 ms |                         InjectTranslucencyLightingVolume(VolumeCascade=0,ShadowMap)                      |
[2026.09.12-12.11.22:056][300]LogRHI: Display:     |     0 |      0 |    0 |    0 |    0.6% | 0.036 ms |     0 |      0 |    0 |    0 |    0.6% | 0.036 ms |                         InjectTranslucencyLightingVolume(VolumeCascade=1,ShadowMap)                      |
[2026.09.12-12.11.22:056][300]LogRHI: Display:     |     0 |      0 |    0 |    0 |    0.5% | 0.032 ms |     0 |      0 |    0 |    0 |    0.5% | 0.032 ms |                         InjectTranslucencyLightingVolume(VolumeCascade=0,ShadowMap)                      |
[2026.09.12-12.11.22:056][300]LogRHI: Display:     |     0 |      0 |    0 |    0 |    0.0% | 0.000 ms |     0 |      0 |    0 |    0 |    0.0% | 0.000 ms |                         BarrierPass                                                                      |
[2026.09.12-12.11.22:056][300]LogRHI: Display:     |     0 |      0 |    0 |    0 |    0.0% | 0.000 ms |     0 |      0 |    0 |    0 |    1.6% | 0.102 ms |                      FilterTranslucentVolume 64x64x64 Cascades:2                                         |
[2026.09.12-12.11.22:056][300]LogRHI: Display:     |     0 |      0 |    0 |    0 |    1.6% | 0.102 ms |     0 |      0 |    0 |    0 |    1.6% | 0.102 ms |                         Spatial Filter Cascade:0                                                         |
[2026.09.12-12.11.22:056][300]LogRHI: Display:     |     0 |      0 |    0 |    0 |    0.0% | 0.000 ms |     0 |      0 |    0 |    0 |    0.0% | 0.000 ms |                         Spatial Filter Cascade:1                                                         |
[2026.09.12-12.11.22:056][300]LogRHI: Display:     |     0 |      0 |    0 |    0 |    0.0% | 0.000 ms |     0 |      0 |    0 |    0 |    0.0% | 0.000 ms |                         BarrierPass                                                                      |
[2026.09.12-12.11.22:056][300]LogRHI: Display:     |     0 |      0 |    0 |    0 |    0.0% | 0.000 ms |     0 |      0 |    0 |    0 |    0.8% | 0.049 ms |                   DiffuseIndirectAndAO                                                                   |
[2026.09.12-12.11.22:056][300]LogRHI: Display:     |     0 |      0 |    0 |    0 |    0.8% | 0.049 ms |     0 |      0 |    0 |    0 |    0.8% | 0.049 ms |                      DiffuseIndirectComposite(DiffuseIndirect=Disabled ApplyAOToSceneColor) 1440x810     |
[2026.09.12-12.11.22:056][300]LogRHI: Display:     |     0 |      0 |    0 |    0 |    0.0% | 0.000 ms |     0 |      0 |    0 |    0 |    0.4% | 0.023 ms |                   InitTranslucencyLightingVolumeTextures                                                 |
[2026.09.12-12.11.22:056][300]LogRHI: Display:     |     0 |      0 |    0 |    0 |    0.4% | 0.023 ms |     0 |      0 |    0 |    0 |    0.4% | 0.023 ms |                      ClearTranslucencyLightingVolumeCompute 64                                           |
[2026.09.12-12.11.22:056][300]LogRHI: Display:     |     0 |      0 |    0 |    0 |    1.3% | 0.085 ms |     0 |      0 |    0 |    0 |   17.5% | 1.101 ms |                PostProcessing                                                                            |
[2026.09.12-12.11.22:056][300]LogRHI: Display:     |     0 |      0 |    0 |    0 |    1.5% | 0.092 ms |     0 |      0 |    0 |    0 |    6.8% | 0.427 ms |                   Bloom                                                                                  |
[2026.09.12-12.11.22:056][300]LogRHI: Display:     |     0 |      0 |    0 |    0 |    0.5% | 0.034 ms |     0 |      0 |    0 |    0 |    0.5% | 0.034 ms |                      GaussianBlur.BloomX 360x203 (PS, Static)                                            |
[2026.09.12-12.11.22:056][300]LogRHI: Display:     |     0 |      0 |    0 |    0 |    0.5% | 0.031 ms |     0 |      0 |    0 |    0 |    0.5% | 0.031 ms |                      GaussianBlur.BloomX 720x405 (PS, Static)                                            |
[2026.09.12-12.11.22:056][300]LogRHI: Display:     |     0 |      0 |    0 |    0 |    0.5% | 0.031 ms |     0 |      0 |    0 |    0 |    0.5% | 0.031 ms |                      GaussianBlur.BloomX 45x26 (PS, Static)                                              |
[2026.09.12-12.11.22:056][300]LogRHI: Display:     |     0 |      0 |    0 |    0 |    0.5% | 0.030 ms |     0 |      0 |    0 |    0 |    0.5% | 0.030 ms |                      GaussianBlur.BloomY 45x26 (PS, Static)                                              |
[2026.09.12-12.11.22:056][300]LogRHI: Display:     |     0 |      0 |    0 |    0 |    0.5% | 0.028 ms |     0 |      0 |    0 |    0 |    0.5% | 0.028 ms |                      GaussianBlur.BloomY 720x405 (PS, Static)                                            |
[2026.09.12-12.11.22:056][300]LogRHI: Display:     |     0 |      0 |    0 |    0 |    0.4% | 0.028 ms |     0 |      0 |    0 |    0 |    0.4% | 0.028 ms |                      GaussianBlur.BloomY 360x203 (PS, Static)                                            |
[2026.09.12-12.11.22:056][300]LogRHI: Display:     |     0 |      0 |    0 |    0 |    0.4% | 0.028 ms |     0 |      0 |    0 |    0 |    0.4% | 0.028 ms |                      GaussianBlur.BloomY 90x51 (PS, Static)                                              |
[2026.09.12-12.11.22:056][300]LogRHI: Display:     |     0 |      0 |    0 |    0 |    0.4% | 0.028 ms |     0 |      0 |    0 |    0 |    0.4% | 0.028 ms |                      GaussianBlur.BloomX 90x51 (PS, Static)                                              |
[2026.09.12-12.11.22:056][300]LogRHI: Display:     |     0 |      0 |    0 |    0 |    0.4% | 0.027 ms |     0 |      0 |    0 |    0 |    0.4% | 0.027 ms |                      GaussianBlur.BloomY 180x102 (PS, Static)                                            |
[2026.09.12-12.11.22:056][300]LogRHI: Display:     |     0 |      0 |    0 |    0 |    0.4% | 0.025 ms |     0 |      0 |    0 |    0 |    0.4% | 0.025 ms |                      GaussianBlur.BloomX 180x102 (PS, Static)                                            |
[2026.09.12-12.11.22:056][300]LogRHI: Display:     |     0 |      0 |    0 |    0 |    0.4% | 0.022 ms |     0 |      0 |    0 |    0 |    0.4% | 0.022 ms |                      GaussianBlur.BloomX 23x13 (PS, Static)                                              |
[2026.09.12-12.11.22:056][300]LogRHI: Display:     |     0 |      0 |    0 |    0 |    0.3% | 0.021 ms |     0 |      0 |    0 |    0 |    0.3% | 0.021 ms |                      GaussianBlur.BloomY 23x13 (PS, Static)                                              |
[2026.09.12-12.11.22:056][300]LogRHI: Display:     |     0 |      0 |    0 |    0 |    0.0% | 0.000 ms |     0 |      0 |    0 |    0 |    4.6% | 0.288 ms |                   TAA                                                                                    |
[2026.09.12-12.11.22:056][300]LogRHI: Display:     |     0 |      0 |    0 |    0 |    4.6% | 0.288 ms |     0 |      0 |    0 |    0 |    4.6% | 0.288 ms |                      TAA(MainUpsampling Quality=High) 1440x810 -> 1440x810                               |
[2026.09.12-12.11.22:056][300]LogRHI: Display:     |     0 |      0 |    0 |    0 |    0.5% | 0.034 ms |     0 |      0 |    0 |    0 |    2.0% | 0.127 ms |                   TextureDownsampleChain                                                                 |
[2026.09.12-12.11.22:056][300]LogRHI: Display:     |     0 |      0 |    0 |    0 |    0.4% | 0.022 ms |     0 |      0 |    0 |    0 |    0.4% | 0.022 ms |                      Downsample(BloomSetup(1/8) Quality=High PS) 360x203 -> 180x102                      |
[2026.09.12-12.11.22:056][300]LogRHI: Display:     |     0 |      0 |    0 |    0 |    0.3% | 0.019 ms |     0 |      0 |    0 |    0 |    0.3% | 0.019 ms |                      Downsample(BloomSetup(1/4) Quality=High PS) 720x405 -> 360x203                      |
[2026.09.12-12.11.22:056][300]LogRHI: Display:     |     0 |      0 |    0 |    0 |    0.3% | 0.019 ms |     0 |      0 |    0 |    0 |    0.3% | 0.019 ms |                      Downsample(BloomSetup(1/32) Quality=High PS) 90x51 -> 45x26                         |
[2026.09.12-12.11.22:056][300]LogRHI: Display:     |     0 |      0 |    0 |    0 |    0.3% | 0.017 ms |     0 |      0 |    0 |    0 |    0.3% | 0.017 ms |                      Downsample(BloomSetup(1/16) Quality=High PS) 180x102 -> 90x51                       |
[2026.09.12-12.11.22:056][300]LogRHI: Display:     |     0 |      0 |    0 |    0 |    0.2% | 0.015 ms |     0 |      0 |    0 |    0 |    0.2% | 0.015 ms |                      Downsample(BloomSetup(1/64) Quality=High PS) 45x26 -> 23x13                         |
[2026.09.12-12.11.22:056][300]LogRHI: Display:     |     0 |      0 |    0 |    0 |    1.1% | 0.071 ms |     0 |      0 |    0 |    0 |    1.1% | 0.071 ms |                   Tonemap 1440x810 (PS GammaOnly=0)                                                      |
[2026.09.12-12.11.22:056][300]LogRHI: Display:     |     0 |      0 |    0 |    0 |    0.6% | 0.035 ms |     0 |      0 |    0 |    0 |    0.6% | 0.035 ms |                   BloomSetup 720x405 (PS)                                                                |
[2026.09.12-12.11.22:056][300]LogRHI: Display:     |     0 |      0 |    0 |    0 |    0.5% | 0.034 ms |     0 |      0 |    0 |    0 |    0.5% | 0.034 ms |                   Downsample(PostProcessing.SceneColor.HalfRes Quality=Bilinear PS) 1440x810 -> 720x405  |
[2026.09.12-12.11.22:056][300]LogRHI: Display:     |     0 |      0 |    0 |    0 |    0.0% | 0.000 ms |     0 |      0 |    0 |    0 |    0.2% | 0.015 ms |                   ComposeTranslucencyToNewSceneColor                                                     |
[2026.09.12-12.11.22:056][300]LogRHI: Display:     |     0 |      0 |    0 |    0 |    0.2% | 0.015 ms |     0 |      0 |    0 |    0 |    0.2% | 0.015 ms |                      ComposeTranslucencyToNewSceneColor(AfterDOF) 1440x810 -> 1440x810                   |
[2026.09.12-12.11.22:056][300]LogRHI: Display:     |     0 |      0 |    0 |    0 |    0.2% | 0.014 ms |     0 |      0 |    0 |    0 |    0.2% | 0.014 ms |                   HistogramEyeAdaptation (CS)                                                            |
[2026.09.12-12.11.22:056][300]LogRHI: Display:     |     0 |      0 |    0 |    0 |    0.1% | 0.006 ms |     0 |      0 |    0 |    0 |    0.1% | 0.006 ms |                   EnqueueCopy(EyeAdaptationBuffer)                                                       |
[2026.09.12-12.11.22:056][300]LogRHI: Display:     |     0 |      0 |    0 |    0 |    0.6% | 0.036 ms |     0 |      0 |    0 |    0 |   13.7% | 0.861 ms |                LightCompositionTasks_PreLighting                                                         |
[2026.09.12-12.11.22:056][300]LogRHI: Display:     |     0 |      0 |    0 |    0 |    0.0% | 0.000 ms |     0 |      0 |    0 |    0 |    8.3% | 0.521 ms |                   ScreenSpace AO                                                                         |
[2026.09.12-12.11.22:056][300]LogRHI: Display:     |     0 |      0 |    0 |    0 |    8.3% | 0.521 ms |     0 |      0 |    0 |    0 |    8.3% | 0.521 ms |                      AmbientOcclusionPS 1440x810 SetupAsInput=0 Upsample=1 ShaderQuality=4               |
[2026.09.12-12.11.22:056][300]LogRHI: Display:     |     0 |      0 |    0 |    0 |    0.0% | 0.000 ms |     0 |      0 |    0 |    0 |    2.8% | 0.173 ms |                   ScreenSpace AO                                                                         |
[2026.09.12-12.11.22:056][300]LogRHI: Display:     |     0 |      0 |    0 |    0 |    2.8% | 0.173 ms |     0 |      0 |    0 |    0 |    2.8% | 0.173 ms |                      AmbientOcclusionPS 720x405 SetupAsInput=1 Upsample=1 ShaderQuality=4                |
[2026.09.12-12.11.22:056][300]LogRHI: Display:     |     0 |      0 |    0 |    0 |    0.0% | 0.000 ms |     0 |      0 |    0 |    0 |    1.2% | 0.074 ms |                   ScreenSpace AO                                                                         |
[2026.09.12-12.11.22:056][300]LogRHI: Display:     |     0 |      0 |    0 |    0 |    1.2% | 0.074 ms |     0 |      0 |    0 |    0 |    1.2% | 0.074 ms |                      AmbientOcclusionPS 360x203 SetupAsInput=1 Upsample=0 ShaderQuality=4                |
[2026.09.12-12.11.22:056][300]LogRHI: Display:     |     0 |      0 |    0 |    0 |    0.0% | 0.000 ms |     0 |      0 |    0 |    0 |    0.5% | 0.032 ms |                   ScreenSpace AO Setup                                                                   |
[2026.09.12-12.11.22:056][300]LogRHI: Display:     |     0 |      0 |    0 |    0 |    0.5% | 0.032 ms |     0 |      0 |    0 |    0 |    0.5% | 0.032 ms |                      AmbientOcclusionSetup 720x405                                                       |
[2026.09.12-12.11.22:056][300]LogRHI: Display:     |     0 |      0 |    0 |    0 |    0.0% | 0.000 ms |     0 |      0 |    0 |    0 |    0.0% | 0.000 ms |                      AccessModePass[Graphics] (Textures: 1, Buffers: 0)                                  |
[2026.09.12-12.11.22:056][300]LogRHI: Display:     |     0 |      0 |    0 |    0 |    0.0% | 0.000 ms |     0 |      0 |    0 |    0 |    0.4% | 0.025 ms |                   ScreenSpace AO Setup                                                                   |
[2026.09.12-12.11.22:056][300]LogRHI: Display:     |     0 |      0 |    0 |    0 |    0.4% | 0.025 ms |     0 |      0 |    0 |    0 |    0.4% | 0.025 ms |                      AmbientOcclusionSetup 360x203                                                       |
[2026.09.12-12.11.22:056][300]LogRHI: Display:     |     0 |      0 |    0 |    0 |    0.0% | 0.000 ms |     0 |      0 |    0 |    0 |    5.0% | 0.312 ms |                RenderDeferredLighting                                                                    |
[2026.09.12-12.11.22:056][300]LogRHI: Display:     |     0 |      0 |    0 |    0 |    0.0% | 0.000 ms |     0 |      0 |    0 |    0 |    5.0% | 0.312 ms |                   DiffuseIndirectAndAO                                                                   |
[2026.09.12-12.11.22:056][300]LogRHI: Display:     |     0 |      0 |    0 |    0 |    0.4% | 0.026 ms |     0 |      0 |    0 |    0 |    5.0% | 0.312 ms |                      ReflectionIndirect                                                                  |
[2026.09.12-12.11.22:056][300]LogRHI: Display:     |     0 |      0 |    0 |    0 |    0.0% | 0.000 ms |     0 |      0 |    0 |    0 |    3.3% | 0.205 ms |                         ReflectionEnvironment                                                            |
[2026.09.12-12.11.22:056][300]LogRHI: Display:     |     0 |      0 |    0 |    0 |    3.3% | 0.205 ms |     0 |      0 |    0 |    0 |    3.3% | 0.205 ms |                            ReflectionEnvironmentAndSky(1440x810,SubstrateMat=Off)                        |
[2026.09.12-12.11.22:056][300]LogRHI: Display:     |     0 |      0 |    0 |    0 |    0.0% | 0.000 ms |     0 |      0 |    0 |    0 |    1.3% | 0.081 ms |                         ScreenSpaceReflections(Quality=2)                                                |
[2026.09.12-12.11.22:056][300]LogRHI: Display:     |     0 |      0 |    0 |    0 |    0.0% | 0.000 ms |     0 |      0 |    0 |    0 |    1.3% | 0.081 ms |                            ScreenSpaceReflections                                                        |
[2026.09.12-12.11.22:056][300]LogRHI: Display:     |     0 |      0 |    0 |    0 |    1.3% | 0.081 ms |     0 |      0 |    0 |    0 |    1.3% | 0.081 ms |                               SSR RayMarch(Quality=2 RayPerPixel=1) 1440x810                             |
[2026.09.12-12.11.22:056][300]LogRHI: Display:     |     0 |      0 |    0 |    0 |    0.1% | 0.008 ms |     0 |      0 |    0 |    0 |    4.3% | 0.273 ms |                ShadowDepths                                                                              |
[2026.09.12-12.11.22:056][300]LogRHI: Display:     |     0 |      0 |    0 |    0 |    1.1% | 0.070 ms |     0 |      0 |    0 |    0 |    3.4% | 0.213 ms |                   Atlas0 8192x2048                                                                       |
[2026.09.12-12.11.22:056][300]LogRHI: Display:     |     0 |      0 |    0 |    0 |    0.1% | 0.006 ms |     0 |      0 |    0 |    0 |    2.3% | 0.142 ms |                      Frontier.DirectionalLight_0                                                         |
[2026.09.12-12.11.22:056][300]LogRHI: Display:     |     0 |      0 |    0 |    0 |    0.0% | 0.000 ms |     0 |      0 |    0 |    0 |    1.1% | 0.071 ms |                         WholeScene split2 2040x2040                                                      |
[2026.09.12-12.11.22:056][300]LogRHI: Display:     |     0 |      0 |    0 |    0 |    1.1% | 0.071 ms |     0 |      0 |    0 |    0 |    1.1% | 0.071 ms |                            ShadowDepthPassParallel                                                       |
[2026.09.12-12.11.22:056][300]LogRHI: Display:     |     0 |      0 |    0 |    0 |    0.0% | 0.000 ms |     0 |      0 |    0 |    0 |    1.0% | 0.066 ms |                         WholeScene split3 2040x2040                                                      |
[2026.09.12-12.11.22:056][300]LogRHI: Display:     |     0 |      0 |    0 |    0 |    1.0% | 0.066 ms |     0 |      0 |    0 |    0 |    1.0% | 0.066 ms |                            ShadowDepthPassParallel                                                       |
[2026.09.12-12.11.22:056][300]LogRHI: Display:     |     0 |      0 |    0 |    0 |    0.0% | 0.000 ms |     0 |      0 |    0 |    0 |    0.0% | 0.000 ms |                         WholeScene split1 2040x2040                                                      |
[2026.09.12-12.11.22:056][300]LogRHI: Display:     |     0 |      0 |    0 |    0 |    0.0% | 0.000 ms |     0 |      0 |    0 |    0 |    0.0% | 0.000 ms |                            ShadowDepthPassParallel                                                       |
[2026.09.12-12.11.22:056][300]LogRHI: Display:     |     0 |      0 |    0 |    0 |    0.0% | 0.000 ms |     0 |      0 |    0 |    0 |    0.0% | 0.000 ms |                         WholeScene split0 2040x2040                                                      |
[2026.09.12-12.11.22:056][300]LogRHI: Display:     |     0 |      0 |    0 |    0 |    0.0% | 0.000 ms |     0 |      0 |    0 |    0 |    0.0% | 0.000 ms |                            ShadowDepthPassParallel                                                       |
[2026.09.12-12.11.22:056][300]LogRHI: Display:     |     0 |      0 |    0 |    0 |    0.0% | 0.000 ms |     0 |      0 |    0 |    0 |    0.0% | 0.000 ms |                      ClearShadowDepth                                                                    |
[2026.09.12-12.11.22:056][300]LogRHI: Display:     |     0 |      0 |    0 |    0 |    0.1% | 0.006 ms |     0 |      0 |    0 |    0 |    0.8% | 0.051 ms |                   BuildRenderingCommandsDeferred(Culling=On)                                             |
[2026.09.12-12.11.22:056][300]LogRHI: Display:     |     0 |      0 |    0 |    0 |    0.6% | 0.038 ms |     0 |      0 |    0 |    0 |    0.6% | 0.038 ms |                      ClearIndirectArgInstanceCount                                                       |
[2026.09.12-12.11.22:056][300]LogRHI: Display:     |     0 |      0 |    0 |    0 |    0.1% | 0.008 ms |     0 |      0 |    0 |    0 |    0.1% | 0.008 ms |                      ClearBuffer(InstanceCulling.Compaction.BlockInstanceCounts Size=4bytes)             |
[2026.09.12-12.11.22:056][300]LogRHI: Display:     |     0 |      0 |    0 |    0 |    0.0% | 0.000 ms |     0 |      0 |    0 |    0 |    0.0% | 0.000 ms |                      CullInstances(Generic). Bin 1                                                       |
[2026.09.12-12.11.22:057][300]LogRHI: Display:     |     0 |      0 |    0 |    0 |    0.0% | 0.000 ms |     0 |      0 |    0 |    0 |    0.0% | 0.000 ms |                      Instance Compaction Phase 1                                                         |
[2026.09.12-12.11.22:057][300]LogRHI: Display:     |     0 |      0 |    0 |    0 |    0.0% | 0.000 ms |     0 |      0 |    0 |    0 |    0.0% | 0.000 ms |                      Instance Compaction Phase 2                                                         |
[2026.09.12-12.11.22:057][300]LogRHI: Display:     |     0 |      0 |    0 |    0 |    0.0% | 0.000 ms |     0 |      0 |    0 |    0 |    0.0% | 0.000 ms |                      CullInstances(UnCulled). Bin 0                                                      |
[2026.09.12-12.11.22:057][300]LogRHI: Display:     |     0 |      0 |    0 |    0 |    0.0% | 0.000 ms |     0 |      0 |    0 |    0 |    4.1% | 0.257 ms |                BasePass                                                                                  |
[2026.09.12-12.11.22:057][300]LogRHI: Display:     |     0 |      0 |    0 |    0 |    4.0% | 0.253 ms |     0 |      0 |    0 |    0 |    4.0% | 0.253 ms |                   BasePassParallel                                                                       |
[2026.09.12-12.11.22:057][300]LogRHI: Display:     |     0 |      0 |    0 |    0 |    0.0% | 0.000 ms |     0 |      0 |    0 |    0 |    0.1% | 0.004 ms |                   EditorPrimitives                                                                       |
[2026.09.12-12.11.22:057][300]LogRHI: Display:     |     0 |      0 |    0 |    0 |    0.1% | 0.004 ms |     0 |      0 |    0 |    0 |    0.1% | 0.004 ms |                      EditorPrimitives: SDPG_World                                                        |
[2026.09.12-12.11.22:057][300]LogRHI: Display:     |     0 |      0 |    0 |    0 |    0.0% | 0.000 ms |     0 |      0 |    0 |    0 |    1.4% | 0.089 ms |                PrePass DDM_AllOpaqueNoVelocity (Forced by DBuffer)                                       |
[2026.09.12-12.11.22:057][300]LogRHI: Display:     |     0 |      0 |    0 |    0 |    1.3% | 0.084 ms |     0 |      0 |    0 |    0 |    1.3% | 0.084 ms |                   DepthPassParallel                                                                      |
[2026.09.12-12.11.22:057][300]LogRHI: Display:     |     0 |      0 |    0 |    0 |    0.1% | 0.005 ms |     0 |      0 |    0 |    0 |    0.1% | 0.005 ms |                   EditorPrimitives                                                                       |
[2026.09.12-12.11.22:057][300]LogRHI: Display:     |     0 |      0 |    0 |    0 |    0.9% | 0.057 ms |     0 |      0 |    0 |    0 |    0.9% | 0.057 ms |                GBufferClear                                                                              |
[2026.09.12-12.11.22:057][300]LogRHI: Display:     |     0 |      0 |    0 |    0 |    0.0% | 0.000 ms |     0 |      0 |    0 |    0 |    0.8% | 0.051 ms |                LightFunctionAtlasGeneration                                                              |
[2026.09.12-12.11.22:057][300]LogRHI: Display:     |     0 |      0 |    0 |    0 |    0.8% | 0.051 ms |     0 |      0 |    0 |    0 |    0.8% | 0.051 ms |                   LightFunctionAtlas Generation                                                          |
[2026.09.12-12.11.22:057][300]LogRHI: Display:     |     0 |      0 |    0 |    0 |    0.0% | 0.000 ms |     0 |      0 |    0 |    0 |    0.7% | 0.043 ms |                ComputeLightGrid                                                                          |
[2026.09.12-12.11.22:057][300]LogRHI: Display:     |     0 |      0 |    0 |    0 |    0.3% | 0.016 ms |     0 |      0 |    0 |    0 |    0.7% | 0.043 ms |                   CullLights 23x13x32 NumLights 0 NumCaptures 0                                          |
[2026.09.12-12.11.22:057][300]LogRHI: Display:     |     0 |      0 |    0 |    0 |    0.3% | 0.018 ms |     0 |      0 |    0 |    0 |    0.3% | 0.018 ms |                      LightGridInject LinkedList  UseHZBCull  SingleThread                                |
[2026.09.12-12.11.22:057][300]LogRHI: Display:     |     0 |      0 |    0 |    0 |    0.1% | 0.009 ms |     0 |      0 |    0 |    0 |    0.1% | 0.009 ms |                      ClearBuffer(CulledLightLinkAllocator Size=4bytes)                                   |
[2026.09.12-12.11.22:057][300]LogRHI: Display:     |     0 |      0 |    0 |    0 |    0.0% | 0.000 ms |     0 |      0 |    0 |    0 |    0.0% | 0.000 ms |                      ClearBuffer(NumCulledLightsGrid Size=153088bytes)                                   |
[2026.09.12-12.11.22:057][300]LogRHI: Display:     |     0 |      0 |    0 |    0 |    0.0% | 0.000 ms |     0 |      0 |    0 |    0 |    0.0% | 0.000 ms |                      LightGridFeedbackStatus                                                             |
[2026.09.12-12.11.22:057][300]LogRHI: Display:     |     0 |      0 |    0 |    0 |    0.0% | 0.000 ms |     0 |      0 |    0 |    0 |    0.0% | 0.000 ms |                      ClearBuffer(CulledLightDataAllocator Size=4bytes)                                   |
[2026.09.12-12.11.22:057][300]LogRHI: Display:     |     0 |      0 |    0 |    0 |    0.0% | 0.000 ms |     0 |      0 |    0 |    0 |    0.5% | 0.029 ms |                HZB                                                                                       |
[2026.09.12-12.11.22:057][300]LogRHI: Display:     |     0 |      0 |    0 |    0 |    0.0% | 0.000 ms |     0 |      0 |    0 |    0 |    0.5% | 0.029 ms |                   BuildHZB(ViewId=0)                                                                     |
[2026.09.12-12.11.22:057][300]LogRHI: Display:     |     0 |      0 |    0 |    0 |    0.0% | 0.000 ms |     0 |      0 |    0 |    0 |    0.5% | 0.029 ms |                      BuildHZB                                                                            |
[2026.09.12-12.11.22:057][300]LogRHI: Display:     |     0 |      0 |    0 |    0 |    0.5% | 0.029 ms |     0 |      0 |    0 |    0 |    0.5% | 0.029 ms |                         ReduceHZB(mips=[0;3] Furthest) 1024x512                                          |
[2026.09.12-12.11.22:057][300]LogRHI: Display:     |     0 |      0 |    0 |    0 |    0.0% | 0.000 ms |     0 |      0 |    0 |    0 |    0.0% | 0.000 ms |                         ReduceHZB(mips=[8;9] Furthest) 4x2                                               |
[2026.09.12-12.11.22:057][300]LogRHI: Display:     |     0 |      0 |    0 |    0 |    0.0% | 0.000 ms |     0 |      0 |    0 |    0 |    0.0% | 0.000 ms |                         ReduceHZB(mips=[4;7] Furthest) 64x32                                             |
[2026.09.12-12.11.22:057][300]LogRHI: Display:     |     0 |      0 |    0 |    0 |    0.0% | 0.000 ms |     0 |      0 |    0 |    0 |    0.4% | 0.027 ms |                BuildRenderingCommandsDeferred(Culling=On)                                                |
[2026.09.12-12.11.22:057][300]LogRHI: Display:     |     0 |      0 |    0 |    0 |    0.4% | 0.027 ms |     0 |      0 |    0 |    0 |    0.4% | 0.027 ms |                   ClearIndirectArgInstanceCount                                                          |
[2026.09.12-12.11.22:057][300]LogRHI: Display:     |     0 |      0 |    0 |    0 |    0.0% | 0.000 ms |     0 |      0 |    0 |    0 |    0.0% | 0.000 ms |                   CullInstances(UnCulled). Bin 0                                                         |
[2026.09.12-12.11.22:057][300]LogRHI: Display:     |     0 |      0 |    0 |    0 |    0.0% | 0.000 ms |     0 |      0 |    0 |    0 |    0.0% | 0.000 ms |                   CullInstances(Generic). Bin 1                                                          |
[2026.09.12-12.11.22:057][300]LogRHI: Display:     |     0 |      0 |    0 |    0 |    0.0% | 0.000 ms |     0 |      0 |    0 |    0 |    0.0% | 0.000 ms |                   Instance Compaction Phase 1                                                            |
[2026.09.12-12.11.22:057][300]LogRHI: Display:     |     0 |      0 |    0 |    0 |    0.0% | 0.000 ms |     0 |      0 |    0 |    0 |    0.0% | 0.000 ms |                   Instance Compaction Phase 2                                                            |
[2026.09.12-12.11.22:057][300]LogRHI: Display:     |     0 |      0 |    0 |    0 |    0.0% | 0.000 ms |     0 |      0 |    0 |    0 |    0.0% | 0.000 ms |                   ClearBuffer(InstanceCulling.Compaction.BlockInstanceCounts Size=4bytes)                |
[2026.09.12-12.11.22:057][300]LogRHI: Display:     |     0 |      0 |    0 |    0 |    0.0% | 0.000 ms |     0 |      0 |    0 |    0 |    0.4% | 0.025 ms |                HZB                                                                                       |
[2026.09.12-12.11.22:057][300]LogRHI: Display:     |     0 |      0 |    0 |    0 |    0.0% | 0.000 ms |     0 |      0 |    0 |    0 |    0.4% | 0.025 ms |                   BeginOcclusionTests                                                                    |
[2026.09.12-12.11.22:057][300]LogRHI: Display:     |     0 |      0 |    0 |    0 |    0.4% | 0.025 ms |     0 |      0 |    0 |    0 |    0.4% | 0.025 ms |                      BeginOcclusionTests                                                                 |
[2026.09.12-12.11.22:057][300]LogRHI: Display:     |     0 |      0 |    0 |    0 |    0.0% | 0.000 ms |     0 |      0 |    0 |    0 |    0.0% | 0.000 ms |                         BeginOcclusionTests                                                              |
[2026.09.12-12.11.22:057][300]LogRHI: Display:     |     0 |      0 |    0 |    0 |    0.0% | 0.000 ms |     0 |      0 |    0 |    0 |    0.0% | 0.000 ms |                            ViewOcclusionTests 0                                                          |
[2026.09.12-12.11.22:057][300]LogRHI: Display:     |     0 |      0 |    0 |    0 |    0.0% | 0.000 ms |     0 |      0 |    0 |    0 |    0.0% | 0.000 ms |                               BeginOcclusionTests                                                        |
[2026.09.12-12.11.22:057][300]LogRHI: Display:     |     0 |      0 |    0 |    0 |    0.0% | 0.000 ms |     0 |      0 |    0 |    0 |    0.0% | 0.000 ms |                                  GroupedQueries                                                          |
[2026.09.12-12.11.22:057][300]LogRHI: Display:     |     0 |      0 |    0 |    0 |    0.0% | 0.000 ms |     0 |      0 |    0 |    0 |    0.0% | 0.000 ms |                                  IndividualQueries                                                       |
[2026.09.12-12.11.22:057][300]LogRHI: Display:     |     0 |      0 |    0 |    0 |    0.0% | 0.000 ms |     0 |      0 |    0 |    0 |    0.0% | 0.000 ms |                                  ShadowFrustumQueries                                                    |
[2026.09.12-12.11.22:057][300]LogRHI: Display:     |     0 |      0 |    0 |    0 |    0.0% | 0.000 ms |     0 |      0 |    0 |    0 |    0.1% | 0.008 ms |                GPUSceneUpdate                                                                            |
[2026.09.12-12.11.22:057][300]LogRHI: Display:     |     0 |      0 |    0 |    0 |    0.1% | 0.008 ms |     0 |      0 |    0 |    0 |    0.1% | 0.008 ms |                   ClearBuffer(ViewData.DeformingInstanceViewMask Size=8bytes)                            |
[2026.09.12-12.11.22:057][300]LogRHI: Display:     |     0 |      0 |    0 |    0 |    0.0% | 0.000 ms |     0 |      0 |    0 |    0 |    0.0% | 0.000 ms |                FXSystemPreRender                                                                         |
[2026.09.12-12.11.22:057][300]LogRHI: Display:     |     0 |      0 |    0 |    0 |    0.0% | 0.000 ms |     0 |      0 |    0 |    0 |    0.0% | 0.000 ms |                   GPUParticles_PreRender                                                                 |
[2026.09.12-12.11.22:057][300]LogRHI: Display:     |     0 |      0 |    0 |    0 |    0.0% | 0.000 ms |     0 |      0 |    0 |    0 |    0.0% | 0.000 ms |                   AccessModePass[Graphics] (Textures: 0, Buffers: 1)                                     |
[2026.09.12-12.11.22:057][300]LogRHI: Display:     |     0 |      0 |    0 |    0 |    0.0% | 0.000 ms |     0 |      0 |    0 |    0 |    0.0% | 0.000 ms |                PostRenderOpsFX                                                                           |
[2026.09.12-12.11.22:057][300]LogRHI: Display:     |     0 |      0 |    0 |    0 |    0.0% | 0.000 ms |     0 |      0 |    0 |    0 |    0.0% | 0.000 ms |                   FXSystemPostRenderOpaque                                                               |
[2026.09.12-12.11.22:057][300]LogRHI: Display:     |     0 |      0 |    0 |    0 |    0.0% | 0.000 ms |     0 |      0 |    0 |    0 |    0.0% | 0.000 ms |                      GPUParticles_PostRenderOpaque                                                       |
[2026.09.12-12.11.22:057][300]LogRHI: Display:     |     0 |      0 |    0 |    0 |    0.0% | 0.000 ms |     0 |      0 |    0 |    0 |    0.0% | 0.000 ms |                   AsyncGpuTraceHelper::PostRenderOpaque                                                  |
[2026.09.12-12.11.22:057][300]LogRHI: Display:     |     0 |      0 |    0 |    0 |    0.0% | 0.000 ms |     0 |      0 |    0 |    0 |    0.0% | 0.000 ms |                   Niagara::PostRenderFinish                                                              |
[2026.09.12-12.11.22:057][300]LogRHI: Display:     |     0 |      0 |    0 |    0 |    0.0% | 0.000 ms |     0 |      0 |    0 |    0 |    0.0% | 0.000 ms |                   UnsetSceneTexturesUniformBuffer                                                        |
[2026.09.12-12.11.22:057][300]LogRHI: Display:     |     0 |      0 |    0 |    0 |    0.0% | 0.000 ms |     0 |      0 |    0 |    0 |    0.0% | 0.000 ms |                   SetSceneTexturesUniformBuffer                                                          |
[2026.09.12-12.11.22:057][300]LogRHI: Display:     |     0 |      0 |    0 |    0 |    0.0% | 0.000 ms |     0 |      0 |    0 |    0 |    0.0% | 0.000 ms |                Translucency                                                                              |
[2026.09.12-12.11.22:057][300]LogRHI: Display:     |     0 |      0 |    0 |    0 |    0.0% | 0.000 ms |     0 |      0 |    0 |    0 |    0.0% | 0.000 ms |                   RenderTranslucency                                                                     |
[2026.09.12-12.11.22:057][300]LogRHI: Display:     |     0 |      0 |    0 |    0 |    0.0% | 0.000 ms |     0 |      0 |    0 |    0 |    0.0% | 0.000 ms |                      Translucency(AfterDOF Parallel) 1440x810                                            |
[2026.09.12-12.11.22:057][300]LogRHI: Display:     |     0 |      0 |    0 |    0 |    0.0% | 0.000 ms |     0 |      0 |    0 |    0 |    0.0% | 0.000 ms |                      ClearRenderTarget(Translucency.AfterDOF.Color, slice 0, mip 0) 1440x816 ClearAction |
[2026.09.12-12.11.22:057][300]LogRHI: Display:     |     0 |      0 |    0 |    0 |    0.0% | 0.000 ms |     0 |      0 |    0 |    0 |    0.0% | 0.000 ms |                ClearDepthStencil (SceneDepthZ)                                                           |
[2026.09.12-12.11.22:057][300]LogRHI: Display:     |     0 |      0 |    0 |    0 |    0.0% | 0.000 ms |     0 |      0 |    0 |    0 |    0.0% | 0.000 ms |                ClearStencil (SceneDepthZ)                                                                |
[2026.09.12-12.11.22:057][300]LogRHI: Display:     |     0 |      0 |    0 |    0 |    0.0% | 0.000 ms |     0 |      0 |    0 |    0 |    0.0% | 0.000 ms |                VirtualTextureUpdate                                                                      |
[2026.09.12-12.11.22:057][300]LogRHI: Display:     |     0 |      0 |    0 |    0 |    0.0% | 0.000 ms |     0 |      0 |    0 |    0 |    0.0% | 0.000 ms |                ExtractUniformBuffer                                                                      |
[2026.09.12-12.11.22:057][300]LogRHI: Display:     |     0 |      0 |    0 |    0 |    0.1% | 0.006 ms |     0 |      0 |    0 |    0 |    0.1% | 0.006 ms |             ClearGPUMessageBuffer                                                                        |
[2026.09.12-12.11.22:057][300]LogRHI: Display:     |     0 |      0 |    0 |    0 |    0.1% | 0.004 ms |     0 |      0 |    0 |    0 |    0.1% | 0.004 ms |             ShaderPrint::UploadParameters                                                                |
[2026.09.12-12.11.22:057][300]LogRHI: Display:     |     0 |      0 |    0 |    0 |    0.0% | 0.000 ms |     0 |      0 |    0 |    0 |    0.0% | 0.000 ms |             EnqueueCopy(GPUMessageManager.MessageBuffer)                                                 |
[2026.09.12-12.11.22:057][300]LogRHI: Display:     |     0 |      0 |    0 |    0 |    0.0% | 0.000 ms |     0 |      0 |    0 |    0 |    0.0% | 0.000 ms |             FRDGBuilder::SubmitBufferUploads                                                             |
[2026.09.12-12.11.22:057][300]LogRHI: Display:     |     0 |      0 |    0 |    0 |    0.0% | 0.000 ms |     0 |      0 |    0 |    0 |    0.0% | 0.000 ms |          "AllocateRendertargets"                                                                         |
[2026.09.12-12.11.22:057][300]LogRHI: Display:     |     0 |      0 |    0 |    0 |    0.0% | 0.000 ms |     0 |      0 |    0 |    0 |    0.0% | 0.000 ms |          "VisibilityCommands"                                                                            |
[2026.09.12-12.11.22:057][300]LogRHI: Display:     |     0 |      0 |    0 |    0 |    0.0% | 0.000 ms |     0 |      0 |    0 |    0 |    0.0% | 0.000 ms |          "DistanceFields"                                                                                |
[2026.09.12-12.11.22:057][300]LogRHI: Display:     |     0 |      0 |    0 |    0 |    0.0% | 0.000 ms |     0 |      0 |    0 |    0 |    0.0% | 0.000 ms |          RayTracingGeometry                                                                              |
[2026.09.12-12.11.22:057][300]LogRHI: Display:     |     0 |      0 |    0 |    0 |    0.0% | 0.000 ms |     0 |      0 |    0 |    0 |    0.0% | 0.000 ms |       RenderGraphExecute - Slate                                                                         |
[2026.09.12-12.11.22:057][300]LogRHI: Display:     |     0 |      0 |    0 |    0 |    0.0% | 0.000 ms |     0 |      0 |    0 |    0 |    0.0% | 0.000 ms |          FRDGBuilder::SubmitBufferUploads                                                                |
[2026.09.12-12.11.22:057][300]LogRHI: Display:     |     0 |      0 |    0 |    0 |    0.0% | 0.000 ms |     0 |      0 |    0 |    0 |    0.0% | 0.000 ms |       EndDrawingViewport                                                                                 |
[2026.09.12-12.11.22:057][300]LogRHI: Display:     |     0 |      0 |    0 |    0 |    0.0% | 0.000 ms |     0 |      0 |    0 |    0 |    0.0% | 0.000 ms |       RenderGraphExecute - CanvasRenderThreadScope                                                       |
[2026.09.12-12.11.22:057][300]LogRHI: Display:     |     0 |      0 |    0 |    0 |    0.0% | 0.000 ms |     0 |      0 |    0 |    0 |    0.0% | 0.000 ms |          CanvasBatchedElements                                                                           |
[2026.09.12-12.11.22:057][300]LogRHI: Display:     |     0 |      0 |    0 |    0 |    0.0% | 0.000 ms |     0 |      0 |    0 |    0 |    0.0% | 0.000 ms |          CanvasBatchedElements                                                                           |
[2026.09.12-12.11.22:057][300]LogRHI: Display:     |     0 |      0 |    0 |    0 |    0.0% | 0.000 ms |     0 |      0 |    0 |    0 |    0.0% | 0.000 ms |          CanvasBatchedElements                                                                           |
[2026.09.12-12.11.22:057][300]LogRHI: Display:     |     0 |      0 |    0 |    0 |    0.0% | 0.000 ms |     0 |      0 |    0 |    0 |    0.0% | 0.000 ms |          CanvasBatchedElements                                                                           |
[2026.09.12-12.11.22:057][300]LogRHI: Display:     |     0 |      0 |    0 |    0 |    0.0% | 0.000 ms |     0 |      0 |    0 |    0 |    0.0% | 0.000 ms |          CanvasBatchedElements                                                                           |
[2026.09.12-12.11.22:057][300]LogRHI: Display:     |     0 |      0 |    0 |    0 |    0.0% | 0.000 ms |     0 |      0 |    0 |    0 |    0.0% | 0.000 ms |          CanvasBatchedElements                                                                           |
[2026.09.12-12.11.22:057][300]LogRHI: Display:     |     0 |      0 |    0 |    0 |    0.0% | 0.000 ms |     0 |      0 |    0 |    0 |    0.0% | 0.000 ms |          CanvasBatchedElements                                                                           |
[2026.09.12-12.11.22:057][300]LogRHI: Display:     |     0 |      0 |    0 |    0 |    0.0% | 0.000 ms |     0 |      0 |    0 |    0 |    0.0% | 0.000 ms |          CanvasBatchedElements                                                                           |
[2026.09.12-12.11.22:057][300]LogRHI: Display:     |     0 |      0 |    0 |    0 |    0.0% | 0.000 ms |     0 |      0 |    0 |    0 |    0.0% | 0.000 ms |          CanvasBatchedElements                                                                           |
[2026.09.12-12.11.22:057][300]LogRHI: Display:     |     0 |      0 |    0 |    0 |    0.0% | 0.000 ms |     0 |      0 |    0 |    0 |    0.0% | 0.000 ms |          CanvasBatchedElements                                                                           |
[2026.09.12-12.11.22:057][300]LogRHI: Display:     |     0 |      0 |    0 |    0 |    0.0% | 0.000 ms |     0 |      0 |    0 |    0 |    0.0% | 0.000 ms |          FRDGBuilder::SubmitBufferUploads                                                                |
[2026.09.12-12.11.22:057][300]LogRHI: Display:     |     0 |      0 |    0 |    0 |    0.0% | 0.000 ms |     0 |      0 |    0 |    0 |    0.0% | 0.000 ms |          CanvasBatchedElements                                                                           |
[2026.09.12-12.11.22:057][300]LogRHI: Display:     |     0 |      0 |    0 |    0 |    0.0% | 0.000 ms |     0 |      0 |    0 |    0 |    0.0% | 0.000 ms |          CanvasBatchedElements                                                                           |
[2026.09.12-12.11.22:057][300]LogRHI: Display:     |     0 |      0 |    0 |    0 |    0.0% | 0.000 ms |     0 |      0 |    0 |    0 |    0.0% | 0.000 ms |          CanvasBatchedElements                                                                           |
[2026.09.12-12.11.22:057][300]LogRHI: Display:     |     0 |      0 |    0 |    0 |    0.0% | 0.000 ms |     0 |      0 |    0 |    0 |    0.0% | 0.000 ms |          CanvasBatchedElements                                                                           |
[2026.09.12-12.11.22:057][300]LogRHI: Display:     |     0 |      0 |    0 |    0 |    0.0% | 0.000 ms |     0 |      0 |    0 |    0 |    0.0% | 0.000 ms |          CanvasBatchedElements                                                                           |
[2026.09.12-12.11.22:057][300]LogRHI: Display:     |     0 |      0 |    0 |    0 |    0.0% | 0.000 ms |     0 |      0 |    0 |    0 |    0.0% | 0.000 ms |          CanvasBatchedElements                                                                           |
[2026.09.12-12.11.22:057][300]LogRHI: Display:     |     0 |      0 |    0 |    0 |    0.0% | 0.000 ms |     0 |      0 |    0 |    0 |    0.0% | 0.000 ms |          CanvasBatchedElements                                                                           |
[2026.09.12-12.11.22:057][300]LogRHI: Display:     |     0 |      0 |    0 |    0 |    0.0% | 0.000 ms |     0 |      0 |    0 |    0 |    0.0% | 0.000 ms |          CanvasBatchedElements                                                                           |
[2026.09.12-12.11.22:057][300]LogRHI: Display:     |     0 |      0 |    0 |    0 |    0.0% | 0.000 ms |     0 |      0 |    0 |    0 |    0.0% | 0.000 ms |          CanvasBatchedElements                                                                           |
[2026.09.12-12.11.22:057][300]LogRHI: Display:     |     0 |      0 |    0 |    0 |    0.0% | 0.000 ms |     0 |      0 |    0 |    0 |    0.0% | 0.000 ms |       SendAllEndOfFrameUpdates                                                                           |
[2026.09.12-12.11.22:057][300]LogRHI: Display:     |     0 |      0 |    0 |    0 |    0.0% | 0.000 ms |     0 |      0 |    0 |    0 |    0.0% | 0.000 ms |       WorldTick                                                                                          |
[2026.09.12-12.11.22:057][300]LogRHI: Display:     +-------+--------+------+------+---------+----------+-------+--------+------+------+---------+----------+----------------------------------------------------------------------------------------------------------+
[2026.09.12-12.11.22:057][300]LogRHI: Display: 
[2026.09.12-12.11.33:081][630]LogCinderQuality: Display: CINDERLINE_FRAME_PROFILE result map=Frontier samples=600 warmup_frames=30 viewport_px=1440x810 window_seconds=20.006 mean_ms=33.343 median_ms=33.346 p95_ms=33.668 fps=29.99 foreground=0 background_frames=600 measurement=rendered_viewport_wall_clock gpu_timing=completed_engine_frames
[2026.09.12-12.11.33:081][630]LogCinderQuality: Display: CINDERLINE_FRAME_PROFILE_TIMING metric=game_thread status=available samples=600 viewport_samples=600 unavailable_observations=0 mean_ms=1.506 median_ms=1.491 p95_ms=1.905 source=GGameThreadTime availability=positive_latest_published_counter
[2026.09.12-12.11.33:081][630]LogCinderQuality: Display: CINDERLINE_FRAME_PROFILE_TIMING metric=render_thread status=available samples=600 viewport_samples=600 unavailable_observations=0 mean_ms=2.381 median_ms=2.386 p95_ms=3.021 source=GRenderThreadTime availability=separate_thread_and_positive_latest_published_counter
[2026.09.12-12.11.33:081][630]LogCinderQuality: Display: CINDERLINE_FRAME_PROFILE_TIMING metric=rhi_thread status=available samples=600 viewport_samples=600 unavailable_observations=0 mean_ms=2.193 median_ms=2.275 p95_ms=2.625 source=GRHIThreadTime availability=separate_thread_and_positive_latest_published_counter
[2026.09.12-12.11.33:081][630]LogCinderQuality: Display: CINDERLINE_FRAME_PROFILE_TIMING metric=gpu status=available samples=600 viewport_samples=600 unavailable_observations=0 mean_ms=8.243 median_ms=7.708 p95_ms=13.055 source=FRHIGPUFrameTimeHistory availability=fresh_positive_completed_gpu_frames
[2026.09.12-12.11.33:081][630]LogCinderQuality: Display: CINDERLINE_FRAME_PROFILE_TIMING_SCOPE scope=global_engine cpu_alignment=latest_published gpu_alignment=asynchronous_completed gpu_frames=600 viewport_frames_without_gpu_completion=1 gpu_disjoint_events=0 gpu_poll_limit_hits=0 gpu_overflow_discarded=0 gpu_frame_bubbles_removed=1 render_thread_separate=1 rhi_thread_separate=1; CPU engine timings may include waits and are not CPU utilization or pure active work. GPU completions can lag, include other engine viewport work, and are not paired with these viewport frames; zero or missing timings are unavailable, not measured zero. No GPU utilization or synchronized frame attribution is inferred.
