[2026.09.12-12.14.54:093][  0]LogCinderFramePacing: Display: CINDERLINE_FRAME_PACING state=bypass effective_fps=0.00 engine_fps=0.00
[2026.09.12-12.14.55:066][  0]LogCinderFramePacing: Display: CINDERLINE_FRAME_PACING state=menu effective_fps=30.00 engine_fps=0.00
[2026.09.12-12.14.55:204][  0]LogCinderArtPreview: Display: CINDERLINE_ART_PREVIEW_FRAME mode=base viewport=1440x810 distance=2400.0 focus=(1356.4,2816.6) target_screen=(115,73)-(1282,648) projected=(56,-110)-(1339,832)
[2026.09.12-12.14.55:205][  0]LogCinderArtPreview: Display: CINDERLINE_ART_PREVIEW mode=base fixture=development_unsaved seed=4280916 buildings=6 mining_workers=3 army=7 cliff=(1320,2400,380,140) camera=projected_fit_1300_2400; ordinary simulation and fog, no save written
[2026.09.12-12.14.55:207][  0]LogCinderArtPreview: Display: CINDERLINE_ART_PREVIEW_FRAME mode=battle viewport=1440x810 distance=2400.0 focus=(1262.7,3101.6) target_screen=(115,73)-(1282,648) projected=(213,-133)-(1181,856)
[2026.09.12-12.14.55:210][  0]LogCinderArtPreview: Display: CINDERLINE_ART_PREVIEW mode=battle fixture=development_unsaved raiders=7 defenders=6 cliff_clear=1; ordinary attack-move orders and combat, no save written
[2026.09.12-12.14.55:210][  0]LogCinderModels: Display: CINDERLINE_RENDER_MODELS loaded=15/15 model_batches=55 rendered_model_entities=36 rendered_fallback_entities=0
[2026.09.12-12.14.55:210][  0]LogCinderModels: Display: CINDERLINE_RENDER_WORLD rock_kinds=4/4 rock_instances=0 fog=256_texture_plane fog_uploads=3 pads=0
[2026.09.12-12.14.55:210][  0]LogCinderModels: Display: CINDERLINE_TERRAIN_SURFACE material=layered_basalt mask=256_linear uploads=4; cached explored cliffs and observed mineral positions, no terrain collision changes
[2026.09.12-12.14.55:210][  0]LogCinderModels: Display: CINDERLINE_INSTANCE_SUBMISSIONS passes=4 delta_calls=21 transforms=63 added=98 removed=1 full_rebuilds=0 unchanged_skips=248 static_skips=7; actor-lifetime accepted adapter submissions, not GPU timings
[2026.09.12-12.14.55:210][  0]LogCinderModels: Display: CINDERLINE_SCENERY initialized=1 batches=12 instances=71 rocks=14 industrial=22 debris=35 out_of_bounds=0 rebuilds=3
[2026.09.12-12.14.55:210][  0]LogCinderModels: Display: CINDERLINE_WORLD_EFFECTS initialized=1 instances=122 peak=122 uploads=8 hidden=0 budget_drops=1
[2026.09.12-12.14.55:210][  0]LogCinderQuality: Display: CINDERLINE_GPU_PROFILE scheduled delay_seconds=10.0
[2026.09.12-12.14.55:210][  0]LogCinderQuality: Display: CINDERLINE_FRAME_PROFILE started map=Frontier warmup_frames=30 sample_frames=600 viewport_px=1440x810; measures viewport wall-clock cadence plus asynchronous raw engine timings
[2026.09.12-12.14.55:210][  0]LogCinderQuality: Display: CINDERLINE_QUALITY map=Frontier viewport_px=1440x810 render_target_px=1440x810 dpi_scale=2.000 high_dpi_active=1 foreground=0 rendered_viewport_available=1
[2026.09.12-12.14.55:210][  0]LogCinderFramePacing: Display: CINDERLINE_FRAME_PACING state=gameplay effective_fps=30.00 engine_fps=30.00
[2026.09.12-12.14.55:210][  0]LogCinderQuality: Display: CINDERLINE_QUALITY_FRAME_LIMIT engine=CinderGameEngine state=1 effective_fps=30.00; limit is not measured cadence or GPU utilization
[2026.09.12-12.14.55:210][  0]LogCinderQuality: Display: CINDERLINE_QUALITY_IOS_POLICY actual_thermal=0 raw_platform_thermal=-1 device_temperature_c=unavailable effective_thermal=0 low_power=0 effective_low_power=0 requested_frame_pace=0 actual_frame_pace=0 quality=0 stable_seconds=16930791.5 source=physical world_rendering_disabled=1
[2026.09.12-12.14.55:210][  0]LogCinderQuality: Display: CINDERLINE_QUALITY_CVAR name=EnableHighDPIAwareness value=1 set_by=Code
[2026.09.12-12.14.55:210][  0]LogCinderQuality: Display: CINDERLINE_QUALITY_CVAR name=r.AntiAliasingMethod value=2 set_by=DeviceProfile
[2026.09.12-12.14.55:210][  0]LogCinderQuality: Display: CINDERLINE_QUALITY_CVAR name=r.TemporalAA.Quality value=2 set_by=DeviceProfile
[2026.09.12-12.14.55:210][  0]LogCinderQuality: Display: CINDERLINE_QUALITY_CVAR name=r.TemporalAA.HistoryScreenPercentage value=100 set_by=Constructor
[2026.09.12-12.14.55:210][  0]LogCinderQuality: Display: CINDERLINE_QUALITY_CVAR name=r.TSR.AsyncCompute value=2 set_by=Constructor
[2026.09.12-12.14.55:210][  0]LogCinderQuality: Display: CINDERLINE_QUALITY_CVAR name=r.TSR.History.UpdateQuality value=3 set_by=Scalability
[2026.09.12-12.14.55:210][  0]LogCinderQuality: Display: CINDERLINE_QUALITY_CVAR name=r.ScreenPercentage value=100 set_by=DeviceProfile
[2026.09.12-12.14.55:210][  0]LogCinderQuality: Display: CINDERLINE_QUALITY_CVAR name=r.SecondaryScreenPercentage.GameViewport value=100 set_by=DeviceProfile
[2026.09.12-12.14.55:210][  0]LogCinderQuality: Display: CINDERLINE_QUALITY_CVAR name=r.DynamicRes.OperationMode value=0 set_by=DeviceProfile
[2026.09.12-12.14.55:210][  0]LogCinderQuality: Display: CINDERLINE_QUALITY_CVAR name=r.TSR.History.ScreenPercentage value=100 set_by=DeviceProfile
[2026.09.12-12.14.55:210][  0]LogCinderQuality: Display: CINDERLINE_QUALITY_CVAR name=r.ReflectionMethod value=2 set_by=DeviceProfile
[2026.09.12-12.14.55:210][  0]LogCinderQuality: Display: CINDERLINE_QUALITY_CVAR name=r.SSR.Quality value=3 set_by=DeviceProfile
[2026.09.12-12.14.55:210][  0]LogCinderQuality: Display: CINDERLINE_QUALITY_CVAR name=r.SSR.HalfResSceneColor value=0 set_by=DeviceProfile
[2026.09.12-12.14.55:210][  0]LogCinderQuality: Display: CINDERLINE_QUALITY_CVAR name=r.DefaultFeature.Bloom value=1 set_by=DeviceProfile
[2026.09.12-12.14.55:210][  0]LogCinderQuality: Display: CINDERLINE_QUALITY_CVAR name=r.BloomQuality value=5 set_by=DeviceProfile
[2026.09.12-12.14.55:210][  0]LogCinderQuality: Display: CINDERLINE_QUALITY_CVAR name=r.DefaultFeature.AmbientOcclusion value=1 set_by=DeviceProfile
[2026.09.12-12.14.55:210][  0]LogCinderQuality: Display: CINDERLINE_QUALITY_CVAR name=r.AmbientOcclusionLevels value=-1 set_by=DeviceProfile
[2026.09.12-12.14.55:210][  0]LogCinderQuality: Display: CINDERLINE_QUALITY_CVAR name=r.AmbientOcclusionMaxQuality value=100 set_by=DeviceProfile
[2026.09.12-12.14.55:210][  0]LogCinderQuality: Display: CINDERLINE_QUALITY_CVAR name=r.MaxAnisotropy value=16 set_by=DeviceProfile
[2026.09.12-12.14.55:210][  0]LogCinderQuality: Display: CINDERLINE_QUALITY_CVAR name=r.ShadowQuality value=5 set_by=DeviceProfile
[2026.09.12-12.14.55:210][  0]LogCinderQuality: Display: CINDERLINE_QUALITY_CVAR name=r.Shadow.MaxCSMResolution value=2048 set_by=DeviceProfile
[2026.09.12-12.14.55:210][  0]LogCinderQuality: Display: CINDERLINE_QUALITY_CVAR name=r.Shadow.MaxResolution value=2048 set_by=DeviceProfile
[2026.09.12-12.14.55:210][  0]LogCinderQuality: Display: CINDERLINE_QUALITY_CVAR name=r.Shadow.CSM.MaxCascades value=4 set_by=DeviceProfile
[2026.09.12-12.14.55:210][  0]LogCinderQuality: Display: CINDERLINE_QUALITY_CVAR name=r.Tonemapper.Sharpen value=0.25 set_by=DeviceProfile
[2026.09.12-12.14.55:210][  0]LogCinderQuality: Display: CINDERLINE_QUALITY_CVAR name=r.VSync value=0 set_by=GameSetting
[2026.09.12-12.14.55:210][  0]LogCinderQuality: Display: CINDERLINE_QUALITY_CVAR name=rhi.SyncInterval value=1 set_by=Constructor
[2026.09.12-12.14.55:210][  0]LogCinderQuality: Display: CINDERLINE_QUALITY_CVAR name=t.MaxFPS value=30 set_by=Console
[2026.09.12-12.14.55:210][  0]LogCinderQuality: Display: CINDERLINE_QUALITY_CVAR name=r.MotionBlurQuality value=0 set_by=DeviceProfile
[2026.09.12-12.14.55:210][  0]LogCinderQuality: Display: CINDERLINE_QUALITY_CVAR name=r.DepthOfFieldQuality value=0 set_by=DeviceProfile
[2026.09.12-12.14.55:210][  0]LogCinderQuality: Display: CINDERLINE_QUALITY_CVAR name=r.SceneColorFringeQuality value=0 set_by=DeviceProfile
[2026.09.12-12.15.05:115][298]LogCinderQuality: Display: CINDERLINE_GPU_PROFILE capture map=Frontier foreground=0; single instrumented frame, not sustained utilization
[2026.09.12-12.15.05:115][298]LogCinderQuality: Display: CINDERLINE_QUALITY map=Frontier viewport_px=1440x810 render_target_px=1440x810 dpi_scale=2.000 high_dpi_active=1 foreground=0 rendered_viewport_available=1
[2026.09.12-12.15.05:115][298]LogCinderQuality: Display: CINDERLINE_QUALITY_FRAME_LIMIT engine=CinderGameEngine state=1 effective_fps=30.00; limit is not measured cadence or GPU utilization
[2026.09.12-12.15.05:115][298]LogCinderQuality: Display: CINDERLINE_QUALITY_IOS_POLICY actual_thermal=0 raw_platform_thermal=-1 device_temperature_c=unavailable effective_thermal=0 low_power=0 effective_low_power=0 requested_frame_pace=0 actual_frame_pace=0 quality=0 stable_seconds=16930801.4 source=physical world_rendering_disabled=0
[2026.09.12-12.15.05:115][298]LogCinderQuality: Display: CINDERLINE_QUALITY_CVAR name=EnableHighDPIAwareness value=1 set_by=Code
[2026.09.12-12.15.05:115][298]LogCinderQuality: Display: CINDERLINE_QUALITY_CVAR name=r.AntiAliasingMethod value=2 set_by=DeviceProfile
[2026.09.12-12.15.05:115][298]LogCinderQuality: Display: CINDERLINE_QUALITY_CVAR name=r.TemporalAA.Quality value=2 set_by=DeviceProfile
[2026.09.12-12.15.05:115][298]LogCinderQuality: Display: CINDERLINE_QUALITY_CVAR name=r.TemporalAA.HistoryScreenPercentage value=100 set_by=Constructor
[2026.09.12-12.15.05:115][298]LogCinderQuality: Display: CINDERLINE_QUALITY_CVAR name=r.TSR.AsyncCompute value=2 set_by=Constructor
[2026.09.12-12.15.05:115][298]LogCinderQuality: Display: CINDERLINE_QUALITY_CVAR name=r.TSR.History.UpdateQuality value=3 set_by=Scalability
[2026.09.12-12.15.05:115][298]LogCinderQuality: Display: CINDERLINE_QUALITY_CVAR name=r.ScreenPercentage value=100 set_by=DeviceProfile
[2026.09.12-12.15.05:115][298]LogCinderQuality: Display: CINDERLINE_QUALITY_CVAR name=r.SecondaryScreenPercentage.GameViewport value=100 set_by=DeviceProfile
[2026.09.12-12.15.05:115][298]LogCinderQuality: Display: CINDERLINE_QUALITY_CVAR name=r.DynamicRes.OperationMode value=0 set_by=DeviceProfile
[2026.09.12-12.15.05:115][298]LogCinderQuality: Display: CINDERLINE_QUALITY_CVAR name=r.TSR.History.ScreenPercentage value=100 set_by=DeviceProfile
[2026.09.12-12.15.05:115][298]LogCinderQuality: Display: CINDERLINE_QUALITY_CVAR name=r.ReflectionMethod value=2 set_by=DeviceProfile
[2026.09.12-12.15.05:115][298]LogCinderQuality: Display: CINDERLINE_QUALITY_CVAR name=r.SSR.Quality value=3 set_by=DeviceProfile
[2026.09.12-12.15.05:115][298]LogCinderQuality: Display: CINDERLINE_QUALITY_CVAR name=r.SSR.HalfResSceneColor value=0 set_by=DeviceProfile
[2026.09.12-12.15.05:115][298]LogCinderQuality: Display: CINDERLINE_QUALITY_CVAR name=r.DefaultFeature.Bloom value=1 set_by=DeviceProfile
[2026.09.12-12.15.05:115][298]LogCinderQuality: Display: CINDERLINE_QUALITY_CVAR name=r.BloomQuality value=5 set_by=DeviceProfile
[2026.09.12-12.15.05:115][298]LogCinderQuality: Display: CINDERLINE_QUALITY_CVAR name=r.DefaultFeature.AmbientOcclusion value=1 set_by=DeviceProfile
[2026.09.12-12.15.05:115][298]LogCinderQuality: Display: CINDERLINE_QUALITY_CVAR name=r.AmbientOcclusionLevels value=-1 set_by=DeviceProfile
[2026.09.12-12.15.05:115][298]LogCinderQuality: Display: CINDERLINE_QUALITY_CVAR name=r.AmbientOcclusionMaxQuality value=100 set_by=DeviceProfile
[2026.09.12-12.15.05:115][298]LogCinderQuality: Display: CINDERLINE_QUALITY_CVAR name=r.MaxAnisotropy value=16 set_by=DeviceProfile
[2026.09.12-12.15.05:115][298]LogCinderQuality: Display: CINDERLINE_QUALITY_CVAR name=r.ShadowQuality value=5 set_by=DeviceProfile
[2026.09.12-12.15.05:115][298]LogCinderQuality: Display: CINDERLINE_QUALITY_CVAR name=r.Shadow.MaxCSMResolution value=2048 set_by=DeviceProfile
[2026.09.12-12.15.05:115][298]LogCinderQuality: Display: CINDERLINE_QUALITY_CVAR name=r.Shadow.MaxResolution value=2048 set_by=DeviceProfile
[2026.09.12-12.15.05:115][298]LogCinderQuality: Display: CINDERLINE_QUALITY_CVAR name=r.Shadow.CSM.MaxCascades value=4 set_by=DeviceProfile
[2026.09.12-12.15.05:115][298]LogCinderQuality: Display: CINDERLINE_QUALITY_CVAR name=r.Tonemapper.Sharpen value=0.25 set_by=DeviceProfile
[2026.09.12-12.15.05:115][298]LogCinderQuality: Display: CINDERLINE_QUALITY_CVAR name=r.VSync value=0 set_by=GameSetting
[2026.09.12-12.15.05:115][298]LogCinderQuality: Display: CINDERLINE_QUALITY_CVAR name=rhi.SyncInterval value=1 set_by=Constructor
[2026.09.12-12.15.05:115][298]LogCinderQuality: Display: CINDERLINE_QUALITY_CVAR name=t.MaxFPS value=30 set_by=Console
[2026.09.12-12.15.05:115][298]LogCinderQuality: Display: CINDERLINE_QUALITY_CVAR name=r.MotionBlurQuality value=0 set_by=DeviceProfile
[2026.09.12-12.15.05:115][298]LogCinderQuality: Display: CINDERLINE_QUALITY_CVAR name=r.DepthOfFieldQuality value=0 set_by=DeviceProfile
[2026.09.12-12.15.05:115][298]LogCinderQuality: Display: CINDERLINE_QUALITY_CVAR name=r.SceneColorFringeQuality value=0 set_by=DeviceProfile
[2026.09.12-12.15.05:163][300]LogRHI: Display: 
[2026.09.12-12.15.05:163][300]LogRHI: Display: GPU Profile for Frame 299 - Graphics pipeline 0 - GPU 0
[2026.09.12-12.15.05:163][300]LogRHI: Display: 
[2026.09.12-12.15.05:163][300]LogRHI: Display:     - Frame Time                    : 9.15ms
[2026.09.12-12.15.05:163][300]LogRHI: Display:     - r.ProfileGPU.Root             : "*"
[2026.09.12-12.15.05:163][300]LogRHI: Display:     - r.ProfileGPU.ThresholdPercent : 0.00%
[2026.09.12-12.15.05:163][300]LogRHI: Display:     - r.ProfileGPU.ShowLeafEvents   : true
[2026.09.12-12.15.05:163][300]LogRHI: Display: 
[2026.09.12-12.15.05:163][300]LogRHI: Display:     +---------------------------------------------------+---------------------------------------------------+----------------------------------------------------------------------------------------------------------+
[2026.09.12-12.15.05:163][300]LogRHI: Display:     |                     Exclusive                     |                     Inclusive                     |                                                                                                          |
[2026.09.12-12.15.05:163][300]LogRHI: Display:     +-------+--------+------+------+---------+----------+-------+--------+------+------+---------+----------+                                                  Events                                                  |
[2026.09.12-12.15.05:163][300]LogRHI: Display:     | Draws | Dsptch | Prim | Vert | Percent |   Time   | Draws | Dsptch | Prim | Vert | Percent |   Time   |                                                                                                          |
[2026.09.12-12.15.05:163][300]LogRHI: Display:     +-------+--------+------+------+---------+----------+-------+--------+------+------+---------+----------+----------------------------------------------------------------------------------------------------------+
[2026.09.12-12.15.05:163][300]LogRHI: Display:     |     0 |      0 |    0 |    0 |    0.0% | 0.000 ms |     0 |      0 |    0 |    0 |  100.0% | 9.146 ms | <root>                                                                                                   |
[2026.09.12-12.15.05:163][300]LogRHI: Display:     |     0 |      0 |    0 |    0 |    0.0% | 0.001 ms |     0 |      0 |    0 |    0 |  100.0% | 9.146 ms |    Frame 299                                                                                             |
[2026.09.12-12.15.05:163][300]LogRHI: Display:     |     0 |      0 |    0 |    0 |    1.5% | 0.136 ms |     0 |      0 |    0 |    0 |  100.0% | 9.146 ms |       SceneRender - ViewFamilies                                                                         |
[2026.09.12-12.15.05:163][300]LogRHI: Display:     |     0 |      0 |    0 |    0 |    1.2% | 0.105 ms |     0 |      0 |    0 |    0 |   98.5% | 9.009 ms |          RenderGraphExecute - /ViewFamilies                                                              |
[2026.09.12-12.15.05:163][300]LogRHI: Display:     |     0 |      0 |    0 |    0 |   11.7% | 1.070 ms |     0 |      0 |    0 |    0 |   95.6% | 8.746 ms |             Scene                                                                                        |
[2026.09.12-12.15.05:163][300]LogRHI: Display:     |     0 |      0 |    0 |    0 |    1.4% | 0.131 ms |     0 |      0 |    0 |    0 |   24.0% | 2.196 ms |                RenderDeferredLighting                                                                    |
[2026.09.12-12.15.05:163][300]LogRHI: Display:     |     0 |      0 |    0 |    0 |    0.0% | 0.000 ms |     0 |      0 |    0 |    0 |   11.1% | 1.013 ms |                   Lights                                                                                 |
[2026.09.12-12.15.05:163][300]LogRHI: Display:     |     0 |      0 |    0 |    0 |    0.0% | 0.000 ms |     0 |      0 |    0 |    0 |   11.1% | 1.013 ms |                      DirectLighting                                                                      |
[2026.09.12-12.15.05:163][300]LogRHI: Display:     |     0 |      0 |    0 |    0 |    0.0% | 0.000 ms |     0 |      0 |    0 |    0 |   11.1% | 1.013 ms |                         UnbatchedLights                                                                  |
[2026.09.12-12.15.05:163][300]LogRHI: Display:     |     0 |      0 |    0 |    0 |    1.1% | 0.103 ms |     0 |      0 |    0 |    0 |   11.1% | 1.013 ms |                            Frontier.DirectionalLight_0                                                   |
[2026.09.12-12.15.05:163][300]LogRHI: Display:     |     0 |      0 |    0 |    0 |    0.0% | 0.000 ms |     0 |      0 |    0 |    0 |    6.2% | 0.567 ms |                               ShadowProjectionOnOpaque                                                   |
[2026.09.12-12.15.05:163][300]LogRHI: Display:     |     0 |      0 |    0 |    0 |    0.0% | 0.000 ms |     0 |      0 |    0 |    0 |    6.2% | 0.567 ms |                                  Shadows                                                                 |
[2026.09.12-12.15.05:163][300]LogRHI: Display:     |     0 |      0 |    0 |    0 |    0.8% | 0.076 ms |     0 |      0 |    0 |    0 |    6.2% | 0.567 ms |                                     Frontier.DirectionalLight_0                                          |
[2026.09.12-12.15.05:163][300]LogRHI: Display:     |     0 |      0 |    0 |    0 |    2.5% | 0.232 ms |     0 |      0 |    0 |    0 |    2.5% | 0.232 ms |                                        ShadowProjection WholeScene split2                                |
[2026.09.12-12.15.05:163][300]LogRHI: Display:     |     0 |      0 |    0 |    0 |    1.1% | 0.100 ms |     0 |      0 |    0 |    0 |    1.1% | 0.100 ms |                                        ShadowProjection WholeScene split3                                |
[2026.09.12-12.15.05:163][300]LogRHI: Display:     |     0 |      0 |    0 |    0 |    0.9% | 0.083 ms |     0 |      0 |    0 |    0 |    0.9% | 0.083 ms |                                        ShadowProjection WholeScene split0                                |
[2026.09.12-12.15.05:163][300]LogRHI: Display:     |     0 |      0 |    0 |    0 |    0.8% | 0.076 ms |     0 |      0 |    0 |    0 |    0.8% | 0.076 ms |                                        ShadowProjection WholeScene split1                                |
[2026.09.12-12.15.05:163][300]LogRHI: Display:     |     0 |      0 |    0 |    0 |    3.7% | 0.343 ms |     0 |      0 |    0 |    0 |    3.7% | 0.343 ms |                               RenderLight Light::StandardDeferred: DirectionalLight_0                    |
[2026.09.12-12.15.05:163][300]LogRHI: Display:     |     0 |      0 |    0 |    0 |    0.0% | 0.000 ms |     0 |      0 |    0 |    0 |    0.0% | 0.000 ms |                               ClearRenderTarget(ShadowMaskTexture, slice 0, mip 0) 1440x816 ClearAction  |
[2026.09.12-12.15.05:163][300]LogRHI: Display:     |     0 |      0 |    0 |    0 |    0.1% | 0.014 ms |     0 |      0 |    0 |    0 |    9.9% | 0.909 ms |                   TranslucencyLightingVolume                                                             |
[2026.09.12-12.15.05:163][300]LogRHI: Display:     |     0 |      0 |    0 |    0 |    1.5% | 0.139 ms |     0 |      0 |    0 |    0 |    7.7% | 0.702 ms |                      InjectTranslucencyLightingVolume(View=0)                                            |
[2026.09.12-12.15.05:163][300]LogRHI: Display:     |     0 |      0 |    0 |    0 |    1.0% | 0.092 ms |     0 |      0 |    0 |    0 |    1.0% | 0.092 ms |                         InjectTranslucencyLightingVolume(VolumeCascade=0,ShadowMap)                      |
[2026.09.12-12.15.05:163][300]LogRHI: Display:     |     0 |      0 |    0 |    0 |    0.9% | 0.079 ms |     0 |      0 |    0 |    0 |    0.9% | 0.079 ms |                         InjectTranslucencyLightingVolume(VolumeCascade=0,ShadowMap)                      |
[2026.09.12-12.15.05:163][300]LogRHI: Display:     |     0 |      0 |    0 |    0 |    0.9% | 0.079 ms |     0 |      0 |    0 |    0 |    0.9% | 0.079 ms |                         InjectTranslucencyLightingVolume(VolumeCascade=0,ShadowMap)                      |
[2026.09.12-12.15.05:163][300]LogRHI: Display:     |     0 |      0 |    0 |    0 |    0.8% | 0.077 ms |     0 |      0 |    0 |    0 |    0.8% | 0.077 ms |                         InjectTranslucencyLightingVolume(VolumeCascade=0,ShadowMap)                      |
[2026.09.12-12.15.05:163][300]LogRHI: Display:     |     0 |      0 |    0 |    0 |    0.8% | 0.072 ms |     0 |      0 |    0 |    0 |    0.8% | 0.072 ms |                         InjectTranslucencyLightingVolume(VolumeCascade=1,ShadowMap)                      |
[2026.09.12-12.15.05:163][300]LogRHI: Display:     |     0 |      0 |    0 |    0 |    0.6% | 0.055 ms |     0 |      0 |    0 |    0 |    0.6% | 0.055 ms |                         InjectTranslucencyLightingVolume(VolumeCascade=1,ShadowMap)                      |
[2026.09.12-12.15.05:163][300]LogRHI: Display:     |     0 |      0 |    0 |    0 |    0.6% | 0.055 ms |     0 |      0 |    0 |    0 |    0.6% | 0.055 ms |                         InjectTranslucencyLightingVolume(VolumeCascade=1,ShadowMap)                      |
[2026.09.12-12.15.05:163][300]LogRHI: Display:     |     0 |      0 |    0 |    0 |    0.6% | 0.054 ms |     0 |      0 |    0 |    0 |    0.6% | 0.054 ms |                         InjectTranslucencyLightingVolume(VolumeCascade=1,ShadowMap)                      |
[2026.09.12-12.15.05:163][300]LogRHI: Display:     |     0 |      0 |    0 |    0 |    0.0% | 0.000 ms |     0 |      0 |    0 |    0 |    0.0% | 0.000 ms |                         BarrierPass                                                                      |
[2026.09.12-12.15.05:163][300]LogRHI: Display:     |     0 |      0 |    0 |    0 |    0.0% | 0.000 ms |     0 |      0 |    0 |    0 |    2.1% | 0.194 ms |                      FilterTranslucentVolume 64x64x64 Cascades:2                                         |
[2026.09.12-12.15.05:163][300]LogRHI: Display:     |     0 |      0 |    0 |    0 |    2.1% | 0.194 ms |     0 |      0 |    0 |    0 |    2.1% | 0.194 ms |                         Spatial Filter Cascade:0                                                         |
[2026.09.12-12.15.05:163][300]LogRHI: Display:     |     0 |      0 |    0 |    0 |    0.0% | 0.000 ms |     0 |      0 |    0 |    0 |    0.0% | 0.000 ms |                         Spatial Filter Cascade:1                                                         |
[2026.09.12-12.15.05:163][300]LogRHI: Display:     |     0 |      0 |    0 |    0 |    0.0% | 0.000 ms |     0 |      0 |    0 |    0 |    0.0% | 0.000 ms |                         BarrierPass                                                                      |
[2026.09.12-12.15.05:163][300]LogRHI: Display:     |     0 |      0 |    0 |    0 |    0.0% | 0.000 ms |     0 |      0 |    0 |    0 |    1.0% | 0.090 ms |                   DiffuseIndirectAndAO                                                                   |
[2026.09.12-12.15.05:163][300]LogRHI: Display:     |     0 |      0 |    0 |    0 |    1.0% | 0.090 ms |     0 |      0 |    0 |    0 |    1.0% | 0.090 ms |                      DiffuseIndirectComposite(DiffuseIndirect=Disabled ApplyAOToSceneColor) 1440x810     |
[2026.09.12-12.15.05:163][300]LogRHI: Display:     |     0 |      0 |    0 |    0 |    0.0% | 0.000 ms |     0 |      0 |    0 |    0 |    0.6% | 0.052 ms |                   InitTranslucencyLightingVolumeTextures                                                 |
[2026.09.12-12.15.05:163][300]LogRHI: Display:     |     0 |      0 |    0 |    0 |    0.6% | 0.052 ms |     0 |      0 |    0 |    0 |    0.6% | 0.052 ms |                      ClearTranslucencyLightingVolumeCompute 64                                           |
[2026.09.12-12.15.05:163][300]LogRHI: Display:     |     0 |      0 |    0 |    0 |    0.4% | 0.038 ms |     0 |      0 |    0 |    0 |   17.5% | 1.600 ms |                LightCompositionTasks_PreLighting                                                         |
[2026.09.12-12.15.05:163][300]LogRHI: Display:     |     0 |      0 |    0 |    0 |    0.0% | 0.000 ms |     0 |      0 |    0 |    0 |   11.1% | 1.014 ms |                   ScreenSpace AO                                                                         |
[2026.09.12-12.15.05:163][300]LogRHI: Display:     |     0 |      0 |    0 |    0 |   11.1% | 1.014 ms |     0 |      0 |    0 |    0 |   11.1% | 1.014 ms |                      AmbientOcclusionPS 1440x810 SetupAsInput=0 Upsample=1 ShaderQuality=4               |
[2026.09.12-12.15.05:163][300]LogRHI: Display:     |     0 |      0 |    0 |    0 |    0.0% | 0.000 ms |     0 |      0 |    0 |    0 |    3.5% | 0.321 ms |                   ScreenSpace AO                                                                         |
[2026.09.12-12.15.05:163][300]LogRHI: Display:     |     0 |      0 |    0 |    0 |    3.5% | 0.321 ms |     0 |      0 |    0 |    0 |    3.5% | 0.321 ms |                      AmbientOcclusionPS 720x405 SetupAsInput=1 Upsample=1 ShaderQuality=4                |
[2026.09.12-12.15.05:163][300]LogRHI: Display:     |     0 |      0 |    0 |    0 |    0.0% | 0.000 ms |     0 |      0 |    0 |    0 |    1.4% | 0.132 ms |                   ScreenSpace AO                                                                         |
[2026.09.12-12.15.05:163][300]LogRHI: Display:     |     0 |      0 |    0 |    0 |    1.4% | 0.132 ms |     0 |      0 |    0 |    0 |    1.4% | 0.132 ms |                      AmbientOcclusionPS 360x203 SetupAsInput=1 Upsample=0 ShaderQuality=4                |
[2026.09.12-12.15.05:163][300]LogRHI: Display:     |     0 |      0 |    0 |    0 |    0.0% | 0.000 ms |     0 |      0 |    0 |    0 |    0.6% | 0.051 ms |                   ScreenSpace AO Setup                                                                   |
[2026.09.12-12.15.05:163][300]LogRHI: Display:     |     0 |      0 |    0 |    0 |    0.6% | 0.051 ms |     0 |      0 |    0 |    0 |    0.6% | 0.051 ms |                      AmbientOcclusionSetup 720x405                                                       |
[2026.09.12-12.15.05:163][300]LogRHI: Display:     |     0 |      0 |    0 |    0 |    0.0% | 0.000 ms |     0 |      0 |    0 |    0 |    0.0% | 0.000 ms |                      AccessModePass[Graphics] (Textures: 1, Buffers: 0)                                  |
[2026.09.12-12.15.05:163][300]LogRHI: Display:     |     0 |      0 |    0 |    0 |    0.0% | 0.000 ms |     0 |      0 |    0 |    0 |    0.5% | 0.045 ms |                   ScreenSpace AO Setup                                                                   |
[2026.09.12-12.15.05:163][300]LogRHI: Display:     |     0 |      0 |    0 |    0 |    0.5% | 0.045 ms |     0 |      0 |    0 |    0 |    0.5% | 0.045 ms |                      AmbientOcclusionSetup 360x203                                                       |
[2026.09.12-12.15.05:163][300]LogRHI: Display:     |     0 |      0 |    0 |    0 |    1.2% | 0.107 ms |     0 |      0 |    0 |    0 |   17.2% | 1.577 ms |                PostProcessing                                                                            |
[2026.09.12-12.15.05:163][300]LogRHI: Display:     |     0 |      0 |    0 |    0 |    1.3% | 0.121 ms |     0 |      0 |    0 |    0 |    5.9% | 0.543 ms |                   Bloom                                                                                  |
[2026.09.12-12.15.05:163][300]LogRHI: Display:     |     0 |      0 |    0 |    0 |    0.5% | 0.043 ms |     0 |      0 |    0 |    0 |    0.5% | 0.043 ms |                      GaussianBlur.BloomY 45x26 (PS, Static)                                              |
[2026.09.12-12.15.05:163][300]LogRHI: Display:     |     0 |      0 |    0 |    0 |    0.5% | 0.042 ms |     0 |      0 |    0 |    0 |    0.5% | 0.042 ms |                      GaussianBlur.BloomX 45x26 (PS, Static)                                              |
[2026.09.12-12.15.05:163][300]LogRHI: Display:     |     0 |      0 |    0 |    0 |    0.4% | 0.039 ms |     0 |      0 |    0 |    0 |    0.4% | 0.039 ms |                      GaussianBlur.BloomY 720x405 (PS, Static)                                            |
[2026.09.12-12.15.05:163][300]LogRHI: Display:     |     0 |      0 |    0 |    0 |    0.4% | 0.038 ms |     0 |      0 |    0 |    0 |    0.4% | 0.038 ms |                      GaussianBlur.BloomX 720x405 (PS, Static)                                            |
[2026.09.12-12.15.05:163][300]LogRHI: Display:     |     0 |      0 |    0 |    0 |    0.4% | 0.037 ms |     0 |      0 |    0 |    0 |    0.4% | 0.037 ms |                      GaussianBlur.BloomX 23x13 (PS, Static)                                              |
[2026.09.12-12.15.05:163][300]LogRHI: Display:     |     0 |      0 |    0 |    0 |    0.4% | 0.037 ms |     0 |      0 |    0 |    0 |    0.4% | 0.037 ms |                      GaussianBlur.BloomY 90x51 (PS, Static)                                              |
[2026.09.12-12.15.05:163][300]LogRHI: Display:     |     0 |      0 |    0 |    0 |    0.4% | 0.034 ms |     0 |      0 |    0 |    0 |    0.4% | 0.034 ms |                      GaussianBlur.BloomY 360x203 (PS, Static)                                            |
[2026.09.12-12.15.05:163][300]LogRHI: Display:     |     0 |      0 |    0 |    0 |    0.4% | 0.034 ms |     0 |      0 |    0 |    0 |    0.4% | 0.034 ms |                      GaussianBlur.BloomX 360x203 (PS, Static)                                            |
[2026.09.12-12.15.05:163][300]LogRHI: Display:     |     0 |      0 |    0 |    0 |    0.4% | 0.033 ms |     0 |      0 |    0 |    0 |    0.4% | 0.033 ms |                      GaussianBlur.BloomY 23x13 (PS, Static)                                              |
[2026.09.12-12.15.05:163][300]LogRHI: Display:     |     0 |      0 |    0 |    0 |    0.4% | 0.033 ms |     0 |      0 |    0 |    0 |    0.4% | 0.033 ms |                      GaussianBlur.BloomX 90x51 (PS, Static)                                              |
[2026.09.12-12.15.05:163][300]LogRHI: Display:     |     0 |      0 |    0 |    0 |    0.3% | 0.028 ms |     0 |      0 |    0 |    0 |    0.3% | 0.028 ms |                      GaussianBlur.BloomY 180x102 (PS, Static)                                            |
[2026.09.12-12.15.05:163][300]LogRHI: Display:     |     0 |      0 |    0 |    0 |    0.3% | 0.025 ms |     0 |      0 |    0 |    0 |    0.3% | 0.025 ms |                      GaussianBlur.BloomX 180x102 (PS, Static)                                            |
[2026.09.12-12.15.05:163][300]LogRHI: Display:     |     0 |      0 |    0 |    0 |    0.0% | 0.000 ms |     0 |      0 |    0 |    0 |    5.3% | 0.487 ms |                   TAA                                                                                    |
[2026.09.12-12.15.05:163][300]LogRHI: Display:     |     0 |      0 |    0 |    0 |    5.3% | 0.487 ms |     0 |      0 |    0 |    0 |    5.3% | 0.487 ms |                      TAA(MainUpsampling Quality=High) 1440x810 -> 1440x810                               |
[2026.09.12-12.15.05:163][300]LogRHI: Display:     |     0 |      0 |    0 |    0 |    0.3% | 0.032 ms |     0 |      0 |    0 |    0 |    1.7% | 0.157 ms |                   TextureDownsampleChain                                                                 |
[2026.09.12-12.15.05:163][300]LogRHI: Display:     |     0 |      0 |    0 |    0 |    0.3% | 0.029 ms |     0 |      0 |    0 |    0 |    0.3% | 0.029 ms |                      Downsample(BloomSetup(1/4) Quality=High PS) 720x405 -> 360x203                      |
[2026.09.12-12.15.05:163][300]LogRHI: Display:     |     0 |      0 |    0 |    0 |    0.3% | 0.026 ms |     0 |      0 |    0 |    0 |    0.3% | 0.026 ms |                      Downsample(BloomSetup(1/16) Quality=High PS) 180x102 -> 90x51                       |
[2026.09.12-12.15.05:163][300]LogRHI: Display:     |     0 |      0 |    0 |    0 |    0.3% | 0.025 ms |     0 |      0 |    0 |    0 |    0.3% | 0.025 ms |                      Downsample(BloomSetup(1/32) Quality=High PS) 90x51 -> 45x26                         |
[2026.09.12-12.15.05:163][300]LogRHI: Display:     |     0 |      0 |    0 |    0 |    0.3% | 0.024 ms |     0 |      0 |    0 |    0 |    0.3% | 0.024 ms |                      Downsample(BloomSetup(1/8) Quality=High PS) 360x203 -> 180x102                      |
[2026.09.12-12.15.05:163][300]LogRHI: Display:     |     0 |      0 |    0 |    0 |    0.2% | 0.023 ms |     0 |      0 |    0 |    0 |    0.2% | 0.023 ms |                      Downsample(BloomSetup(1/64) Quality=High PS) 45x26 -> 23x13                         |
[2026.09.12-12.15.05:163][300]LogRHI: Display:     |     0 |      0 |    0 |    0 |    1.3% | 0.117 ms |     0 |      0 |    0 |    0 |    1.3% | 0.117 ms |                   Tonemap 1440x810 (PS GammaOnly=0)                                                      |
[2026.09.12-12.15.05:163][300]LogRHI: Display:     |     0 |      0 |    0 |    0 |    0.0% | 0.000 ms |     0 |      0 |    0 |    0 |    0.6% | 0.055 ms |                   ComposeTranslucencyToNewSceneColor                                                     |
[2026.09.12-12.15.05:163][300]LogRHI: Display:     |     0 |      0 |    0 |    0 |    0.6% | 0.055 ms |     0 |      0 |    0 |    0 |    0.6% | 0.055 ms |                      ComposeTranslucencyToNewSceneColor(AfterDOF) 1440x810 -> 1440x810                   |
[2026.09.12-12.15.05:163][300]LogRHI: Display:     |     0 |      0 |    0 |    0 |    0.5% | 0.049 ms |     0 |      0 |    0 |    0 |    0.5% | 0.049 ms |                   Downsample(PostProcessing.SceneColor.HalfRes Quality=Bilinear PS) 1440x810 -> 720x405  |
[2026.09.12-12.15.05:163][300]LogRHI: Display:     |     0 |      0 |    0 |    0 |    0.4% | 0.034 ms |     0 |      0 |    0 |    0 |    0.4% | 0.034 ms |                   BloomSetup 720x405 (PS)                                                                |
[2026.09.12-12.15.05:163][300]LogRHI: Display:     |     0 |      0 |    0 |    0 |    0.2% | 0.020 ms |     0 |      0 |    0 |    0 |    0.2% | 0.020 ms |                   HistogramEyeAdaptation (CS)                                                            |
[2026.09.12-12.15.05:163][300]LogRHI: Display:     |     0 |      0 |    0 |    0 |    0.1% | 0.008 ms |     0 |      0 |    0 |    0 |    0.1% | 0.008 ms |                   EnqueueCopy(EyeAdaptationBuffer)                                                       |
[2026.09.12-12.15.05:163][300]LogRHI: Display:     |     0 |      0 |    0 |    0 |    0.1% | 0.010 ms |     0 |      0 |    0 |    0 |    5.4% | 0.495 ms |                ShadowDepths                                                                              |
[2026.09.12-12.15.05:163][300]LogRHI: Display:     |     0 |      0 |    0 |    0 |    0.8% | 0.077 ms |     0 |      0 |    0 |    0 |    4.6% | 0.419 ms |                   Atlas0 8192x2048                                                                       |
[2026.09.12-12.15.05:163][300]LogRHI: Display:     |     0 |      0 |    0 |    0 |    0.1% | 0.008 ms |     0 |      0 |    0 |    0 |    3.7% | 0.342 ms |                      Frontier.DirectionalLight_0                                                         |
[2026.09.12-12.15.05:163][300]LogRHI: Display:     |     0 |      0 |    0 |    0 |    0.0% | 0.000 ms |     0 |      0 |    0 |    0 |    1.9% | 0.169 ms |                         WholeScene split3 2040x2040                                                      |
[2026.09.12-12.15.05:163][300]LogRHI: Display:     |     0 |      0 |    0 |    0 |    1.9% | 0.169 ms |     0 |      0 |    0 |    0 |    1.9% | 0.169 ms |                            ShadowDepthPassParallel                                                       |
[2026.09.12-12.15.05:163][300]LogRHI: Display:     |     0 |      0 |    0 |    0 |    0.0% | 0.000 ms |     0 |      0 |    0 |    0 |    1.8% | 0.165 ms |                         WholeScene split2 2040x2040                                                      |
[2026.09.12-12.15.05:163][300]LogRHI: Display:     |     0 |      0 |    0 |    0 |    1.8% | 0.165 ms |     0 |      0 |    0 |    0 |    1.8% | 0.165 ms |                            ShadowDepthPassParallel                                                       |
[2026.09.12-12.15.05:163][300]LogRHI: Display:     |     0 |      0 |    0 |    0 |    0.0% | 0.000 ms |     0 |      0 |    0 |    0 |    0.0% | 0.000 ms |                         WholeScene split1 2040x2040                                                      |
[2026.09.12-12.15.05:163][300]LogRHI: Display:     |     0 |      0 |    0 |    0 |    0.0% | 0.000 ms |     0 |      0 |    0 |    0 |    0.0% | 0.000 ms |                            ShadowDepthPassParallel                                                       |
[2026.09.12-12.15.05:163][300]LogRHI: Display:     |     0 |      0 |    0 |    0 |    0.0% | 0.000 ms |     0 |      0 |    0 |    0 |    0.0% | 0.000 ms |                         WholeScene split0 2040x2040                                                      |
[2026.09.12-12.15.05:163][300]LogRHI: Display:     |     0 |      0 |    0 |    0 |    0.0% | 0.000 ms |     0 |      0 |    0 |    0 |    0.0% | 0.000 ms |                            ShadowDepthPassParallel                                                       |
[2026.09.12-12.15.05:163][300]LogRHI: Display:     |     0 |      0 |    0 |    0 |    0.0% | 0.000 ms |     0 |      0 |    0 |    0 |    0.0% | 0.000 ms |                      ClearShadowDepth                                                                    |
[2026.09.12-12.15.05:163][300]LogRHI: Display:     |     0 |      0 |    0 |    0 |    0.1% | 0.006 ms |     0 |      0 |    0 |    0 |    0.7% | 0.066 ms |                   BuildRenderingCommandsDeferred(Culling=On)                                             |
[2026.09.12-12.15.05:163][300]LogRHI: Display:     |     0 |      0 |    0 |    0 |    0.6% | 0.051 ms |     0 |      0 |    0 |    0 |    0.6% | 0.051 ms |                      ClearIndirectArgInstanceCount                                                       |
[2026.09.12-12.15.05:163][300]LogRHI: Display:     |     0 |      0 |    0 |    0 |    0.1% | 0.009 ms |     0 |      0 |    0 |    0 |    0.1% | 0.009 ms |                      ClearBuffer(InstanceCulling.Compaction.BlockInstanceCounts Size=4bytes)             |
[2026.09.12-12.15.05:163][300]LogRHI: Display:     |     0 |      0 |    0 |    0 |    0.0% | 0.000 ms |     0 |      0 |    0 |    0 |    0.0% | 0.000 ms |                      CullInstances(Generic). Bin 1                                                       |
[2026.09.12-12.15.05:163][300]LogRHI: Display:     |     0 |      0 |    0 |    0 |    0.0% | 0.000 ms |     0 |      0 |    0 |    0 |    0.0% | 0.000 ms |                      Instance Compaction Phase 1                                                         |
[2026.09.12-12.15.05:163][300]LogRHI: Display:     |     0 |      0 |    0 |    0 |    0.0% | 0.000 ms |     0 |      0 |    0 |    0 |    0.0% | 0.000 ms |                      Instance Compaction Phase 2                                                         |
[2026.09.12-12.15.05:163][300]LogRHI: Display:     |     0 |      0 |    0 |    0 |    0.0% | 0.000 ms |     0 |      0 |    0 |    0 |    0.0% | 0.000 ms |                      CullInstances(UnCulled). Bin 0                                                      |
[2026.09.12-12.15.05:163][300]LogRHI: Display:     |     0 |      0 |    0 |    0 |    0.0% | 0.000 ms |     0 |      0 |    0 |    0 |    5.0% | 0.459 ms |                RenderDeferredLighting                                                                    |
[2026.09.12-12.15.05:163][300]LogRHI: Display:     |     0 |      0 |    0 |    0 |    0.0% | 0.000 ms |     0 |      0 |    0 |    0 |    5.0% | 0.459 ms |                   DiffuseIndirectAndAO                                                                   |
[2026.09.12-12.15.05:163][300]LogRHI: Display:     |     0 |      0 |    0 |    0 |    0.3% | 0.032 ms |     0 |      0 |    0 |    0 |    5.0% | 0.459 ms |                      ReflectionIndirect                                                                  |
[2026.09.12-12.15.05:163][300]LogRHI: Display:     |     0 |      0 |    0 |    0 |    0.0% | 0.000 ms |     0 |      0 |    0 |    0 |    3.4% | 0.311 ms |                         ReflectionEnvironment                                                            |
[2026.09.12-12.15.05:163][300]LogRHI: Display:     |     0 |      0 |    0 |    0 |    3.4% | 0.311 ms |     0 |      0 |    0 |    0 |    3.4% | 0.311 ms |                            ReflectionEnvironmentAndSky(1440x810,SubstrateMat=Off)                        |
[2026.09.12-12.15.05:163][300]LogRHI: Display:     |     0 |      0 |    0 |    0 |    0.0% | 0.000 ms |     0 |      0 |    0 |    0 |    1.3% | 0.117 ms |                         ScreenSpaceReflections(Quality=2)                                                |
[2026.09.12-12.15.05:163][300]LogRHI: Display:     |     0 |      0 |    0 |    0 |    0.0% | 0.000 ms |     0 |      0 |    0 |    0 |    1.3% | 0.117 ms |                            ScreenSpaceReflections                                                        |
[2026.09.12-12.15.05:163][300]LogRHI: Display:     |     0 |      0 |    0 |    0 |    1.3% | 0.117 ms |     0 |      0 |    0 |    0 |    1.3% | 0.117 ms |                               SSR RayMarch(Quality=2 RayPerPixel=1) 1440x810                             |
[2026.09.12-12.15.05:163][300]LogRHI: Display:     |     0 |      0 |    0 |    0 |    0.0% | 0.000 ms |     0 |      0 |    0 |    0 |    5.0% | 0.458 ms |                BasePass                                                                                  |
[2026.09.12-12.15.05:163][300]LogRHI: Display:     |     0 |      0 |    0 |    0 |    5.0% | 0.454 ms |     0 |      0 |    0 |    0 |    5.0% | 0.454 ms |                   BasePassParallel                                                                       |
[2026.09.12-12.15.05:163][300]LogRHI: Display:     |     0 |      0 |    0 |    0 |    0.0% | 0.000 ms |     0 |      0 |    0 |    0 |    0.0% | 0.004 ms |                   EditorPrimitives                                                                       |
[2026.09.12-12.15.05:163][300]LogRHI: Display:     |     0 |      0 |    0 |    0 |    0.0% | 0.004 ms |     0 |      0 |    0 |    0 |    0.0% | 0.004 ms |                      EditorPrimitives: SDPG_World                                                        |
[2026.09.12-12.15.05:163][300]LogRHI: Display:     |     0 |      0 |    0 |    0 |    0.0% | 0.000 ms |     0 |      0 |    0 |    0 |    3.8% | 0.346 ms |                GPUSceneUpdate                                                                            |
[2026.09.12-12.15.05:163][300]LogRHI: Display:     |     0 |      0 |    0 |    0 |    3.8% | 0.346 ms |     0 |      0 |    0 |    0 |    3.8% | 0.346 ms |                   ClearBuffer(ViewData.DeformingInstanceViewMask Size=40bytes)                           |
[2026.09.12-12.15.05:163][300]LogRHI: Display:     |     0 |      0 |    0 |    0 |    0.0% | 0.000 ms |     0 |      0 |    0 |    0 |    1.6% | 0.149 ms |                PrePass DDM_AllOpaqueNoVelocity (Forced by DBuffer)                                       |
[2026.09.12-12.15.05:163][300]LogRHI: Display:     |     0 |      0 |    0 |    0 |    1.6% | 0.145 ms |     0 |      0 |    0 |    0 |    1.6% | 0.145 ms |                   DepthPassParallel                                                                      |
[2026.09.12-12.15.05:163][300]LogRHI: Display:     |     0 |      0 |    0 |    0 |    0.0% | 0.004 ms |     0 |      0 |    0 |    0 |    0.0% | 0.004 ms |                   EditorPrimitives                                                                       |
[2026.09.12-12.15.05:163][300]LogRHI: Display:     |     0 |      0 |    0 |    0 |    0.0% | 0.000 ms |     0 |      0 |    0 |    0 |    1.2% | 0.107 ms |                HZB                                                                                       |
[2026.09.12-12.15.05:163][300]LogRHI: Display:     |     0 |      0 |    0 |    0 |    0.0% | 0.000 ms |     0 |      0 |    0 |    0 |    1.2% | 0.107 ms |                   BeginOcclusionTests                                                                    |
[2026.09.12-12.15.05:163][300]LogRHI: Display:     |     0 |      0 |    0 |    0 |    1.2% | 0.107 ms |     0 |      0 |    0 |    0 |    1.2% | 0.107 ms |                      BeginOcclusionTests                                                                 |
[2026.09.12-12.15.05:163][300]LogRHI: Display:     |     0 |      0 |    0 |    0 |    0.0% | 0.000 ms |     0 |      0 |    0 |    0 |    0.0% | 0.000 ms |                         BeginOcclusionTests                                                              |
[2026.09.12-12.15.05:163][300]LogRHI: Display:     |     0 |      0 |    0 |    0 |    0.0% | 0.000 ms |     0 |      0 |    0 |    0 |    0.0% | 0.000 ms |                            ViewOcclusionTests 0                                                          |
[2026.09.12-12.15.05:163][300]LogRHI: Display:     |     0 |      0 |    0 |    0 |    0.0% | 0.000 ms |     0 |      0 |    0 |    0 |    0.0% | 0.000 ms |                               BeginOcclusionTests                                                        |
[2026.09.12-12.15.05:163][300]LogRHI: Display:     |     0 |      0 |    0 |    0 |    0.0% | 0.000 ms |     0 |      0 |    0 |    0 |    0.0% | 0.000 ms |                                  GroupedQueries                                                          |
[2026.09.12-12.15.05:163][300]LogRHI: Display:     |     0 |      0 |    0 |    0 |    0.0% | 0.000 ms |     0 |      0 |    0 |    0 |    0.0% | 0.000 ms |                                  IndividualQueries                                                       |
[2026.09.12-12.15.05:163][300]LogRHI: Display:     |     0 |      0 |    0 |    0 |    0.0% | 0.000 ms |     0 |      0 |    0 |    0 |    0.0% | 0.000 ms |                                  ShadowFrustumQueries                                                    |
[2026.09.12-12.15.05:163][300]LogRHI: Display:     |     0 |      0 |    0 |    0 |    0.9% | 0.084 ms |     0 |      0 |    0 |    0 |    0.9% | 0.084 ms |                GBufferClear                                                                              |
[2026.09.12-12.15.05:163][300]LogRHI: Display:     |     0 |      0 |    0 |    0 |    0.0% | 0.000 ms |     0 |      0 |    0 |    0 |    0.6% | 0.054 ms |                LightFunctionAtlasGeneration                                                              |
[2026.09.12-12.15.05:163][300]LogRHI: Display:     |     0 |      0 |    0 |    0 |    0.6% | 0.054 ms |     0 |      0 |    0 |    0 |    0.6% | 0.054 ms |                   LightFunctionAtlas Generation                                                          |
[2026.09.12-12.15.05:163][300]LogRHI: Display:     |     0 |      0 |    0 |    0 |    0.0% | 0.000 ms |     0 |      0 |    0 |    0 |    0.6% | 0.054 ms |                ComputeLightGrid                                                                          |
[2026.09.12-12.15.05:163][300]LogRHI: Display:     |     0 |      0 |    0 |    0 |    0.2% | 0.017 ms |     0 |      0 |    0 |    0 |    0.6% | 0.054 ms |                   CullLights 23x13x32 NumLights 0 NumCaptures 0                                          |
[2026.09.12-12.15.05:163][300]LogRHI: Display:     |     0 |      0 |    0 |    0 |    0.3% | 0.024 ms |     0 |      0 |    0 |    0 |    0.3% | 0.024 ms |                      LightGridInject LinkedList  UseHZBCull  SingleThread                                |
[2026.09.12-12.15.05:163][300]LogRHI: Display:     |     0 |      0 |    0 |    0 |    0.1% | 0.012 ms |     0 |      0 |    0 |    0 |    0.1% | 0.012 ms |                      ClearBuffer(CulledLightLinkAllocator Size=4bytes)                                   |
[2026.09.12-12.15.05:163][300]LogRHI: Display:     |     0 |      0 |    0 |    0 |    0.0% | 0.000 ms |     0 |      0 |    0 |    0 |    0.0% | 0.000 ms |                      ClearBuffer(NumCulledLightsGrid Size=153088bytes)                                   |
[2026.09.12-12.15.05:163][300]LogRHI: Display:     |     0 |      0 |    0 |    0 |    0.0% | 0.000 ms |     0 |      0 |    0 |    0 |    0.0% | 0.000 ms |                      LightGridFeedbackStatus                                                             |
[2026.09.12-12.15.05:163][300]LogRHI: Display:     |     0 |      0 |    0 |    0 |    0.0% | 0.000 ms |     0 |      0 |    0 |    0 |    0.0% | 0.000 ms |                      ClearBuffer(CulledLightDataAllocator Size=4bytes)                                   |
[2026.09.12-12.15.05:163][300]LogRHI: Display:     |     0 |      0 |    0 |    0 |    0.0% | 0.000 ms |     0 |      0 |    0 |    0 |    0.4% | 0.039 ms |                HZB                                                                                       |
[2026.09.12-12.15.05:163][300]LogRHI: Display:     |     0 |      0 |    0 |    0 |    0.0% | 0.000 ms |     0 |      0 |    0 |    0 |    0.4% | 0.039 ms |                   BuildHZB(ViewId=0)                                                                     |
[2026.09.12-12.15.05:163][300]LogRHI: Display:     |     0 |      0 |    0 |    0 |    0.0% | 0.000 ms |     0 |      0 |    0 |    0 |    0.4% | 0.039 ms |                      BuildHZB                                                                            |
[2026.09.12-12.15.05:163][300]LogRHI: Display:     |     0 |      0 |    0 |    0 |    0.4% | 0.039 ms |     0 |      0 |    0 |    0 |    0.4% | 0.039 ms |                         ReduceHZB(mips=[0;3] Furthest) 1024x512                                          |
[2026.09.12-12.15.05:163][300]LogRHI: Display:     |     0 |      0 |    0 |    0 |    0.0% | 0.000 ms |     0 |      0 |    0 |    0 |    0.0% | 0.000 ms |                         ReduceHZB(mips=[8;9] Furthest) 4x2                                               |
[2026.09.12-12.15.05:163][300]LogRHI: Display:     |     0 |      0 |    0 |    0 |    0.0% | 0.000 ms |     0 |      0 |    0 |    0 |    0.0% | 0.000 ms |                         ReduceHZB(mips=[4;7] Furthest) 64x32                                             |
[2026.09.12-12.15.05:164][300]LogRHI: Display:     |     0 |      0 |    0 |    0 |    0.0% | 0.000 ms |     0 |      0 |    0 |    0 |    0.3% | 0.030 ms |                BuildRenderingCommandsDeferred(Culling=On)                                                |
[2026.09.12-12.15.05:164][300]LogRHI: Display:     |     0 |      0 |    0 |    0 |    0.3% | 0.030 ms |     0 |      0 |    0 |    0 |    0.3% | 0.030 ms |                   ClearIndirectArgInstanceCount                                                          |
[2026.09.12-12.15.05:164][300]LogRHI: Display:     |     0 |      0 |    0 |    0 |    0.0% | 0.000 ms |     0 |      0 |    0 |    0 |    0.0% | 0.000 ms |                   CullInstances(UnCulled). Bin 0                                                         |
[2026.09.12-12.15.05:164][300]LogRHI: Display:     |     0 |      0 |    0 |    0 |    0.0% | 0.000 ms |     0 |      0 |    0 |    0 |    0.0% | 0.000 ms |                   CullInstances(Generic). Bin 1                                                          |
[2026.09.12-12.15.05:164][300]LogRHI: Display:     |     0 |      0 |    0 |    0 |    0.0% | 0.000 ms |     0 |      0 |    0 |    0 |    0.0% | 0.000 ms |                   Instance Compaction Phase 1                                                            |
[2026.09.12-12.15.05:164][300]LogRHI: Display:     |     0 |      0 |    0 |    0 |    0.0% | 0.000 ms |     0 |      0 |    0 |    0 |    0.0% | 0.000 ms |                   Instance Compaction Phase 2                                                            |
[2026.09.12-12.15.05:164][300]LogRHI: Display:     |     0 |      0 |    0 |    0 |    0.0% | 0.000 ms |     0 |      0 |    0 |    0 |    0.0% | 0.000 ms |                   ClearBuffer(InstanceCulling.Compaction.BlockInstanceCounts Size=4bytes)                |
[2026.09.12-12.15.05:164][300]LogRHI: Display:     |     0 |      0 |    0 |    0 |    0.0% | 0.000 ms |     0 |      0 |    0 |    0 |    0.3% | 0.026 ms |                Translucency                                                                              |
[2026.09.12-12.15.05:164][300]LogRHI: Display:     |     0 |      0 |    0 |    0 |    0.0% | 0.000 ms |     0 |      0 |    0 |    0 |    0.3% | 0.026 ms |                   RenderTranslucency                                                                     |
[2026.09.12-12.15.05:164][300]LogRHI: Display:     |     0 |      0 |    0 |    0 |    0.3% | 0.026 ms |     0 |      0 |    0 |    0 |    0.3% | 0.026 ms |                      Translucency(AfterDOF Parallel) 1440x810                                            |
[2026.09.12-12.15.05:164][300]LogRHI: Display:     |     0 |      0 |    0 |    0 |    0.0% | 0.000 ms |     0 |      0 |    0 |    0 |    0.0% | 0.000 ms |                      ClearRenderTarget(Translucency.AfterDOF.Color, slice 0, mip 0) 1440x816 ClearAction |
[2026.09.12-12.15.05:164][300]LogRHI: Display:     |     0 |      0 |    0 |    0 |    0.0% | 0.000 ms |     0 |      0 |    0 |    0 |    0.0% | 0.000 ms |                PostRenderOpsFX                                                                           |
[2026.09.12-12.15.05:164][300]LogRHI: Display:     |     0 |      0 |    0 |    0 |    0.0% | 0.000 ms |     0 |      0 |    0 |    0 |    0.0% | 0.000 ms |                   FXSystemPostRenderOpaque                                                               |
[2026.09.12-12.15.05:164][300]LogRHI: Display:     |     0 |      0 |    0 |    0 |    0.0% | 0.000 ms |     0 |      0 |    0 |    0 |    0.0% | 0.000 ms |                      GPUParticles_PostRenderOpaque                                                       |
[2026.09.12-12.15.05:164][300]LogRHI: Display:     |     0 |      0 |    0 |    0 |    0.0% | 0.000 ms |     0 |      0 |    0 |    0 |    0.0% | 0.000 ms |                   AsyncGpuTraceHelper::PostRenderOpaque                                                  |
[2026.09.12-12.15.05:164][300]LogRHI: Display:     |     0 |      0 |    0 |    0 |    0.0% | 0.000 ms |     0 |      0 |    0 |    0 |    0.0% | 0.000 ms |                   Niagara::PostRenderFinish                                                              |
[2026.09.12-12.15.05:164][300]LogRHI: Display:     |     0 |      0 |    0 |    0 |    0.0% | 0.000 ms |     0 |      0 |    0 |    0 |    0.0% | 0.000 ms |                   UnsetSceneTexturesUniformBuffer                                                        |
[2026.09.12-12.15.05:164][300]LogRHI: Display:     |     0 |      0 |    0 |    0 |    0.0% | 0.000 ms |     0 |      0 |    0 |    0 |    0.0% | 0.000 ms |                   SetSceneTexturesUniformBuffer                                                          |
[2026.09.12-12.15.05:164][300]LogRHI: Display:     |     0 |      0 |    0 |    0 |    0.0% | 0.000 ms |     0 |      0 |    0 |    0 |    0.0% | 0.000 ms |                ClearDepthStencil (SceneDepthZ)                                                           |
[2026.09.12-12.15.05:164][300]LogRHI: Display:     |     0 |      0 |    0 |    0 |    0.0% | 0.000 ms |     0 |      0 |    0 |    0 |    0.0% | 0.000 ms |                FXSystemPreRender                                                                         |
[2026.09.12-12.15.05:164][300]LogRHI: Display:     |     0 |      0 |    0 |    0 |    0.0% | 0.000 ms |     0 |      0 |    0 |    0 |    0.0% | 0.000 ms |                   GPUParticles_PreRender                                                                 |
[2026.09.12-12.15.05:164][300]LogRHI: Display:     |     0 |      0 |    0 |    0 |    0.0% | 0.000 ms |     0 |      0 |    0 |    0 |    0.0% | 0.000 ms |                   AccessModePass[Graphics] (Textures: 0, Buffers: 1)                                     |
[2026.09.12-12.15.05:164][300]LogRHI: Display:     |     0 |      0 |    0 |    0 |    0.0% | 0.000 ms |     0 |      0 |    0 |    0 |    0.0% | 0.000 ms |                ClearStencil (SceneDepthZ)                                                                |
[2026.09.12-12.15.05:164][300]LogRHI: Display:     |     0 |      0 |    0 |    0 |    0.0% | 0.000 ms |     0 |      0 |    0 |    0 |    0.0% | 0.000 ms |                VirtualTextureUpdate                                                                      |
[2026.09.12-12.15.05:164][300]LogRHI: Display:     |     0 |      0 |    0 |    0 |    0.0% | 0.000 ms |     0 |      0 |    0 |    0 |    0.0% | 0.000 ms |                ExtractUniformBuffer                                                                      |
[2026.09.12-12.15.05:164][300]LogRHI: Display:     |     0 |      0 |    0 |    0 |    1.2% | 0.114 ms |     0 |      0 |    0 |    0 |    1.2% | 0.114 ms |             ShaderPrint::UploadParameters                                                                |
[2026.09.12-12.15.05:164][300]LogRHI: Display:     |     0 |      0 |    0 |    0 |    0.5% | 0.044 ms |     0 |      0 |    0 |    0 |    0.5% | 0.044 ms |             ClearGPUMessageBuffer                                                                        |
[2026.09.12-12.15.05:164][300]LogRHI: Display:     |     0 |      0 |    0 |    0 |    0.0% | 0.000 ms |     0 |      0 |    0 |    0 |    0.0% | 0.000 ms |             UpdateAllPrimitiveSceneInfos                                                                 |
[2026.09.12-12.15.05:164][300]LogRHI: Display:     |     0 |      0 |    0 |    0 |    0.0% | 0.000 ms |     0 |      0 |    0 |    0 |    0.0% | 0.000 ms |                GPUSceneUpdate                                                                            |
[2026.09.12-12.15.05:164][300]LogRHI: Display:     |     0 |      0 |    0 |    0 |    0.0% | 0.000 ms |     0 |      0 |    0 |    0 |    0.0% | 0.000 ms |                   GPUScene.Update                                                                        |
[2026.09.12-12.15.05:164][300]LogRHI: Display:     |     0 |      0 |    0 |    0 |    0.0% | 0.000 ms |     0 |      0 |    0 |    0 |    0.0% | 0.000 ms |                      GPUScene::SetInstancePrimitiveIdCS                                                  |
[2026.09.12-12.15.05:164][300]LogRHI: Display:     |     0 |      0 |    0 |    0 |    0.0% | 0.000 ms |     0 |      0 |    0 |    0 |    0.0% | 0.000 ms |                      UpdateGPUScene NumPrimitiveDataUploads 13                                           |
[2026.09.12-12.15.05:164][300]LogRHI: Display:     |     0 |      0 |    0 |    0 |    0.0% | 0.000 ms |     0 |      0 |    0 |    0 |    0.0% | 0.000 ms |                         ScatterUpload (Resource: GPUScene.InstanceSceneData)                             |
[2026.09.12-12.15.05:164][300]LogRHI: Display:     |     0 |      0 |    0 |    0 |    0.0% | 0.000 ms |     0 |      0 |    0 |    0 |    0.0% | 0.000 ms |                         ScatterUpload (Resource: GPUScene.PrimitiveData)                                 |
[2026.09.12-12.15.05:164][300]LogRHI: Display:     |     0 |      0 |    0 |    0 |    0.0% | 0.000 ms |     0 |      0 |    0 |    0 |    0.0% | 0.000 ms |                      GPUScene::SetInstancePrimitiveIdCS                                                  |
[2026.09.12-12.15.05:164][300]LogRHI: Display:     |     0 |      0 |    0 |    0 |    0.0% | 0.000 ms |     0 |      0 |    0 |    0 |    0.0% | 0.000 ms |             EnqueueCopy(GPUMessageManager.MessageBuffer)                                                 |
[2026.09.12-12.15.05:164][300]LogRHI: Display:     |     0 |      0 |    0 |    0 |    0.0% | 0.000 ms |     0 |      0 |    0 |    0 |    0.0% | 0.000 ms |             FRDGBuilder::SubmitBufferUploads                                                             |
[2026.09.12-12.15.05:164][300]LogRHI: Display:     |     0 |      0 |    0 |    0 |    0.0% | 0.000 ms |     0 |      0 |    0 |    0 |    0.0% | 0.000 ms |          "AllocateRendertargets"                                                                         |
[2026.09.12-12.15.05:164][300]LogRHI: Display:     |     0 |      0 |    0 |    0 |    0.0% | 0.000 ms |     0 |      0 |    0 |    0 |    0.0% | 0.000 ms |          "VisibilityCommands"                                                                            |
[2026.09.12-12.15.05:164][300]LogRHI: Display:     |     0 |      0 |    0 |    0 |    0.0% | 0.000 ms |     0 |      0 |    0 |    0 |    0.0% | 0.000 ms |          "DistanceFields"                                                                                |
[2026.09.12-12.15.05:164][300]LogRHI: Display:     |     0 |      0 |    0 |    0 |    0.0% | 0.000 ms |     0 |      0 |    0 |    0 |    0.0% | 0.000 ms |          RayTracingGeometry                                                                              |
[2026.09.12-12.15.05:164][300]LogRHI: Display:     |     0 |      0 |    0 |    0 |    0.0% | 0.000 ms |     0 |      0 |    0 |    0 |    0.0% | 0.000 ms |       EndDrawingViewport                                                                                 |
[2026.09.12-12.15.05:164][300]LogRHI: Display:     |     0 |      0 |    0 |    0 |    0.0% | 0.000 ms |     0 |      0 |    0 |    0 |    0.0% | 0.000 ms |       RenderGraphExecute - Slate                                                                         |
[2026.09.12-12.15.05:164][300]LogRHI: Display:     |     0 |      0 |    0 |    0 |    0.0% | 0.000 ms |     0 |      0 |    0 |    0 |    0.0% | 0.000 ms |          FRDGBuilder::SubmitBufferUploads                                                                |
[2026.09.12-12.15.05:164][300]LogRHI: Display:     |     0 |      0 |    0 |    0 |    0.0% | 0.000 ms |     0 |      0 |    0 |    0 |    0.0% | 0.000 ms |       RenderGraphExecute - CanvasRenderThreadScope                                                       |
[2026.09.12-12.15.05:164][300]LogRHI: Display:     |     0 |      0 |    0 |    0 |    0.0% | 0.000 ms |     0 |      0 |    0 |    0 |    0.0% | 0.000 ms |          CanvasBatchedElements                                                                           |
[2026.09.12-12.15.05:164][300]LogRHI: Display:     |     0 |      0 |    0 |    0 |    0.0% | 0.000 ms |     0 |      0 |    0 |    0 |    0.0% | 0.000 ms |          CanvasBatchedElements                                                                           |
[2026.09.12-12.15.05:164][300]LogRHI: Display:     |     0 |      0 |    0 |    0 |    0.0% | 0.000 ms |     0 |      0 |    0 |    0 |    0.0% | 0.000 ms |          CanvasBatchedElements                                                                           |
[2026.09.12-12.15.05:164][300]LogRHI: Display:     |     0 |      0 |    0 |    0 |    0.0% | 0.000 ms |     0 |      0 |    0 |    0 |    0.0% | 0.000 ms |          CanvasBatchedElements                                                                           |
[2026.09.12-12.15.05:164][300]LogRHI: Display:     |     0 |      0 |    0 |    0 |    0.0% | 0.000 ms |     0 |      0 |    0 |    0 |    0.0% | 0.000 ms |          CanvasBatchedElements                                                                           |
[2026.09.12-12.15.05:164][300]LogRHI: Display:     |     0 |      0 |    0 |    0 |    0.0% | 0.000 ms |     0 |      0 |    0 |    0 |    0.0% | 0.000 ms |          CanvasBatchedElements                                                                           |
[2026.09.12-12.15.05:164][300]LogRHI: Display:     |     0 |      0 |    0 |    0 |    0.0% | 0.000 ms |     0 |      0 |    0 |    0 |    0.0% | 0.000 ms |          CanvasBatchedElements                                                                           |
[2026.09.12-12.15.05:164][300]LogRHI: Display:     |     0 |      0 |    0 |    0 |    0.0% | 0.000 ms |     0 |      0 |    0 |    0 |    0.0% | 0.000 ms |          CanvasBatchedElements                                                                           |
[2026.09.12-12.15.05:164][300]LogRHI: Display:     |     0 |      0 |    0 |    0 |    0.0% | 0.000 ms |     0 |      0 |    0 |    0 |    0.0% | 0.000 ms |          CanvasBatchedElements                                                                           |
[2026.09.12-12.15.05:164][300]LogRHI: Display:     |     0 |      0 |    0 |    0 |    0.0% | 0.000 ms |     0 |      0 |    0 |    0 |    0.0% | 0.000 ms |          CanvasBatchedElements                                                                           |
[2026.09.12-12.15.05:164][300]LogRHI: Display:     |     0 |      0 |    0 |    0 |    0.0% | 0.000 ms |     0 |      0 |    0 |    0 |    0.0% | 0.000 ms |          FRDGBuilder::SubmitBufferUploads                                                                |
[2026.09.12-12.15.05:164][300]LogRHI: Display:     |     0 |      0 |    0 |    0 |    0.0% | 0.000 ms |     0 |      0 |    0 |    0 |    0.0% | 0.000 ms |          CanvasBatchedElements                                                                           |
[2026.09.12-12.15.05:164][300]LogRHI: Display:     |     0 |      0 |    0 |    0 |    0.0% | 0.000 ms |     0 |      0 |    0 |    0 |    0.0% | 0.000 ms |          CanvasBatchedElements                                                                           |
[2026.09.12-12.15.05:164][300]LogRHI: Display:     |     0 |      0 |    0 |    0 |    0.0% | 0.000 ms |     0 |      0 |    0 |    0 |    0.0% | 0.000 ms |          CanvasBatchedElements                                                                           |
[2026.09.12-12.15.05:164][300]LogRHI: Display:     |     0 |      0 |    0 |    0 |    0.0% | 0.000 ms |     0 |      0 |    0 |    0 |    0.0% | 0.000 ms |          CanvasBatchedElements                                                                           |
[2026.09.12-12.15.05:164][300]LogRHI: Display:     |     0 |      0 |    0 |    0 |    0.0% | 0.000 ms |     0 |      0 |    0 |    0 |    0.0% | 0.000 ms |          CanvasBatchedElements                                                                           |
[2026.09.12-12.15.05:164][300]LogRHI: Display:     |     0 |      0 |    0 |    0 |    0.0% | 0.000 ms |     0 |      0 |    0 |    0 |    0.0% | 0.000 ms |          CanvasBatchedElements                                                                           |
[2026.09.12-12.15.05:164][300]LogRHI: Display:     |     0 |      0 |    0 |    0 |    0.0% | 0.000 ms |     0 |      0 |    0 |    0 |    0.0% | 0.000 ms |          CanvasBatchedElements                                                                           |
[2026.09.12-12.15.05:164][300]LogRHI: Display:     |     0 |      0 |    0 |    0 |    0.0% | 0.000 ms |     0 |      0 |    0 |    0 |    0.0% | 0.000 ms |          CanvasBatchedElements                                                                           |
[2026.09.12-12.15.05:164][300]LogRHI: Display:     |     0 |      0 |    0 |    0 |    0.0% | 0.000 ms |     0 |      0 |    0 |    0 |    0.0% | 0.000 ms |          CanvasBatchedElements                                                                           |
[2026.09.12-12.15.05:164][300]LogRHI: Display:     |     0 |      0 |    0 |    0 |    0.0% | 0.000 ms |     0 |      0 |    0 |    0 |    0.0% | 0.000 ms |          CanvasBatchedElements                                                                           |
[2026.09.12-12.15.05:164][300]LogRHI: Display:     |     0 |      0 |    0 |    0 |    0.0% | 0.000 ms |     0 |      0 |    0 |    0 |    0.0% | 0.000 ms |       SendAllEndOfFrameUpdates                                                                           |
[2026.09.12-12.15.05:164][300]LogRHI: Display:     |     0 |      0 |    0 |    0 |    0.0% | 0.000 ms |     0 |      0 |    0 |    0 |    0.0% | 0.000 ms |       WorldTick                                                                                          |
[2026.09.12-12.15.05:164][300]LogRHI: Display:     +-------+--------+------+------+---------+----------+-------+--------+------+------+---------+----------+----------------------------------------------------------------------------------------------------------+
[2026.09.12-12.15.05:164][300]LogRHI: Display: 
[2026.09.12-12.15.16:488][630]LogCinderQuality: Display: CINDERLINE_FRAME_PROFILE result map=Frontier samples=600 warmup_frames=30 viewport_px=1440x810 window_seconds=20.310 mean_ms=33.850 median_ms=33.360 p95_ms=34.030 fps=29.54 foreground=0 background_frames=600 measurement=rendered_viewport_wall_clock gpu_timing=completed_engine_frames
[2026.09.12-12.15.16:488][630]LogCinderQuality: Display: CINDERLINE_FRAME_PROFILE_TIMING metric=game_thread status=available samples=600 viewport_samples=600 unavailable_observations=0 mean_ms=1.819 median_ms=1.500 p95_ms=2.228 source=GGameThreadTime availability=positive_latest_published_counter
[2026.09.12-12.15.16:488][630]LogCinderQuality: Display: CINDERLINE_FRAME_PROFILE_TIMING metric=render_thread status=available samples=600 viewport_samples=600 unavailable_observations=0 mean_ms=3.696 median_ms=2.243 p95_ms=5.971 source=GRenderThreadTime availability=separate_thread_and_positive_latest_published_counter
[2026.09.12-12.15.16:488][630]LogCinderQuality: Display: CINDERLINE_FRAME_PROFILE_TIMING metric=rhi_thread status=available samples=600 viewport_samples=600 unavailable_observations=0 mean_ms=1.988 median_ms=2.004 p95_ms=2.477 source=GRHIThreadTime availability=separate_thread_and_positive_latest_published_counter
[2026.09.12-12.15.16:488][630]LogCinderQuality: Display: CINDERLINE_FRAME_PROFILE_TIMING metric=gpu status=available samples=600 viewport_samples=600 unavailable_observations=0 mean_ms=11.553 median_ms=10.356 p95_ms=17.968 source=FRHIGPUFrameTimeHistory availability=fresh_positive_completed_gpu_frames
[2026.09.12-12.15.16:488][630]LogCinderQuality: Display: CINDERLINE_FRAME_PROFILE_TIMING_SCOPE scope=global_engine cpu_alignment=latest_published gpu_alignment=asynchronous_completed gpu_frames=600 viewport_frames_without_gpu_completion=11 gpu_disjoint_events=0 gpu_poll_limit_hits=0 gpu_overflow_discarded=0 gpu_frame_bubbles_removed=1 render_thread_separate=1 rhi_thread_separate=1; CPU engine timings may include waits and are not CPU utilization or pure active work. GPU completions can lag, include other engine viewport work, and are not paired with these viewport frames; zero or missing timings are unavailable, not measured zero. No GPU utilization or synchronized frame attribution is inferred.
