[2026.09.12-12.19.27:927][  0]LogCinderFramePacing: Display: CINDERLINE_FRAME_PACING state=bypass effective_fps=0.00 engine_fps=0.00
[2026.09.12-12.19.28:788][  0]LogCinderFramePacing: Display: CINDERLINE_FRAME_PACING state=menu effective_fps=30.00 engine_fps=0.00
[2026.09.12-12.19.28:924][  0]LogCinderArtPreview: Display: CINDERLINE_ART_PREVIEW_FRAME mode=base viewport=1440x810 distance=2400.0 focus=(1356.4,2816.6) target_screen=(115,73)-(1282,648) projected=(56,-110)-(1339,832)
[2026.09.12-12.19.28:926][  0]LogCinderArtPreview: Display: CINDERLINE_ART_PREVIEW mode=base fixture=development_unsaved seed=4280916 buildings=6 mining_workers=3 army=7 cliff=(1320,2400,380,140) camera=projected_fit_1300_2400; ordinary simulation and fog, no save written
[2026.09.12-12.19.28:927][  0]LogCinderArtPreview: Display: CINDERLINE_ART_PREVIEW_FRAME mode=battle viewport=1440x810 distance=2400.0 focus=(1262.7,3101.6) target_screen=(115,73)-(1282,648) projected=(213,-133)-(1181,856)
[2026.09.12-12.19.28:930][  0]LogCinderArtPreview: Display: CINDERLINE_ART_PREVIEW mode=battle fixture=development_unsaved raiders=7 defenders=6 cliff_clear=1; ordinary attack-move orders and combat, no save written
[2026.09.12-12.19.28:930][  0]LogCinderModels: Display: CINDERLINE_RENDER_MODELS loaded=15/15 model_batches=55 rendered_model_entities=36 rendered_fallback_entities=0
[2026.09.12-12.19.28:930][  0]LogCinderModels: Display: CINDERLINE_RENDER_WORLD rock_kinds=4/4 rock_instances=0 fog=256_texture_plane fog_uploads=3 pads=0
[2026.09.12-12.19.28:930][  0]LogCinderModels: Display: CINDERLINE_TERRAIN_SURFACE material=layered_basalt mask=256_linear uploads=4; cached explored cliffs and observed mineral positions, no terrain collision changes
[2026.09.12-12.19.28:930][  0]LogCinderModels: Display: CINDERLINE_INSTANCE_SUBMISSIONS passes=4 delta_calls=21 transforms=63 added=98 removed=1 full_rebuilds=0 unchanged_skips=248 static_skips=7; actor-lifetime accepted adapter submissions, not GPU timings
[2026.09.12-12.19.28:930][  0]LogCinderModels: Display: CINDERLINE_SCENERY initialized=1 batches=12 instances=71 rocks=14 industrial=22 debris=35 out_of_bounds=0 rebuilds=3
[2026.09.12-12.19.28:930][  0]LogCinderModels: Display: CINDERLINE_WORLD_EFFECTS initialized=1 instances=122 peak=122 uploads=8 hidden=0 budget_drops=1
[2026.09.12-12.19.28:930][  0]LogCinderQuality: Display: CINDERLINE_GPU_PROFILE scheduled delay_seconds=10.0
[2026.09.12-12.19.28:930][  0]LogCinderQuality: Display: CINDERLINE_FRAME_PROFILE started map=Frontier warmup_frames=30 sample_frames=600 viewport_px=1440x810; measures viewport wall-clock cadence plus asynchronous raw engine timings
[2026.09.12-12.19.28:930][  0]LogCinderQuality: Display: CINDERLINE_QUALITY map=Frontier viewport_px=1440x810 render_target_px=1440x810 dpi_scale=2.000 high_dpi_active=1 foreground=0 rendered_viewport_available=1
[2026.09.12-12.19.28:930][  0]LogCinderFramePacing: Display: CINDERLINE_FRAME_PACING state=gameplay effective_fps=30.00 engine_fps=30.00
[2026.09.12-12.19.28:930][  0]LogCinderQuality: Display: CINDERLINE_QUALITY_FRAME_LIMIT engine=CinderGameEngine state=1 effective_fps=30.00; limit is not measured cadence or GPU utilization
[2026.09.12-12.19.28:930][  0]LogCinderQuality: Display: CINDERLINE_QUALITY_IOS_POLICY actual_thermal=0 raw_platform_thermal=-1 device_temperature_c=unavailable effective_thermal=0 low_power=0 effective_low_power=0 requested_frame_pace=0 actual_frame_pace=0 quality=0 stable_seconds=16931065.2 source=physical world_rendering_disabled=1
[2026.09.12-12.19.28:930][  0]LogCinderQuality: Display: CINDERLINE_QUALITY_CVAR name=EnableHighDPIAwareness value=1 set_by=Code
[2026.09.12-12.19.28:930][  0]LogCinderQuality: Display: CINDERLINE_QUALITY_CVAR name=r.AntiAliasingMethod value=2 set_by=DeviceProfile
[2026.09.12-12.19.28:930][  0]LogCinderQuality: Display: CINDERLINE_QUALITY_CVAR name=r.TemporalAA.Quality value=2 set_by=DeviceProfile
[2026.09.12-12.19.28:930][  0]LogCinderQuality: Display: CINDERLINE_QUALITY_CVAR name=r.TemporalAA.HistoryScreenPercentage value=100 set_by=Constructor
[2026.09.12-12.19.28:930][  0]LogCinderQuality: Display: CINDERLINE_QUALITY_CVAR name=r.TSR.AsyncCompute value=2 set_by=Constructor
[2026.09.12-12.19.28:930][  0]LogCinderQuality: Display: CINDERLINE_QUALITY_CVAR name=r.TSR.History.UpdateQuality value=3 set_by=Scalability
[2026.09.12-12.19.28:930][  0]LogCinderQuality: Display: CINDERLINE_QUALITY_CVAR name=r.ScreenPercentage value=100 set_by=DeviceProfile
[2026.09.12-12.19.28:930][  0]LogCinderQuality: Display: CINDERLINE_QUALITY_CVAR name=r.SecondaryScreenPercentage.GameViewport value=100 set_by=DeviceProfile
[2026.09.12-12.19.28:930][  0]LogCinderQuality: Display: CINDERLINE_QUALITY_CVAR name=r.DynamicRes.OperationMode value=0 set_by=DeviceProfile
[2026.09.12-12.19.28:930][  0]LogCinderQuality: Display: CINDERLINE_QUALITY_CVAR name=r.TSR.History.ScreenPercentage value=100 set_by=DeviceProfile
[2026.09.12-12.19.28:930][  0]LogCinderQuality: Display: CINDERLINE_QUALITY_CVAR name=r.ReflectionMethod value=2 set_by=DeviceProfile
[2026.09.12-12.19.28:930][  0]LogCinderQuality: Display: CINDERLINE_QUALITY_CVAR name=r.SSR.Quality value=3 set_by=DeviceProfile
[2026.09.12-12.19.28:930][  0]LogCinderQuality: Display: CINDERLINE_QUALITY_CVAR name=r.SSR.HalfResSceneColor value=0 set_by=DeviceProfile
[2026.09.12-12.19.28:930][  0]LogCinderQuality: Display: CINDERLINE_QUALITY_CVAR name=r.DefaultFeature.Bloom value=1 set_by=DeviceProfile
[2026.09.12-12.19.28:930][  0]LogCinderQuality: Display: CINDERLINE_QUALITY_CVAR name=r.BloomQuality value=5 set_by=DeviceProfile
[2026.09.12-12.19.28:930][  0]LogCinderQuality: Display: CINDERLINE_QUALITY_CVAR name=r.DefaultFeature.AmbientOcclusion value=1 set_by=DeviceProfile
[2026.09.12-12.19.28:930][  0]LogCinderQuality: Display: CINDERLINE_QUALITY_CVAR name=r.AmbientOcclusionLevels value=-1 set_by=DeviceProfile
[2026.09.12-12.19.28:930][  0]LogCinderQuality: Display: CINDERLINE_QUALITY_CVAR name=r.AmbientOcclusionMaxQuality value=100 set_by=DeviceProfile
[2026.09.12-12.19.28:930][  0]LogCinderQuality: Display: CINDERLINE_QUALITY_CVAR name=r.MaxAnisotropy value=16 set_by=DeviceProfile
[2026.09.12-12.19.28:930][  0]LogCinderQuality: Display: CINDERLINE_QUALITY_CVAR name=r.ShadowQuality value=5 set_by=DeviceProfile
[2026.09.12-12.19.28:930][  0]LogCinderQuality: Display: CINDERLINE_QUALITY_CVAR name=r.Shadow.MaxCSMResolution value=2048 set_by=DeviceProfile
[2026.09.12-12.19.28:930][  0]LogCinderQuality: Display: CINDERLINE_QUALITY_CVAR name=r.Shadow.MaxResolution value=2048 set_by=DeviceProfile
[2026.09.12-12.19.28:930][  0]LogCinderQuality: Display: CINDERLINE_QUALITY_CVAR name=r.Shadow.CSM.MaxCascades value=4 set_by=DeviceProfile
[2026.09.12-12.19.28:930][  0]LogCinderQuality: Display: CINDERLINE_QUALITY_CVAR name=r.Tonemapper.Sharpen value=0.25 set_by=DeviceProfile
[2026.09.12-12.19.28:930][  0]LogCinderQuality: Display: CINDERLINE_QUALITY_CVAR name=r.VSync value=0 set_by=GameSetting
[2026.09.12-12.19.28:930][  0]LogCinderQuality: Display: CINDERLINE_QUALITY_CVAR name=rhi.SyncInterval value=1 set_by=Constructor
[2026.09.12-12.19.28:930][  0]LogCinderQuality: Display: CINDERLINE_QUALITY_CVAR name=t.MaxFPS value=30 set_by=Console
[2026.09.12-12.19.28:930][  0]LogCinderQuality: Display: CINDERLINE_QUALITY_CVAR name=r.MotionBlurQuality value=0 set_by=DeviceProfile
[2026.09.12-12.19.28:930][  0]LogCinderQuality: Display: CINDERLINE_QUALITY_CVAR name=r.DepthOfFieldQuality value=0 set_by=DeviceProfile
[2026.09.12-12.19.28:930][  0]LogCinderQuality: Display: CINDERLINE_QUALITY_CVAR name=r.SceneColorFringeQuality value=0 set_by=DeviceProfile
[2026.09.12-12.19.38:833][298]LogCinderQuality: Display: CINDERLINE_GPU_PROFILE capture map=Frontier foreground=0; single instrumented frame, not sustained utilization
[2026.09.12-12.19.38:833][298]LogCinderQuality: Display: CINDERLINE_QUALITY map=Frontier viewport_px=1440x810 render_target_px=1440x810 dpi_scale=2.000 high_dpi_active=1 foreground=0 rendered_viewport_available=1
[2026.09.12-12.19.38:833][298]LogCinderQuality: Display: CINDERLINE_QUALITY_FRAME_LIMIT engine=CinderGameEngine state=1 effective_fps=30.00; limit is not measured cadence or GPU utilization
[2026.09.12-12.19.38:833][298]LogCinderQuality: Display: CINDERLINE_QUALITY_IOS_POLICY actual_thermal=0 raw_platform_thermal=-1 device_temperature_c=unavailable effective_thermal=0 low_power=0 effective_low_power=0 requested_frame_pace=0 actual_frame_pace=0 quality=0 stable_seconds=16931075.1 source=physical world_rendering_disabled=0
[2026.09.12-12.19.38:833][298]LogCinderQuality: Display: CINDERLINE_QUALITY_CVAR name=EnableHighDPIAwareness value=1 set_by=Code
[2026.09.12-12.19.38:833][298]LogCinderQuality: Display: CINDERLINE_QUALITY_CVAR name=r.AntiAliasingMethod value=2 set_by=DeviceProfile
[2026.09.12-12.19.38:833][298]LogCinderQuality: Display: CINDERLINE_QUALITY_CVAR name=r.TemporalAA.Quality value=2 set_by=DeviceProfile
[2026.09.12-12.19.38:833][298]LogCinderQuality: Display: CINDERLINE_QUALITY_CVAR name=r.TemporalAA.HistoryScreenPercentage value=100 set_by=Constructor
[2026.09.12-12.19.38:833][298]LogCinderQuality: Display: CINDERLINE_QUALITY_CVAR name=r.TSR.AsyncCompute value=2 set_by=Constructor
[2026.09.12-12.19.38:833][298]LogCinderQuality: Display: CINDERLINE_QUALITY_CVAR name=r.TSR.History.UpdateQuality value=3 set_by=Scalability
[2026.09.12-12.19.38:833][298]LogCinderQuality: Display: CINDERLINE_QUALITY_CVAR name=r.ScreenPercentage value=100 set_by=DeviceProfile
[2026.09.12-12.19.38:833][298]LogCinderQuality: Display: CINDERLINE_QUALITY_CVAR name=r.SecondaryScreenPercentage.GameViewport value=100 set_by=DeviceProfile
[2026.09.12-12.19.38:833][298]LogCinderQuality: Display: CINDERLINE_QUALITY_CVAR name=r.DynamicRes.OperationMode value=0 set_by=DeviceProfile
[2026.09.12-12.19.38:833][298]LogCinderQuality: Display: CINDERLINE_QUALITY_CVAR name=r.TSR.History.ScreenPercentage value=100 set_by=DeviceProfile
[2026.09.12-12.19.38:833][298]LogCinderQuality: Display: CINDERLINE_QUALITY_CVAR name=r.ReflectionMethod value=2 set_by=DeviceProfile
[2026.09.12-12.19.38:833][298]LogCinderQuality: Display: CINDERLINE_QUALITY_CVAR name=r.SSR.Quality value=3 set_by=DeviceProfile
[2026.09.12-12.19.38:833][298]LogCinderQuality: Display: CINDERLINE_QUALITY_CVAR name=r.SSR.HalfResSceneColor value=0 set_by=DeviceProfile
[2026.09.12-12.19.38:833][298]LogCinderQuality: Display: CINDERLINE_QUALITY_CVAR name=r.DefaultFeature.Bloom value=1 set_by=DeviceProfile
[2026.09.12-12.19.38:833][298]LogCinderQuality: Display: CINDERLINE_QUALITY_CVAR name=r.BloomQuality value=5 set_by=DeviceProfile
[2026.09.12-12.19.38:833][298]LogCinderQuality: Display: CINDERLINE_QUALITY_CVAR name=r.DefaultFeature.AmbientOcclusion value=1 set_by=DeviceProfile
[2026.09.12-12.19.38:833][298]LogCinderQuality: Display: CINDERLINE_QUALITY_CVAR name=r.AmbientOcclusionLevels value=-1 set_by=DeviceProfile
[2026.09.12-12.19.38:833][298]LogCinderQuality: Display: CINDERLINE_QUALITY_CVAR name=r.AmbientOcclusionMaxQuality value=100 set_by=DeviceProfile
[2026.09.12-12.19.38:833][298]LogCinderQuality: Display: CINDERLINE_QUALITY_CVAR name=r.MaxAnisotropy value=16 set_by=DeviceProfile
[2026.09.12-12.19.38:833][298]LogCinderQuality: Display: CINDERLINE_QUALITY_CVAR name=r.ShadowQuality value=5 set_by=DeviceProfile
[2026.09.12-12.19.38:833][298]LogCinderQuality: Display: CINDERLINE_QUALITY_CVAR name=r.Shadow.MaxCSMResolution value=2048 set_by=DeviceProfile
[2026.09.12-12.19.38:833][298]LogCinderQuality: Display: CINDERLINE_QUALITY_CVAR name=r.Shadow.MaxResolution value=2048 set_by=DeviceProfile
[2026.09.12-12.19.38:833][298]LogCinderQuality: Display: CINDERLINE_QUALITY_CVAR name=r.Shadow.CSM.MaxCascades value=4 set_by=DeviceProfile
[2026.09.12-12.19.38:833][298]LogCinderQuality: Display: CINDERLINE_QUALITY_CVAR name=r.Tonemapper.Sharpen value=0.25 set_by=DeviceProfile
[2026.09.12-12.19.38:833][298]LogCinderQuality: Display: CINDERLINE_QUALITY_CVAR name=r.VSync value=0 set_by=GameSetting
[2026.09.12-12.19.38:833][298]LogCinderQuality: Display: CINDERLINE_QUALITY_CVAR name=rhi.SyncInterval value=1 set_by=Constructor
[2026.09.12-12.19.38:833][298]LogCinderQuality: Display: CINDERLINE_QUALITY_CVAR name=t.MaxFPS value=30 set_by=Console
[2026.09.12-12.19.38:833][298]LogCinderQuality: Display: CINDERLINE_QUALITY_CVAR name=r.MotionBlurQuality value=0 set_by=DeviceProfile
[2026.09.12-12.19.38:833][298]LogCinderQuality: Display: CINDERLINE_QUALITY_CVAR name=r.DepthOfFieldQuality value=0 set_by=DeviceProfile
[2026.09.12-12.19.38:833][298]LogCinderQuality: Display: CINDERLINE_QUALITY_CVAR name=r.SceneColorFringeQuality value=0 set_by=DeviceProfile
[2026.09.12-12.19.38:882][300]LogRHI: Display: 
[2026.09.12-12.19.38:882][300]LogRHI: Display: GPU Profile for Frame 299 - Graphics pipeline 0 - GPU 0
[2026.09.12-12.19.38:882][300]LogRHI: Display: 
[2026.09.12-12.19.38:882][300]LogRHI: Display:     - Frame Time                    : 9.81ms
[2026.09.12-12.19.38:882][300]LogRHI: Display:     - r.ProfileGPU.Root             : "*"
[2026.09.12-12.19.38:882][300]LogRHI: Display:     - r.ProfileGPU.ThresholdPercent : 0.00%
[2026.09.12-12.19.38:882][300]LogRHI: Display:     - r.ProfileGPU.ShowLeafEvents   : true
[2026.09.12-12.19.38:882][300]LogRHI: Display: 
[2026.09.12-12.19.38:882][300]LogRHI: Display:     +---------------------------------------------------+---------------------------------------------------+----------------------------------------------------------------------------------------------------------+
[2026.09.12-12.19.38:882][300]LogRHI: Display:     |                     Exclusive                     |                     Inclusive                     |                                                                                                          |
[2026.09.12-12.19.38:882][300]LogRHI: Display:     +-------+--------+------+------+---------+----------+-------+--------+------+------+---------+----------+                                                  Events                                                  |
[2026.09.12-12.19.38:882][300]LogRHI: Display:     | Draws | Dsptch | Prim | Vert | Percent |   Time   | Draws | Dsptch | Prim | Vert | Percent |   Time   |                                                                                                          |
[2026.09.12-12.19.38:882][300]LogRHI: Display:     +-------+--------+------+------+---------+----------+-------+--------+------+------+---------+----------+----------------------------------------------------------------------------------------------------------+
[2026.09.12-12.19.38:882][300]LogRHI: Display:     |     0 |      0 |    0 |    0 |    0.0% | 0.000 ms |     0 |      0 |    0 |    0 |  100.0% | 9.812 ms | <root>                                                                                                   |
[2026.09.12-12.19.38:882][300]LogRHI: Display:     |     0 |      0 |    0 |    0 |    0.0% | 0.000 ms |     0 |      0 |    0 |    0 |  100.0% | 9.812 ms |    Frame 299                                                                                             |
[2026.09.12-12.19.38:882][300]LogRHI: Display:     |     0 |      0 |    0 |    0 |    0.2% | 0.022 ms |     0 |      0 |    0 |    0 |  100.0% | 9.811 ms |       SceneRender - ViewFamilies                                                                         |
[2026.09.12-12.19.38:882][300]LogRHI: Display:     |     0 |      0 |    0 |    0 |    0.0% | 0.000 ms |     0 |      0 |    0 |    0 |   99.8% | 9.789 ms |          RenderGraphExecute - /ViewFamilies                                                              |
[2026.09.12-12.19.38:883][300]LogRHI: Display:     |     0 |      0 |    0 |    0 |   19.2% | 1.885 ms |     0 |      0 |    0 |    0 |   99.5% | 9.763 ms |             Scene                                                                                        |
[2026.09.12-12.19.38:883][300]LogRHI: Display:     |     0 |      0 |    0 |    0 |    1.8% | 0.175 ms |     0 |      0 |    0 |    0 |   29.8% | 2.922 ms |                RenderDeferredLighting                                                                    |
[2026.09.12-12.19.38:883][300]LogRHI: Display:     |     0 |      0 |    0 |    0 |    0.0% | 0.000 ms |     0 |      0 |    0 |    0 |   21.5% | 2.106 ms |                   Lights                                                                                 |
[2026.09.12-12.19.38:883][300]LogRHI: Display:     |     0 |      0 |    0 |    0 |    0.0% | 0.000 ms |     0 |      0 |    0 |    0 |   21.5% | 2.106 ms |                      DirectLighting                                                                      |
[2026.09.12-12.19.38:883][300]LogRHI: Display:     |     0 |      0 |    0 |    0 |    0.0% | 0.000 ms |     0 |      0 |    0 |    0 |   21.5% | 2.106 ms |                         UnbatchedLights                                                                  |
[2026.09.12-12.19.38:883][300]LogRHI: Display:     |     0 |      0 |    0 |    0 |    0.9% | 0.092 ms |     0 |      0 |    0 |    0 |   21.5% | 2.106 ms |                            Frontier.DirectionalLight_0                                                   |
[2026.09.12-12.19.38:883][300]LogRHI: Display:     |     0 |      0 |    0 |    0 |    0.0% | 0.000 ms |     0 |      0 |    0 |    0 |   15.2% | 1.496 ms |                               ShadowProjectionOnOpaque                                                   |
[2026.09.12-12.19.38:883][300]LogRHI: Display:     |     0 |      0 |    0 |    0 |    0.0% | 0.000 ms |     0 |      0 |    0 |    0 |   15.2% | 1.496 ms |                                  Shadows                                                                 |
[2026.09.12-12.19.38:883][300]LogRHI: Display:     |     0 |      0 |    0 |    0 |    0.8% | 0.076 ms |     0 |      0 |    0 |    0 |   15.2% | 1.496 ms |                                     Frontier.DirectionalLight_0                                          |
[2026.09.12-12.19.38:883][300]LogRHI: Display:     |     0 |      0 |    0 |    0 |    8.5% | 0.833 ms |     0 |      0 |    0 |    0 |    8.5% | 0.833 ms |                                        ShadowProjection WholeScene split2                                |
[2026.09.12-12.19.38:883][300]LogRHI: Display:     |     0 |      0 |    0 |    0 |    3.2% | 0.319 ms |     0 |      0 |    0 |    0 |    3.2% | 0.319 ms |                                        ShadowProjection WholeScene split3                                |
[2026.09.12-12.19.38:883][300]LogRHI: Display:     |     0 |      0 |    0 |    0 |    1.4% | 0.135 ms |     0 |      0 |    0 |    0 |    1.4% | 0.135 ms |                                        ShadowProjection WholeScene split0                                |
[2026.09.12-12.19.38:883][300]LogRHI: Display:     |     0 |      0 |    0 |    0 |    1.4% | 0.133 ms |     0 |      0 |    0 |    0 |    1.4% | 0.133 ms |                                        ShadowProjection WholeScene split1                                |
[2026.09.12-12.19.38:883][300]LogRHI: Display:     |     0 |      0 |    0 |    0 |    5.3% | 0.518 ms |     0 |      0 |    0 |    0 |    5.3% | 0.518 ms |                               RenderLight Light::StandardDeferred: DirectionalLight_0                    |
[2026.09.12-12.19.38:883][300]LogRHI: Display:     |     0 |      0 |    0 |    0 |    0.0% | 0.000 ms |     0 |      0 |    0 |    0 |    0.0% | 0.000 ms |                               ClearRenderTarget(ShadowMaskTexture, slice 0, mip 0) 1440x816 ClearAction  |
[2026.09.12-12.19.38:883][300]LogRHI: Display:     |     0 |      0 |    0 |    0 |    0.0% | 0.000 ms |     0 |      0 |    0 |    0 |    6.5% | 0.642 ms |                   DiffuseIndirectAndAO                                                                   |
[2026.09.12-12.19.38:883][300]LogRHI: Display:     |     0 |      0 |    0 |    0 |    6.5% | 0.642 ms |     0 |      0 |    0 |    0 |    6.5% | 0.642 ms |                      DiffuseIndirectComposite(DiffuseIndirect=Disabled ApplyAOToSceneColor) 1440x810     |
[2026.09.12-12.19.38:883][300]LogRHI: Display:     |     0 |      0 |    0 |    0 |    1.1% | 0.113 ms |     0 |      0 |    0 |    0 |   16.0% | 1.573 ms |                PostProcessing                                                                            |
[2026.09.12-12.19.38:883][300]LogRHI: Display:     |     0 |      0 |    0 |    0 |    1.1% | 0.105 ms |     0 |      0 |    0 |    0 |    5.8% | 0.569 ms |                   Bloom                                                                                  |
[2026.09.12-12.19.38:883][300]LogRHI: Display:     |     0 |      0 |    0 |    0 |    0.5% | 0.051 ms |     0 |      0 |    0 |    0 |    0.5% | 0.051 ms |                      GaussianBlur.BloomY 720x405 (PS, Static)                                            |
[2026.09.12-12.19.38:883][300]LogRHI: Display:     |     0 |      0 |    0 |    0 |    0.5% | 0.047 ms |     0 |      0 |    0 |    0 |    0.5% | 0.047 ms |                      GaussianBlur.BloomX 720x405 (PS, Static)                                            |
[2026.09.12-12.19.38:883][300]LogRHI: Display:     |     0 |      0 |    0 |    0 |    0.5% | 0.046 ms |     0 |      0 |    0 |    0 |    0.5% | 0.046 ms |                      GaussianBlur.BloomY 90x51 (PS, Static)                                              |
[2026.09.12-12.19.38:883][300]LogRHI: Display:     |     0 |      0 |    0 |    0 |    0.5% | 0.046 ms |     0 |      0 |    0 |    0 |    0.5% | 0.046 ms |                      GaussianBlur.BloomX 90x51 (PS, Static)                                              |
[2026.09.12-12.19.38:883][300]LogRHI: Display:     |     0 |      0 |    0 |    0 |    0.4% | 0.041 ms |     0 |      0 |    0 |    0 |    0.4% | 0.041 ms |                      GaussianBlur.BloomY 360x203 (PS, Static)                                            |
[2026.09.12-12.19.38:883][300]LogRHI: Display:     |     0 |      0 |    0 |    0 |    0.4% | 0.039 ms |     0 |      0 |    0 |    0 |    0.4% | 0.039 ms |                      GaussianBlur.BloomX 360x203 (PS, Static)                                            |
[2026.09.12-12.19.38:883][300]LogRHI: Display:     |     0 |      0 |    0 |    0 |    0.4% | 0.036 ms |     0 |      0 |    0 |    0 |    0.4% | 0.036 ms |                      GaussianBlur.BloomX 45x26 (PS, Static)                                              |
[2026.09.12-12.19.38:883][300]LogRHI: Display:     |     0 |      0 |    0 |    0 |    0.3% | 0.034 ms |     0 |      0 |    0 |    0 |    0.3% | 0.034 ms |                      GaussianBlur.BloomY 180x102 (PS, Static)                                            |
[2026.09.12-12.19.38:883][300]LogRHI: Display:     |     0 |      0 |    0 |    0 |    0.3% | 0.034 ms |     0 |      0 |    0 |    0 |    0.3% | 0.034 ms |                      GaussianBlur.BloomX 180x102 (PS, Static)                                            |
[2026.09.12-12.19.38:883][300]LogRHI: Display:     |     0 |      0 |    0 |    0 |    0.3% | 0.032 ms |     0 |      0 |    0 |    0 |    0.3% | 0.032 ms |                      GaussianBlur.BloomY 45x26 (PS, Static)                                              |
[2026.09.12-12.19.38:883][300]LogRHI: Display:     |     0 |      0 |    0 |    0 |    0.3% | 0.030 ms |     0 |      0 |    0 |    0 |    0.3% | 0.030 ms |                      GaussianBlur.BloomY 23x13 (PS, Static)                                              |
[2026.09.12-12.19.38:883][300]LogRHI: Display:     |     0 |      0 |    0 |    0 |    0.3% | 0.030 ms |     0 |      0 |    0 |    0 |    0.3% | 0.030 ms |                      GaussianBlur.BloomX 23x13 (PS, Static)                                              |
[2026.09.12-12.19.38:883][300]LogRHI: Display:     |     0 |      0 |    0 |    0 |    0.0% | 0.000 ms |     0 |      0 |    0 |    0 |    4.3% | 0.417 ms |                   TAA                                                                                    |
[2026.09.12-12.19.38:883][300]LogRHI: Display:     |     0 |      0 |    0 |    0 |    4.3% | 0.417 ms |     0 |      0 |    0 |    0 |    4.3% | 0.417 ms |                      TAA(MainUpsampling Quality=High) 1440x810 -> 1440x810                               |
[2026.09.12-12.19.38:883][300]LogRHI: Display:     |     0 |      0 |    0 |    0 |    0.4% | 0.043 ms |     0 |      0 |    0 |    0 |    1.7% | 0.169 ms |                   TextureDownsampleChain                                                                 |
[2026.09.12-12.19.38:883][300]LogRHI: Display:     |     0 |      0 |    0 |    0 |    0.3% | 0.030 ms |     0 |      0 |    0 |    0 |    0.3% | 0.030 ms |                      Downsample(BloomSetup(1/8) Quality=High PS) 360x203 -> 180x102                      |
[2026.09.12-12.19.38:883][300]LogRHI: Display:     |     0 |      0 |    0 |    0 |    0.3% | 0.026 ms |     0 |      0 |    0 |    0 |    0.3% | 0.026 ms |                      Downsample(BloomSetup(1/4) Quality=High PS) 720x405 -> 360x203                      |
[2026.09.12-12.19.38:883][300]LogRHI: Display:     |     0 |      0 |    0 |    0 |    0.3% | 0.026 ms |     0 |      0 |    0 |    0 |    0.3% | 0.026 ms |                      Downsample(BloomSetup(1/16) Quality=High PS) 180x102 -> 90x51                       |
[2026.09.12-12.19.38:883][300]LogRHI: Display:     |     0 |      0 |    0 |    0 |    0.3% | 0.026 ms |     0 |      0 |    0 |    0 |    0.3% | 0.026 ms |                      Downsample(BloomSetup(1/32) Quality=High PS) 90x51 -> 45x26                         |
[2026.09.12-12.19.38:883][300]LogRHI: Display:     |     0 |      0 |    0 |    0 |    0.2% | 0.019 ms |     0 |      0 |    0 |    0 |    0.2% | 0.019 ms |                      Downsample(BloomSetup(1/64) Quality=High PS) 45x26 -> 23x13                         |
[2026.09.12-12.19.38:883][300]LogRHI: Display:     |     0 |      0 |    0 |    0 |    1.6% | 0.156 ms |     0 |      0 |    0 |    0 |    1.6% | 0.156 ms |                   Tonemap 1440x810 (PS GammaOnly=0)                                                      |
[2026.09.12-12.19.38:883][300]LogRHI: Display:     |     0 |      0 |    0 |    0 |    0.0% | 0.000 ms |     0 |      0 |    0 |    0 |    0.5% | 0.047 ms |                   ComposeTranslucencyToNewSceneColor                                                     |
[2026.09.12-12.19.38:883][300]LogRHI: Display:     |     0 |      0 |    0 |    0 |    0.5% | 0.047 ms |     0 |      0 |    0 |    0 |    0.5% | 0.047 ms |                      ComposeTranslucencyToNewSceneColor(AfterDOF) 1440x810 -> 1440x810                   |
[2026.09.12-12.19.38:883][300]LogRHI: Display:     |     0 |      0 |    0 |    0 |    0.5% | 0.046 ms |     0 |      0 |    0 |    0 |    0.5% | 0.046 ms |                   Downsample(PostProcessing.SceneColor.HalfRes Quality=Bilinear PS) 1440x810 -> 720x405  |
[2026.09.12-12.19.38:883][300]LogRHI: Display:     |     0 |      0 |    0 |    0 |    0.3% | 0.030 ms |     0 |      0 |    0 |    0 |    0.3% | 0.030 ms |                   BloomSetup 720x405 (PS)                                                                |
[2026.09.12-12.19.38:883][300]LogRHI: Display:     |     0 |      0 |    0 |    0 |    0.2% | 0.019 ms |     0 |      0 |    0 |    0 |    0.2% | 0.019 ms |                   HistogramEyeAdaptation (CS)                                                            |
[2026.09.12-12.19.38:883][300]LogRHI: Display:     |     0 |      0 |    0 |    0 |    0.1% | 0.008 ms |     0 |      0 |    0 |    0 |    0.1% | 0.008 ms |                   EnqueueCopy(EyeAdaptationBuffer)                                                       |
[2026.09.12-12.19.38:883][300]LogRHI: Display:     |     0 |      0 |    0 |    0 |    0.5% | 0.044 ms |     0 |      0 |    0 |    0 |   14.3% | 1.405 ms |                LightCompositionTasks_PreLighting                                                         |
[2026.09.12-12.19.38:883][300]LogRHI: Display:     |     0 |      0 |    0 |    0 |    0.0% | 0.000 ms |     0 |      0 |    0 |    0 |    9.6% | 0.944 ms |                   ScreenSpace AO                                                                         |
[2026.09.12-12.19.38:883][300]LogRHI: Display:     |     0 |      0 |    0 |    0 |    9.6% | 0.944 ms |     0 |      0 |    0 |    0 |    9.6% | 0.944 ms |                      AmbientOcclusionPS 1440x810 SetupAsInput=0 Upsample=1 ShaderQuality=4               |
[2026.09.12-12.19.38:883][300]LogRHI: Display:     |     0 |      0 |    0 |    0 |    0.0% | 0.000 ms |     0 |      0 |    0 |    0 |    2.5% | 0.246 ms |                   ScreenSpace AO                                                                         |
[2026.09.12-12.19.38:883][300]LogRHI: Display:     |     0 |      0 |    0 |    0 |    2.5% | 0.246 ms |     0 |      0 |    0 |    0 |    2.5% | 0.246 ms |                      AmbientOcclusionPS 720x405 SetupAsInput=1 Upsample=1 ShaderQuality=4                |
[2026.09.12-12.19.38:883][300]LogRHI: Display:     |     0 |      0 |    0 |    0 |    0.0% | 0.000 ms |     0 |      0 |    0 |    0 |    1.0% | 0.100 ms |                   ScreenSpace AO                                                                         |
[2026.09.12-12.19.38:883][300]LogRHI: Display:     |     0 |      0 |    0 |    0 |    1.0% | 0.100 ms |     0 |      0 |    0 |    0 |    1.0% | 0.100 ms |                      AmbientOcclusionPS 360x203 SetupAsInput=1 Upsample=0 ShaderQuality=4                |
[2026.09.12-12.19.38:883][300]LogRHI: Display:     |     0 |      0 |    0 |    0 |    0.0% | 0.000 ms |     0 |      0 |    0 |    0 |    0.4% | 0.038 ms |                   ScreenSpace AO Setup                                                                   |
[2026.09.12-12.19.38:883][300]LogRHI: Display:     |     0 |      0 |    0 |    0 |    0.4% | 0.038 ms |     0 |      0 |    0 |    0 |    0.4% | 0.038 ms |                      AmbientOcclusionSetup 720x405                                                       |
[2026.09.12-12.19.38:883][300]LogRHI: Display:     |     0 |      0 |    0 |    0 |    0.0% | 0.000 ms |     0 |      0 |    0 |    0 |    0.0% | 0.000 ms |                      AccessModePass[Graphics] (Textures: 1, Buffers: 0)                                  |
[2026.09.12-12.19.38:883][300]LogRHI: Display:     |     0 |      0 |    0 |    0 |    0.0% | 0.000 ms |     0 |      0 |    0 |    0 |    0.3% | 0.033 ms |                   ScreenSpace AO Setup                                                                   |
[2026.09.12-12.19.38:883][300]LogRHI: Display:     |     0 |      0 |    0 |    0 |    0.3% | 0.033 ms |     0 |      0 |    0 |    0 |    0.3% | 0.033 ms |                      AmbientOcclusionSetup 360x203                                                       |
[2026.09.12-12.19.38:883][300]LogRHI: Display:     |     0 |      0 |    0 |    0 |    0.0% | 0.000 ms |     0 |      0 |    0 |    0 |    6.9% | 0.680 ms |                RenderDeferredLighting                                                                    |
[2026.09.12-12.19.38:883][300]LogRHI: Display:     |     0 |      0 |    0 |    0 |    0.0% | 0.000 ms |     0 |      0 |    0 |    0 |    6.9% | 0.680 ms |                   DiffuseIndirectAndAO                                                                   |
[2026.09.12-12.19.38:883][300]LogRHI: Display:     |     0 |      0 |    0 |    0 |    0.2% | 0.019 ms |     0 |      0 |    0 |    0 |    6.9% | 0.680 ms |                      ReflectionIndirect                                                                  |
[2026.09.12-12.19.38:883][300]LogRHI: Display:     |     0 |      0 |    0 |    0 |    0.0% | 0.000 ms |     0 |      0 |    0 |    0 |    4.0% | 0.397 ms |                         ScreenSpaceReflections(Quality=2)                                                |
[2026.09.12-12.19.38:883][300]LogRHI: Display:     |     0 |      0 |    0 |    0 |    0.0% | 0.000 ms |     0 |      0 |    0 |    0 |    4.0% | 0.397 ms |                            ScreenSpaceReflections                                                        |
[2026.09.12-12.19.38:883][300]LogRHI: Display:     |     0 |      0 |    0 |    0 |    4.0% | 0.397 ms |     0 |      0 |    0 |    0 |    4.0% | 0.397 ms |                               SSR RayMarch(Quality=2 RayPerPixel=1) 1440x810                             |
[2026.09.12-12.19.38:883][300]LogRHI: Display:     |     0 |      0 |    0 |    0 |    0.0% | 0.000 ms |     0 |      0 |    0 |    0 |    2.7% | 0.264 ms |                         ReflectionEnvironment                                                            |
[2026.09.12-12.19.38:883][300]LogRHI: Display:     |     0 |      0 |    0 |    0 |    2.7% | 0.264 ms |     0 |      0 |    0 |    0 |    2.7% | 0.264 ms |                            ReflectionEnvironmentAndSky(1440x810,SubstrateMat=Off)                        |
[2026.09.12-12.19.38:883][300]LogRHI: Display:     |     0 |      0 |    0 |    0 |    0.0% | 0.000 ms |     0 |      0 |    0 |    0 |    4.6% | 0.451 ms |                BasePass                                                                                  |
[2026.09.12-12.19.38:883][300]LogRHI: Display:     |     0 |      0 |    0 |    0 |    4.6% | 0.447 ms |     0 |      0 |    0 |    0 |    4.6% | 0.447 ms |                   BasePassParallel                                                                       |
[2026.09.12-12.19.38:883][300]LogRHI: Display:     |     0 |      0 |    0 |    0 |    0.0% | 0.000 ms |     0 |      0 |    0 |    0 |    0.0% | 0.004 ms |                   EditorPrimitives                                                                       |
[2026.09.12-12.19.38:883][300]LogRHI: Display:     |     0 |      0 |    0 |    0 |    0.0% | 0.004 ms |     0 |      0 |    0 |    0 |    0.0% | 0.004 ms |                      EditorPrimitives: SDPG_World                                                        |
[2026.09.12-12.19.38:883][300]LogRHI: Display:     |     0 |      0 |    0 |    0 |    0.1% | 0.009 ms |     0 |      0 |    0 |    0 |    4.2% | 0.410 ms |                ShadowDepths                                                                              |
[2026.09.12-12.19.38:883][300]LogRHI: Display:     |     0 |      0 |    0 |    0 |    0.7% | 0.071 ms |     0 |      0 |    0 |    0 |    3.5% | 0.341 ms |                   Atlas0 8192x2048                                                                       |
[2026.09.12-12.19.38:883][300]LogRHI: Display:     |     0 |      0 |    0 |    0 |    0.1% | 0.010 ms |     0 |      0 |    0 |    0 |    2.8% | 0.270 ms |                      Frontier.DirectionalLight_0                                                         |
[2026.09.12-12.19.38:883][300]LogRHI: Display:     |     0 |      0 |    0 |    0 |    0.0% | 0.000 ms |     0 |      0 |    0 |    0 |    1.4% | 0.138 ms |                         WholeScene split3 2040x2040                                                      |
[2026.09.12-12.19.38:883][300]LogRHI: Display:     |     0 |      0 |    0 |    0 |    1.4% | 0.138 ms |     0 |      0 |    0 |    0 |    1.4% | 0.138 ms |                            ShadowDepthPassParallel                                                       |
[2026.09.12-12.19.38:883][300]LogRHI: Display:     |     0 |      0 |    0 |    0 |    0.0% | 0.000 ms |     0 |      0 |    0 |    0 |    1.2% | 0.123 ms |                         WholeScene split2 2040x2040                                                      |
[2026.09.12-12.19.38:883][300]LogRHI: Display:     |     0 |      0 |    0 |    0 |    1.2% | 0.123 ms |     0 |      0 |    0 |    0 |    1.2% | 0.123 ms |                            ShadowDepthPassParallel                                                       |
[2026.09.12-12.19.38:883][300]LogRHI: Display:     |     0 |      0 |    0 |    0 |    0.0% | 0.000 ms |     0 |      0 |    0 |    0 |    0.0% | 0.000 ms |                         WholeScene split1 2040x2040                                                      |
[2026.09.12-12.19.38:883][300]LogRHI: Display:     |     0 |      0 |    0 |    0 |    0.0% | 0.000 ms |     0 |      0 |    0 |    0 |    0.0% | 0.000 ms |                            ShadowDepthPassParallel                                                       |
[2026.09.12-12.19.38:883][300]LogRHI: Display:     |     0 |      0 |    0 |    0 |    0.0% | 0.000 ms |     0 |      0 |    0 |    0 |    0.0% | 0.000 ms |                         WholeScene split0 2040x2040                                                      |
[2026.09.12-12.19.38:883][300]LogRHI: Display:     |     0 |      0 |    0 |    0 |    0.0% | 0.000 ms |     0 |      0 |    0 |    0 |    0.0% | 0.000 ms |                            ShadowDepthPassParallel                                                       |
[2026.09.12-12.19.38:883][300]LogRHI: Display:     |     0 |      0 |    0 |    0 |    0.0% | 0.000 ms |     0 |      0 |    0 |    0 |    0.0% | 0.000 ms |                      ClearShadowDepth                                                                    |
[2026.09.12-12.19.38:883][300]LogRHI: Display:     |     0 |      0 |    0 |    0 |    0.1% | 0.006 ms |     0 |      0 |    0 |    0 |    0.6% | 0.060 ms |                   BuildRenderingCommandsDeferred(Culling=On)                                             |
[2026.09.12-12.19.38:883][300]LogRHI: Display:     |     0 |      0 |    0 |    0 |    0.5% | 0.045 ms |     0 |      0 |    0 |    0 |    0.5% | 0.045 ms |                      ClearIndirectArgInstanceCount                                                       |
[2026.09.12-12.19.38:883][300]LogRHI: Display:     |     0 |      0 |    0 |    0 |    0.1% | 0.009 ms |     0 |      0 |    0 |    0 |    0.1% | 0.009 ms |                      ClearBuffer(InstanceCulling.Compaction.BlockInstanceCounts Size=4bytes)             |
[2026.09.12-12.19.38:883][300]LogRHI: Display:     |     0 |      0 |    0 |    0 |    0.0% | 0.000 ms |     0 |      0 |    0 |    0 |    0.0% | 0.000 ms |                      CullInstances(Generic). Bin 1                                                       |
[2026.09.12-12.19.38:883][300]LogRHI: Display:     |     0 |      0 |    0 |    0 |    0.0% | 0.000 ms |     0 |      0 |    0 |    0 |    0.0% | 0.000 ms |                      Instance Compaction Phase 1                                                         |
[2026.09.12-12.19.38:883][300]LogRHI: Display:     |     0 |      0 |    0 |    0 |    0.0% | 0.000 ms |     0 |      0 |    0 |    0 |    0.0% | 0.000 ms |                      Instance Compaction Phase 2                                                         |
[2026.09.12-12.19.38:883][300]LogRHI: Display:     |     0 |      0 |    0 |    0 |    0.0% | 0.000 ms |     0 |      0 |    0 |    0 |    0.0% | 0.000 ms |                      CullInstances(UnCulled). Bin 0                                                      |
[2026.09.12-12.19.38:883][300]LogRHI: Display:     |     0 |      0 |    0 |    0 |    0.0% | 0.000 ms |     0 |      0 |    0 |    0 |    1.1% | 0.107 ms |                PrePass DDM_AllOpaqueNoVelocity (Forced by DBuffer)                                       |
[2026.09.12-12.19.38:883][300]LogRHI: Display:     |     0 |      0 |    0 |    0 |    1.1% | 0.103 ms |     0 |      0 |    0 |    0 |    1.1% | 0.103 ms |                   DepthPassParallel                                                                      |
[2026.09.12-12.19.38:883][300]LogRHI: Display:     |     0 |      0 |    0 |    0 |    0.0% | 0.004 ms |     0 |      0 |    0 |    0 |    0.0% | 0.004 ms |                   EditorPrimitives                                                                       |
[2026.09.12-12.19.38:883][300]LogRHI: Display:     |     0 |      0 |    0 |    0 |    0.8% | 0.083 ms |     0 |      0 |    0 |    0 |    0.8% | 0.083 ms |                GBufferClear                                                                              |
[2026.09.12-12.19.38:883][300]LogRHI: Display:     |     0 |      0 |    0 |    0 |    0.0% | 0.000 ms |     0 |      0 |    0 |    0 |    0.7% | 0.068 ms |                HZB                                                                                       |
[2026.09.12-12.19.38:883][300]LogRHI: Display:     |     0 |      0 |    0 |    0 |    0.0% | 0.000 ms |     0 |      0 |    0 |    0 |    0.7% | 0.068 ms |                   BeginOcclusionTests                                                                    |
[2026.09.12-12.19.38:883][300]LogRHI: Display:     |     0 |      0 |    0 |    0 |    0.7% | 0.068 ms |     0 |      0 |    0 |    0 |    0.7% | 0.068 ms |                      BeginOcclusionTests                                                                 |
[2026.09.12-12.19.38:883][300]LogRHI: Display:     |     0 |      0 |    0 |    0 |    0.0% | 0.000 ms |     0 |      0 |    0 |    0 |    0.0% | 0.000 ms |                         BeginOcclusionTests                                                              |
[2026.09.12-12.19.38:883][300]LogRHI: Display:     |     0 |      0 |    0 |    0 |    0.0% | 0.000 ms |     0 |      0 |    0 |    0 |    0.0% | 0.000 ms |                            ViewOcclusionTests 0                                                          |
[2026.09.12-12.19.38:883][300]LogRHI: Display:     |     0 |      0 |    0 |    0 |    0.0% | 0.000 ms |     0 |      0 |    0 |    0 |    0.0% | 0.000 ms |                               BeginOcclusionTests                                                        |
[2026.09.12-12.19.38:883][300]LogRHI: Display:     |     0 |      0 |    0 |    0 |    0.0% | 0.000 ms |     0 |      0 |    0 |    0 |    0.0% | 0.000 ms |                                  GroupedQueries                                                          |
[2026.09.12-12.19.38:883][300]LogRHI: Display:     |     0 |      0 |    0 |    0 |    0.0% | 0.000 ms |     0 |      0 |    0 |    0 |    0.0% | 0.000 ms |                                  IndividualQueries                                                       |
[2026.09.12-12.19.38:883][300]LogRHI: Display:     |     0 |      0 |    0 |    0 |    0.0% | 0.000 ms |     0 |      0 |    0 |    0 |    0.0% | 0.000 ms |                                  ShadowFrustumQueries                                                    |
[2026.09.12-12.19.38:883][300]LogRHI: Display:     |     0 |      0 |    0 |    0 |    0.0% | 0.000 ms |     0 |      0 |    0 |    0 |    0.5% | 0.053 ms |                ComputeLightGrid                                                                          |
[2026.09.12-12.19.38:883][300]LogRHI: Display:     |     0 |      0 |    0 |    0 |    0.2% | 0.017 ms |     0 |      0 |    0 |    0 |    0.5% | 0.053 ms |                   CullLights 23x13x32 NumLights 0 NumCaptures 0                                          |
[2026.09.12-12.19.38:883][300]LogRHI: Display:     |     0 |      0 |    0 |    0 |    0.2% | 0.024 ms |     0 |      0 |    0 |    0 |    0.2% | 0.024 ms |                      LightGridInject LinkedList  UseHZBCull  SingleThread                                |
[2026.09.12-12.19.38:883][300]LogRHI: Display:     |     0 |      0 |    0 |    0 |    0.1% | 0.012 ms |     0 |      0 |    0 |    0 |    0.1% | 0.012 ms |                      ClearBuffer(CulledLightLinkAllocator Size=4bytes)                                   |
[2026.09.12-12.19.38:883][300]LogRHI: Display:     |     0 |      0 |    0 |    0 |    0.0% | 0.000 ms |     0 |      0 |    0 |    0 |    0.0% | 0.000 ms |                      ClearBuffer(NumCulledLightsGrid Size=153088bytes)                                   |
[2026.09.12-12.19.38:883][300]LogRHI: Display:     |     0 |      0 |    0 |    0 |    0.0% | 0.000 ms |     0 |      0 |    0 |    0 |    0.0% | 0.000 ms |                      LightGridFeedbackStatus                                                             |
[2026.09.12-12.19.38:883][300]LogRHI: Display:     |     0 |      0 |    0 |    0 |    0.0% | 0.000 ms |     0 |      0 |    0 |    0 |    0.0% | 0.000 ms |                      ClearBuffer(CulledLightDataAllocator Size=4bytes)                                   |
[2026.09.12-12.19.38:883][300]LogRHI: Display:     |     0 |      0 |    0 |    0 |    0.0% | 0.000 ms |     0 |      0 |    0 |    0 |    0.5% | 0.051 ms |                LightFunctionAtlasGeneration                                                              |
[2026.09.12-12.19.38:883][300]LogRHI: Display:     |     0 |      0 |    0 |    0 |    0.5% | 0.051 ms |     0 |      0 |    0 |    0 |    0.5% | 0.051 ms |                   LightFunctionAtlas Generation                                                          |
[2026.09.12-12.19.38:883][300]LogRHI: Display:     |     0 |      0 |    0 |    0 |    0.0% | 0.000 ms |     0 |      0 |    0 |    0 |    0.3% | 0.030 ms |                HZB                                                                                       |
[2026.09.12-12.19.38:883][300]LogRHI: Display:     |     0 |      0 |    0 |    0 |    0.0% | 0.000 ms |     0 |      0 |    0 |    0 |    0.3% | 0.030 ms |                   BuildHZB(ViewId=0)                                                                     |
[2026.09.12-12.19.38:883][300]LogRHI: Display:     |     0 |      0 |    0 |    0 |    0.0% | 0.000 ms |     0 |      0 |    0 |    0 |    0.3% | 0.030 ms |                      BuildHZB                                                                            |
[2026.09.12-12.19.38:883][300]LogRHI: Display:     |     0 |      0 |    0 |    0 |    0.3% | 0.030 ms |     0 |      0 |    0 |    0 |    0.3% | 0.030 ms |                         ReduceHZB(mips=[0;3] Furthest) 1024x512                                          |
[2026.09.12-12.19.38:883][300]LogRHI: Display:     |     0 |      0 |    0 |    0 |    0.0% | 0.000 ms |     0 |      0 |    0 |    0 |    0.0% | 0.000 ms |                         ReduceHZB(mips=[8;9] Furthest) 4x2                                               |
[2026.09.12-12.19.38:883][300]LogRHI: Display:     |     0 |      0 |    0 |    0 |    0.0% | 0.000 ms |     0 |      0 |    0 |    0 |    0.0% | 0.000 ms |                         ReduceHZB(mips=[4;7] Furthest) 64x32                                             |
[2026.09.12-12.19.38:883][300]LogRHI: Display:     |     0 |      0 |    0 |    0 |    0.0% | 0.000 ms |     0 |      0 |    0 |    0 |    0.2% | 0.023 ms |                BuildRenderingCommandsDeferred(Culling=On)                                                |
[2026.09.12-12.19.38:883][300]LogRHI: Display:     |     0 |      0 |    0 |    0 |    0.2% | 0.023 ms |     0 |      0 |    0 |    0 |    0.2% | 0.023 ms |                   ClearIndirectArgInstanceCount                                                          |
[2026.09.12-12.19.38:883][300]LogRHI: Display:     |     0 |      0 |    0 |    0 |    0.0% | 0.000 ms |     0 |      0 |    0 |    0 |    0.0% | 0.000 ms |                   CullInstances(UnCulled). Bin 0                                                         |
[2026.09.12-12.19.38:883][300]LogRHI: Display:     |     0 |      0 |    0 |    0 |    0.0% | 0.000 ms |     0 |      0 |    0 |    0 |    0.0% | 0.000 ms |                   CullInstances(Generic). Bin 1                                                          |
[2026.09.12-12.19.38:883][300]LogRHI: Display:     |     0 |      0 |    0 |    0 |    0.0% | 0.000 ms |     0 |      0 |    0 |    0 |    0.0% | 0.000 ms |                   Instance Compaction Phase 1                                                            |
[2026.09.12-12.19.38:883][300]LogRHI: Display:     |     0 |      0 |    0 |    0 |    0.0% | 0.000 ms |     0 |      0 |    0 |    0 |    0.0% | 0.000 ms |                   Instance Compaction Phase 2                                                            |
[2026.09.12-12.19.38:883][300]LogRHI: Display:     |     0 |      0 |    0 |    0 |    0.0% | 0.000 ms |     0 |      0 |    0 |    0 |    0.0% | 0.000 ms |                   ClearBuffer(InstanceCulling.Compaction.BlockInstanceCounts Size=4bytes)                |
[2026.09.12-12.19.38:883][300]LogRHI: Display:     |     0 |      0 |    0 |    0 |    0.0% | 0.000 ms |     0 |      0 |    0 |    0 |    0.2% | 0.016 ms |                Translucency                                                                              |
[2026.09.12-12.19.38:883][300]LogRHI: Display:     |     0 |      0 |    0 |    0 |    0.0% | 0.000 ms |     0 |      0 |    0 |    0 |    0.2% | 0.016 ms |                   RenderTranslucency                                                                     |
[2026.09.12-12.19.38:883][300]LogRHI: Display:     |     0 |      0 |    0 |    0 |    0.2% | 0.016 ms |     0 |      0 |    0 |    0 |    0.2% | 0.016 ms |                      Translucency(AfterDOF Parallel) 1440x810                                            |
[2026.09.12-12.19.38:883][300]LogRHI: Display:     |     0 |      0 |    0 |    0 |    0.0% | 0.000 ms |     0 |      0 |    0 |    0 |    0.0% | 0.000 ms |                      ClearRenderTarget(Translucency.AfterDOF.Color, slice 0, mip 0) 1440x816 ClearAction |
[2026.09.12-12.19.38:883][300]LogRHI: Display:     |     0 |      0 |    0 |    0 |    0.0% | 0.000 ms |     0 |      0 |    0 |    0 |    0.1% | 0.007 ms |                GPUSceneUpdate                                                                            |
[2026.09.12-12.19.38:883][300]LogRHI: Display:     |     0 |      0 |    0 |    0 |    0.1% | 0.007 ms |     0 |      0 |    0 |    0 |    0.1% | 0.007 ms |                   ClearBuffer(ViewData.DeformingInstanceViewMask Size=40bytes)                           |
[2026.09.12-12.19.38:883][300]LogRHI: Display:     |     0 |      0 |    0 |    0 |    0.0% | 0.000 ms |     0 |      0 |    0 |    0 |    0.0% | 0.000 ms |                PostRenderOpsFX                                                                           |
[2026.09.12-12.19.38:883][300]LogRHI: Display:     |     0 |      0 |    0 |    0 |    0.0% | 0.000 ms |     0 |      0 |    0 |    0 |    0.0% | 0.000 ms |                   FXSystemPostRenderOpaque                                                               |
[2026.09.12-12.19.38:883][300]LogRHI: Display:     |     0 |      0 |    0 |    0 |    0.0% | 0.000 ms |     0 |      0 |    0 |    0 |    0.0% | 0.000 ms |                      GPUParticles_PostRenderOpaque                                                       |
[2026.09.12-12.19.38:883][300]LogRHI: Display:     |     0 |      0 |    0 |    0 |    0.0% | 0.000 ms |     0 |      0 |    0 |    0 |    0.0% | 0.000 ms |                   AsyncGpuTraceHelper::PostRenderOpaque                                                  |
[2026.09.12-12.19.38:883][300]LogRHI: Display:     |     0 |      0 |    0 |    0 |    0.0% | 0.000 ms |     0 |      0 |    0 |    0 |    0.0% | 0.000 ms |                   Niagara::PostRenderFinish                                                              |
[2026.09.12-12.19.38:883][300]LogRHI: Display:     |     0 |      0 |    0 |    0 |    0.0% | 0.000 ms |     0 |      0 |    0 |    0 |    0.0% | 0.000 ms |                   UnsetSceneTexturesUniformBuffer                                                        |
[2026.09.12-12.19.38:883][300]LogRHI: Display:     |     0 |      0 |    0 |    0 |    0.0% | 0.000 ms |     0 |      0 |    0 |    0 |    0.0% | 0.000 ms |                   SetSceneTexturesUniformBuffer                                                          |
[2026.09.12-12.19.38:883][300]LogRHI: Display:     |     0 |      0 |    0 |    0 |    0.0% | 0.000 ms |     0 |      0 |    0 |    0 |    0.0% | 0.000 ms |                ClearDepthStencil (SceneDepthZ)                                                           |
[2026.09.12-12.19.38:883][300]LogRHI: Display:     |     0 |      0 |    0 |    0 |    0.0% | 0.000 ms |     0 |      0 |    0 |    0 |    0.0% | 0.000 ms |                FXSystemPreRender                                                                         |
[2026.09.12-12.19.38:883][300]LogRHI: Display:     |     0 |      0 |    0 |    0 |    0.0% | 0.000 ms |     0 |      0 |    0 |    0 |    0.0% | 0.000 ms |                   GPUParticles_PreRender                                                                 |
[2026.09.12-12.19.38:883][300]LogRHI: Display:     |     0 |      0 |    0 |    0 |    0.0% | 0.000 ms |     0 |      0 |    0 |    0 |    0.0% | 0.000 ms |                   AccessModePass[Graphics] (Textures: 0, Buffers: 1)                                     |
[2026.09.12-12.19.38:883][300]LogRHI: Display:     |     0 |      0 |    0 |    0 |    0.0% | 0.000 ms |     0 |      0 |    0 |    0 |    0.0% | 0.000 ms |                ClearStencil (SceneDepthZ)                                                                |
[2026.09.12-12.19.38:883][300]LogRHI: Display:     |     0 |      0 |    0 |    0 |    0.0% | 0.000 ms |     0 |      0 |    0 |    0 |    0.0% | 0.000 ms |                VirtualTextureUpdate                                                                      |
[2026.09.12-12.19.38:883][300]LogRHI: Display:     |     0 |      0 |    0 |    0 |    0.0% | 0.000 ms |     0 |      0 |    0 |    0 |    0.0% | 0.000 ms |                ExtractUniformBuffer                                                                      |
[2026.09.12-12.19.38:883][300]LogRHI: Display:     |     0 |      0 |    0 |    0 |    0.2% | 0.022 ms |     0 |      0 |    0 |    0 |    0.2% | 0.022 ms |             ClearGPUMessageBuffer                                                                        |
[2026.09.12-12.19.38:883][300]LogRHI: Display:     |     0 |      0 |    0 |    0 |    0.0% | 0.004 ms |     0 |      0 |    0 |    0 |    0.0% | 0.004 ms |             ShaderPrint::UploadParameters                                                                |
[2026.09.12-12.19.38:883][300]LogRHI: Display:     |     0 |      0 |    0 |    0 |    0.0% | 0.000 ms |     0 |      0 |    0 |    0 |    0.0% | 0.000 ms |             UpdateAllPrimitiveSceneInfos                                                                 |
[2026.09.12-12.19.38:883][300]LogRHI: Display:     |     0 |      0 |    0 |    0 |    0.0% | 0.000 ms |     0 |      0 |    0 |    0 |    0.0% | 0.000 ms |                GPUSceneUpdate                                                                            |
[2026.09.12-12.19.38:884][300]LogRHI: Display:     |     0 |      0 |    0 |    0 |    0.0% | 0.000 ms |     0 |      0 |    0 |    0 |    0.0% | 0.000 ms |                   GPUScene.Update                                                                        |
[2026.09.12-12.19.38:884][300]LogRHI: Display:     |     0 |      0 |    0 |    0 |    0.0% | 0.000 ms |     0 |      0 |    0 |    0 |    0.0% | 0.000 ms |                      GPUScene::SetInstancePrimitiveIdCS                                                  |
[2026.09.12-12.19.38:884][300]LogRHI: Display:     |     0 |      0 |    0 |    0 |    0.0% | 0.000 ms |     0 |      0 |    0 |    0 |    0.0% | 0.000 ms |                      UpdateGPUScene NumPrimitiveDataUploads 13                                           |
[2026.09.12-12.19.38:884][300]LogRHI: Display:     |     0 |      0 |    0 |    0 |    0.0% | 0.000 ms |     0 |      0 |    0 |    0 |    0.0% | 0.000 ms |                         ScatterUpload (Resource: GPUScene.InstanceSceneData)                             |
[2026.09.12-12.19.38:884][300]LogRHI: Display:     |     0 |      0 |    0 |    0 |    0.0% | 0.000 ms |     0 |      0 |    0 |    0 |    0.0% | 0.000 ms |                         ScatterUpload (Resource: GPUScene.PrimitiveData)                                 |
[2026.09.12-12.19.38:884][300]LogRHI: Display:     |     0 |      0 |    0 |    0 |    0.0% | 0.000 ms |     0 |      0 |    0 |    0 |    0.0% | 0.000 ms |                      GPUScene::SetInstancePrimitiveIdCS                                                  |
[2026.09.12-12.19.38:884][300]LogRHI: Display:     |     0 |      0 |    0 |    0 |    0.0% | 0.000 ms |     0 |      0 |    0 |    0 |    0.0% | 0.000 ms |             EnqueueCopy(GPUMessageManager.MessageBuffer)                                                 |
[2026.09.12-12.19.38:884][300]LogRHI: Display:     |     0 |      0 |    0 |    0 |    0.0% | 0.000 ms |     0 |      0 |    0 |    0 |    0.0% | 0.000 ms |             FRDGBuilder::SubmitBufferUploads                                                             |
[2026.09.12-12.19.38:884][300]LogRHI: Display:     |     0 |      0 |    0 |    0 |    0.0% | 0.000 ms |     0 |      0 |    0 |    0 |    0.0% | 0.000 ms |          "AllocateRendertargets"                                                                         |
[2026.09.12-12.19.38:884][300]LogRHI: Display:     |     0 |      0 |    0 |    0 |    0.0% | 0.000 ms |     0 |      0 |    0 |    0 |    0.0% | 0.000 ms |          "VisibilityCommands"                                                                            |
[2026.09.12-12.19.38:884][300]LogRHI: Display:     |     0 |      0 |    0 |    0 |    0.0% | 0.000 ms |     0 |      0 |    0 |    0 |    0.0% | 0.000 ms |          "DistanceFields"                                                                                |
[2026.09.12-12.19.38:884][300]LogRHI: Display:     |     0 |      0 |    0 |    0 |    0.0% | 0.000 ms |     0 |      0 |    0 |    0 |    0.0% | 0.000 ms |          RayTracingGeometry                                                                              |
[2026.09.12-12.19.38:884][300]LogRHI: Display:     |     0 |      0 |    0 |    0 |    0.0% | 0.000 ms |     0 |      0 |    0 |    0 |    0.0% | 0.000 ms |       RenderGraphExecute - Slate                                                                         |
[2026.09.12-12.19.38:884][300]LogRHI: Display:     |     0 |      0 |    0 |    0 |    0.0% | 0.000 ms |     0 |      0 |    0 |    0 |    0.0% | 0.000 ms |          FRDGBuilder::SubmitBufferUploads                                                                |
[2026.09.12-12.19.38:884][300]LogRHI: Display:     |     0 |      0 |    0 |    0 |    0.0% | 0.000 ms |     0 |      0 |    0 |    0 |    0.0% | 0.000 ms |       RenderGraphExecute - CanvasRenderThreadScope                                                       |
[2026.09.12-12.19.38:884][300]LogRHI: Display:     |     0 |      0 |    0 |    0 |    0.0% | 0.000 ms |     0 |      0 |    0 |    0 |    0.0% | 0.000 ms |          CanvasBatchedElements                                                                           |
[2026.09.12-12.19.38:884][300]LogRHI: Display:     |     0 |      0 |    0 |    0 |    0.0% | 0.000 ms |     0 |      0 |    0 |    0 |    0.0% | 0.000 ms |          CanvasBatchedElements                                                                           |
[2026.09.12-12.19.38:884][300]LogRHI: Display:     |     0 |      0 |    0 |    0 |    0.0% | 0.000 ms |     0 |      0 |    0 |    0 |    0.0% | 0.000 ms |          CanvasBatchedElements                                                                           |
[2026.09.12-12.19.38:884][300]LogRHI: Display:     |     0 |      0 |    0 |    0 |    0.0% | 0.000 ms |     0 |      0 |    0 |    0 |    0.0% | 0.000 ms |          CanvasBatchedElements                                                                           |
[2026.09.12-12.19.38:884][300]LogRHI: Display:     |     0 |      0 |    0 |    0 |    0.0% | 0.000 ms |     0 |      0 |    0 |    0 |    0.0% | 0.000 ms |          CanvasBatchedElements                                                                           |
[2026.09.12-12.19.38:884][300]LogRHI: Display:     |     0 |      0 |    0 |    0 |    0.0% | 0.000 ms |     0 |      0 |    0 |    0 |    0.0% | 0.000 ms |          CanvasBatchedElements                                                                           |
[2026.09.12-12.19.38:884][300]LogRHI: Display:     |     0 |      0 |    0 |    0 |    0.0% | 0.000 ms |     0 |      0 |    0 |    0 |    0.0% | 0.000 ms |          CanvasBatchedElements                                                                           |
[2026.09.12-12.19.38:884][300]LogRHI: Display:     |     0 |      0 |    0 |    0 |    0.0% | 0.000 ms |     0 |      0 |    0 |    0 |    0.0% | 0.000 ms |          CanvasBatchedElements                                                                           |
[2026.09.12-12.19.38:884][300]LogRHI: Display:     |     0 |      0 |    0 |    0 |    0.0% | 0.000 ms |     0 |      0 |    0 |    0 |    0.0% | 0.000 ms |          CanvasBatchedElements                                                                           |
[2026.09.12-12.19.38:884][300]LogRHI: Display:     |     0 |      0 |    0 |    0 |    0.0% | 0.000 ms |     0 |      0 |    0 |    0 |    0.0% | 0.000 ms |          CanvasBatchedElements                                                                           |
[2026.09.12-12.19.38:884][300]LogRHI: Display:     |     0 |      0 |    0 |    0 |    0.0% | 0.000 ms |     0 |      0 |    0 |    0 |    0.0% | 0.000 ms |          FRDGBuilder::SubmitBufferUploads                                                                |
[2026.09.12-12.19.38:884][300]LogRHI: Display:     |     0 |      0 |    0 |    0 |    0.0% | 0.000 ms |     0 |      0 |    0 |    0 |    0.0% | 0.000 ms |          CanvasBatchedElements                                                                           |
[2026.09.12-12.19.38:884][300]LogRHI: Display:     |     0 |      0 |    0 |    0 |    0.0% | 0.000 ms |     0 |      0 |    0 |    0 |    0.0% | 0.000 ms |          CanvasBatchedElements                                                                           |
[2026.09.12-12.19.38:884][300]LogRHI: Display:     |     0 |      0 |    0 |    0 |    0.0% | 0.000 ms |     0 |      0 |    0 |    0 |    0.0% | 0.000 ms |          CanvasBatchedElements                                                                           |
[2026.09.12-12.19.38:884][300]LogRHI: Display:     |     0 |      0 |    0 |    0 |    0.0% | 0.000 ms |     0 |      0 |    0 |    0 |    0.0% | 0.000 ms |          CanvasBatchedElements                                                                           |
[2026.09.12-12.19.38:884][300]LogRHI: Display:     |     0 |      0 |    0 |    0 |    0.0% | 0.000 ms |     0 |      0 |    0 |    0 |    0.0% | 0.000 ms |          CanvasBatchedElements                                                                           |
[2026.09.12-12.19.38:884][300]LogRHI: Display:     |     0 |      0 |    0 |    0 |    0.0% | 0.000 ms |     0 |      0 |    0 |    0 |    0.0% | 0.000 ms |          CanvasBatchedElements                                                                           |
[2026.09.12-12.19.38:884][300]LogRHI: Display:     |     0 |      0 |    0 |    0 |    0.0% | 0.000 ms |     0 |      0 |    0 |    0 |    0.0% | 0.000 ms |          CanvasBatchedElements                                                                           |
[2026.09.12-12.19.38:884][300]LogRHI: Display:     |     0 |      0 |    0 |    0 |    0.0% | 0.000 ms |     0 |      0 |    0 |    0 |    0.0% | 0.000 ms |          CanvasBatchedElements                                                                           |
[2026.09.12-12.19.38:884][300]LogRHI: Display:     |     0 |      0 |    0 |    0 |    0.0% | 0.000 ms |     0 |      0 |    0 |    0 |    0.0% | 0.000 ms |          CanvasBatchedElements                                                                           |
[2026.09.12-12.19.38:884][300]LogRHI: Display:     |     0 |      0 |    0 |    0 |    0.0% | 0.000 ms |     0 |      0 |    0 |    0 |    0.0% | 0.000 ms |          CanvasBatchedElements                                                                           |
[2026.09.12-12.19.38:884][300]LogRHI: Display:     |     0 |      0 |    0 |    0 |    0.0% | 0.000 ms |     0 |      0 |    0 |    0 |    0.0% | 0.000 ms |       SendAllEndOfFrameUpdates                                                                           |
[2026.09.12-12.19.38:884][300]LogRHI: Display:     |     0 |      0 |    0 |    0 |    0.0% | 0.000 ms |     0 |      0 |    0 |    0 |    0.0% | 0.000 ms |       EndDrawingViewport                                                                                 |
[2026.09.12-12.19.38:884][300]LogRHI: Display:     |     0 |      0 |    0 |    0 |    0.0% | 0.000 ms |     0 |      0 |    0 |    0 |    0.0% | 0.000 ms |       WorldTick                                                                                          |
[2026.09.12-12.19.38:884][300]LogRHI: Display:     +-------+--------+------+------+---------+----------+-------+--------+------+------+---------+----------+----------------------------------------------------------------------------------------------------------+
[2026.09.12-12.19.38:884][300]LogRHI: Display: 
[2026.09.12-12.19.49:903][630]LogCinderQuality: Display: CINDERLINE_FRAME_PROFILE result map=Frontier samples=600 warmup_frames=30 viewport_px=1440x810 window_seconds=20.004 mean_ms=33.341 median_ms=33.349 p95_ms=34.056 fps=29.99 foreground=0 background_frames=600 measurement=rendered_viewport_wall_clock gpu_timing=completed_engine_frames
[2026.09.12-12.19.49:903][630]LogCinderQuality: Display: CINDERLINE_FRAME_PROFILE_TIMING metric=game_thread status=available samples=600 viewport_samples=600 unavailable_observations=0 mean_ms=1.562 median_ms=1.533 p95_ms=1.906 source=GGameThreadTime availability=positive_latest_published_counter
[2026.09.12-12.19.49:903][630]LogCinderQuality: Display: CINDERLINE_FRAME_PROFILE_TIMING metric=render_thread status=available samples=600 viewport_samples=600 unavailable_observations=0 mean_ms=2.172 median_ms=2.226 p95_ms=2.709 source=GRenderThreadTime availability=separate_thread_and_positive_latest_published_counter
[2026.09.12-12.19.49:903][630]LogCinderQuality: Display: CINDERLINE_FRAME_PROFILE_TIMING metric=rhi_thread status=available samples=600 viewport_samples=600 unavailable_observations=0 mean_ms=2.062 median_ms=2.175 p95_ms=2.564 source=GRHIThreadTime availability=separate_thread_and_positive_latest_published_counter
[2026.09.12-12.19.49:903][630]LogCinderQuality: Display: CINDERLINE_FRAME_PROFILE_TIMING metric=gpu status=available samples=600 viewport_samples=600 unavailable_observations=0 mean_ms=11.470 median_ms=10.874 p95_ms=17.622 source=FRHIGPUFrameTimeHistory availability=fresh_positive_completed_gpu_frames
[2026.09.12-12.19.49:903][630]LogCinderQuality: Display: CINDERLINE_FRAME_PROFILE_TIMING_SCOPE scope=global_engine cpu_alignment=latest_published gpu_alignment=asynchronous_completed gpu_frames=600 viewport_frames_without_gpu_completion=0 gpu_disjoint_events=0 gpu_poll_limit_hits=0 gpu_overflow_discarded=0 gpu_frame_bubbles_removed=1 render_thread_separate=1 rhi_thread_separate=1; CPU engine timings may include waits and are not CPU utilization or pure active work. GPU completions can lag, include other engine viewport work, and are not paired with these viewport frames; zero or missing timings are unavailable, not measured zero. No GPU utilization or synchronized frame attribution is inferred.
