[2026.09.12-12.13.34:934][  0]LogCinderFramePacing: Display: CINDERLINE_FRAME_PACING state=bypass effective_fps=0.00 engine_fps=0.00
[2026.09.12-12.13.36:148][  0]LogCinderFramePacing: Display: CINDERLINE_FRAME_PACING state=menu effective_fps=30.00 engine_fps=0.00
[2026.09.12-12.13.36:296][  0]LogCinderModels: Display: CINDERLINE_RENDER_MODELS loaded=15/15 model_batches=55 rendered_model_entities=10 rendered_fallback_entities=0
[2026.09.12-12.13.36:296][  0]LogCinderModels: Display: CINDERLINE_RENDER_WORLD rock_kinds=4/4 rock_instances=0 fog=256_texture_plane fog_uploads=1 pads=0
[2026.09.12-12.13.36:296][  0]LogCinderModels: Display: CINDERLINE_TERRAIN_SURFACE material=layered_basalt mask=256_linear uploads=1; cached explored cliffs and observed mineral positions, no terrain collision changes
[2026.09.12-12.13.36:296][  0]LogCinderModels: Display: CINDERLINE_INSTANCE_SUBMISSIONS passes=1 delta_calls=0 transforms=0 added=37 removed=0 full_rebuilds=0 unchanged_skips=72 static_skips=0; actor-lifetime accepted adapter submissions, not GPU timings
[2026.09.12-12.13.36:296][  0]LogCinderModels: Display: CINDERLINE_SCENERY initialized=1 batches=12 instances=14 rocks=0 industrial=2 debris=12 out_of_bounds=0 rebuilds=1
[2026.09.12-12.13.36:296][  0]LogCinderModels: Display: CINDERLINE_WORLD_EFFECTS initialized=1 instances=0 peak=0 uploads=0 hidden=0 budget_drops=0
[2026.09.12-12.13.36:296][  0]LogCinderQuality: Display: CINDERLINE_GPU_PROFILE scheduled delay_seconds=10.0
[2026.09.12-12.13.36:296][  0]LogCinderQuality: Display: CINDERLINE_FRAME_PROFILE started map=Frontier warmup_frames=30 sample_frames=600 viewport_px=1440x810; measures viewport wall-clock cadence plus asynchronous raw engine timings
[2026.09.12-12.13.36:296][  0]LogCinderQuality: Display: CINDERLINE_QUALITY map=Frontier viewport_px=1440x810 render_target_px=1440x810 dpi_scale=2.000 high_dpi_active=1 foreground=0 rendered_viewport_available=1
[2026.09.12-12.13.36:296][  0]LogCinderQuality: Display: CINDERLINE_QUALITY_FRAME_LIMIT engine=CinderGameEngine state=2 effective_fps=30.00; limit is not measured cadence or GPU utilization
[2026.09.12-12.13.36:296][  0]LogCinderQuality: Display: CINDERLINE_QUALITY_IOS_POLICY actual_thermal=0 raw_platform_thermal=-1 device_temperature_c=unavailable effective_thermal=0 low_power=0 effective_low_power=0 requested_frame_pace=0 actual_frame_pace=0 quality=0 stable_seconds=16930712.6 source=physical world_rendering_disabled=1
[2026.09.12-12.13.36:296][  0]LogCinderQuality: Display: CINDERLINE_QUALITY_CVAR name=EnableHighDPIAwareness value=1 set_by=Code
[2026.09.12-12.13.36:296][  0]LogCinderQuality: Display: CINDERLINE_QUALITY_CVAR name=r.AntiAliasingMethod value=2 set_by=DeviceProfile
[2026.09.12-12.13.36:296][  0]LogCinderQuality: Display: CINDERLINE_QUALITY_CVAR name=r.TemporalAA.Quality value=2 set_by=DeviceProfile
[2026.09.12-12.13.36:296][  0]LogCinderQuality: Display: CINDERLINE_QUALITY_CVAR name=r.TemporalAA.HistoryScreenPercentage value=100 set_by=Constructor
[2026.09.12-12.13.36:296][  0]LogCinderQuality: Display: CINDERLINE_QUALITY_CVAR name=r.TSR.AsyncCompute value=2 set_by=Constructor
[2026.09.12-12.13.36:296][  0]LogCinderQuality: Display: CINDERLINE_QUALITY_CVAR name=r.TSR.History.UpdateQuality value=3 set_by=Scalability
[2026.09.12-12.13.36:296][  0]LogCinderQuality: Display: CINDERLINE_QUALITY_CVAR name=r.ScreenPercentage value=100 set_by=DeviceProfile
[2026.09.12-12.13.36:296][  0]LogCinderQuality: Display: CINDERLINE_QUALITY_CVAR name=r.SecondaryScreenPercentage.GameViewport value=100 set_by=DeviceProfile
[2026.09.12-12.13.36:296][  0]LogCinderQuality: Display: CINDERLINE_QUALITY_CVAR name=r.DynamicRes.OperationMode value=0 set_by=DeviceProfile
[2026.09.12-12.13.36:296][  0]LogCinderQuality: Display: CINDERLINE_QUALITY_CVAR name=r.TSR.History.ScreenPercentage value=100 set_by=DeviceProfile
[2026.09.12-12.13.36:296][  0]LogCinderQuality: Display: CINDERLINE_QUALITY_CVAR name=r.ReflectionMethod value=2 set_by=DeviceProfile
[2026.09.12-12.13.36:296][  0]LogCinderQuality: Display: CINDERLINE_QUALITY_CVAR name=r.SSR.Quality value=3 set_by=DeviceProfile
[2026.09.12-12.13.36:296][  0]LogCinderQuality: Display: CINDERLINE_QUALITY_CVAR name=r.SSR.HalfResSceneColor value=0 set_by=DeviceProfile
[2026.09.12-12.13.36:296][  0]LogCinderQuality: Display: CINDERLINE_QUALITY_CVAR name=r.DefaultFeature.Bloom value=1 set_by=DeviceProfile
[2026.09.12-12.13.36:296][  0]LogCinderQuality: Display: CINDERLINE_QUALITY_CVAR name=r.BloomQuality value=5 set_by=DeviceProfile
[2026.09.12-12.13.36:296][  0]LogCinderQuality: Display: CINDERLINE_QUALITY_CVAR name=r.DefaultFeature.AmbientOcclusion value=1 set_by=DeviceProfile
[2026.09.12-12.13.36:296][  0]LogCinderQuality: Display: CINDERLINE_QUALITY_CVAR name=r.AmbientOcclusionLevels value=-1 set_by=DeviceProfile
[2026.09.12-12.13.36:296][  0]LogCinderQuality: Display: CINDERLINE_QUALITY_CVAR name=r.AmbientOcclusionMaxQuality value=100 set_by=DeviceProfile
[2026.09.12-12.13.36:296][  0]LogCinderQuality: Display: CINDERLINE_QUALITY_CVAR name=r.MaxAnisotropy value=16 set_by=DeviceProfile
[2026.09.12-12.13.36:296][  0]LogCinderQuality: Display: CINDERLINE_QUALITY_CVAR name=r.ShadowQuality value=5 set_by=DeviceProfile
[2026.09.12-12.13.36:296][  0]LogCinderQuality: Display: CINDERLINE_QUALITY_CVAR name=r.Shadow.MaxCSMResolution value=2048 set_by=DeviceProfile
[2026.09.12-12.13.36:296][  0]LogCinderQuality: Display: CINDERLINE_QUALITY_CVAR name=r.Shadow.MaxResolution value=2048 set_by=DeviceProfile
[2026.09.12-12.13.36:296][  0]LogCinderQuality: Display: CINDERLINE_QUALITY_CVAR name=r.Shadow.CSM.MaxCascades value=4 set_by=DeviceProfile
[2026.09.12-12.13.36:296][  0]LogCinderQuality: Display: CINDERLINE_QUALITY_CVAR name=r.Tonemapper.Sharpen value=0.25 set_by=DeviceProfile
[2026.09.12-12.13.36:296][  0]LogCinderQuality: Display: CINDERLINE_QUALITY_CVAR name=r.VSync value=0 set_by=GameSetting
[2026.09.12-12.13.36:296][  0]LogCinderQuality: Display: CINDERLINE_QUALITY_CVAR name=rhi.SyncInterval value=1 set_by=Constructor
[2026.09.12-12.13.36:296][  0]LogCinderQuality: Display: CINDERLINE_QUALITY_CVAR name=t.MaxFPS value=30 set_by=Console
[2026.09.12-12.13.36:296][  0]LogCinderQuality: Display: CINDERLINE_QUALITY_CVAR name=r.MotionBlurQuality value=0 set_by=DeviceProfile
[2026.09.12-12.13.36:296][  0]LogCinderQuality: Display: CINDERLINE_QUALITY_CVAR name=r.DepthOfFieldQuality value=0 set_by=DeviceProfile
[2026.09.12-12.13.36:296][  0]LogCinderQuality: Display: CINDERLINE_QUALITY_CVAR name=r.SceneColorFringeQuality value=0 set_by=DeviceProfile
[2026.09.12-12.13.46:203][297]LogCinderQuality: Display: CINDERLINE_GPU_PROFILE capture map=Frontier foreground=0; single instrumented frame, not sustained utilization
[2026.09.12-12.13.46:203][297]LogCinderQuality: Display: CINDERLINE_QUALITY map=Frontier viewport_px=1440x810 render_target_px=1440x810 dpi_scale=2.000 high_dpi_active=1 foreground=0 rendered_viewport_available=1
[2026.09.12-12.13.46:203][297]LogCinderQuality: Display: CINDERLINE_QUALITY_FRAME_LIMIT engine=CinderGameEngine state=2 effective_fps=30.00; limit is not measured cadence or GPU utilization
[2026.09.12-12.13.46:203][297]LogCinderQuality: Display: CINDERLINE_QUALITY_IOS_POLICY actual_thermal=0 raw_platform_thermal=-1 device_temperature_c=unavailable effective_thermal=0 low_power=0 effective_low_power=0 requested_frame_pace=0 actual_frame_pace=0 quality=0 stable_seconds=16930722.5 source=physical world_rendering_disabled=1
[2026.09.12-12.13.46:203][297]LogCinderQuality: Display: CINDERLINE_QUALITY_CVAR name=EnableHighDPIAwareness value=1 set_by=Code
[2026.09.12-12.13.46:203][297]LogCinderQuality: Display: CINDERLINE_QUALITY_CVAR name=r.AntiAliasingMethod value=2 set_by=DeviceProfile
[2026.09.12-12.13.46:203][297]LogCinderQuality: Display: CINDERLINE_QUALITY_CVAR name=r.TemporalAA.Quality value=2 set_by=DeviceProfile
[2026.09.12-12.13.46:203][297]LogCinderQuality: Display: CINDERLINE_QUALITY_CVAR name=r.TemporalAA.HistoryScreenPercentage value=100 set_by=Constructor
[2026.09.12-12.13.46:203][297]LogCinderQuality: Display: CINDERLINE_QUALITY_CVAR name=r.TSR.AsyncCompute value=2 set_by=Constructor
[2026.09.12-12.13.46:203][297]LogCinderQuality: Display: CINDERLINE_QUALITY_CVAR name=r.TSR.History.UpdateQuality value=3 set_by=Scalability
[2026.09.12-12.13.46:203][297]LogCinderQuality: Display: CINDERLINE_QUALITY_CVAR name=r.ScreenPercentage value=100 set_by=DeviceProfile
[2026.09.12-12.13.46:203][297]LogCinderQuality: Display: CINDERLINE_QUALITY_CVAR name=r.SecondaryScreenPercentage.GameViewport value=100 set_by=DeviceProfile
[2026.09.12-12.13.46:203][297]LogCinderQuality: Display: CINDERLINE_QUALITY_CVAR name=r.DynamicRes.OperationMode value=0 set_by=DeviceProfile
[2026.09.12-12.13.46:203][297]LogCinderQuality: Display: CINDERLINE_QUALITY_CVAR name=r.TSR.History.ScreenPercentage value=100 set_by=DeviceProfile
[2026.09.12-12.13.46:203][297]LogCinderQuality: Display: CINDERLINE_QUALITY_CVAR name=r.ReflectionMethod value=2 set_by=DeviceProfile
[2026.09.12-12.13.46:203][297]LogCinderQuality: Display: CINDERLINE_QUALITY_CVAR name=r.SSR.Quality value=3 set_by=DeviceProfile
[2026.09.12-12.13.46:203][297]LogCinderQuality: Display: CINDERLINE_QUALITY_CVAR name=r.SSR.HalfResSceneColor value=0 set_by=DeviceProfile
[2026.09.12-12.13.46:203][297]LogCinderQuality: Display: CINDERLINE_QUALITY_CVAR name=r.DefaultFeature.Bloom value=1 set_by=DeviceProfile
[2026.09.12-12.13.46:203][297]LogCinderQuality: Display: CINDERLINE_QUALITY_CVAR name=r.BloomQuality value=5 set_by=DeviceProfile
[2026.09.12-12.13.46:203][297]LogCinderQuality: Display: CINDERLINE_QUALITY_CVAR name=r.DefaultFeature.AmbientOcclusion value=1 set_by=DeviceProfile
[2026.09.12-12.13.46:203][297]LogCinderQuality: Display: CINDERLINE_QUALITY_CVAR name=r.AmbientOcclusionLevels value=-1 set_by=DeviceProfile
[2026.09.12-12.13.46:203][297]LogCinderQuality: Display: CINDERLINE_QUALITY_CVAR name=r.AmbientOcclusionMaxQuality value=100 set_by=DeviceProfile
[2026.09.12-12.13.46:203][297]LogCinderQuality: Display: CINDERLINE_QUALITY_CVAR name=r.MaxAnisotropy value=16 set_by=DeviceProfile
[2026.09.12-12.13.46:203][297]LogCinderQuality: Display: CINDERLINE_QUALITY_CVAR name=r.ShadowQuality value=5 set_by=DeviceProfile
[2026.09.12-12.13.46:203][297]LogCinderQuality: Display: CINDERLINE_QUALITY_CVAR name=r.Shadow.MaxCSMResolution value=2048 set_by=DeviceProfile
[2026.09.12-12.13.46:203][297]LogCinderQuality: Display: CINDERLINE_QUALITY_CVAR name=r.Shadow.MaxResolution value=2048 set_by=DeviceProfile
[2026.09.12-12.13.46:203][297]LogCinderQuality: Display: CINDERLINE_QUALITY_CVAR name=r.Shadow.CSM.MaxCascades value=4 set_by=DeviceProfile
[2026.09.12-12.13.46:203][297]LogCinderQuality: Display: CINDERLINE_QUALITY_CVAR name=r.Tonemapper.Sharpen value=0.25 set_by=DeviceProfile
[2026.09.12-12.13.46:203][297]LogCinderQuality: Display: CINDERLINE_QUALITY_CVAR name=r.VSync value=0 set_by=GameSetting
[2026.09.12-12.13.46:203][297]LogCinderQuality: Display: CINDERLINE_QUALITY_CVAR name=rhi.SyncInterval value=1 set_by=Constructor
[2026.09.12-12.13.46:203][297]LogCinderQuality: Display: CINDERLINE_QUALITY_CVAR name=t.MaxFPS value=30 set_by=Console
[2026.09.12-12.13.46:203][297]LogCinderQuality: Display: CINDERLINE_QUALITY_CVAR name=r.MotionBlurQuality value=0 set_by=DeviceProfile
[2026.09.12-12.13.46:204][297]LogCinderQuality: Display: CINDERLINE_QUALITY_CVAR name=r.DepthOfFieldQuality value=0 set_by=DeviceProfile
[2026.09.12-12.13.46:204][297]LogCinderQuality: Display: CINDERLINE_QUALITY_CVAR name=r.SceneColorFringeQuality value=0 set_by=DeviceProfile
[2026.09.12-12.13.46:243][299]LogRHI: Display: 
[2026.09.12-12.13.46:243][299]LogRHI: Display: GPU Profile for Frame 298 - Graphics pipeline 0 - GPU 0
[2026.09.12-12.13.46:243][299]LogRHI: Display: 
[2026.09.12-12.13.46:243][299]LogRHI: Display:     - Frame Time                    : 1.99ms
[2026.09.12-12.13.46:243][299]LogRHI: Display:     - r.ProfileGPU.Root             : "*"
[2026.09.12-12.13.46:243][299]LogRHI: Display:     - r.ProfileGPU.ThresholdPercent : 0.00%
[2026.09.12-12.13.46:243][299]LogRHI: Display:     - r.ProfileGPU.ShowLeafEvents   : true
[2026.09.12-12.13.46:243][299]LogRHI: Display: 
[2026.09.12-12.13.46:243][299]LogRHI: Display:     +---------------------------------------------------+---------------------------------------------------+---------------------------------------------------------+
[2026.09.12-12.13.46:243][299]LogRHI: Display:     |                     Exclusive                     |                     Inclusive                     |                                                         |
[2026.09.12-12.13.46:243][299]LogRHI: Display:     +-------+--------+------+------+---------+----------+-------+--------+------+------+---------+----------+                         Events                          |
[2026.09.12-12.13.46:243][299]LogRHI: Display:     | Draws | Dsptch | Prim | Vert | Percent |   Time   | Draws | Dsptch | Prim | Vert | Percent |   Time   |                                                         |
[2026.09.12-12.13.46:243][299]LogRHI: Display:     +-------+--------+------+------+---------+----------+-------+--------+------+------+---------+----------+---------------------------------------------------------+
[2026.09.12-12.13.46:243][299]LogRHI: Display:     |     0 |      0 |    0 |    0 |    0.0% | 0.000 ms |     0 |      0 |    0 |    0 |  100.0% | 1.990 ms | <root>                                                  |
[2026.09.12-12.13.46:243][299]LogRHI: Display:     |     0 |      0 |    0 |    0 |   11.5% | 0.228 ms |     0 |      0 |    0 |    0 |  100.0% | 1.990 ms |    Frame 298                                            |
[2026.09.12-12.13.46:243][299]LogRHI: Display:     |     0 |      0 |    0 |    0 |    0.0% | 0.000 ms |     0 |      0 |    0 |    0 |   85.1% | 1.693 ms |       RenderGraphExecute - CanvasRenderThreadScope      |
[2026.09.12-12.13.46:243][299]LogRHI: Display:     |     0 |      0 |    0 |    0 |   27.7% | 0.550 ms |     0 |      0 |    0 |    0 |   27.7% | 0.550 ms |          CanvasBatchedElements                          |
[2026.09.12-12.13.46:243][299]LogRHI: Display:     |     0 |      0 |    0 |    0 |   20.0% | 0.398 ms |     0 |      0 |    0 |    0 |   20.0% | 0.398 ms |          CanvasBatchedElements                          |
[2026.09.12-12.13.46:243][299]LogRHI: Display:     |     0 |      0 |    0 |    0 |   10.1% | 0.200 ms |     0 |      0 |    0 |    0 |   10.1% | 0.200 ms |          CanvasBatchedElements                          |
[2026.09.12-12.13.46:243][299]LogRHI: Display:     |     0 |      0 |    0 |    0 |    6.6% | 0.131 ms |     0 |      0 |    0 |    0 |    6.6% | 0.131 ms |          CanvasBatchedElements                          |
[2026.09.12-12.13.46:243][299]LogRHI: Display:     |     0 |      0 |    0 |    0 |    5.1% | 0.101 ms |     0 |      0 |    0 |    0 |    5.1% | 0.101 ms |          CanvasBatchedElements                          |
[2026.09.12-12.13.46:243][299]LogRHI: Display:     |     0 |      0 |    0 |    0 |    5.0% | 0.099 ms |     0 |      0 |    0 |    0 |    5.0% | 0.099 ms |          CanvasBatchedElements                          |
[2026.09.12-12.13.46:243][299]LogRHI: Display:     |     0 |      0 |    0 |    0 |    2.6% | 0.052 ms |     0 |      0 |    0 |    0 |    2.6% | 0.052 ms |          CanvasBatchedElements                          |
[2026.09.12-12.13.46:243][299]LogRHI: Display:     |     0 |      0 |    0 |    0 |    1.4% | 0.029 ms |     0 |      0 |    0 |    0 |    1.4% | 0.029 ms |          CanvasBatchedElements                          |
[2026.09.12-12.13.46:243][299]LogRHI: Display:     |     0 |      0 |    0 |    0 |    1.2% | 0.024 ms |     0 |      0 |    0 |    0 |    1.2% | 0.024 ms |          CanvasBatchedElements                          |
[2026.09.12-12.13.46:243][299]LogRHI: Display:     |     0 |      0 |    0 |    0 |    0.9% | 0.018 ms |     0 |      0 |    0 |    0 |    0.9% | 0.018 ms |          CanvasBatchedElements                          |
[2026.09.12-12.13.46:243][299]LogRHI: Display:     |     0 |      0 |    0 |    0 |    0.8% | 0.017 ms |     0 |      0 |    0 |    0 |    0.8% | 0.017 ms |          CanvasBatchedElements                          |
[2026.09.12-12.13.46:243][299]LogRHI: Display:     |     0 |      0 |    0 |    0 |    0.6% | 0.013 ms |     0 |      0 |    0 |    0 |    0.6% | 0.013 ms |          CanvasBatchedElements                          |
[2026.09.12-12.13.46:243][299]LogRHI: Display:     |     0 |      0 |    0 |    0 |    0.6% | 0.012 ms |     0 |      0 |    0 |    0 |    0.6% | 0.012 ms |          CanvasBatchedElements                          |
[2026.09.12-12.13.46:243][299]LogRHI: Display:     |     0 |      0 |    0 |    0 |    0.5% | 0.011 ms |     0 |      0 |    0 |    0 |    0.5% | 0.011 ms |          CanvasBatchedElements                          |
[2026.09.12-12.13.46:243][299]LogRHI: Display:     |     0 |      0 |    0 |    0 |    0.4% | 0.009 ms |     0 |      0 |    0 |    0 |    0.4% | 0.009 ms |          CanvasBatchedElements                          |
[2026.09.12-12.13.46:243][299]LogRHI: Display:     |     0 |      0 |    0 |    0 |    0.4% | 0.008 ms |     0 |      0 |    0 |    0 |    0.4% | 0.008 ms |          CanvasBatchedElements                          |
[2026.09.12-12.13.46:243][299]LogRHI: Display:     |     0 |      0 |    0 |    0 |    0.4% | 0.008 ms |     0 |      0 |    0 |    0 |    0.4% | 0.008 ms |          CanvasBatchedElements                          |
[2026.09.12-12.13.46:243][299]LogRHI: Display:     |     0 |      0 |    0 |    0 |    0.3% | 0.007 ms |     0 |      0 |    0 |    0 |    0.3% | 0.007 ms |          CanvasBatchedElements                          |
[2026.09.12-12.13.46:243][299]LogRHI: Display:     |     0 |      0 |    0 |    0 |    0.3% | 0.007 ms |     0 |      0 |    0 |    0 |    0.3% | 0.007 ms |          CanvasBatchedElements                          |
[2026.09.12-12.13.46:243][299]LogRHI: Display:     |     0 |      0 |    0 |    0 |    0.0% | 0.000 ms |     0 |      0 |    0 |    0 |    0.0% | 0.000 ms |          FRDGBuilder::SubmitBufferUploads               |
[2026.09.12-12.13.46:243][299]LogRHI: Display:     |     0 |      0 |    0 |    0 |    3.5% | 0.069 ms |     0 |      0 |    0 |    0 |    3.5% | 0.069 ms |       CanvasClear                                       |
[2026.09.12-12.13.46:243][299]LogRHI: Display:     |     0 |      0 |    0 |    0 |    0.0% | 0.000 ms |     0 |      0 |    0 |    0 |    0.0% | 0.000 ms |       RenderGraphExecute - Slate                        |
[2026.09.12-12.13.46:243][299]LogRHI: Display:     |     0 |      0 |    0 |    0 |    0.0% | 0.000 ms |     0 |      0 |    0 |    0 |    0.0% | 0.000 ms |          FRDGBuilder::SubmitBufferUploads               |
[2026.09.12-12.13.46:243][299]LogRHI: Display:     |     0 |      0 |    0 |    0 |    0.0% | 0.000 ms |     0 |      0 |    0 |    0 |    0.0% | 0.000 ms |       EndDrawingViewport                                |
[2026.09.12-12.13.46:243][299]LogRHI: Display:     |     0 |      0 |    0 |    0 |    0.0% | 0.000 ms |     0 |      0 |    0 |    0 |    0.0% | 0.000 ms |       RenderGraphExecute - UpdateAllPrimitiveSceneInfos |
[2026.09.12-12.13.46:243][299]LogRHI: Display:     |     0 |      0 |    0 |    0 |    0.0% | 0.000 ms |     0 |      0 |    0 |    0 |    0.0% | 0.000 ms |          FRDGBuilder::SubmitBufferUploads               |
[2026.09.12-12.13.46:243][299]LogRHI: Display:     |     0 |      0 |    0 |    0 |    0.0% | 0.000 ms |     0 |      0 |    0 |    0 |    0.0% | 0.000 ms |       WorldTick                                         |
[2026.09.12-12.13.46:243][299]LogRHI: Display:     +-------+--------+------+------+---------+----------+-------+--------+------+------+---------+----------+---------------------------------------------------------+
[2026.09.12-12.13.46:243][299]LogRHI: Display: 
[2026.09.12-12.13.57:362][630]LogCinderQuality: Display: CINDERLINE_FRAME_PROFILE result map=Frontier samples=600 warmup_frames=30 viewport_px=1440x810 window_seconds=20.088 mean_ms=33.480 median_ms=33.381 p95_ms=36.466 fps=29.87 foreground=0 background_frames=600 measurement=rendered_viewport_wall_clock gpu_timing=completed_engine_frames
[2026.09.12-12.13.57:362][630]LogCinderQuality: Display: CINDERLINE_FRAME_PROFILE_TIMING metric=game_thread status=available samples=600 viewport_samples=600 unavailable_observations=0 mean_ms=2.957 median_ms=2.690 p95_ms=5.695 source=GGameThreadTime availability=positive_latest_published_counter
[2026.09.12-12.13.57:362][630]LogCinderQuality: Display: CINDERLINE_FRAME_PROFILE_TIMING metric=render_thread status=available samples=600 viewport_samples=600 unavailable_observations=0 mean_ms=1.798 median_ms=1.438 p95_ms=3.622 source=GRenderThreadTime availability=separate_thread_and_positive_latest_published_counter
[2026.09.12-12.13.57:363][630]LogCinderQuality: Display: CINDERLINE_FRAME_PROFILE_TIMING metric=rhi_thread status=available samples=600 viewport_samples=600 unavailable_observations=0 mean_ms=1.432 median_ms=1.308 p95_ms=2.430 source=GRHIThreadTime availability=separate_thread_and_positive_latest_published_counter
[2026.09.12-12.13.57:363][630]LogCinderQuality: Display: CINDERLINE_FRAME_PROFILE_TIMING metric=gpu status=available samples=600 viewport_samples=600 unavailable_observations=0 mean_ms=1.919 median_ms=1.625 p95_ms=4.069 source=FRHIGPUFrameTimeHistory availability=fresh_positive_completed_gpu_frames
[2026.09.12-12.13.57:363][631]LogCinderQuality: Display: CINDERLINE_FRAME_PROFILE_TIMING_SCOPE scope=global_engine cpu_alignment=latest_published gpu_alignment=asynchronous_completed gpu_frames=600 viewport_frames_without_gpu_completion=0 gpu_disjoint_events=0 gpu_poll_limit_hits=0 gpu_overflow_discarded=0 gpu_frame_bubbles_removed=1 render_thread_separate=1 rhi_thread_separate=1; CPU engine timings may include waits and are not CPU utilization or pure active work. GPU completions can lag, include other engine viewport work, and are not paired with these viewport frames; zero or missing timings are unavailable, not measured zero. No GPU utilization or synchronized frame attribution is inferred.
