# Path: Saved/AIDifficulty/current-normal-probe
# Arch: arm64
# Object files:
[  0] linker synthesized
[  1] /var/folders/xm/lt06m0vj609_vzwd19kx0p080000gp/T/normal-probe-33f254.o
[  2] build/ai-difficulty/libCinderlineSimulation.a(Navigation.cpp.o)
[  3] build/ai-difficulty/libCinderlineSimulation.a(Network.cpp.o)
[  4] build/ai-difficulty/libCinderlineSimulation.a(Simulation.cpp.o)
[  5] build/ai-difficulty/libCinderlineSimulation.a(SimulationAI.cpp.o)
[  6] build/ai-difficulty/libCinderlineSimulation.a(SimulationJobs.cpp.o)
[  7] build/ai-difficulty/libCinderlineSimulation.a(SimulationMovement.cpp.o)
[  8] /Applications/Xcode.app/Contents/Developer/Platforms/MacOSX.platform/Developer/SDKs/MacOSX.sdk/usr/lib/libc++.tbd
[  9] /Applications/Xcode.app/Contents/Developer/Platforms/MacOSX.platform/Developer/SDKs/MacOSX.sdk/usr/lib/libSystem.tbd
[ 10] /Applications/Xcode.app/Contents/Developer/Platforms/MacOSX.platform/Developer/SDKs/MacOSX.sdk/usr/lib/system/libcompiler_rt.tbd
[ 11] /Applications/Xcode.app/Contents/Developer/Platforms/MacOSX.platform/Developer/SDKs/MacOSX.sdk/usr/lib/system/libsystem_c.tbd
[ 12] /Applications/Xcode.app/Contents/Developer/Platforms/MacOSX.platform/Developer/SDKs/MacOSX.sdk/usr/lib/system/libsystem_m.tbd
[ 13] /Applications/Xcode.app/Contents/Developer/Platforms/MacOSX.platform/Developer/SDKs/MacOSX.sdk/usr/lib/system/libunwind.tbd
# Sections:
# Address	Size    	Segment	Section
0x100000588	0x00035C10	__TEXT	__text
0x100036198	0x0000036C	__TEXT	__stubs
0x100036504	0x00001510	__TEXT	__gcc_except_tab
0x100037A14	0x000011AD	__TEXT	__cstring
0x100038BD0	0x000003B4	__TEXT	__const
0x100038F84	0x00000698	__TEXT	__unwind_info
0x10003C000	0x00000550	__DATA_CONST	__const
0x10003C550	0x000002D8	__DATA_CONST	__got
# Symbols:
# Address	Size    	File  Name
0x100000000	0x00000000	[  0] __mh_execute_header
0x100000588	0x00000534	[  1] _main
0x100000ABC	0x00000198	[  1] __ZN6cinder10SimulationD2Ev
0x100000C54	0x00000010	[  1] ___clang_call_terminate
0x100000C64	0x0000016C	[  1] __ZNSt3__124__put_character_sequenceB9nqe220106IcNS_11char_traitsIcEEEERNS_13basic_ostreamIT_T0_EES7_PKS4_m
0x100000DD0	0x000001A8	[  1] __ZNSt3__116__pad_and_outputB9nqe220106IcNS_11char_traitsIcEEEENS_19ostreambuf_iteratorIT_T0_EES6_PKS4_S8_S8_RNS_8ios_baseES4_
0x100000F78	0x00000014	[  1] __ZNSt3__112basic_stringIcNS_11char_traitsIcEENS_9allocatorIcEEE20__throw_length_errorB9nqe220106Ev
0x100000F8C	0x00000050	[  1] __ZNSt3__120__throw_length_errorB9nqe220106EPKc
0x100000FDC	0x00000024	[  1] __ZNSt12length_errorC1B9nqe220106EPKc
0x100001000	0x000000C8	[  2] __ZN6cinder10NavigationC2Ev
0x1000010C8	0x000000C8	[  2] __ZN6cinder10NavigationC1Ev
0x100001190	0x00000150	[  2] __ZN6cinder10NavigationC2ERKS0_
0x1000012E0	0x00000004	[  2] __ZN6cinder10NavigationC1ERKS0_
0x1000012E4	0x00000010	[  2] __ZN6cinder10NavigationC2EOS0_
0x1000012F4	0x00000010	[  2] __ZN6cinder10NavigationC1EOS0_
0x100001304	0x00000164	[  2] __ZN6cinder10NavigationaSERKS0_
0x100001468	0x00000040	[  2] __ZN6cinder10NavigationaSEOS0_
0x1000014A8	0x0000003C	[  2] __ZN6cinder10NavigationD2Ev
0x1000014E4	0x0000003C	[  2] __ZN6cinder10NavigationD1Ev
0x100001520	0x00000188	[  2] __ZN6cinder10Navigation4syncEfRKNSt3__16vectorINS_6NavBoxENS1_9allocatorIS3_EEEERKNS2_INS_9NavCircleENS4_IS9_EEEE
0x1000016A8	0x000005BC	[  2] __ZN6cinder10Navigation4Impl9normalizeEfRKNSt3__16vectorINS_6NavBoxENS2_9allocatorIS4_EEEERKNS3_INS_9NavCircleENS5_ISA_EEEE
0x100001C64	0x00000120	[  2] __ZN6cinder10Navigation4Impl12sameGeometryERKNS1_8GeometryES4_
0x100001D84	0x00000040	[  2] __ZN6cinder10Navigation4Impl8GeometryD1Ev
0x100001DC4	0x000001FC	[  2] __ZN6cinder10Navigation9addCircleENS_9NavCircleE
0x100001FC0	0x00000008	[  2] __ZNK6cinder10Navigation10pointClearENS_4Vec2Efj
0x100001FC8	0x000001D4	[  2] __ZNK6cinder10Navigation4Impl10pointClearENS_4Vec2Efj
0x10000219C	0x00000008	[  2] __ZNK6cinder10Navigation12segmentClearENS_4Vec2ES1_fj
0x1000021A4	0x0000024C	[  2] __ZNK6cinder10Navigation4Impl12segmentClearENS_4Vec2ES2_fj
0x1000023F0	0x00000008	[  2] __ZNK6cinder10Navigation5routeENS_4Vec2ERKNSt3__16vectorIS1_NS2_9allocatorIS1_EEEEfj
0x1000023F8	0x00000BDC	[  2] __ZNK6cinder10Navigation4Impl5routeENS_4Vec2ERKNSt3__16vectorIS2_NS3_9allocatorIS2_EEEEfj
0x100002FD4	0x00000010	[  2] __ZNK6cinder10Navigation15geometryVersionEv
0x100002FE4	0x000000D8	[  2] __ZZNSt3__16vectorIN6cinder6NavBoxENS_9allocatorIS2_EEE12emplace_backIJRKS2_EEERS2_DpOT_ENKUlvE0_clEv
0x100002FE4	0x00000000	[  0] __ZZNSt3__16vectorIN6cinder6NavBoxENS_9allocatorIS2_EEE12emplace_backIJS2_EEERS2_DpOT_ENKUlvE0_clEv
0x100002FE4	0x00000000	[  0] __ZZNSt3__16vectorIN6cinder9NavCircleENS_9allocatorIS2_EEE12emplace_backIJS2_EEERS2_DpOT_ENKUlvE0_clEv
0x100002FE4	0x00000000	[  0] __ZZNSt3__16vectorIN6cinder9NavCircleENS_9allocatorIS2_EEE12emplace_backIJRKS2_EEERS2_DpOT_ENKUlvE0_clEv
0x100002FE4	0x00000000	[  0] __ZZNSt3__16vectorIN6cinder8ObstacleENS_9allocatorIS2_EEE12emplace_backIJRKS2_EEERS2_DpOT_ENKUlvE0_clEv
0x1000030BC	0x00000014	[  2] __ZNSt3__16vectorIN6cinder6NavBoxENS_9allocatorIS2_EEE20__throw_length_errorB9nqe220106Ev
0x1000030BC	0x00000000	[  0] __ZNSt3__16vectorIN6cinder4Vec2ENS_9allocatorIS2_EEE20__throw_length_errorB9nqe220106Ev
0x1000030BC	0x00000000	[  0] __ZNSt3__16vectorINS0_IiNS_9allocatorIiEEEENS1_IS3_EEE20__throw_length_errorB9nqe220106Ev
0x1000030BC	0x00000000	[  0] __ZNSt3__16vectorINS_4pairIiiEENS_9allocatorIS2_EEE20__throw_length_errorB9nqe220106Ev
0x1000030BC	0x00000000	[  0] __ZNSt3__16vectorIiNS_9allocatorIiEEE20__throw_length_errorB9nqe220106Ev
0x1000030BC	0x00000000	[  0] __ZNSt3__16vectorINS_10shared_ptrIKN6cinder10Navigation4Impl5LayerEEENS_9allocatorIS7_EEE20__throw_length_errorB9nqe220106Ev
0x1000030BC	0x00000000	[  0] __ZNSt3__16vectorIN6cinder10Navigation4Impl10AttachmentENS_9allocatorIS4_EEE20__throw_length_errorB9nqe220106Ev
0x1000030BC	0x00000000	[  0] __ZNSt3__16vectorIN6cinder10Navigation4Impl8OpenNodeENS_9allocatorIS4_EEE20__throw_length_errorB9nqe220106Ev
0x1000030BC	0x00000000	[  0] __ZNSt3__16vectorIfNS_9allocatorIfEEE20__throw_length_errorB9nqe220106Ev
0x1000030BC	0x00000000	[  0] __ZNSt3__16vectorIjNS_9allocatorIjEEE20__throw_length_errorB9nqe220106Ev
0x1000030BC	0x00000000	[  0] __ZNSt3__16vectorIN6cinder9NavCircleENS_9allocatorIS2_EEE20__throw_length_errorB9nqe220106Ev
0x1000030BC	0x00000000	[  0] __ZNSt3__16vectorIN6cinder9QueueItemENS_9allocatorIS2_EEE20__throw_length_errorB9nqe220106Ev
0x1000030BC	0x00000000	[  0] __ZNSt3__16vectorIhNS_9allocatorIhEEE20__throw_length_errorB9nqe220106Ev
0x1000030BC	0x00000000	[  0] __ZNSt3__16vectorIN6cinder8ObstacleENS_9allocatorIS2_EEE20__throw_length_errorB9nqe220106Ev
0x1000030BC	0x00000000	[  0] __ZNSt3__16vectorIPKN6cinder6EntityENS_9allocatorIS4_EEE20__throw_length_errorB9nqe220106Ev
0x1000030BC	0x00000000	[  0] __ZNSt3__16vectorIN6cinder6EntityENS_9allocatorIS2_EEE20__throw_length_errorB9nqe220106Ev
0x1000030BC	0x00000000	[  0] __ZNSt3__16vectorIN6cinder6EffectENS_9allocatorIS2_EEE20__throw_length_errorB9nqe220106Ev
0x1000030BC	0x00000000	[  0] __ZNSt3__16vectorINS_4pairIhtEENS_9allocatorIS2_EEE20__throw_length_errorB9nqe220106Ev
0x1000030BC	0x00000000	[  0] __ZNSt3__16vectorINS_4pairIN6cinder4Vec2EfEENS_9allocatorIS4_EEE20__throw_length_errorB9nqe220106Ev
0x1000030BC	0x00000000	[  0] __ZNSt3__16vectorIN6cinder15RecordedCommandENS_9allocatorIS2_EEE20__throw_length_errorB9nqe220106Ev
0x1000030BC	0x00000000	[  0] __ZNSt3__16vectorIN6cinder10AISightingENS_9allocatorIS2_EEE20__throw_length_errorB9nqe220106Ev
0x1000030BC	0x00000000	[  0] __ZNSt3__16vectorIN6cinder12_GLOBAL__N_110AISnapshotENS_9allocatorIS3_EEE20__throw_length_errorB9nqe220106Ev
0x1000030BC	0x00000000	[  0] __ZNSt3__16vectorIPKN6cinder12_GLOBAL__N_110AISnapshotENS_9allocatorIS5_EEE20__throw_length_errorB9nqe220106Ev
0x1000030BC	0x00000000	[  0] __ZNSt3__16vectorImNS_9allocatorImEEE20__throw_length_errorB9nqe220106Ev
0x1000030D0	0x00000028	[  2] __ZSt28__throw_bad_array_new_lengthB9nqe220106v
0x1000030F8	0x00000400	[  2] __ZNSt3__111__introsortINS_17_ClassicAlgPolicyERZN6cinder10Navigation4Impl9normalizeEfRKNS_6vectorINS2_6NavBoxENS_9allocatorIS6_EEEERKNS5_INS2_9NavCircleENS7_ISC_EEEEEUlRKS6_SI_E_PS6_Lb0EEEvT1_SM_T0_NS_15iterator_traitsISM_E15difference_typeEb
0x1000034F8	0x00000240	[  2] __ZNSt3__17__sort3B9nqe220106INS_17_ClassicAlgPolicyERZN6cinder10Navigation4Impl9normalizeEfRKNS_6vectorINS2_6NavBoxENS_9allocatorIS6_EEEERKNS5_INS2_9NavCircleENS7_ISC_EEEEEUlRKS6_SI_E_PS6_Li0EEEbT1_SM_SM_T0_
0x100003738	0x00000180	[  2] __ZNSt3__17__sort4B9nqe220106INS_17_ClassicAlgPolicyERZN6cinder10Navigation4Impl9normalizeEfRKNS_6vectorINS2_6NavBoxENS_9allocatorIS6_EEEERKNS5_INS2_9NavCircleENS7_ISC_EEEEEUlRKS6_SI_E_PS6_Li0EEEvT1_SM_SM_SM_T0_
0x1000038B8	0x000001F4	[  2] __ZNSt3__17__sort5B9nqe220106INS_17_ClassicAlgPolicyERZN6cinder10Navigation4Impl9normalizeEfRKNS_6vectorINS2_6NavBoxENS_9allocatorIS6_EEEERKNS5_INS2_9NavCircleENS7_ISC_EEEEEUlRKS6_SI_E_PS6_Li0EEEvT1_SM_SM_SM_SM_T0_
0x100003AAC	0x00000134	[  2] __ZNSt3__116__insertion_sortB9nqe220106INS_17_ClassicAlgPolicyERZN6cinder10Navigation4Impl9normalizeEfRKNS_6vectorINS2_6NavBoxENS_9allocatorIS6_EEEERKNS5_INS2_9NavCircleENS7_ISC_EEEEEUlRKS6_SI_E_PS6_EEvT1_SM_T0_
0x100003BE0	0x00000100	[  2] __ZNSt3__126__insertion_sort_unguardedB9nqe220106INS_17_ClassicAlgPolicyERZN6cinder10Navigation4Impl9normalizeEfRKNS_6vectorINS2_6NavBoxENS_9allocatorIS6_EEEERKNS5_INS2_9NavCircleENS7_ISC_EEEEEUlRKS6_SI_E_PS6_EEvT1_SM_T0_
0x100003CE0	0x000002A8	[  2] __ZNSt3__131__partition_with_equals_on_leftB9nqe220106INS_17_ClassicAlgPolicyEPN6cinder6NavBoxERZNS2_10Navigation4Impl9normalizeEfRKNS_6vectorIS3_NS_9allocatorIS3_EEEERKNS7_INS2_9NavCircleENS8_ISD_EEEEEUlRKS3_SJ_E_EET0_SM_SM_T1_
0x100003F88	0x00000260	[  2] __ZNSt3__132__partition_with_equals_on_rightB9nqe220106INS_17_ClassicAlgPolicyEPN6cinder6NavBoxERZNS2_10Navigation4Impl9normalizeEfRKNS_6vectorIS3_NS_9allocatorIS3_EEEERKNS7_INS2_9NavCircleENS8_ISD_EEEEEUlRKS3_SJ_E_EENS_4pairIT0_bEESN_SN_T1_
0x1000041E8	0x000002C0	[  2] __ZNSt3__127__insertion_sort_incompleteB9nqe220106INS_17_ClassicAlgPolicyERZN6cinder10Navigation4Impl9normalizeEfRKNS_6vectorINS2_6NavBoxENS_9allocatorIS6_EEEERKNS5_INS2_9NavCircleENS7_ISC_EEEEEUlRKS6_SI_E_PS6_EEbT1_SM_T0_
0x1000044A8	0x0000026C	[  2] __ZNSt3__119__partial_sort_implB9nqe220106INS_17_ClassicAlgPolicyERZN6cinder10Navigation4Impl9normalizeEfRKNS_6vectorINS2_6NavBoxENS_9allocatorIS6_EEEERKNS5_INS2_9NavCircleENS7_ISC_EEEEEUlRKS6_SI_E_PS6_SL_EET1_SM_SM_T2_OT0_
0x100004714	0x000001F0	[  2] __ZNSt3__111__sift_downB9nqe220106INS_17_ClassicAlgPolicyELb0ERZN6cinder10Navigation4Impl9normalizeEfRKNS_6vectorINS2_6NavBoxENS_9allocatorIS6_EEEERKNS5_INS2_9NavCircleENS7_ISC_EEEEEUlRKS6_SI_E_PS6_EEvT2_OT1_NS_15iterator_traitsISM_E15difference_typeESR_
0x100004904	0x000000E8	[  2] __ZNSt3__19__sift_upB9nqe220106INS_17_ClassicAlgPolicyERZN6cinder10Navigation4Impl9normalizeEfRKNS_6vectorINS2_6NavBoxENS_9allocatorIS6_EEEERKNS5_INS2_9NavCircleENS7_ISC_EEEEEUlRKS6_SI_E_PS6_EEvT1_SM_OT0_NS_15iterator_traitsISM_E15difference_typeE
0x1000049EC	0x000005D0	[  2] __ZNSt3__111__introsortINS_17_ClassicAlgPolicyERZN6cinder10Navigation4Impl9normalizeEfRKNS_6vectorINS2_6NavBoxENS_9allocatorIS6_EEEERKNS5_INS2_9NavCircleENS7_ISC_EEEEEUlRKSC_SI_E_PSC_Lb0EEEvT1_SM_T0_NS_15iterator_traitsISM_E15difference_typeEb
0x100004FBC	0x0000020C	[  2] __ZNSt3__17__sort3B9nqe220106INS_17_ClassicAlgPolicyERZN6cinder10Navigation4Impl9normalizeEfRKNS_6vectorINS2_6NavBoxENS_9allocatorIS6_EEEERKNS5_INS2_9NavCircleENS7_ISC_EEEEEUlRKSC_SI_E_PSC_Li0EEEbT1_SM_SM_T0_
0x1000051C8	0x00000164	[  2] __ZNSt3__17__sort4B9nqe220106INS_17_ClassicAlgPolicyERZN6cinder10Navigation4Impl9normalizeEfRKNS_6vectorINS2_6NavBoxENS_9allocatorIS6_EEEERKNS5_INS2_9NavCircleENS7_ISC_EEEEEUlRKSC_SI_E_PSC_Li0EEEvT1_SM_SM_SM_T0_
0x10000532C	0x000001CC	[  2] __ZNSt3__17__sort5B9nqe220106INS_17_ClassicAlgPolicyERZN6cinder10Navigation4Impl9normalizeEfRKNS_6vectorINS2_6NavBoxENS_9allocatorIS6_EEEERKNS5_INS2_9NavCircleENS7_ISC_EEEEEUlRKSC_SI_E_PSC_Li0EEEvT1_SM_SM_SM_SM_T0_
0x1000054F8	0x00000244	[  2] __ZNSt3__131__partition_with_equals_on_leftB9nqe220106INS_17_ClassicAlgPolicyEPN6cinder9NavCircleERZNS2_10Navigation4Impl9normalizeEfRKNS_6vectorINS2_6NavBoxENS_9allocatorIS8_EEEERKNS7_IS3_NS9_IS3_EEEEEUlRKS3_SJ_E_EET0_SM_SM_T1_
0x10000573C	0x00000214	[  2] __ZNSt3__132__partition_with_equals_on_rightB9nqe220106INS_17_ClassicAlgPolicyEPN6cinder9NavCircleERZNS2_10Navigation4Impl9normalizeEfRKNS_6vectorINS2_6NavBoxENS_9allocatorIS8_EEEERKNS7_IS3_NS9_IS3_EEEEEUlRKS3_SJ_E_EENS_4pairIT0_bEESN_SN_T1_
0x100005950	0x000002BC	[  2] __ZNSt3__127__insertion_sort_incompleteB9nqe220106INS_17_ClassicAlgPolicyERZN6cinder10Navigation4Impl9normalizeEfRKNS_6vectorINS2_6NavBoxENS_9allocatorIS6_EEEERKNS5_INS2_9NavCircleENS7_ISC_EEEEEUlRKSC_SI_E_PSC_EEbT1_SM_T0_
0x100005C0C	0x000001F4	[  2] __ZNSt3__111__sift_downB9nqe220106INS_17_ClassicAlgPolicyELb0ERZN6cinder10Navigation4Impl9normalizeEfRKNS_6vectorINS2_6NavBoxENS_9allocatorIS6_EEEERKNS5_INS2_9NavCircleENS7_ISC_EEEEEUlRKSC_SI_E_PSC_EEvT2_OT1_NS_15iterator_traitsISM_E15difference_typeESR_
0x100005E00	0x000001F8	[  2] __ZNSt3__110__pop_heapB9nqe220106INS_17_ClassicAlgPolicyEZN6cinder10Navigation4Impl9normalizeEfRKNS_6vectorINS2_6NavBoxENS_9allocatorIS6_EEEERKNS5_INS2_9NavCircleENS7_ISC_EEEEEUlRKSC_SI_E_PSC_EEvT1_SL_RT0_NS_15iterator_traitsISL_E15difference_typeE
0x100005FF8	0x00000138	[  2] __ZN6cinder12_GLOBAL__N_128navSegmentBoxDistanceSquaredENS_4Vec2ES1_RKNS_6NavBoxE
0x100006130	0x00000490	[  2] __ZN6cinder12_GLOBAL__N_132navSegmentSegmentDistanceSquaredENS_4Vec2ES1_S1_S1_
0x1000065C0	0x000000AC	[  2] __ZNSt3__16vectorIN6cinder4Vec2ENS_9allocatorIS2_EEEC1B9nqe220106ESt16initializer_listIS2_E
0x10000666C	0x000001CC	[  2] __ZNK6cinder10Navigation4Impl5layerEf
0x100006838	0x000003FC	[  2] __ZNK6cinder10Navigation4Impl11attachmentsERKNS1_5LayerENS_4Vec2Efji
0x100006C34	0x00000774	[  2] __ZNK6cinder10Navigation4Impl13adaptiveRouteERKNS1_5LayerENS_4Vec2ERKNSt3__16vectorIS5_NS6_9allocatorIS5_EEEERKNS7_INS1_10AttachmentENS8_ISD_EEEESH_fj
0x1000073A8	0x00000068	[  2] __ZNSt3__16vectorIiNS_9allocatorIiEEE9push_backB9nqe220106ERKi
0x1000073A8	0x00000000	[  0] __ZNSt3__16vectorIjNS_9allocatorIjEEE9push_backB9nqe220106ERKj
0x100007410	0x00000114	[  2] __ZNSt3__19remove_ifB9nqe220106INS_11__wrap_iterIPN6cinder10Navigation4Impl10AttachmentEEEZNKS4_5routeENS2_4Vec2ERKNS_6vectorIS8_NS_9allocatorIS8_EEEEfjEUlRKS5_E_EET_SI_SI_T0_
0x100007524	0x00000104	[  2] __ZNK6cinder10Navigation4Impl14prepareScratchEi
0x100007628	0x000001B8	[  2] __ZZNK6cinder10Navigation4Impl5routeENS_4Vec2ERKNSt3__16vectorIS2_NS3_9allocatorIS2_EEEEfjENKUlNS1_8OpenNodeEE_clESA_
0x100007628	0x00000000	[  0] __ZZNK6cinder10Navigation4Impl13adaptiveRouteERKNS1_5LayerENS_4Vec2ERKNSt3__16vectorIS5_NS6_9allocatorIS5_EEEERKNS7_INS1_10AttachmentENS8_ISD_EEEESH_fjENKUlNS1_8OpenNodeEE_clESI_
0x1000077E0	0x0000009C	[  2] __ZZNK6cinder10Navigation4Impl5routeENS_4Vec2ERKNSt3__16vectorIS2_NS3_9allocatorIS2_EEEEfjENKUliE_clEi
0x10000787C	0x00000554	[  2] __ZNK6cinder10Navigation4Impl14visitNeighborsIZNKS1_5routeENS_4Vec2ERKNSt3__16vectorIS3_NS4_9allocatorIS3_EEEEfjEUlifE_EEvRKNS1_5LayerEijOT_
0x100007DD0	0x0000066C	[  2] __ZNK6cinder10Navigation4Impl13completeRouteERKNS1_5LayerENS_4Vec2ERKNSt3__16vectorIS5_NS6_9allocatorIS5_EEEEiiifj
0x10000843C	0x0000005C	[  2] __ZNSt3__110shared_ptrIKN6cinder10Navigation4Impl5LayerEED1B9nqe220106Ev
0x100008498	0x000000DC	[  2] __ZZNSt3__16vectorIN6cinder4Vec2ENS_9allocatorIS2_EEE12emplace_backIJRKS2_EEERS2_DpOT_ENKUlvE0_clEv
0x100008498	0x00000000	[  0] __ZZNSt3__16vectorIN6cinder4Vec2ENS_9allocatorIS2_EEE12emplace_backIJS2_EEERS2_DpOT_ENKUlvE0_clEv
0x100008498	0x00000000	[  0] __ZZNSt3__16vectorIPKN6cinder6EntityENS_9allocatorIS4_EEE12emplace_backIJS4_EEERS4_DpOT_ENKUlvE0_clEv
0x100008498	0x00000000	[  0] __ZZNSt3__16vectorImNS_9allocatorImEEE12emplace_backIJRKmEEERmDpOT_ENKUlvE0_clEv
0x100008574	0x00002300	[  2] __ZNK6cinder10Navigation4Impl10buildLayerEf
0x10000A874	0x00000168	[  2] __ZZNK6cinder10Navigation4Impl10buildLayerEfENKUlffffOT_E_clIZNKS1_10buildLayerEfEUliE_EEDaffffS3_
0x10000A9DC	0x000005E4	[  2] __ZNK6cinder10Navigation4Impl16addBoxCandidatesERNS1_5LayerERKNS_6NavBoxE
0x10000AFC0	0x0000015C	[  2] __ZNK6cinder10Navigation4Impl19addCircleCandidatesERNS1_5LayerERKNS_9NavCircleE
0x10000B11C	0x000001C0	[  2] __ZNSt3__16vectorINS0_IiNS_9allocatorIiEEEENS1_IS3_EEE6resizeEm
0x10000B2DC	0x000002B0	[  2] __ZNSt3__16vectorIiNS_9allocatorIiEEE6assignEmRKi
0x10000B58C	0x00000124	[  2] __ZNSt3__16vectorIiNS_9allocatorIiEEE6resizeEm
0x10000B58C	0x00000000	[  0] __ZNSt3__16vectorIfNS_9allocatorIfEEE6resizeEm
0x10000B58C	0x00000000	[  0] __ZNSt3__16vectorIjNS_9allocatorIjEEE6resizeEm
0x10000B6B0	0x00000014	[  2] __ZNSt3__120__shared_ptr_emplaceIN6cinder10Navigation4Impl5LayerENS_9allocatorIS4_EEED1Ev
0x10000B6C4	0x00000024	[  2] __ZNSt3__120__shared_ptr_emplaceIN6cinder10Navigation4Impl5LayerENS_9allocatorIS4_EEED0Ev
0x10000B6E8	0x00000008	[  2] __ZNSt3__120__shared_ptr_emplaceIN6cinder10Navigation4Impl5LayerENS_9allocatorIS4_EEE16__on_zero_sharedEv
0x10000B6F0	0x00000004	[  2] __ZNSt3__120__shared_ptr_emplaceIN6cinder10Navigation4Impl5LayerENS_9allocatorIS4_EEE21__on_zero_shared_weakEv
0x10000B6F4	0x00000120	[  2] __ZN6cinder10Navigation4Impl5LayerD2Ev
0x10000B814	0x0000038C	[  2] __ZZNK6cinder10Navigation4Impl10buildLayerEfENKUlffffOT_E_clIZZNKS1_10buildLayerEfENKUlffffS3_E0_clIZNKS1_10buildLayerEfEUlNS_4Vec2ES8_E_EEDaffffS3_EUliE_EESA_ffffS3_
0x10000BBA0	0x0000027C	[  2] __ZZNK6cinder10Navigation4Impl10buildLayerEfENKUlffffOT_E_clIZZNKS1_10buildLayerEfENKUlffffS3_E0_clIZNKS1_10buildLayerEfEUlNS_4Vec2ES8_E0_EEDaffffS3_EUliE_EESA_ffffS3_
0x10000BE1C	0x00000A4C	[  2] __ZNSt3__111__introsortINS_17_ClassicAlgPolicyERZNK6cinder10Navigation4Impl10buildLayerEfEUlNS2_4Vec2ES5_E1_PS5_Lb0EEEvT1_S9_T0_NS_15iterator_traitsIS9_E15difference_typeEb
0x10000C868	0x00000198	[  2] __ZNSt3__17__sort4B9nqe220106INS_17_ClassicAlgPolicyERZNK6cinder10Navigation4Impl10buildLayerEfEUlNS2_4Vec2ES5_E1_PS5_Li0EEEvT1_S9_S9_S9_T0_
0x10000CA00	0x00000114	[  2] __ZNSt3__131__partition_with_equals_on_leftB9nqe220106INS_17_ClassicAlgPolicyEPN6cinder4Vec2ERZNKS2_10Navigation4Impl10buildLayerEfEUlS3_S3_E1_EET0_S9_S9_T1_
0x10000CB14	0x00000424	[  2] __ZNSt3__127__insertion_sort_incompleteB9nqe220106INS_17_ClassicAlgPolicyERZNK6cinder10Navigation4Impl10buildLayerEfEUlNS2_4Vec2ES5_E1_PS5_EEbT1_S9_T0_
0x10000CF38	0x00000434	[  2] __ZNSt3__119__partial_sort_implB9nqe220106INS_17_ClassicAlgPolicyERZNK6cinder10Navigation4Impl10buildLayerEfEUlNS2_4Vec2ES5_E1_PS5_S8_EET1_S9_S9_T2_OT0_
0x10000D36C	0x00000180	[  2] __ZNSt3__112__hash_tableINS_17__hash_value_typeIxNS_6vectorIiNS_9allocatorIiEEEEEENS_22__unordered_map_hasherIxNS_4pairIKxS5_EENS_4hashIxEENS_8equal_toIxEEEENS_21__unordered_map_equalIxSA_SE_SC_EENS3_ISA_EEE11__do_rehashILb1EEEvm
0x10000D36C	0x00000000	[  0] __ZNSt3__112__hash_tableINS_17__hash_value_typeIjjEENS_22__unordered_map_hasherIjNS_4pairIKjjEENS_4hashIjEENS_8equal_toIjEEEENS_21__unordered_map_equalIjS6_SA_S8_EENS_9allocatorIS6_EEE11__do_rehashILb1EEEvm
0x10000D36C	0x00000000	[  0] __ZNSt3__112__hash_tableIjNS_4hashIjEENS_8equal_toIjEENS_9allocatorIjEEE11__do_rehashILb1EEEvm
0x10000D36C	0x00000000	[  0] __ZNSt3__112__hash_tableIyNS_4hashIyEENS_8equal_toIyEENS_9allocatorIyEEE11__do_rehashILb1EEEvm
0x10000D36C	0x00000000	[  0] __ZNSt3__112__hash_tableINS_17__hash_value_typeIjfEENS_22__unordered_map_hasherIjNS_4pairIKjfEENS_4hashIjEENS_8equal_toIjEEEENS_21__unordered_map_equalIjS6_SA_S8_EENS_9allocatorIS6_EEE11__do_rehashILb1EEEvm
0x10000D36C	0x00000000	[  0] __ZNSt3__112__hash_tableINS_17__hash_value_typeIyyEENS_22__unordered_map_hasherIyNS_4pairIKyyEENS_4hashIyEENS_8equal_toIyEEEENS_21__unordered_map_equalIyS6_SA_S8_EENS_9allocatorIS6_EEE11__do_rehashILb1EEEvm
0x10000D36C	0x00000000	[  0] __ZNSt3__112__hash_tableINS_17__hash_value_typeIyNS_6vectorImNS_9allocatorImEEEEEENS_22__unordered_map_hasherIyNS_4pairIKyS5_EENS_4hashIyEENS_8equal_toIyEEEENS_21__unordered_map_equalIySA_SE_SC_EENS3_ISA_EEE11__do_rehashILb1EEEvm
0x10000D4EC	0x00000308	[  2] __ZZNSt3__112__hash_tableINS_17__hash_value_typeIxNS_6vectorIiNS_9allocatorIiEEEEEENS_22__unordered_map_hasherIxNS_4pairIKxS5_EENS_4hashIxEENS_8equal_toIxEEEENS_21__unordered_map_equalIxSA_SE_SC_EENS3_ISA_EEE16__emplace_uniqueB9nqe220106IJRKNS_21piecewise_construct_tENS_5tupleIJOxEEENSO_IJEEEEEENS8_INS_15__hash_iteratorIPNS_11__hash_nodeIS6_PvEEEEbEEDpOT_ENKUlRS9_SN_OSQ_OSR_E_clES12_SN_S13_S14_
0x10000D7F4	0x00000060	[  2] __ZNSt3__110unique_ptrINS_11__hash_nodeINS_17__hash_value_typeIxNS_6vectorIiNS_9allocatorIiEEEEEEPvEENS_22__hash_node_destructorINS4_IS9_EEEEED1B9nqe220106Ev
0x10000D7F4	0x00000000	[  0] __ZNSt3__110unique_ptrINS_11__hash_nodeINS_17__hash_value_typeIyNS_6vectorImNS_9allocatorImEEEEEEPvEENS_22__hash_node_destructorINS4_IS9_EEEEED1B9nqe220106Ev
0x10000D854	0x00000548	[  2] __ZNSt3__111__introsortINS_17_ClassicAlgPolicyERNS_6__lessIvvEEPNS_4pairIiiEELb0EEEvT1_S8_T0_NS_15iterator_traitsIS8_E15difference_typeEb
0x10000DD9C	0x0000015C	[  2] __ZNSt3__17__sort3B9nqe220106INS_17_ClassicAlgPolicyERNS_6__lessIvvEEPNS_4pairIiiEELi0EEEbT1_S8_S8_T0_
0x10000DEF8	0x00000230	[  2] __ZNSt3__17__sort5B9nqe220106INS_17_ClassicAlgPolicyERNS_6__lessIvvEEPNS_4pairIiiEELi0EEEvT1_S8_S8_S8_S8_T0_
0x10000E128	0x00000140	[  2] __ZNSt3__131__partition_with_equals_on_leftB9nqe220106INS_17_ClassicAlgPolicyEPNS_4pairIiiEERNS_6__lessIvvEEEET0_S8_S8_T1_
0x10000E268	0x00000140	[  2] __ZNSt3__132__partition_with_equals_on_rightB9nqe220106INS_17_ClassicAlgPolicyEPNS_4pairIiiEERNS_6__lessIvvEEEENS2_IT0_bEES8_S8_T1_
0x10000E3A8	0x000002F4	[  2] __ZNSt3__127__insertion_sort_incompleteB9nqe220106INS_17_ClassicAlgPolicyERNS_6__lessIvvEEPNS_4pairIiiEEEEbT1_S8_T0_
0x10000E69C	0x00000130	[  2] __ZNSt3__111__sift_downB9nqe220106INS_17_ClassicAlgPolicyELb0ERNS_6__lessIvvEEPNS_4pairIiiEEEEvT2_OT1_NS_15iterator_traitsIS8_E15difference_typeESD_
0x10000E7CC	0x0000016C	[  2] __ZNSt3__110__pop_heapB9nqe220106INS_17_ClassicAlgPolicyENS_6__lessIvvEEPNS_4pairIiiEEEEvT1_S7_RT0_NS_15iterator_traitsIS7_E15difference_typeE
0x10000E938	0x00000118	[  2] __ZZNSt3__16vectorINS_10shared_ptrIKN6cinder10Navigation4Impl5LayerEEENS_9allocatorIS7_EEE12emplace_backIJRKS7_EEERS7_DpOT_ENKUlvE0_clEv
0x10000EA50	0x000000FC	[  2] __ZZNSt3__16vectorIN6cinder10Navigation4Impl10AttachmentENS_9allocatorIS4_EEE12emplace_backIJS4_EEERS4_DpOT_ENKUlvE0_clEv
0x10000EA50	0x00000000	[  0] __ZZNSt3__16vectorIN6cinder10Navigation4Impl10AttachmentENS_9allocatorIS4_EEE12emplace_backIJRKS4_EEERS4_DpOT_ENKUlvE0_clEv
0x10000EA50	0x00000000	[  0] __ZZNSt3__16vectorIN6cinder10Navigation4Impl8OpenNodeENS_9allocatorIS4_EEE12emplace_backIJRKS4_EEERS4_DpOT_ENKUlvE0_clEv
0x10000EA50	0x00000000	[  0] __ZZNSt3__16vectorINS_4pairIN6cinder4Vec2EfEENS_9allocatorIS4_EEE12emplace_backIJS4_EEERS4_DpOT_ENKUlvE0_clEv
0x10000EB4C	0x00000EB8	[  2] __ZNSt3__111__introsortINS_17_ClassicAlgPolicyERZNK6cinder10Navigation4Impl11attachmentsERKNS4_5LayerENS2_4Vec2EfjiEUlRKNS4_10AttachmentESB_E_PS9_Lb0EEEvT1_SF_T0_NS_15iterator_traitsISF_E15difference_typeEb
0x10000FA04	0x00000234	[  2] __ZNSt3__17__sort4B9nqe220106INS_17_ClassicAlgPolicyERZNK6cinder10Navigation4Impl11attachmentsERKNS4_5LayerENS2_4Vec2EfjiEUlRKNS4_10AttachmentESB_E_PS9_Li0EEEvT1_SF_SF_SF_T0_
0x10000FC38	0x0000016C	[  2] __ZNSt3__131__partition_with_equals_on_leftB9nqe220106INS_17_ClassicAlgPolicyEPN6cinder10Navigation4Impl10AttachmentERZNKS4_11attachmentsERKNS4_5LayerENS2_4Vec2EfjiEUlRKS5_SC_E_EET0_SF_SF_T1_
0x10000FDA4	0x00000174	[  2] __ZNSt3__132__partition_with_equals_on_rightB9nqe220106INS_17_ClassicAlgPolicyEPN6cinder10Navigation4Impl10AttachmentERZNKS4_11attachmentsERKNS4_5LayerENS2_4Vec2EfjiEUlRKS5_SC_E_EENS_4pairIT0_bEESG_SG_T1_
0x10000FF18	0x00000644	[  2] __ZNSt3__127__insertion_sort_incompleteB9nqe220106INS_17_ClassicAlgPolicyERZNK6cinder10Navigation4Impl11attachmentsERKNS4_5LayerENS2_4Vec2EfjiEUlRKNS4_10AttachmentESB_E_PS9_EEbT1_SF_T0_
0x10001055C	0x000002CC	[  2] __ZNSt3__119__partial_sort_implB9nqe220106INS_17_ClassicAlgPolicyERZNK6cinder10Navigation4Impl11attachmentsERKNS4_5LayerENS2_4Vec2EfjiEUlRKNS4_10AttachmentESB_E_PS9_SE_EET1_SF_SF_T2_OT0_
0x100010828	0x00000154	[  2] __ZNSt3__111__sift_downB9nqe220106INS_17_ClassicAlgPolicyELb0ERZNK6cinder10Navigation4Impl11attachmentsERKNS4_5LayerENS2_4Vec2EfjiEUlRKNS4_10AttachmentESB_E_PS9_EEvT2_OT1_NS_15iterator_traitsISF_E15difference_typeESK_
0x10001097C	0x00000280	[  2] __ZNSt3__16vectorIN6cinder10Navigation4Impl10AttachmentENS_9allocatorIS4_EEE18__insert_with_sizeB9nqe220106INS_17_ClassicAlgPolicyENS_11__wrap_iterIPS4_EESC_EESC_NSA_IPKS4_EET0_T1_l
0x100010BFC	0x000000DC	[  2] __ZZNSt3__16vectorIiNS_9allocatorIiEEE12emplace_backIJRKiEEERiDpOT_ENKUlvE0_clEv
0x100010BFC	0x00000000	[  0] __ZZNSt3__16vectorINS_4pairIhtEENS_9allocatorIS2_EEE12emplace_backIJS2_EEERS2_DpOT_ENKUlvE0_clEv
0x100010BFC	0x00000000	[  0] __ZZNSt3__16vectorIjNS_9allocatorIjEEE12emplace_backIJRKjEEERjDpOT_ENKUlvE0_clEv
0x100010CD8	0x000001F0	[  2] __ZNSt3__110__pop_heapB9nqe220106INS_17_ClassicAlgPolicyEN6cinder10Navigation4Impl11OpenGreaterENS_11__wrap_iterIPNS4_8OpenNodeEEEEEvT1_SA_RT0_NS_15iterator_traitsISA_E15difference_typeE
0x100010EC8	0x00000174	[  2] __ZZNK6cinder10Navigation4Impl5routeENS_4Vec2ERKNSt3__16vectorIS2_NS3_9allocatorIS2_EEEEfjENKUlifE_clEif
0x10001103C	0x000000E0	[  2] __ZN6cinder10Navigation4ImplD2Ev
0x10001111C	0x00000014	[  2] __ZNSt3__120__shared_ptr_emplaceIN6cinder10Navigation4Impl5StateENS_9allocatorIS4_EEED1Ev
0x100011130	0x00000024	[  2] __ZNSt3__120__shared_ptr_emplaceIN6cinder10Navigation4Impl5StateENS_9allocatorIS4_EEED0Ev
0x100011154	0x000000C4	[  2] __ZNSt3__120__shared_ptr_emplaceIN6cinder10Navigation4Impl5StateENS_9allocatorIS4_EEE16__on_zero_sharedEv
0x100011218	0x00000004	[  2] __ZNSt3__120__shared_ptr_emplaceIN6cinder10Navigation4Impl5StateENS_9allocatorIS4_EEE21__on_zero_shared_weakEv
0x10001121C	0x000001A0	[  3] __ZN6cinder3net10ViewMemoryC2Ev
0x1000113BC	0x00000048	[  3] __ZNSt3__113unordered_mapIyyNS_4hashIyEENS_8equal_toIyEENS_9allocatorINS_4pairIKyyEEEEED1B9nqe220106Ev
0x1000113BC	0x00000000	[  0] __ZNSt3__113unordered_mapIjfNS_4hashIjEENS_8equal_toIjEENS_9allocatorINS_4pairIKjfEEEEED1B9nqe220106Ev
0x1000113BC	0x00000000	[  0] __ZNSt3__113unordered_mapIjjNS_4hashIjEENS_8equal_toIjEENS_9allocatorINS_4pairIKjjEEEEED1B9nqe220106Ev
0x1000113BC	0x00000000	[  0] __ZNSt3__113unordered_setIjNS_4hashIjEENS_8equal_toIjEENS_9allocatorIjEEED1B9nqe220106Ev
0x1000113BC	0x00000000	[  0] __ZNSt3__113unordered_setIyNS_4hashIyEENS_8equal_toIyEENS_9allocatorIyEEED1B9nqe220106Ev
0x100011404	0x00000004	[  3] __ZN6cinder3net10ViewMemoryC1Ev
0x100011408	0x00001190	[  3] __ZN6cinder3net11snapshotForERKNS_10SimulationEiPNS0_10ViewMemoryE
0x100012598	0x000002C8	[  3] __ZZN6cinder3net11snapshotForERKNS_10SimulationEiPNS0_10ViewMemoryEENK3$_0clEj
0x100012860	0x000000CC	[  3] __ZNSt3__16vectorIN6cinder6EntityENS_9allocatorIS2_EEE9push_backB9nqe220106EOS2_
0x10001292C	0x00000040	[  3] __ZN6cinder6EntityD1Ev
0x10001296C	0x0000007C	[  3] __ZNSt3__16vectorIN6cinder6EffectENS_9allocatorIS2_EEE9push_backB9nqe220106ERKS2_
0x1000129E8	0x000000A0	[  3] __ZN6cinder3net8SnapshotD1Ev
0x100012A88	0x00001C2C	[  3] __ZN6cinder3net14encodeSnapshotERKNS0_8SnapshotE
0x1000146B4	0x00000D1C	[  3] __ZN6cinder3net12_GLOBAL__N_113validSnapshotERKNS0_8SnapshotERNSt3__112basic_stringIcNS5_11char_traitsIcEENS5_9allocatorIcEEEE
0x1000153D0	0x00000160	[  3] __ZN6cinder3net12_GLOBAL__N_16Writer3u32Ej
0x100015530	0x00000070	[  3] __ZN6cinder3net12_GLOBAL__N_16Writer2u8Eh
0x1000155A0	0x000000C0	[  3] __ZN6cinder3net12_GLOBAL__N_16Writer3u16Et
0x100015660	0x000008D8	[  3] __ZN6cinder3net14decodeSnapshotEPKvmRNS0_8SnapshotERNSt3__112basic_stringIcNS5_11char_traitsIcEENS5_9allocatorIcEEEE
0x100015F38	0x0000008C	[  3] __ZN6cinder3net12_GLOBAL__N_16Reader3u32ERj
0x100015FC4	0x0000007C	[  3] __ZN6cinder3net12_GLOBAL__N_16Reader3i32ERi
0x100015FC4	0x00000000	[  0] __ZN6cinder3net12_GLOBAL__N_16Reader4realERf
0x100016040	0x000000FC	[  3] __ZN6cinder3net12_GLOBAL__N_16Reader3u64ERy
0x10001613C	0x000002A0	[  3] __ZN6cinder3net12_GLOBAL__N_19readStatsERNS1_6ReaderERNS_5StatsE
0x1000163DC	0x00000054	[  3] __ZN6cinder3net12_GLOBAL__N_16Reader3u16ERt
0x100016430	0x000000E8	[  3] __ZN6cinder3net12_GLOBAL__N_16Reader5pointERNS_4Vec2E
0x100016518	0x00000068	[  3] __ZNSt3__16vectorIN6cinder8ObstacleENS_9allocatorIS2_EEE9push_backB9nqe220106ERKS2_
0x100016580	0x000003A8	[  3] __ZN6cinder3net12_GLOBAL__N_110readEntityERNS1_6ReaderERNS_6EntityE
0x100016928	0x00000148	[  3] __ZN6cinder3net8SnapshotaSEOS1_
0x100016A70	0x00000250	[  3] __ZN6cinder3net13encodeCommandERKNS_7CommandEj
0x100016CC0	0x00000438	[  3] __ZN6cinder3net13decodeCommandEPKvmRNS_7CommandERjRNSt3__112basic_stringIcNS6_11char_traitsIcEENS6_9allocatorIcEEEE
0x1000170F8	0x0000007C	[  3] __ZN6cinder7CommandaSEOS0_
0x100017174	0x000004C4	[  3] __ZN6cinder3net16translateCommandERKNS_10SimulationEiRKNS0_10ViewMemoryERNS_7CommandERNSt3__112basic_stringIcNS9_11char_traitsIcEENS9_9allocatorIcEEEE
0x100017638	0x000000B0	[  3] __ZN6cinder7CommandC1ERKS0_
0x1000176E8	0x000000EC	[  3] __ZNKSt3__113unordered_mapIjjNS_4hashIjEENS_8equal_toIjEENS_9allocatorINS_4pairIKjjEEEEE4findB9nqe220106ERS7_
0x1000177D4	0x00000304	[  3] __ZZNSt3__112__hash_tableINS_17__hash_value_typeIjjEENS_22__unordered_map_hasherIjNS_4pairIKjjEENS_4hashIjEENS_8equal_toIjEEEENS_21__unordered_map_equalIjS6_SA_S8_EENS_9allocatorIS6_EEE16__emplace_uniqueB9nqe220106IJRKNS_21piecewise_construct_tENS_5tupleIJRS5_EEENSL_IJEEEEEENS4_INS_15__hash_iteratorIPNS_11__hash_nodeIS2_PvEEEEbEEDpOT_ENKUlSM_SK_OSN_OSO_E_clESM_SK_SZ_S10_
0x100017AD8	0x00000474	[  3] __ZNSt3__16vectorIhNS_9allocatorIhEEE18__insert_with_sizeB9nqe220106INS_17_ClassicAlgPolicyEPKcS7_EENS_11__wrap_iterIPhEENS8_IPKhEET0_T1_l
0x100017F4C	0x000000C8	[  3] __ZZNSt3__16vectorIhNS_9allocatorIhEEE12emplace_backIJRKhEEERhDpOT_ENKUlvE0_clEv
0x100018014	0x00000074	[  3] __ZNSt3__16vectorIN6cinder9QueueItemENS_9allocatorIS2_EEE9push_backB9nqe220106ERKS2_
0x100018014	0x00000000	[  0] __ZNSt3__16vectorIN6cinder9QueueItemENS_9allocatorIS2_EEE9push_backB9nqe220106EOS2_
0x100018088	0x00000068	[  3] __ZNSt3__16vectorIN6cinder4Vec2ENS_9allocatorIS2_EEE9push_backB9nqe220106ERKS2_
0x1000180F0	0x000000FC	[  3] __ZZNSt3__16vectorIN6cinder9QueueItemENS_9allocatorIS2_EEE12emplace_backIJRKS2_EEERS2_DpOT_ENKUlvE0_clEv
0x1000180F0	0x00000000	[  0] __ZZNSt3__16vectorIN6cinder9QueueItemENS_9allocatorIS2_EEE12emplace_backIJS2_EEERS2_DpOT_ENKUlvE0_clEv
0x1000181EC	0x00000300	[  3] __ZZNSt3__112__hash_tableIjNS_4hashIjEENS_8equal_toIjEENS_9allocatorIjEEE16__emplace_uniqueB9nqe220106IJRKjEEENS_4pairINS_15__hash_iteratorIPNS_11__hash_nodeIjPvEEEEbEEDpOT_ENKUlSA_SA_E_clESA_SA_
0x1000184EC	0x000002F8	[  3] __ZZNSt3__112__hash_tableIyNS_4hashIyEENS_8equal_toIyEENS_9allocatorIyEEE16__emplace_uniqueB9nqe220106IJRKyEEENS_4pairINS_15__hash_iteratorIPNS_11__hash_nodeIyPvEEEEbEEDpOT_ENKUlSA_SA_E_clESA_SA_
0x1000187E4	0x0000012C	[  3] __ZNSt3__16vectorIN6cinder8ObstacleENS_9allocatorIS2_EEE18__assign_with_sizeB9nqe220106INS_17_ClassicAlgPolicyEPS2_S8_EEvT0_T1_l
0x100018910	0x00000134	[  3] __ZNSt3__112__hash_tableINS_17__hash_value_typeIjjEENS_22__unordered_map_hasherIjNS_4pairIKjjEENS_4hashIjEENS_8equal_toIjEEEENS_21__unordered_map_equalIjS6_SA_S8_EENS_9allocatorIS6_EEE14__erase_uniqueIjEEmRKT_
0x100018910	0x00000000	[  0] __ZNSt3__112__hash_tableINS_17__hash_value_typeIjfEENS_22__unordered_map_hasherIjNS_4pairIKjfEENS_4hashIjEENS_8equal_toIjEEEENS_21__unordered_map_equalIjS6_SA_S8_EENS_9allocatorIS6_EEE14__erase_uniqueIjEEmRKT_
0x100018A44	0x00000134	[  3] __ZNSt3__112__hash_tableINS_17__hash_value_typeIjjEENS_22__unordered_map_hasherIjNS_4pairIKjjEENS_4hashIjEENS_8equal_toIjEEEENS_21__unordered_map_equalIjS6_SA_S8_EENS_9allocatorIS6_EEE6removeENS_21__hash_const_iteratorIPNS_11__hash_nodeIS2_PvEEEE
0x100018A44	0x00000000	[  0] __ZNSt3__112__hash_tableINS_17__hash_value_typeIjfEENS_22__unordered_map_hasherIjNS_4pairIKjfEENS_4hashIjEENS_8equal_toIjEEEENS_21__unordered_map_equalIjS6_SA_S8_EENS_9allocatorIS6_EEE6removeENS_21__hash_const_iteratorIPNS_11__hash_nodeIS2_PvEEEE
0x100018A44	0x00000000	[  0] __ZNSt3__112__hash_tableINS_17__hash_value_typeIyyEENS_22__unordered_map_hasherIyNS_4pairIKyyEENS_4hashIyEENS_8equal_toIyEEEENS_21__unordered_map_equalIyS6_SA_S8_EENS_9allocatorIS6_EEE6removeENS_21__hash_const_iteratorIPNS_11__hash_nodeIS2_PvEEEE
0x100018B78	0x00000304	[  3] __ZZNSt3__112__hash_tableINS_17__hash_value_typeIjfEENS_22__unordered_map_hasherIjNS_4pairIKjfEENS_4hashIjEENS_8equal_toIjEEEENS_21__unordered_map_equalIjS6_SA_S8_EENS_9allocatorIS6_EEE16__emplace_uniqueB9nqe220106IJRKNS_21piecewise_construct_tENS_5tupleIJRS5_EEENSL_IJEEEEEENS4_INS_15__hash_iteratorIPNS_11__hash_nodeIS2_PvEEEEbEEDpOT_ENKUlSM_SK_OSN_OSO_E_clESM_SK_SZ_S10_
0x100018E7C	0x00000050	[  3] __ZNSt3__120__throw_out_of_rangeB9nqe220106EPKc
0x100018ECC	0x00000024	[  3] __ZNSt12out_of_rangeC1B9nqe220106EPKc
0x100018EF0	0x000001CC	[  3] __ZNSt3__16vectorIN6cinder6EntityENS_9allocatorIS2_EEE24__emplace_back_slow_pathIJS2_EEEPS2_DpOT_
0x1000190BC	0x00000154	[  3] __ZNSt3__16vectorIN6cinder6EntityENS_9allocatorIS2_EEE26__swap_out_circular_bufferERNS_14__split_bufferIS2_RS4_EE
0x100019210	0x00000074	[  3] __ZNSt3__114__split_bufferIN6cinder6EntityERNS_9allocatorIS2_EEED1Ev
0x100019284	0x000002F4	[  3] __ZZNSt3__112__hash_tableINS_17__hash_value_typeIyyEENS_22__unordered_map_hasherIyNS_4pairIKyyEENS_4hashIyEENS_8equal_toIyEEEENS_21__unordered_map_equalIyS6_SA_S8_EENS_9allocatorIS6_EEE16__emplace_uniqueB9nqe220106IJRS5_yEEENS4_INS_15__hash_iteratorIPNS_11__hash_nodeIS2_PvEEEEbEEDpOT_ENKUlSI_SI_OyE_clESI_SI_ST_
0x100019578	0x0000011C	[  3] __ZZNSt3__16vectorIN6cinder6EffectENS_9allocatorIS2_EEE12emplace_backIJRKS2_EEERS2_DpOT_ENKUlvE0_clEv
0x100019694	0x0000000C	[  4] __ZN6cinder11definitionsEv
0x1000196A0	0x0000001C	[  4] __ZN6cinder10definitionENS_4KindE
0x1000196BC	0x00000208	[  4] __ZN6cinder10SimulationC2Ev
0x1000198C4	0x00000E24	[  4] __ZN6cinder10Simulation5resetENS_6ConfigE
0x10001A6E8	0x00000070	[  4] __ZNSt3__16vectorIN6cinder15RecordedCommandENS_9allocatorIS2_EEED1B9nqe220106Ev
0x10001A758	0x00000080	[  4] __ZNSt3__16vectorIN6cinder6EntityENS_9allocatorIS2_EEED1B9nqe220106Ev
0x10001A7D8	0x00000068	[  4] __ZNSt3__113unordered_mapIyNS_6vectorImNS_9allocatorImEEEENS_4hashIyEENS_8equal_toIyEENS2_INS_4pairIKyS4_EEEEED1B9nqe220106Ev
0x10001A840	0x00000004	[  4] __ZN6cinder10SimulationC1Ev
0x10001A844	0x000002D8	[  4] __ZN6cinder10Simulation5spawnENS_4KindEiNS_4Vec2Eb
0x10001AB1C	0x00000034	[  4] __ZN6cinder10Simulation3getEj
0x10001AB50	0x00000160	[  4] __ZNK6cinder10Simulation7blockedENS_4Vec2Efj
0x10001ACB0	0x000001E0	[  4] __ZN6cinder10Simulation12updateVisionEv
0x10001AE90	0x00000034	[  4] __ZNK6cinder10Simulation4findEj
0x10001AEC4	0x00000048	[  4] __ZN6cinder10Simulation10debugSpawnENS_4KindEiNS_4Vec2E
0x10001AF0C	0x00000038	[  4] __ZN6cinder10Simulation14debugResourcesEii
0x10001AF44	0x000000A4	[  4] __ZNK6cinder10Simulation6supplyEi
0x10001AFE8	0x0000008C	[  4] __ZNK6cinder10Simulation8capacityEi
0x10001B074	0x00000060	[  4] __ZNK6cinder10Simulation11hasBuildingEiNS_4KindE
0x10001B0D4	0x000001CC	[  4] __ZNK6cinder10Simulation7nearestEiNS_4Vec2ENS_4KindE
0x10001B2A0	0x000000C4	[  4] __ZNK6cinder10Simulation7visibleEiNS_4Vec2E
0x10001B364	0x000000C8	[  4] __ZNK6cinder10Simulation8exploredEiNS_4Vec2E
0x10001B42C	0x0000026C	[  4] __ZNK6cinder10Simulation8canPlaceEiNS_4KindENS_4Vec2EPNSt3__112basic_stringIcNS3_11char_traitsIcEENS3_9allocatorIcEEEE
0x10001B698	0x00000008	[  4] __ZNK6cinder10Simulation11buildStatusEiNS_4KindERKNSt3__16vectorIjNS2_9allocatorIjEEEEPKNS_4Vec2E
0x10001B6A0	0x00000858	[  4] __ZNK6cinder10Simulation10checkBuildEiNS_4KindERKNSt3__16vectorIjNS2_9allocatorIjEEEEPKNS_4Vec2EPj
0x10001BEF8	0x000000A8	[  4] __ZNSt3__112basic_stringIcNS_11char_traitsIcEENS_9allocatorIcEEEC1B9nqe220106ILi0EEEPKc
0x10001BFA0	0x000000D8	[  4] __ZNK6cinder10Simulation24selectConstructionWorkerERKNSt3__16vectorIjNS1_9allocatorIjEEEENS_4Vec2E
0x10001C078	0x000000DC	[  4] __ZNK6cinder10Simulation18constructionWorkerEj
0x10001C154	0x000002AC	[  4] __ZNK6cinder10Simulation18constructionActiveEj
0x10001C400	0x000000D0	[  4] __ZN6cinder12_GLOBAL__N_113clearFireLineENS_4Vec2ES1_RKNSt3__16vectorINS_8ObstacleENS2_9allocatorIS4_EEEE
0x10001C4D0	0x0000008C	[  4] __ZN6cinder10Simulation19abandonConstructionERNS_6EntityE
0x10001C55C	0x0000028C	[  4] __ZN6cinder10Simulation19releaseConstructionERNS_6EntityE
0x10001C7E8	0x00000100	[  4] __ZN6cinder10Simulation18assignConstructionERNS_6EntityES2_
0x10001C8E8	0x00001BD0	[  4] __ZN6cinder10Simulation7commandERKNS_7CommandE
0x10001E4B8	0x00000138	[  4] __ZZN6cinder10Simulation7commandERKNS_7CommandEENK3$_1clENS_4Vec2E
0x10001E5F0	0x00000078	[  4] __ZNSt3__16vectorINS_4pairIN6cinder4Vec2EfEENS_9allocatorIS4_EEE9push_backB9nqe220106EOS4_
0x10001E668	0x00000080	[  4] __ZNSt3__16vectorIN6cinder15RecordedCommandENS_9allocatorIS2_EEE9push_backB9nqe220106EOS2_
0x10001E6E8	0x00000144	[  4] __ZN6cinder10Simulation6updateEf
0x10001E82C	0x0000082C	[  4] __ZN6cinder10Simulation4stepEv
0x10001F058	0x00000C78	[  4] __ZN6cinder10Simulation16updateProductionERNS_6EntityE
0x10001FCD0	0x000006E4	[  4] __ZN6cinder10Simulation13updateEconomyERNS_6EntityE
0x1000203B4	0x0000067C	[  4] __ZN6cinder10Simulation14updateMovementERNS_6EntityE
0x100020A30	0x00000938	[  4] __ZN6cinder10Simulation12updateCombatERNS_6EntityE
0x100021368	0x00000160	[  4] __ZNSt3__16vectorIN6cinder6EntityENS_9allocatorIS2_EEE5eraseENS_11__wrap_iterIPKS2_EES9_
0x1000214C8	0x000001AC	[  4] __ZZN6cinder10Simulation16updateProductionERNS_6EntityEENK3$_0clENS_4Vec2E
0x100021674	0x00000484	[  4] __ZZN6cinder10Simulation14updateMovementERNS_6EntityEENK3$_0clERKS1_
0x100021AF8	0x00000250	[  4] __ZN6cinder10Simulation10emitEffectENS_10EffectTypeENS_4Vec2ES2_iNS_4KindES3_f
0x100021D48	0x000000E4	[  4] __ZNK6cinder10Simulation13effectVisibleERKNS_6EffectEib
0x100021E2C	0x00000500	[  4] __ZNK6cinder10Simulation17effectLinkVisibleERKNS_6EffectEi
0x10002232C	0x000003B0	[  4] __ZN6cinder10Simulation6damageERNS_6EntityEfiNS_4KindE
0x1000226DC	0x000000A0	[  4] __ZNK6cinder10Simulation14aiLastObservedENS_4Vec2E
0x10002277C	0x00000618	[  4] __ZN6cinder10Simulation17updateAIKnowledgeEv
0x100022D94	0x00000074	[  4] __ZNSt3__16vectorIN6cinder10AISightingENS_9allocatorIS2_EEE9push_backB9nqe220106ERKS2_
0x100022E08	0x00001978	[  4] __ZNK6cinder10Simulation9stateHashEv
0x100024780	0x000013B8	[  4] __ZNK6cinder10Simulation4saveERKNSt3__112basic_stringIcNS1_11char_traitsIcEENS1_9allocatorIcEEEE
0x100025B38	0x00000120	[  4] __ZNSt3__114basic_ofstreamIcNS_11char_traitsIcEEEC1ERKNS_12basic_stringIcS2_NS_9allocatorIcEEEEj
0x100025C58	0x00000058	[  4] __ZNSt3__114basic_ofstreamIcNS_11char_traitsIcEEED1Ev
0x100025CB0	0x00001D58	[  4] __ZN6cinder10Simulation4loadERKNSt3__112basic_stringIcNS1_11char_traitsIcEENS1_9allocatorIcEEEE
0x100027A08	0x00000124	[  4] __ZNSt3__114basic_ifstreamIcNS_11char_traitsIcEEEC1ERKNS_12basic_stringIcS2_NS_9allocatorIcEEEEj
0x100027B2C	0x00000248	[  4] __ZNSt3__1rsB9nqe220106IcNS_11char_traitsIcEENS_9allocatorIcEEEERNS_13basic_istreamIT_T0_EES9_RNS_12basic_stringIS6_S7_T1_EE
0x100027D74	0x00000088	[  4] __ZNSt3__1neB9nqe220106IcNS_11char_traitsIcEENS_9allocatorIcEEEEbRKNS_12basic_stringIT_T0_T1_EEPKS6_
0x100027DFC	0x00000124	[  4] __ZN6cinder12_GLOBAL__N_112readEffectIdERNSt3__113basic_istreamIcNS1_11char_traitsIcEEEERy
0x100027F20	0x00000190	[  4] __ZNSt3__12wsB9nqe220106IcNS_11char_traitsIcEEEERNS_13basic_istreamIT_T0_EES7_
0x1000280B0	0x0000031C	[  4] __ZN6cinder10SimulationaSEOS0_
0x1000283CC	0x00000058	[  4] __ZNSt3__114basic_ifstreamIcNS_11char_traitsIcEEED1Ev
0x100028424	0x000005D0	[  4] __ZN6cinder10Simulation13applySnapshotERKNS_3net8SnapshotEPNSt3__112basic_stringIcNS5_11char_traitsIcEENS5_9allocatorIcEEEE
0x1000289F4	0x00000034	[  4] __ZN6cinder10Simulation7forfeitEi
0x100028A28	0x000000F8	[  4] __ZNSt3__112__hash_tableINS_17__hash_value_typeIyNS_6vectorImNS_9allocatorImEEEEEENS_22__unordered_map_hasherIyNS_4pairIKyS5_EENS_4hashIyEENS_8equal_toIyEEEENS_21__unordered_map_equalIySA_SE_SC_EENS3_ISA_EEE13__move_assignERSJ_NS_17integral_constantIbLb1EEE
0x100028B20	0x00000090	[  4] __ZNSt3__112basic_stringIcNS_11char_traitsIcEENS_9allocatorIcEEE25__init_copy_ctor_externalEPKcm
0x100028BB0	0x00000164	[  4] __ZNSt3__16vectorIN6cinder8ObstacleENS_9allocatorIS2_EEE18__assign_with_sizeB9nqe220106INS_17_ClassicAlgPolicyEPKS2_S9_EEvT0_T1_l
0x100028D14	0x00000160	[  4] __ZNSt3__16vectorIN6cinder15RecordedCommandENS_9allocatorIS2_EEE24__emplace_back_slow_pathIJS2_EEEPS2_DpOT_
0x100028E74	0x000000FC	[  4] __ZZNSt3__16vectorIN6cinder10AISightingENS_9allocatorIS2_EEE12emplace_backIJS2_EEERS2_DpOT_ENKUlvE0_clEv
0x100028E74	0x00000000	[  0] __ZZNSt3__16vectorIN6cinder10AISightingENS_9allocatorIS2_EEE12emplace_backIJRKS2_EEERS2_DpOT_ENKUlvE0_clEv
0x100028F70	0x00001030	[  4] __ZNSt3__111__introsortINS_17_ClassicAlgPolicyERZN6cinder10Simulation17updateAIKnowledgeEvE3$_2PNS2_10AISightingELb0EEEvT1_S8_T0_NS_15iterator_traitsIS8_E15difference_typeEb
0x100029FA0	0x00000248	[  4] __ZNSt3__17__sort5B9nqe220106INS_17_ClassicAlgPolicyERZN6cinder10Simulation17updateAIKnowledgeEvE3$_2PNS2_10AISightingELi0EEEvT1_S8_S8_S8_S8_T0_
0x10002A1E8	0x000004C4	[  4] __ZNSt3__127__insertion_sort_incompleteB9nqe220106INS_17_ClassicAlgPolicyERZN6cinder10Simulation17updateAIKnowledgeEvE3$_2PNS2_10AISightingEEEbT1_S8_T0_
0x10002A6AC	0x00000120	[  4] __ZNSt3__115__quoted_outputB9nqe220106IcNS_11char_traitsIcEEEERNS_13basic_ostreamIT_T0_EES7_PKS4_S9_S4_S4_
0x10002A7CC	0x00000014	[  4] __ZNSt3__112basic_stringIcNS_11char_traitsIcEENS_9allocatorIcEEE20__throw_out_of_rangeB9nqe220106Ev
0x10002A7E0	0x0000023C	[  4] __ZNSt3__114__quoted_inputB9nqe220106IcNS_11char_traitsIcEENS_12basic_stringIcS2_NS_9allocatorIcEEEEEERNS_13basic_istreamIT_T0_EESB_RT1_S8_S8_
0x10002AA1C	0x00000104	[  4] __ZNSt3__1rsB9nqe220106IcNS_11char_traitsIcEEEERNS_13basic_istreamIT_T0_EES7_RS4_
0x10002AB20	0x0000009C	[  4] __ZNSt3__112__save_flagsIcNS_11char_traitsIcEEED1B9nqe220106Ev
0x10002ABBC	0x00005650	[  5] __ZN6cinder10Simulation8updateAIEv
0x10003020C	0x00000854	[  5] __ZZN6cinder10Simulation8updateAIEvENK4$_12clENS_4Vec2Eb
0x100030A60	0x000006FC	[  5] __ZZN6cinder10Simulation8updateAIEvENK3$_8clENS_4KindENS_4Vec2Eb
0x10003115C	0x00000288	[  5] __ZZN6cinder10Simulation8updateAIEvENK4$_17clEjNS_4KindE
0x1000313E4	0x00000124	[  5] __ZZNSt3__16vectorIN6cinder12_GLOBAL__N_110AISnapshotENS_9allocatorIS3_EEE12emplace_backIJRKS3_EEERS3_DpOT_ENKUlvE0_clEv
0x100031508	0x000000DC	[  5] __ZZNSt3__16vectorIPKN6cinder12_GLOBAL__N_110AISnapshotENS_9allocatorIS5_EEE12emplace_backIJS5_EEERS5_DpOT_ENKUlvE0_clEv
0x1000315E4	0x0000028C	[  6] __ZNK6cinder10Simulation16ensureNavigationEv
0x100031870	0x00000028	[  6] __ZN6cinder10Simulation15resetNavigationERNS_6EntityE
0x100031898	0x00000138	[  6] __ZNK6cinder10Simulation10workPointsERKNS_6EntityENS_4Vec2EfjRKNS_10NavigationEb
0x1000319D0	0x00000194	[  6] __ZZNK6cinder10Simulation10workPointsERKNS_6EntityENS_4Vec2EfjRKNS_10NavigationEbENK3$_0clES4_
0x100031B64	0x000002F4	[  6] __ZN6cinder10Simulation12approachWorkERNS_6EntityERKS1_f
0x100031E58	0x00000550	[  6] __ZN6cinder10Simulation16chooseWorkTargetERNS_6EntityERKNSt3__16vectorIjNS3_9allocatorIjEEEEf
0x1000323A8	0x0000045C	[  6] __ZNK6cinder10Simulation27reachableConstructionWorkerERKNSt3__16vectorIjNS1_9allocatorIjEEEENS_4Vec2ENS_4KindEj
0x100032804	0x00000068	[  6] __ZNSt3__15equalB9nqe220106INS_11__wrap_iterIPN6cinder9NavCircleEEES5_ZNKS2_10Simulation27reachableConstructionWorkerERKNS_6vectorIjNS_9allocatorIjEEEENS2_4Vec2ENS2_4KindEjE3$_0EEbT_SG_T0_T1_
0x10003286C	0x000002BC	[  7] __ZN6cinder10Simulation17beginMovementStepEv
0x100032B28	0x000004F0	[  7] __ZN6cinder10Simulation11yieldAtWorkERNS_6EntityENS_4Vec2E
0x100033018	0x00000038	[  7] __ZN6cinder10Simulation21claimNavigationSearchEv
0x100033050	0x0000024C	[  7] __ZN6cinder10Simulation9findRouteERNS_6EntityERKNSt3__16vectorINS_4Vec2ENS3_9allocatorIS5_EEEE
0x10003329C	0x00000120	[  7] __ZN6cinder10Simulation8planPathERNS_6EntityENS_4Vec2E
0x1000333BC	0x00001780	[  7] __ZN6cinder10Simulation10moveTowardERNS_6EntityENS_4Vec2E
0x100034B3C	0x00000344	[  7] __ZZN6cinder10Simulation10moveTowardERNS_6EntityENS_4Vec2EENK3$_0clIZNS0_10moveTowardES2_S3_E3$_1EEDaS3_RKT_
0x100034E80	0x000002E8	[  7] __ZZN6cinder10Simulation10moveTowardERNS_6EntityENS_4Vec2EENK3$_0clIZNS0_10moveTowardES2_S3_E3$_3EEDaS3_RKT_
0x100035168	0x00000458	[  7] __ZZN6cinder10Simulation10moveTowardERNS_6EntityENS_4Vec2EENK3$_4clES3_f
0x1000355C0	0x000001C8	[  7] __ZZN6cinder10Simulation10moveTowardERNS_6EntityENS_4Vec2EENK3$_5clERKS1_S3_
0x100035788	0x000005DC	[  7] __ZN6cinder10Simulation18finishMovementStepEv
0x100035D64	0x00000308	[  7] __ZZNSt3__112__hash_tableINS_17__hash_value_typeIyNS_6vectorImNS_9allocatorImEEEEEENS_22__unordered_map_hasherIyNS_4pairIKyS5_EENS_4hashIyEENS_8equal_toIyEEEENS_21__unordered_map_equalIySA_SE_SC_EENS3_ISA_EEE16__emplace_uniqueB9nqe220106IJRKNS_21piecewise_construct_tENS_5tupleIJOyEEENSO_IJEEEEEENS8_INS_15__hash_iteratorIPNS_11__hash_nodeIS6_PvEEEEbEEDpOT_ENKUlRS9_SN_OSQ_OSR_E_clES12_SN_S13_S14_
0x10003606C	0x0000012C	[  7] __ZNSt3__16vectorIN6cinder4Vec2ENS_9allocatorIS2_EEE18__assign_with_sizeB9nqe220106INS_17_ClassicAlgPolicyEPS2_S8_EEvT0_T1_l
0x100036198	0x0000000C	[ 13] __Unwind_Resume.stub
0x1000361A4	0x0000000C	[  8] __ZNKSt3__16locale9use_facetERNS0_2idE.stub
0x1000361B0	0x0000000C	[  8] __ZNKSt3__18ios_base6getlocEv.stub
0x1000361BC	0x0000000C	[  8] __ZNSt11logic_errorC2EPKc.stub
0x1000361C8	0x0000000C	[  8] __ZNSt20bad_array_new_lengthC1Ev.stub
0x1000361D4	0x0000000C	[  8] __ZNSt3__112__next_primeEm.stub
0x1000361E0	0x0000000C	[  8] __ZNSt3__112basic_stringIcNS_11char_traitsIcEENS_9allocatorIcEEE6appendEPKc.stub
0x1000361EC	0x0000000C	[  8] __ZNSt3__112basic_stringIcNS_11char_traitsIcEENS_9allocatorIcEEE6appendEPKcm.stub
0x1000361F8	0x0000000C	[  8] __ZNSt3__112basic_stringIcNS_11char_traitsIcEENS_9allocatorIcEEE6assignEPKc.stub
0x100036204	0x0000000C	[  8] __ZNSt3__112basic_stringIcNS_11char_traitsIcEENS_9allocatorIcEEE6insertEmPKc.stub
0x100036210	0x0000000C	[  8] __ZNSt3__112basic_stringIcNS_11char_traitsIcEENS_9allocatorIcEEE9push_backEc.stub
0x10003621C	0x0000000C	[  8] __ZNSt3__112basic_stringIcNS_11char_traitsIcEENS_9allocatorIcEEEaSERKS5_.stub
0x100036228	0x0000000C	[  8] __ZNSt3__113basic_filebufIcNS_11char_traitsIcEEE4openEPKcj.stub
0x100036234	0x0000000C	[  8] __ZNSt3__113basic_filebufIcNS_11char_traitsIcEEEC1Ev.stub
0x100036240	0x0000000C	[  8] __ZNSt3__113basic_filebufIcNS_11char_traitsIcEEED1Ev.stub
0x10003624C	0x0000000C	[  8] __ZNSt3__113basic_istreamIcNS_11char_traitsIcEEE5ungetEv.stub
0x100036258	0x0000000C	[  8] __ZNSt3__113basic_istreamIcNS_11char_traitsIcEEE6sentryC1ERS3_b.stub
0x100036264	0x0000000C	[  8] __ZNSt3__113basic_istreamIcNS_11char_traitsIcEEED2Ev.stub
0x100036270	0x0000000C	[  8] __ZNSt3__113basic_istreamIcNS_11char_traitsIcEEErsERb.stub
0x10003627C	0x0000000C	[  8] __ZNSt3__113basic_istreamIcNS_11char_traitsIcEEErsERf.stub
0x100036288	0x0000000C	[  8] __ZNSt3__113basic_istreamIcNS_11char_traitsIcEEErsERi.stub
0x100036294	0x0000000C	[  8] __ZNSt3__113basic_istreamIcNS_11char_traitsIcEEErsERj.stub
0x1000362A0	0x0000000C	[  8] __ZNSt3__113basic_istreamIcNS_11char_traitsIcEEErsERm.stub
0x1000362AC	0x0000000C	[  8] __ZNSt3__113basic_istreamIcNS_11char_traitsIcEEErsERy.stub
0x1000362B8	0x0000000C	[  8] __ZNSt3__113basic_ostreamIcNS_11char_traitsIcEEE5flushEv.stub
0x1000362C4	0x0000000C	[  8] __ZNSt3__113basic_ostreamIcNS_11char_traitsIcEEE6sentryC1ERS3_.stub
0x1000362D0	0x0000000C	[  8] __ZNSt3__113basic_ostreamIcNS_11char_traitsIcEEE6sentryD1Ev.stub
0x1000362DC	0x0000000C	[  8] __ZNSt3__113basic_ostreamIcNS_11char_traitsIcEEED2Ev.stub
0x1000362E8	0x0000000C	[  8] __ZNSt3__113basic_ostreamIcNS_11char_traitsIcEEElsEb.stub
0x1000362F4	0x0000000C	[  8] __ZNSt3__113basic_ostreamIcNS_11char_traitsIcEEElsEf.stub
0x100036300	0x0000000C	[  8] __ZNSt3__113basic_ostreamIcNS_11char_traitsIcEEElsEi.stub
0x10003630C	0x0000000C	[  8] __ZNSt3__113basic_ostreamIcNS_11char_traitsIcEEElsEj.stub
0x100036318	0x0000000C	[  8] __ZNSt3__113basic_ostreamIcNS_11char_traitsIcEEElsEm.stub
0x100036324	0x0000000C	[  8] __ZNSt3__113basic_ostreamIcNS_11char_traitsIcEEElsEy.stub
0x100036330	0x0000000C	[  8] __ZNSt3__113random_deviceC1ERKNS_12basic_stringIcNS_11char_traitsIcEENS_9allocatorIcEEEE.stub
0x10003633C	0x0000000C	[  8] __ZNSt3__113random_deviceD1Ev.stub
0x100036348	0x0000000C	[  8] __ZNSt3__113random_deviceclEv.stub
0x100036354	0x0000000C	[  8] __ZNSt3__119__shared_weak_count14__release_weakEv.stub
0x100036360	0x0000000C	[  8] __ZNSt3__119__shared_weak_countD2Ev.stub
0x10003636C	0x0000000C	[  8] __ZNSt3__16__sortIRNS_6__lessIiiEEPiEEvT0_S5_T_.stub
0x100036378	0x0000000C	[  8] __ZNSt3__16__sortIRNS_6__lessIjjEEPjEEvT0_S5_T_.stub
0x100036384	0x0000000C	[  8] __ZNSt3__16chrono12steady_clock3nowEv.stub
0x100036390	0x0000000C	[  8] __ZNSt3__16locale7classicEv.stub
0x10003639C	0x0000000C	[  8] __ZNSt3__16localeC1ERKS0_.stub
0x1000363A8	0x0000000C	[  8] __ZNSt3__16localeD1Ev.stub
0x1000363B4	0x0000000C	[  8] __ZNSt3__16localeaSERKS0_.stub
0x1000363C0	0x0000000C	[  8] __ZNSt3__18ios_base33__set_badbit_and_consider_rethrowEv.stub
0x1000363CC	0x0000000C	[  8] __ZNSt3__18ios_base4initEPv.stub
0x1000363D8	0x0000000C	[  8] __ZNSt3__18ios_base5clearEj.stub
0x1000363E4	0x0000000C	[  8] __ZNSt3__18ios_base5imbueERKNS_6localeE.stub
0x1000363F0	0x0000000C	[  8] __ZNSt3__19basic_iosIcNS_11char_traitsIcEEED2Ev.stub
0x1000363FC	0x0000000C	[  8] __ZNSt3__19to_stringEi.stub
0x100036408	0x0000000C	[  8] __ZNSt3__19to_stringEm.stub
0x100036414	0x0000000C	[  8] __ZNSt3__1plIcNS_11char_traitsIcEENS_9allocatorIcEEEENS_12basic_stringIT_T0_T1_EEPKS6_RKS9_.stub
0x100036420	0x0000000C	[  8] __ZSt9terminatev.stub
0x10003642C	0x0000000C	[  8] __ZdlPv.stub
0x100036438	0x0000000C	[  8] __Znwm.stub
0x100036444	0x0000000C	[  8] ___cxa_allocate_exception.stub
0x100036450	0x0000000C	[  8] ___cxa_begin_catch.stub
0x10003645C	0x0000000C	[  8] ___cxa_end_catch.stub
0x100036468	0x0000000C	[  8] ___cxa_free_exception.stub
0x100036474	0x0000000C	[  8] ___cxa_rethrow.stub
0x100036480	0x0000000C	[  8] ___cxa_throw.stub
0x10003648C	0x0000000C	[ 12] ___sincosf_stret.stub
0x100036498	0x0000000C	[ 11] ___stack_chk_fail.stub
0x1000364A4	0x0000000C	[ 12] _atan2f.stub
0x1000364B0	0x0000000C	[ 11] _bzero.stub
0x1000364BC	0x0000000C	[ 11] _memcmp.stub
0x1000364C8	0x0000000C	[ 11] _memcpy.stub
0x1000364D4	0x0000000C	[ 11] _memmove.stub
0x1000364E0	0x0000000C	[ 11] _memset.stub
0x1000364EC	0x0000000C	[ 11] _strlen.stub
0x1000364F8	0x0000000C	[ 11] _wmemchr.stub
0x100036504	0x0000006C	[  1] GCC_except_table0
0x100036570	0x00000044	[  1] GCC_except_table3
0x1000365B4	0x00000018	[  1] GCC_except_table4
0x1000365CC	0x00000010	[  1] GCC_except_table6
0x1000365DC	0x00000014	[  2] GCC_except_table0
0x1000365F0	0x00000014	[  2] GCC_except_table1
0x100036604	0x00000014	[  2] GCC_except_table2
0x100036618	0x00000014	[  2] GCC_except_table6
0x10003662C	0x00000014	[  2] GCC_except_table10
0x100036640	0x0000001C	[  2] GCC_except_table11
0x10003665C	0x0000002C	[  2] GCC_except_table14
0x100036688	0x00000094	[  2] GCC_except_table20
0x10003671C	0x00000010	[  2] GCC_except_table24
0x10003672C	0x00000018	[  2] GCC_except_table50
0x100036744	0x00000014	[  2] GCC_except_table51
0x100036758	0x00000030	[  2] GCC_except_table52
0x100036788	0x00000034	[  2] GCC_except_table53
0x1000367BC	0x00000024	[  2] GCC_except_table60
0x1000367E0	0x00000130	[  2] GCC_except_table64
0x100036910	0x00000018	[  2] GCC_except_table86
0x100036928	0x00000018	[  3] GCC_except_table0
0x100036940	0x00000090	[  3] GCC_except_table5
0x1000369D0	0x000000B4	[  3] GCC_except_table13
0x100036A84	0x0000004C	[  3] GCC_except_table14
0x100036AD0	0x00000070	[  3] GCC_except_table18
0x100036B40	0x00000024	[  3] GCC_except_table29
0x100036B64	0x0000002C	[  3] GCC_except_table30
0x100036B90	0x0000004C	[  3] GCC_except_table32
0x100036BDC	0x00000018	[  3] GCC_except_table33
0x100036BF4	0x00000010	[  3] GCC_except_table35
0x100036C04	0x00000018	[  3] GCC_except_table38
0x100036C1C	0x00000018	[  3] GCC_except_table50
0x100036C34	0x00000018	[  3] GCC_except_table52
0x100036C4C	0x00000018	[  3] GCC_except_table60
0x100036C64	0x00000010	[  3] GCC_except_table64
0x100036C74	0x00000018	[  3] GCC_except_table66
0x100036C8C	0x00000018	[  3] GCC_except_table71
0x100036CA4	0x00000018	[  4] GCC_except_table2
0x100036CBC	0x00000044	[  4] GCC_except_table3
0x100036D00	0x00000010	[  4] GCC_except_table8
0x100036D10	0x000000B4	[  4] GCC_except_table26
0x100036DC4	0x000001F0	[  4] GCC_except_table35
0x100036FB4	0x00000018	[  4] GCC_except_table36
0x100036FCC	0x00000048	[  4] GCC_except_table42
0x100037014	0x00000028	[  4] GCC_except_table43
0x10003703C	0x0000004C	[  4] GCC_except_table44
0x100037088	0x00000024	[  4] GCC_except_table56
0x1000370AC	0x000000E4	[  4] GCC_except_table59
0x100037190	0x0000001C	[  4] GCC_except_table60
0x1000371AC	0x000000FC	[  4] GCC_except_table62
0x1000372A8	0x0000001C	[  4] GCC_except_table63
0x1000372C4	0x00000040	[  4] GCC_except_table64
0x100037304	0x00000010	[  4] GCC_except_table65
0x100037314	0x00000010	[  4] GCC_except_table69
0x100037324	0x00000038	[  4] GCC_except_table70
0x10003735C	0x00000044	[  4] GCC_except_table73
0x1000373A0	0x00000010	[  4] GCC_except_table81
0x1000373B0	0x00000018	[  4] GCC_except_table88
0x1000373C8	0x00000044	[  4] GCC_except_table106
0x10003740C	0x00000018	[  4] GCC_except_table107
0x100037424	0x0000001C	[  4] GCC_except_table108
0x100037440	0x00000010	[  4] GCC_except_table110
0x100037450	0x00000030	[  4] GCC_except_table116
0x100037480	0x0000002C	[  4] GCC_except_table117
0x1000374AC	0x00000018	[  4] GCC_except_table118
0x1000374C4	0x00000340	[  5] GCC_except_table0
0x100037804	0x00000040	[  5] GCC_except_table2
0x100037844	0x00000024	[  5] GCC_except_table3
0x100037868	0x00000010	[  5] GCC_except_table5
0x100037878	0x00000038	[  6] GCC_except_table0
0x1000378B0	0x00000020	[  6] GCC_except_table2
0x1000378D0	0x00000028	[  6] GCC_except_table4
0x1000378F8	0x0000005C	[  6] GCC_except_table5
0x100037954	0x00000054	[  6] GCC_except_table6
0x1000379A8	0x00000010	[  6] GCC_except_table9
0x1000379B8	0x00000018	[  7] GCC_except_table3
0x1000379D0	0x0000001C	[  7] GCC_except_table4
0x1000379EC	0x00000018	[  7] GCC_except_table13
0x100037A04	0x00000010	[  7] GCC_except_table17
0x100037A14	0x00000005	[  1] literal string: map=
0x100037A19	0x00000007	[  1] literal string:  tick=
0x100037A20	0x00000007	[  1] literal string:  hash=
0x100037A27	0x0000000D	[  1] literal string: basic_string
0x100037A34	0x00000007	[  2] literal string: vector
0x100037A3B	0x00000029	[  3] literal string: Snapshot exceeds the maximum frame size.
0x100037A64	0x0000001A	[  3] literal string: Snapshot data is missing.
0x100037A7E	0x00000019	[  3] literal string: Invalid snapshot header.
0x100037A97	0x0000001B	[  3] literal string: Truncated snapshot header.
0x100037AB2	0x0000001B	[  3] literal string: Truncated snapshot player.
0x100037ACD	0x00000021	[  3] literal string: Invalid snapshot obstacle count.
0x100037AEE	0x0000001D	[  3] literal string: Truncated snapshot obstacle.
0x100037B0B	0x0000001F	[  3] literal string: Invalid snapshot entity count.
0x100037B2A	0x00000026	[  3] literal string: Truncated or invalid snapshot entity.
0x100037B50	0x0000001F	[  3] literal string: Invalid snapshot effect count.
0x100037B6F	0x0000001B	[  3] literal string: Truncated snapshot effect.
0x100037B8A	0x00000020	[  3] literal string: Invalid snapshot fog run count.
0x100037BAA	0x0000001A	[  3] literal string: Invalid snapshot fog run.
0x100037BC4	0x0000002E	[  3] literal string: Snapshot has incomplete fog or trailing data.
0x100037BF2	0x00000028	[  3] literal string: Command exceeds the maximum frame size.
0x100037C1A	0x00000019	[  3] literal string: Command data is missing.
0x100037C33	0x00000018	[  3] literal string: Invalid command header.
0x100037C4B	0x00000028	[  3] literal string: Invalid command sequence or unit count.
0x100037C73	0x00000023	[  3] literal string: Invalid or duplicate command unit.
0x100037C96	0x00000024	[  3] literal string: Truncated command or trailing data.
0x100037CBA	0x00000017	[  3] literal string: Invalid command value.
0x100037CD1	0x00000011	[  3] literal string: Invalid command.
0x100037CE2	0x00000035	[  3] literal string: The selection contains an unknown or duplicate unit.
0x100037D17	0x00000035	[  3] literal string: The selection contains unavailable or foreign units.
0x100037D4C	0x0000001F	[  3] literal string: The command target is unknown.
0x100037D6B	0x00000018	[  3] literal string: Choose a visible enemy.
0x100037D83	0x00000020	[  3] literal string: Choose an explored ore deposit.
0x100037DA3	0x00000022	[  3] literal string: Choose your unfinished structure.
0x100037DC5	0x0000000D	[  3] literal string: /dev/urandom
0x100037DD2	0x00000020	[  3] literal string: Invalid snapshot configuration.
0x100037DF2	0x0000001E	[  3] literal string: Invalid snapshot match state.
0x100037E10	0x00000022	[  3] literal string: Snapshot collection is too large.
0x100037E32	0x0000001B	[  3] literal string: Invalid snapshot obstacle.
0x100037E4D	0x00000026	[  3] literal string: Invalid or duplicate snapshot entity.
0x100037E73	0x0000001E	[  3] literal string: Invalid snapshot entity team.
0x100037E91	0x0000001F	[  3] literal string: Invalid snapshot entity value.
0x100037EB0	0x0000001F	[  3] literal string: Invalid snapshot entity range.
0x100037ECF	0x00000024	[  3] literal string: Invalid snapshot entity collection.
0x100037EF3	0x0000001D	[  3] literal string: Invalid snapshot queue item.
0x100037F10	0x0000001D	[  3] literal string: Invalid snapshot path point.
0x100037F2D	0x0000002F	[  3] literal string: Snapshot entity contains an unknown reference.
0x100037F5C	0x00000026	[  3] literal string: Invalid or duplicate snapshot effect.
0x100037F82	0x0000001F	[  3] literal string: Invalid point effect geometry.
0x100037FA1	0x00000016	[  3] literal string: Invalid death effect.
0x100037FB7	0x0000001C	[  3] literal string: Invalid snapshot fog value.
0x100037FD3	0x00000021	[  3] literal string: unordered_map::at: key not found
0x100037FF4	0x0000002E	[  4] literal string: Build a Kiln, scout, and protect your Anchor.
0x100038022	0x00000015	[  4] literal string: Establishing economy
0x100038037	0x00000015	[  4] literal string: Opponent AI disabled
0x10003804C	0x00000014	[  4] literal string: Choose a structure.
0x100038060	0x00000012	[  4] literal string: Invalid position.
0x100038072	0x0000002E	[  4] literal string: Keep the construction site in current vision.
0x1000380A0	0x00000034	[  4] literal string: Blocked by terrain, a structure, or an ore deposit.
0x1000380D4	0x00000022	[  4] literal string: A ground unit occupies this site.
0x1000380F6	0x00000028	[  4] literal string: Select your units or a structure first.
0x10003811E	0x00000029	[  4] literal string: Select a Drudge to build this structure.
0x100038147	0x00000021	[  4] literal string: Only structures can be deployed.
0x100038168	0x00000024	[  4] literal string: Select a Drudge closer to the site.
0x10003818C	0x00000023	[  4] literal string: An operational Anchor is required.
0x1000381AF	0x0000000B	[  4] literal string: Requires T
0x1000381BA	0x00000030	[  4] literal string: . Choose TECH TIER at an operational Resonator.
0x1000381EA	0x00000021	[  4] literal string: Build an operational Kiln first.
0x10003820B	0x00000012	[  4] literal string: Insufficient ore.
0x10003821D	0x0000002F	[  4] literal string: No accessible route to this construction site.
0x10003824C	0x00000010	[  4] literal string: Ready to build.
0x10003825C	0x00000025	[  4] literal string: Ready to choose a construction site.
0x100038281	0x0000002E	[  4] literal string: Online replicas accept server snapshots only.
0x1000382AF	0x00000014	[  4] literal string: Order acknowledged.
0x1000382C3	0x00000025	[  4] literal string:  foundation placed; Drudge assigned.
0x1000382E8	0x0000003F	[  4] literal string: No selected Drudge has an accessible route to this foundation.
0x100038327	0x00000028	[  4] literal string: Drudge assigned to resume construction.
0x10003834F	0x00000018	[  4] literal string: Choose a unit to train.
0x100038367	0x0000000D	[  4] literal string: Queue full (
0x100038374	0x00000003	[  4] literal string: ).
0x100038377	0x00000031	[  4] literal string: Select an operational producer with queue space.
0x1000383A8	0x0000002D	[  4] literal string: Research the required technology tier first.
0x1000383D5	0x00000027	[  4] literal string: Supply full. Build a Siphon or Anchor.
0x1000383FC	0x00000009	[  4] literal string:  queued.
0x100038405	0x00000012	[  4] literal string: Unknown research.
0x100038417	0x00000032	[  4] literal string: Select an operational Resonator with queue space.
0x100038449	0x00000021	[  4] literal string: This research is already queued.
0x10003846A	0x0000002A	[  4] literal string: Research is already at its maximum level.
0x100038494	0x00000024	[  4] literal string: Advance your technology tier first.
0x1000384B8	0x00000011	[  4] literal string: Research queued.
0x1000384C9	0x00000020	[  4] literal string: No queue item at that position.
0x1000384E9	0x0000002B	[  4] literal string: Queue item cancelled; unused ore refunded.
0x100038514	0x00000020	[  4] literal string: Select an unfinished structure.
0x100038534	0x0000002D	[  4] literal string: Construction cancelled; unused ore refunded.
0x100038561	0x0000001F	[  4] literal string: Select a production structure.
0x100038580	0x00000015	[  4] literal string: Rally point updated.
0x100038595	0x0000002A	[  4] literal string: Selected units cannot execute this order.
0x1000385BF	0x00000027	[  4] literal string: Victory — opposing Anchor destroyed.
0x1000385E6	0x00000026	[  4] literal string: Defeat — your Anchor was destroyed.
0x10003860C	0x00000008	[  4] literal string:  ready.
0x100038614	0x00000014	[  4] literal string: Research completed.
0x100038628	0x0000000E	[  4] literal string: CINDERLINE 5\n
0x100038636	0x00000010	[  4] literal string: AI_KNOWLEDGE 1\n
0x100038646	0x0000000E	[  4] literal string: NAVIGATION 1\n
0x100038654	0x0000000B	[  4] literal string: CINDERLINE
0x10003865F	0x0000000D	[  4] literal string: AI_KNOWLEDGE
0x10003866C	0x0000000B	[  4] literal string: NAVIGATION
0x100038677	0x00000019	[  4] literal string: Invalid server snapshot.
0x100038690	0x0000001B	[  4] literal string: Online match synchronized.
0x1000386AB	0x00000015	[  4] literal string: Server authoritative
0x1000386C0	0x00000007	[  4] literal string: Drudge
0x1000386C7	0x00000024	[  4] literal string: Harvests ore and deploys structures
0x1000386EB	0x00000006	[  4] literal string: Ember
0x1000386F1	0x00000036	[  4] literal string: Ranged infantry; efficient against scouts and lancers
0x100038727	0x00000007	[  4] literal string: Needle
0x10003872E	0x00000035	[  4] literal string: Heavy piercing infantry; counters armor and aircraft
0x100038763	0x00000005	[  4] literal string: Skim
0x100038768	0x0000002A	[  4] literal string: Fast reconnaissance and worker harassment
0x100038792	0x00000006	[  4] literal string: Anvil
0x100038798	0x0000002D	[  4] literal string: Armored frontline vehicle; counters infantry
0x1000387C5	0x0000000C	[  4] literal string: Cinderthrow
0x1000387D1	0x0000002D	[  4] literal string: Long-range siege; vulnerable to close flanks
0x1000387FE	0x00000005	[  4] literal string: Mend
0x100038803	0x0000002B	[  4] literal string: Repairs nearby allied units; cannot attack
0x10003882E	0x00000005	[  4] literal string: Veil
0x100038833	0x00000028	[  4] literal string: Flying interceptor and harassment craft
0x10003885B	0x00000007	[  4] literal string: Anchor
0x100038862	0x0000002E	[  4] literal string: Main base, worker production and ore delivery
0x100038890	0x00000007	[  4] literal string: Siphon
0x100038897	0x0000002F	[  4] literal string: Ore delivery, expansion economy and +14 supply
0x1000388C6	0x00000005	[  4] literal string: Kiln
0x1000388CB	0x00000027	[  4] literal string: Trains Ember, Needle and Skim infantry
0x1000388F2	0x00000009	[  4] literal string: Crucible
0x1000388FB	0x0000002C	[  4] literal string: Produces armored vehicles and Veil aircraft
0x100038927	0x0000000A	[  4] literal string: Resonator
0x100038931	0x0000002B	[  4] literal string: Researches tiers and upgrades; trains Mend
0x10003895C	0x00000005	[  4] literal string: Ward
0x100038961	0x0000001E	[  4] literal string: Static ground and air defense
0x10003897F	0x0000000A	[  4] literal string: Ember ore
0x100038989	0x00000013	[  4] literal string: Finite ore deposit
0x10003899C	0x0000000A	[  5] literal string: resuming 
0x1000389A6	0x00000012	[  5] literal string: assigning workers
0x1000389B8	0x0000001D	[  5] literal string: searching an unobserved site
0x1000389D5	0x00000010	[  5] literal string: checking known 
0x1000389E5	0x00000022	[  5] literal string: rechecking an old scouting report
0x100038A07	0x0000001A	[  5] literal string: researching the next tier
0x100038A21	0x00000015	[  5] literal string: researching upgrades
0x100038A36	0x00000014	[  5] literal string: balanced production
0x100038A4A	0x00000023	[  5] literal string: Needles counter observed armor/air
0x100038A6D	0x00000024	[  5] literal string: Embers counter observed light units
0x100038A91	0x00000023	[  5] literal string: siege counters observed structures
0x100038AB4	0x00000019	[  5] literal string: retreating damaged units
0x100038ACD	0x0000001B	[  5] literal string: checking an expansion site
0x100038AE8	0x0000002A	[  5] literal string: scouting the least recently observed site
0x100038B12	0x00000017	[  5] literal string: regrouping at the base
0x100038B29	0x0000001A	[  5] literal string: engaging a visible threat
0x100038B43	0x00000009	[  5] literal string: Workers 
0x100038B4C	0x00000002	[  5] literal string: /
0x100038B4E	0x00000008	[  5] literal string: , army 
0x100038B56	0x00000003	[  5] literal string: , 
0x100038B59	0x0000000A	[  5] literal string: , saving 
0x100038B63	0x00000005	[  5] literal string:  ore
0x100038B68	0x0000000A	[  5] literal string: , holding
0x100038B72	0x00000003	[  5] literal string: ; 
0x100038B75	0x0000000A	[  5] literal string: building 
0x100038B7F	0x0000001B	[  5] literal string: moving an expansion worker
0x100038B9A	0x0000001D	[  5] literal string: moving a construction worker
0x100038BB7	0x0000000A	[  5] literal string: training 
0x100038BD0	0x00000010	[  2] 16-byte-literal
0x100038BE0	0x00000010	[  2] 16-byte-literal
0x100038BF0	0x00000054	[  2] __ZTSNSt3__120__shared_ptr_emplaceIN6cinder10Navigation4Impl5LayerENS_9allocatorIS4_EEEE
0x100038C44	0x00000004	[  2] __ZNSt3__119piecewise_constructE
0x100038C48	0x00000020	[  2] l___const._ZNK6cinder10Navigation4Impl14visitNeighborsIZNKS1_5routeENS_4Vec2ERKNSt3__16vectorIS3_NS4_9allocatorIS3_EEEEfjEUlifE_EEvRKNS1_5LayerEijOT_.dx
0x100038C68	0x00000020	[  2] l___const._ZNK6cinder10Navigation4Impl14visitNeighborsIZNKS1_5routeENS_4Vec2ERKNSt3__16vectorIS3_NS4_9allocatorIS3_EEEEfjEUlifE_EEvRKNS1_5LayerEijOT_.dy
0x100038C88	0x00000054	[  2] __ZTSNSt3__120__shared_ptr_emplaceIN6cinder10Navigation4Impl5StateENS_9allocatorIS4_EEEE
0x100038CE0	0x00000010	[  3] 16-byte-literal
0x100038CF0	0x00000010	[  3] 16-byte-literal
0x100038D00	0x00000008	[  3] 8-byte-literal
0x100038D08	0x00000008	[  3] 8-byte-literal
0x100038D10	0x00000004	[  3] __ZN6cinder3net12_GLOBAL__N_113SnapshotMagicE
0x100038D14	0x00000004	[  3] __ZN6cinder3net12_GLOBAL__N_112CommandMagicE
0x100038D18	0x00000008	[  4] 8-byte-literal
0x100038D20	0x00000008	[  4] 8-byte-literal
0x100038D28	0x00000008	[  4] 8-byte-literal
0x100038D30	0x00000008	[  4] 8-byte-literal
0x100038D38	0x00000008	[  4] 8-byte-literal
0x100038D40	0x00000008	[  4] 8-byte-literal
0x100038D50	0x00000010	[  4] 16-byte-literal
0x100038D60	0x00000040	[  4] l_constinit
0x100038DA0	0x00000050	[  4] l_constinit.3
0x100038DF0	0x00000060	[  4] l_constinit.4
0x100038E50	0x00000020	[  4] l_constinit.5
0x100038E70	0x00000020	[  4] l_constinit.6
0x100038E90	0x00000010	[  5] 16-byte-literal
0x100038EA0	0x00000010	[  5] 16-byte-literal
0x100038EB0	0x00000010	[  5] 16-byte-literal
0x100038EC0	0x00000010	[  5] 16-byte-literal
0x100038ED0	0x00000020	[  5] __ZZN6cinder10Simulation8updateAIEvE14expansionSites
0x100038EF0	0x00000038	[  5] __ZZN6cinder10Simulation8updateAIEvE19reconnaissanceSites
0x100038F28	0x00000010	[  5] __ZZZN6cinder10Simulation8updateAIEvENK3$_8clENS_4KindENS_4Vec2EbE10localRadii
0x100038F38	0x00000010	[  5] __ZZZN6cinder10Simulation8updateAIEvENK3$_8clENS_4KindENS_4Vec2EbE14expansionRadii
0x100038F48	0x00000008	[  7] 8-byte-literal
0x100038F50	0x00000008	[  7] 8-byte-literal
0x100038F60	0x00000010	[  7] 16-byte-literal
0x100038F70	0x00000014	[  7] l_constinit
0x100038F84	0x00000698	[  0] compact unwind info
0x10003C000	0x00000038	[  2] __ZTVNSt3__120__shared_ptr_emplaceIN6cinder10Navigation4Impl5LayerENS_9allocatorIS4_EEEE
0x10003C038	0x00000018	[  2] __ZTINSt3__120__shared_ptr_emplaceIN6cinder10Navigation4Impl5LayerENS_9allocatorIS4_EEEE
0x10003C050	0x00000038	[  2] __ZTVNSt3__120__shared_ptr_emplaceIN6cinder10Navigation4Impl5StateENS_9allocatorIS4_EEEE
0x10003C088	0x00000018	[  2] __ZTINSt3__120__shared_ptr_emplaceIN6cinder10Navigation4Impl5StateENS_9allocatorIS4_EEEE
0x10003C0A0	0x000004B0	[  4] __ZN6cinder12_GLOBAL__N_14DataE
0x10003C550	0x00000008	[  8] __ZNKSt3__16locale9use_facetERNS0_2idE.got
0x10003C558	0x00000008	[  8] __ZNKSt3__18ios_base6getlocEv.got
0x10003C560	0x00000008	[  8] __ZNSt11logic_errorC2EPKc.got
0x10003C568	0x00000008	[  8] __ZNSt12length_errorD1Ev.got
0x10003C570	0x00000008	[  8] __ZNSt12out_of_rangeD1Ev.got
0x10003C578	0x00000008	[  8] __ZNSt20bad_array_new_lengthC1Ev.got
0x10003C580	0x00000008	[  8] __ZNSt20bad_array_new_lengthD1Ev.got
0x10003C588	0x00000008	[  8] __ZNSt3__112__next_primeEm.got
0x10003C590	0x00000008	[  8] __ZNSt3__112basic_stringIcNS_11char_traitsIcEENS_9allocatorIcEEE6appendEPKc.got
0x10003C598	0x00000008	[  8] __ZNSt3__112basic_stringIcNS_11char_traitsIcEENS_9allocatorIcEEE6appendEPKcm.got
0x10003C5A0	0x00000008	[  8] __ZNSt3__112basic_stringIcNS_11char_traitsIcEENS_9allocatorIcEEE6assignEPKc.got
0x10003C5A8	0x00000008	[  8] __ZNSt3__112basic_stringIcNS_11char_traitsIcEENS_9allocatorIcEEE6insertEmPKc.got
0x10003C5B0	0x00000008	[  8] __ZNSt3__112basic_stringIcNS_11char_traitsIcEENS_9allocatorIcEEE9push_backEc.got
0x10003C5B8	0x00000008	[  8] __ZNSt3__112basic_stringIcNS_11char_traitsIcEENS_9allocatorIcEEEaSERKS5_.got
0x10003C5C0	0x00000008	[  8] __ZNSt3__113basic_filebufIcNS_11char_traitsIcEEE4openEPKcj.got
0x10003C5C8	0x00000008	[  8] __ZNSt3__113basic_filebufIcNS_11char_traitsIcEEEC1Ev.got
0x10003C5D0	0x00000008	[  8] __ZNSt3__113basic_filebufIcNS_11char_traitsIcEEED1Ev.got
0x10003C5D8	0x00000008	[  8] __ZNSt3__113basic_istreamIcNS_11char_traitsIcEEE5ungetEv.got
0x10003C5E0	0x00000008	[  8] __ZNSt3__113basic_istreamIcNS_11char_traitsIcEEE6sentryC1ERS3_b.got
0x10003C5E8	0x00000008	[  8] __ZNSt3__113basic_istreamIcNS_11char_traitsIcEEED2Ev.got
0x10003C5F0	0x00000008	[  8] __ZNSt3__113basic_istreamIcNS_11char_traitsIcEEErsERb.got
0x10003C5F8	0x00000008	[  8] __ZNSt3__113basic_istreamIcNS_11char_traitsIcEEErsERf.got
0x10003C600	0x00000008	[  8] __ZNSt3__113basic_istreamIcNS_11char_traitsIcEEErsERi.got
0x10003C608	0x00000008	[  8] __ZNSt3__113basic_istreamIcNS_11char_traitsIcEEErsERj.got
0x10003C610	0x00000008	[  8] __ZNSt3__113basic_istreamIcNS_11char_traitsIcEEErsERm.got
0x10003C618	0x00000008	[  8] __ZNSt3__113basic_istreamIcNS_11char_traitsIcEEErsERy.got
0x10003C620	0x00000008	[  8] __ZNSt3__113basic_ostreamIcNS_11char_traitsIcEEE5flushEv.got
0x10003C628	0x00000008	[  8] __ZNSt3__113basic_ostreamIcNS_11char_traitsIcEEE6sentryC1ERS3_.got
0x10003C630	0x00000008	[  8] __ZNSt3__113basic_ostreamIcNS_11char_traitsIcEEE6sentryD1Ev.got
0x10003C638	0x00000008	[  8] __ZNSt3__113basic_ostreamIcNS_11char_traitsIcEEED2Ev.got
0x10003C640	0x00000008	[  8] __ZNSt3__113basic_ostreamIcNS_11char_traitsIcEEElsEb.got
0x10003C648	0x00000008	[  8] __ZNSt3__113basic_ostreamIcNS_11char_traitsIcEEElsEf.got
0x10003C650	0x00000008	[  8] __ZNSt3__113basic_ostreamIcNS_11char_traitsIcEEElsEi.got
0x10003C658	0x00000008	[  8] __ZNSt3__113basic_ostreamIcNS_11char_traitsIcEEElsEj.got
0x10003C660	0x00000008	[  8] __ZNSt3__113basic_ostreamIcNS_11char_traitsIcEEElsEm.got
0x10003C668	0x00000008	[  8] __ZNSt3__113basic_ostreamIcNS_11char_traitsIcEEElsEy.got
0x10003C670	0x00000008	[  8] __ZNSt3__113random_deviceC1ERKNS_12basic_stringIcNS_11char_traitsIcEENS_9allocatorIcEEEE.got
0x10003C678	0x00000008	[  8] __ZNSt3__113random_deviceD1Ev.got
0x10003C680	0x00000008	[  8] __ZNSt3__113random_deviceclEv.got
0x10003C688	0x00000008	[  8] __ZNSt3__119__shared_weak_count14__release_weakEv.got
0x10003C690	0x00000008	[  8] __ZNSt3__119__shared_weak_countD2Ev.got
0x10003C698	0x00000008	[  8] __ZNSt3__14coutE.got
0x10003C6A0	0x00000008	[  8] __ZNSt3__15ctypeIcE2idE.got
0x10003C6A8	0x00000008	[  8] __ZNSt3__16__sortIRNS_6__lessIiiEEPiEEvT0_S5_T_.got
0x10003C6B0	0x00000008	[  8] __ZNSt3__16__sortIRNS_6__lessIjjEEPjEEvT0_S5_T_.got
0x10003C6B8	0x00000008	[  8] __ZNSt3__16chrono12steady_clock3nowEv.got
0x10003C6C0	0x00000008	[  8] __ZNSt3__16locale7classicEv.got
0x10003C6C8	0x00000008	[  8] __ZNSt3__16localeC1ERKS0_.got
0x10003C6D0	0x00000008	[  8] __ZNSt3__16localeD1Ev.got
0x10003C6D8	0x00000008	[  8] __ZNSt3__16localeaSERKS0_.got
0x10003C6E0	0x00000008	[  8] __ZNSt3__18ios_base33__set_badbit_and_consider_rethrowEv.got
0x10003C6E8	0x00000008	[  8] __ZNSt3__18ios_base4initEPv.got
0x10003C6F0	0x00000008	[  8] __ZNSt3__18ios_base5clearEj.got
0x10003C6F8	0x00000008	[  8] __ZNSt3__18ios_base5imbueERKNS_6localeE.got
0x10003C700	0x00000008	[  8] __ZNSt3__19basic_iosIcNS_11char_traitsIcEEED2Ev.got
0x10003C708	0x00000008	[  8] __ZNSt3__19to_stringEi.got
0x10003C710	0x00000008	[  8] __ZNSt3__19to_stringEm.got
0x10003C718	0x00000008	[  8] __ZNSt3__1plIcNS_11char_traitsIcEENS_9allocatorIcEEEENS_12basic_stringIT_T0_T1_EEPKS6_RKS9_.got
0x10003C720	0x00000008	[  8] __ZSt9terminatev.got
0x10003C728	0x00000008	[  8] __ZTISt20bad_array_new_length.got
0x10003C730	0x00000008	[  8] __ZTTNSt3__114basic_ifstreamIcNS_11char_traitsIcEEEE.got
0x10003C738	0x00000008	[  8] __ZTTNSt3__114basic_ofstreamIcNS_11char_traitsIcEEEE.got
0x10003C740	0x00000008	[  8] __ZTVNSt3__114basic_ifstreamIcNS_11char_traitsIcEEEE.got
0x10003C748	0x00000008	[  8] __ZTVNSt3__114basic_ofstreamIcNS_11char_traitsIcEEEE.got
0x10003C750	0x00000008	[  8] __ZTVSt12length_error.got
0x10003C758	0x00000008	[  8] __ZTVSt12out_of_range.got
0x10003C760	0x00000008	[  8] ___cxa_allocate_exception.got
0x10003C768	0x00000008	[  8] ___cxa_begin_catch.got
0x10003C770	0x00000008	[  8] ___cxa_end_catch.got
0x10003C778	0x00000008	[  8] ___cxa_free_exception.got
0x10003C780	0x00000008	[  8] ___cxa_rethrow.got
0x10003C788	0x00000008	[  8] ___cxa_throw.got
0x10003C790	0x00000008	[  8] ___gxx_personality_v0.got
0x10003C798	0x00000008	[ 13] __Unwind_Resume.got
0x10003C7A0	0x00000008	[ 10] ___chkstk_darwin.got
0x10003C7A8	0x00000008	[ 12] ___sincosf_stret.got
0x10003C7B0	0x00000008	[ 11] ___stack_chk_fail.got
0x10003C7B8	0x00000008	[ 11] ___stack_chk_guard.got
0x10003C7C0	0x00000008	[ 12] _atan2f.got
0x10003C7C8	0x00000008	[ 11] _bzero.got
0x10003C7D0	0x00000008	[ 11] _memcmp.got
0x10003C7D8	0x00000008	[ 11] _memcpy.got
0x10003C7E0	0x00000008	[ 11] _memmove.got
0x10003C7E8	0x00000008	[ 11] _memset.got
0x10003C7F0	0x00000008	[ 11] _strlen.got
0x10003C7F8	0x00000008	[ 11] _wmemchr.got
0x10003C800	0x00000008	[  2] __ZNSt3__119piecewise_constructE.got
0x10003C808	0x00000008	[  8] __ZTISt12length_error.got
0x10003C810	0x00000008	[  8] __ZTISt12out_of_range.got
0x10003C818	0x00000008	[  8] __ZdlPv.got
0x10003C820	0x00000008	[  8] __Znwm.got
