Starting desktop-formation-tight at 1440x900
Captured desktop-formation-tight
Starting desktop-formation-standard at 1440x900
Captured desktop-formation-standard
Starting desktop-formation-wide at 1440x900
Captured desktop-formation-wide
Starting desktop-formation-facing at 1440x900
Captured desktop-formation-facing
Starting desktop-formation-pending at 1440x900
Captured desktop-formation-pending
Starting desktop-formation-accepted at 1440x900
Captured desktop-formation-accepted
Starting mobile-formation-tight at 956x440
Captured mobile-formation-tight
Starting mobile-formation-standard at 956x440
Captured mobile-formation-standard
Starting mobile-formation-wide at 956x440
Captured mobile-formation-wide
Starting mobile-formation-facing at 956x440
Captured mobile-formation-facing
Starting mobile-formation-pending at 956x440
Captured mobile-formation-pending
Starting mobile-formation-accepted at 956x440
Captured mobile-formation-accepted
