
> cinderline-game-server@0.1.0 test
> node --test

✔ LAN address selection keeps only reachable private addresses and formats WebSocket URLs (13.770625ms)
✔ host configuration makes LAN binding explicit and rejects ambiguous environment values (0.774042ms)
✔ Bonjour instance labels stay within the 63-byte DNS label limit (0.146625ms)
✔ Bonjour advertises the actual bound port and stops the service before destroying its socket (0.393ms)
✔ Bonjour failure leaves manual LAN URLs available (0.272416ms)
✔ configured startup forwards mode and name, advertises only LAN, and closes once (0.444625ms)
✔ Docker runtime packaging includes the complete index.js module closure (2.516ms)
✔ health and lobby controls reject stale, malformed, repeated, and excessive input (35.165333ms)
✔ rooms accept only two or four players and a four-player worker waits for every ready seat (17.470041ms)
✔ four simultaneous disconnects preserve seats through grace and finish through the worker (43.667458ms)
✔ multiple four-player disconnects can reconnect independently within grace (6.501916ms)
✔ worker result byte 255 is exposed as a draw (4.443875ms)
✔ Node command admission rejects the previous wire protocol before worker IPC (2.580042ms)
✔ worker backpressure preserves a prioritized forfeit until drain (2.231042ms)
✔ commands queued during worker backpressure receive and cache one authoritative acknowledgement (2.210334ms)
✔ active worker progress timeout closes a hung room independently of socket pong (3.15ms)
✔ sustained snapshot backpressure disconnects a slow client for normal recovery (3.293375ms)
✔ draining fails readiness and new room creation while keeping the listener observable (2.803167ms)
✔ origin, per-address connections, room creation, and public metadata are bounded (4.97475ms)
✔ forwarded addresses are trusted only from an explicitly configured proxy (2.750375ms)
✔ active worker capacity queues a ready room and starts it when capacity returns (3.324709ms)
✔ real clients create, join, reject a third seat, ready, and receive private snapshots (575.867959ms)
✔ both seats command only their view handles and command sequences survive reconnect (39.142791ms)
✔ append commands acknowledge and publish the queued tactical order (42.497334ms)
✔ queued mining publishes its private opaque target in protocol eleven (33.521167ms)
✔ a rejected append leaves the authoritative queue and opaque handle intact (2017.854084ms)
✔ patrol and escort acknowledge and publish private sustained state (102.783875ms)
✔ automatic batches and stable queue cancellation remain authoritative online (120.875917ms)
✔ four authoritative clients keep private ownership through nonfinal eliminations and one final winner (36.529791ms)
✔ surrender keeps the socket for the authoritative result (5.8685ms)
✔ disconnect grace expires into a canonical result (36.246667ms)
✔ a simultaneous outage preserves the active room for reconnect, then expires through the worker (118.895917ms)
✔ ordinary attack-move play can finish a complete authoritative match (6658.255959ms)
✔ WorkerBridge decodes fragmented and coalesced worker frames (1.826917ms)
✔ WorkerBridge rejects malformed framing once and ignores later child output (0.33375ms)
✔ WorkerBridge preserves queue bounds, collapsing, and write priority across backpressure (0.424917ms)
✔ WorkerBridge owns handshake and progress timeouts and suppresses callbacks after stop (0.219333ms)
ℹ tests 37
ℹ suites 0
ℹ pass 37
ℹ fail 0
ℹ cancelled 0
ℹ skipped 0
ℹ todo 0
ℹ duration_ms 11041.977333
