Gathering device information…
Current device information:
• Identifier: D9AC3A68-8FAB-5625-AAEA-EE4EE716AF70
▿ Connection:
    • Authentication Type: manualPairing
    • Device State: connected
    • Last Connection Date: Sep 22, 2026 at 4:45:00 PM
    • Pairing State: paired
    • Screen Viewing URL: devices://device/open?id=D9AC3A68-8FAB-5625-AAEA-EE4EE716AF70
    • Transport Type: localNetwork
    • Tunnel IP Address: fd7e:7d9c:8f3a::1
    • Tunnel Transport Protocol: tcp
▿ Hardware:
    • CPU Count: 6 cores (6 logical, 1 package(s))
    • CPU Type: arm64e
    • Device Reality: physical
    • Device Type: iPhone
    • ECID: 1703011013640220
    • Has Action Button: true
    • Internal Storage Capacity: 256000000000
    • Marketing Name: iPhone 17 Pro Max
    • Platform: iOS
    • Product Type: iPhone18,2
    • Serial Number: LF2MF4TQ7M
    • Supported Biometrics: Face ID
    ▿ Supported CPU Types:
        • arm64e
        • arm64
    • Supported Device Families: • 1
    • Supports Siri: true
    • Thinning Product Type: iPhone18,2
    • UDID: 00008150-00060CE12684401C
▿ Software:
    • OS Build Update: 24B5084k
    • OS Version: 27.2
    • Supports Checked Allocations: true
▿ State:
    • Boot State: booted
    • Developer Mode Status: Enabled (1)
    • Device Name: Aeon
    • Preparedness State: 7

Capabilities:
    • Acquire Usage Assertion (com.apple.coredevice.feature.acquireusageassertion)
    • Application Control (com.apple.coredevice.feature.applicationcontrol)
    • Capture Screenshot (com.apple.coredevice.feature.capturescreenshot)
    • Capture Sysdiagnose (com.apple.coredevice.feature.capturesysdiagnose)
    • Configuration Profile Management (com.apple.coredevice.feature.configurationprofiles)
    • Create Service Connection (com.apple.dt.serviceconnection.create)
    • Create Service Socket (com.apple.dt.servicesocket.create)
    • Customize Appearance Settings (com.apple.coredevice.feature.customizeappearancesettings)
    • Customize Liquid Glass (com.apple.coredevice.feature.customizeliquidglass)
    • Customize User Interface Style (com.apple.coredevice.feature.customizeuistyle)
    • Device Orientation (com.apple.coredevice.feature.remote.devicecontrol.orientation)
    • Disable Developer Disk Image Services (com.apple.coredevice.feature.disableddiservices)
    • Disconnect from Device (com.apple.coredevice.feature.disconnectdevice)
    • Fetch Application Icons (com.apple.coredevice.feature.fetchappicons)
    • Fetch AuthListing Identifiers (com.apple.coredevice.feature.getauthlistingidentifiers)
    • Fetch Developer Disk Image Services Metadata (com.apple.coredevice.feature.fetchddimetadata)
    • Fetch Extended Device Info (com.apple.coredevice.feature.getdeviceinfo)
    • Fetch dyld Shared Cache Files (com.apple.coredevice.feature.fetchdyldsharecache)
    • File Handle Operation (com.apple.coredevice.feature.filesystemoperation)
    • Get Display Information (com.apple.coredevice.feature.getdisplayinfo)
    • Get Lock State (com.apple.coredevice.feature.getlockstate)
    • Get Media Stream Server Status (com.apple.coredevice.feature.getmediastreamserverstatus)
    • Get Support Info for Media Streams (com.apple.coredevice.feature.getmediasupportinfo)
    • HID Button (com.apple.coredevice.feature.remote.hid.button)
    • HID Digitizer (com.apple.coredevice.feature.remote.hid.digitizer)
    • HID Keyboard (com.apple.coredevice.feature.remote.hid.keyboard)
    • HID Scroll (com.apple.coredevice.feature.remote.hid.scroll)
    • HID Vendor Defined (com.apple.coredevice.feature.remote.hid.vendordefined)
    • Install Application (com.apple.coredevice.feature.installapp)
    • Install Root (com.apple.coredevice.feature.installroot)
    • Launch Application (com.apple.coredevice.feature.launchapplication)
    • List Files (com.apple.coredevice.feature.listFiles)
    • List Roots (com.apple.coredevice.feature.listroots)
    • Modify Credentials for Default Users for a Device (com.apple.coredevice.feature.default.user.credentials)
    • Modify Tags (com.apple.coredevice.feature.tags)
    • Monitor File Changes (com.apple.coredevice.feature.monitorfilechanges)
    • Monitor Motion (com.apple.coredevice.feature.monitormotion)
    • Monitor Process for Termination (com.apple.coredevice.feature.monitorprocesstermination)
    • Pasteboard (com.apple.coredevice.feature.pasteboard)
    • Post Darwin Notification (com.apple.dt.customer.postdarwinnotification)
    • Process Control (com.apple.coredevice.feature.processcontrol)
    • Provisioning Profile Management (com.apple.coredevice.feature.provisioningprofiles)
    • Query MobileGestalt (com.apple.coredevice.feature.querymobilegestalt)
    • Reboot Device (com.apple.coredevice.feature.rebootdevice)
    • Rename Device (com.apple.coredevice.feature.renamedevice)
    • Send Memory Warning to Process (com.apple.coredevice.feature.sendmemorywarningtoprocess)
    • Send Signal to Process (com.apple.coredevice.feature.sendsignaltoprocess)
    • Service Hub Profile (com.apple.dt.profile)
    • Service XPC Peer Connection (com.apple.coredevice.feature.servicexpcpeerconnection)
    • Simulate Device Location (com.apple.coredevice.feature.simulatelocation)
    • Spawn Executable (com.apple.coredevice.feature.spawnexecutable)
    • Start Audio Output (com.apple.coredevice.feature.startaudiooutput)
    • Start Media Stream (com.apple.coredevice.feature.startmediastream)
    • Start Video Output (com.apple.coredevice.feature.startvideooutput)
    • Stop Media Stream (com.apple.coredevice.feature.stopmediastream)
    • Stream Application List (com.apple.coredevice.feature.streamapplist)
    • Stream Process List (com.apple.coredevice.feature.streamprocesslist)
    • Transfer Files (com.apple.coredevice.feature.transferFiles)
    • Uninstall Application (com.apple.coredevice.feature.uninstallapp)
    • Uninstall Root (com.apple.coredevice.feature.uninstallroot)
    • Universal HID Service Pool (com.apple.coredevice.feature.remote.universalhid)
    • UniversalHIDService (com.apple.coredevice.feature.remote.universalhidservice)
    • Unpair Device (com.apple.coredevice.feature.unpairdevice)
    • View Device Screen (com.apple.coredevice.feature.viewdevicescreen)
    • VoiceOver (com.apple.coredevice.feature.voiceover)
