[2026.09.12-12.39.32:448][  0]LogCinderFramePacing: Display: CINDERLINE_IOS_PHYSICAL_STATE state=idle thermal=nominal raw_thermal=0 low_power=0 device_temperature_c=unavailable requested_fps=0 actual_pacer_fps=60 quality=full process_cpu_pct=15.59 process_cpu_pct_one_core=155.91 process_memory_mb=297.89 gpu_frame_ms=unavailable gpu_scope=latest_completed_engine_frame
[2026.09.12-12.39.32:448][  0]LogCinderFramePacing: Display: CINDERLINE_IOS_POLICY state=idle actual_thermal=nominal effective_thermal=nominal low_power=0 effective_low_power=0 requested_fps=15 actual_pacer_fps=15 quality=full stable_seconds=0.0 source=physical
[2026.09.12-12.39.32:473][  0]LogCinderFramePacing: Display: CINDERLINE_FRAME_PACING state=idle effective_fps=15.00 engine_fps=0.00
[2026.09.12-12.39.32:535][  0]LogCinderFramePacing: Display: CINDERLINE_WORLD_RENDERING disabled=1 state=menu
[2026.09.12-12.39.32:535][  0]LogCinderHUD: Display: CINDERLINE_MENU_SAFE_AREA canvas=2052x1536 insets_px=(0.0,0.0,0.0,0.0) background=full_bleed
[2026.09.12-12.39.32:539][  0]LogRHI: Display: ShaderPipelineCache: Paused Batching. 1
[2026.09.12-12.39.32:539][  0]LogRHI: Display: ShaderPipelineCache: Resumed Batching. 0
[2026.09.12-12.39.32:539][  0]LogRHI: Display: ShaderPipelineCache: Batching Resumed.
[2026.09.12-12.39.32:542][  0]LogCinderFramePacing: Display: CINDERLINE_FRAME_PACING state=menu effective_fps=15.00 engine_fps=0.00
[2026.09.12-12.39.32:609][  0]LogCinderFramePacing: Display: CINDERLINE_IOS_POLICY state=menu actual_thermal=nominal effective_thermal=nominal low_power=0 effective_low_power=0 requested_fps=15 actual_pacer_fps=15 quality=full stable_seconds=0.2 source=physical
[2026.09.12-12.39.32:657][  0]LogCinderArtPreview: Display: CINDERLINE_ART_PREVIEW_FRAME mode=base viewport=2052x1536 distance=2400.0 focus=(1343.0,2830.5) target_screen=(164,138)-(1826,1229) projected=(91,19)-(1904,1344)
[2026.09.12-12.39.32:659][  0]LogCinderArtPreview: Display: CINDERLINE_ART_PREVIEW mode=base fixture=development_unsaved seed=4280916 buildings=6 mining_workers=3 army=7 cliff=(1320,2400,380,140) camera=projected_fit_1300_2400; ordinary simulation and fog, no save written
[2026.09.12-12.39.32:661][  0]LogCinderArtPreview: Display: CINDERLINE_ART_PREVIEW_FRAME mode=battle viewport=2052x1536 distance=2400.0 focus=(1267.5,3115.1) target_screen=(164,138)-(1826,1229) projected=(287,-3)-(1669,1402)
[2026.09.12-12.39.32:663][  0]LogCinderArtPreview: Display: CINDERLINE_ART_PREVIEW mode=battle fixture=development_unsaved raiders=7 defenders=6 cliff_clear=1; ordinary attack-move orders and combat, no save written
[2026.09.12-12.39.32:664][  0]LogCinderQuality: Display: CINDERLINE_GPU_PROFILE scheduled delay_seconds=5.0
[2026.09.12-12.39.32:664][  0]LogCinderQuality: Display: CINDERLINE_FRAME_PROFILE started map=Frontier warmup_frames=30 sample_frames=120 viewport_px=2052x1536; measures viewport wall-clock cadence plus asynchronous raw engine timings
[2026.09.12-12.39.32:664][  0]LogCinderQuality: Display: CINDERLINE_QUALITY map=Frontier viewport_px=2052x1536 render_target_px=2052x1536 dpi_scale=1.000 high_dpi_active=1 foreground=unavailable rendered_viewport_available=1
[2026.09.12-12.39.32:664][  0]LogCinderFramePacing: Display: CINDERLINE_FRAME_PACING state=gameplay effective_fps=15.00 engine_fps=0.00
[2026.09.12-12.39.32:664][  0]LogCinderQuality: Display: CINDERLINE_QUALITY_FRAME_LIMIT engine=CinderGameEngine state=1 effective_fps=15.00; limit is not measured cadence or GPU utilization
[2026.09.12-12.39.32:664][  0]LogCinderQuality: Display: CINDERLINE_QUALITY_IOS_POLICY actual_thermal=0 raw_platform_thermal=0 device_temperature_c=unavailable effective_thermal=0 low_power=0 effective_low_power=0 requested_frame_pace=15 actual_frame_pace=15 quality=0 stable_seconds=0.2 source=physical world_rendering_disabled=1
[2026.09.12-12.39.32:664][  0]LogCinderQuality: Display: CINDERLINE_QUALITY_CVAR name=EnableHighDPIAwareness value=1 set_by=Code
[2026.09.12-12.39.32:664][  0]LogCinderQuality: Display: CINDERLINE_QUALITY_CVAR name=r.AntiAliasingMethod value=1 set_by=ProjectSetting
[2026.09.12-12.39.32:664][  0]LogCinderQuality: Display: CINDERLINE_QUALITY_CVAR name=r.TemporalAA.Quality value=0 set_by=Scalability
[2026.09.12-12.39.32:664][  0]LogCinderQuality: Display: CINDERLINE_QUALITY_CVAR name=r.TemporalAA.HistoryScreenPercentage value=100 set_by=Constructor
[2026.09.12-12.39.32:664][  0]LogCinderQuality: Display: CINDERLINE_QUALITY_CVAR name=r.TSR.AsyncCompute value=2 set_by=Constructor
[2026.09.12-12.39.32:664][  0]LogCinderQuality: Display: CINDERLINE_QUALITY_CVAR name=r.TSR.History.UpdateQuality value=1 set_by=Scalability
[2026.09.12-12.39.32:664][  0]LogCinderQuality: Display: CINDERLINE_QUALITY_CVAR name=r.ScreenPercentage value=0 set_by=Constructor
[2026.09.12-12.39.32:664][  0]LogCinderQuality: Display: CINDERLINE_QUALITY_CVAR name=r.SecondaryScreenPercentage.GameViewport value=0 set_by=Constructor
[2026.09.12-12.39.32:664][  0]LogCinderQuality: Display: CINDERLINE_QUALITY_CVAR name=r.DynamicRes.OperationMode value=0 set_by=Constructor
[2026.09.12-12.39.32:664][  0]LogCinderQuality: Display: CINDERLINE_QUALITY_CVAR name=r.TSR.History.ScreenPercentage value=100 set_by=Scalability
[2026.09.12-12.39.32:664][  0]LogCinderQuality: Display: CINDERLINE_QUALITY_CVAR name=r.ReflectionMethod value=0 set_by=ProjectSetting
[2026.09.12-12.39.32:664][  0]LogCinderQuality: Display: CINDERLINE_QUALITY_CVAR name=r.SSR.Quality value=2 set_by=DeviceProfile
[2026.09.12-12.39.32:664][  0]LogCinderQuality: Display: CINDERLINE_QUALITY_CVAR name=r.SSR.HalfResSceneColor value=1 set_by=Scalability
[2026.09.12-12.39.32:664][  0]LogCinderQuality: Display: CINDERLINE_QUALITY_CVAR name=r.DefaultFeature.Bloom value=1 set_by=DeviceProfile
[2026.09.12-12.39.32:664][  0]LogCinderQuality: Display: CINDERLINE_QUALITY_CVAR name=r.BloomQuality value=3 set_by=DeviceProfile
[2026.09.12-12.39.32:664][  0]LogCinderQuality: Display: CINDERLINE_QUALITY_CVAR name=r.DefaultFeature.AmbientOcclusion value=1 set_by=Constructor
[2026.09.12-12.39.32:664][  0]LogCinderQuality: Display: CINDERLINE_QUALITY_CVAR name=r.AmbientOcclusionLevels value=0 set_by=Scalability
[2026.09.12-12.39.32:664][  0]LogCinderQuality: Display: CINDERLINE_QUALITY_CVAR name=r.AmbientOcclusionMaxQuality value=60 set_by=Scalability
[2026.09.12-12.39.32:664][  0]LogCinderQuality: Display: CINDERLINE_QUALITY_CVAR name=r.MaxAnisotropy value=8 set_by=DeviceProfile
[2026.09.12-12.39.32:664][  0]LogCinderQuality: Display: CINDERLINE_QUALITY_CVAR name=r.ShadowQuality value=3 set_by=DeviceProfile
[2026.09.12-12.39.32:664][  0]LogCinderQuality: Display: CINDERLINE_QUALITY_CVAR name=r.Shadow.MaxCSMResolution value=1024 set_by=DeviceProfile
[2026.09.12-12.39.32:664][  0]LogCinderQuality: Display: CINDERLINE_QUALITY_CVAR name=r.Shadow.MaxResolution value=1024 set_by=DeviceProfile
[2026.09.12-12.39.32:664][  0]LogCinderQuality: Display: CINDERLINE_QUALITY_CVAR name=r.Shadow.CSM.MaxCascades value=2 set_by=DeviceProfile
[2026.09.12-12.39.32:664][  0]LogCinderQuality: Display: CINDERLINE_QUALITY_CVAR name=r.Tonemapper.Sharpen value=-1 set_by=Constructor
[2026.09.12-12.39.32:664][  0]LogCinderQuality: Display: CINDERLINE_QUALITY_CVAR name=r.VSync value=0 set_by=GameSetting
[2026.09.12-12.39.32:664][  0]LogCinderQuality: Display: CINDERLINE_QUALITY_CVAR name=rhi.SyncInterval value=4 set_by=Code
[2026.09.12-12.39.32:664][  0]LogCinderQuality: Display: CINDERLINE_QUALITY_CVAR name=t.MaxFPS value=0 set_by=DeviceProfile
[2026.09.12-12.39.32:664][  0]LogCinderQuality: Display: CINDERLINE_QUALITY_CVAR name=r.MotionBlurQuality value=3 set_by=Scalability
[2026.09.12-12.39.32:664][  0]LogCinderQuality: Display: CINDERLINE_QUALITY_CVAR name=r.DepthOfFieldQuality value=0 set_by=Scalability
[2026.09.12-12.39.32:664][  0]LogCinderQuality: Display: CINDERLINE_QUALITY_CVAR name=r.SceneColorFringeQuality value=0 set_by=Scalability
[2026.09.12-12.39.32:664][  0]LogCinderQuality: Display: CINDERLINE_QUALITY_CVAR name=r.TranslucencyLightingVolume value=0 set_by=DeviceProfile
[2026.09.12-12.39.32:669][  1]LogCinderFramePacing: Display: CINDERLINE_IOS_POLICY state=gameplay actual_thermal=nominal effective_thermal=nominal low_power=0 effective_low_power=0 requested_fps=30 actual_pacer_fps=30 quality=full stable_seconds=0.2 source=development_override
[2026.09.12-12.39.32:671][  1]LogCinderFramePacing: Display: CINDERLINE_WORLD_RENDERING disabled=0 state=gameplay
[2026.09.12-12.39.37:611][148]LogCinderQuality: Display: CINDERLINE_GPU_PROFILE capture map=Frontier foreground=unavailable world_rendering_disabled=0; whole frame including UI; single instrumented frame, not sustained utilization
[2026.09.12-12.39.37:611][148]LogCinderQuality: Display: CINDERLINE_QUALITY map=Frontier viewport_px=2052x1536 render_target_px=2052x1536 dpi_scale=1.000 high_dpi_active=1 foreground=unavailable rendered_viewport_available=1
[2026.09.12-12.39.37:611][148]LogCinderQuality: Display: CINDERLINE_QUALITY_FRAME_LIMIT engine=CinderGameEngine state=1 effective_fps=30.00; limit is not measured cadence or GPU utilization
[2026.09.12-12.39.37:611][148]LogCinderQuality: Display: CINDERLINE_QUALITY_IOS_POLICY actual_thermal=0 raw_platform_thermal=0 device_temperature_c=unavailable effective_thermal=0 low_power=0 effective_low_power=0 requested_frame_pace=30 actual_frame_pace=30 quality=0 stable_seconds=5.2 source=development_override world_rendering_disabled=0
[2026.09.12-12.39.37:611][148]LogCinderQuality: Display: CINDERLINE_QUALITY_CVAR name=EnableHighDPIAwareness value=1 set_by=Code
[2026.09.12-12.39.37:611][148]LogCinderQuality: Display: CINDERLINE_QUALITY_CVAR name=r.AntiAliasingMethod value=1 set_by=ProjectSetting
[2026.09.12-12.39.37:611][148]LogCinderQuality: Display: CINDERLINE_QUALITY_CVAR name=r.TemporalAA.Quality value=0 set_by=Scalability
[2026.09.12-12.39.37:611][148]LogCinderQuality: Display: CINDERLINE_QUALITY_CVAR name=r.TemporalAA.HistoryScreenPercentage value=100 set_by=Constructor
[2026.09.12-12.39.37:611][148]LogCinderQuality: Display: CINDERLINE_QUALITY_CVAR name=r.TSR.AsyncCompute value=2 set_by=Constructor
[2026.09.12-12.39.37:611][148]LogCinderQuality: Display: CINDERLINE_QUALITY_CVAR name=r.TSR.History.UpdateQuality value=1 set_by=Scalability
[2026.09.12-12.39.37:611][148]LogCinderQuality: Display: CINDERLINE_QUALITY_CVAR name=r.ScreenPercentage value=0 set_by=Constructor
[2026.09.12-12.39.37:611][148]LogCinderQuality: Display: CINDERLINE_QUALITY_CVAR name=r.SecondaryScreenPercentage.GameViewport value=0 set_by=Constructor
[2026.09.12-12.39.37:611][148]LogCinderQuality: Display: CINDERLINE_QUALITY_CVAR name=r.DynamicRes.OperationMode value=0 set_by=Constructor
[2026.09.12-12.39.37:611][148]LogCinderQuality: Display: CINDERLINE_QUALITY_CVAR name=r.TSR.History.ScreenPercentage value=100 set_by=Scalability
[2026.09.12-12.39.37:611][148]LogCinderQuality: Display: CINDERLINE_QUALITY_CVAR name=r.ReflectionMethod value=0 set_by=ProjectSetting
[2026.09.12-12.39.37:611][148]LogCinderQuality: Display: CINDERLINE_QUALITY_CVAR name=r.SSR.Quality value=2 set_by=DeviceProfile
[2026.09.12-12.39.37:611][148]LogCinderQuality: Display: CINDERLINE_QUALITY_CVAR name=r.SSR.HalfResSceneColor value=1 set_by=Scalability
[2026.09.12-12.39.37:611][148]LogCinderQuality: Display: CINDERLINE_QUALITY_CVAR name=r.DefaultFeature.Bloom value=1 set_by=DeviceProfile
[2026.09.12-12.39.37:611][148]LogCinderQuality: Display: CINDERLINE_QUALITY_CVAR name=r.BloomQuality value=3 set_by=DeviceProfile
[2026.09.12-12.39.37:611][148]LogCinderQuality: Display: CINDERLINE_QUALITY_CVAR name=r.DefaultFeature.AmbientOcclusion value=1 set_by=Constructor
[2026.09.12-12.39.37:611][148]LogCinderQuality: Display: CINDERLINE_QUALITY_CVAR name=r.AmbientOcclusionLevels value=0 set_by=Scalability
[2026.09.12-12.39.37:611][148]LogCinderQuality: Display: CINDERLINE_QUALITY_CVAR name=r.AmbientOcclusionMaxQuality value=60 set_by=Scalability
[2026.09.12-12.39.37:611][148]LogCinderQuality: Display: CINDERLINE_QUALITY_CVAR name=r.MaxAnisotropy value=8 set_by=DeviceProfile
[2026.09.12-12.39.37:611][148]LogCinderQuality: Display: CINDERLINE_QUALITY_CVAR name=r.ShadowQuality value=3 set_by=DeviceProfile
[2026.09.12-12.39.37:612][148]LogCinderQuality: Display: CINDERLINE_QUALITY_CVAR name=r.Shadow.MaxCSMResolution value=1024 set_by=DeviceProfile
[2026.09.12-12.39.37:612][148]LogCinderQuality: Display: CINDERLINE_QUALITY_CVAR name=r.Shadow.MaxResolution value=1024 set_by=DeviceProfile
[2026.09.12-12.39.37:612][148]LogCinderQuality: Display: CINDERLINE_QUALITY_CVAR name=r.Shadow.CSM.MaxCascades value=2 set_by=DeviceProfile
[2026.09.12-12.39.37:612][148]LogCinderQuality: Display: CINDERLINE_QUALITY_CVAR name=r.Tonemapper.Sharpen value=-1 set_by=Constructor
[2026.09.12-12.39.37:612][148]LogCinderQuality: Display: CINDERLINE_QUALITY_CVAR name=r.VSync value=0 set_by=GameSetting
[2026.09.12-12.39.37:612][148]LogCinderQuality: Display: CINDERLINE_QUALITY_CVAR name=rhi.SyncInterval value=2 set_by=Code
[2026.09.12-12.39.37:612][148]LogCinderQuality: Display: CINDERLINE_QUALITY_CVAR name=t.MaxFPS value=0 set_by=DeviceProfile
[2026.09.12-12.39.37:612][148]LogCinderQuality: Display: CINDERLINE_QUALITY_CVAR name=r.MotionBlurQuality value=3 set_by=Scalability
[2026.09.12-12.39.37:612][148]LogCinderQuality: Display: CINDERLINE_QUALITY_CVAR name=r.DepthOfFieldQuality value=0 set_by=Scalability
[2026.09.12-12.39.37:612][148]LogCinderQuality: Display: CINDERLINE_QUALITY_CVAR name=r.SceneColorFringeQuality value=0 set_by=Scalability
[2026.09.12-12.39.37:612][148]LogCinderQuality: Display: CINDERLINE_QUALITY_CVAR name=r.TranslucencyLightingVolume value=0 set_by=DeviceProfile
[2026.09.12-12.39.37:687][150]LogRHI: Display: 
[2026.09.12-12.39.37:687][150]LogRHI: Display: GPU Profile for Frame 149 - Graphics pipeline 0 - GPU 0
[2026.09.12-12.39.37:687][150]LogRHI: Display: 
[2026.09.12-12.39.37:687][150]LogRHI: Display:     - Frame Time                    : 6.93ms
[2026.09.12-12.39.37:687][150]LogRHI: Display:     - r.ProfileGPU.Root             : "*"
[2026.09.12-12.39.37:687][150]LogRHI: Display:     - r.ProfileGPU.ThresholdPercent : 0.00%
[2026.09.12-12.39.37:687][150]LogRHI: Display:     - r.ProfileGPU.ShowLeafEvents   : true
[2026.09.12-12.39.37:687][150]LogRHI: Display: 
[2026.09.12-12.39.37:687][150]LogRHI: Display:     +---------------------------------------------------+---------------------------------------------------+---------------------------------------------------------------------------------+
[2026.09.12-12.39.37:687][150]LogRHI: Display:     |                     Exclusive                     |                     Inclusive                     |                                                                                 |
[2026.09.12-12.39.37:687][150]LogRHI: Display:     +-------+--------+------+------+---------+----------+-------+--------+------+------+---------+----------+                                     Events                                      |
[2026.09.12-12.39.37:687][150]LogRHI: Display:     | Draws | Dsptch | Prim | Vert | Percent |   Time   | Draws | Dsptch | Prim | Vert | Percent |   Time   |                                                                                 |
[2026.09.12-12.39.37:687][150]LogRHI: Display:     +-------+--------+------+------+---------+----------+-------+--------+------+------+---------+----------+---------------------------------------------------------------------------------+
[2026.09.12-12.39.37:687][150]LogRHI: Display:     |     0 |      0 |    0 |    0 |    0.2% | 0.015 ms |     0 |      0 |    0 |    0 |  100.0% | 6.935 ms | <root>                                                                          |
[2026.09.12-12.39.37:687][150]LogRHI: Display:     |     0 |      0 |    0 |    0 |    0.0% | 0.000 ms |     0 |      0 |    0 |    0 |   99.8% | 6.920 ms |    Frame 149                                                                    |
[2026.09.12-12.39.37:687][150]LogRHI: Display:     |     0 |      0 |    0 |    0 |    0.0% | 0.000 ms |     0 |      0 |    0 |    0 |    0.0% | 0.000 ms |       WorldTick                                                                 |
[2026.09.12-12.39.37:687][150]LogRHI: Display:     |     0 |      0 |    0 |    0 |    0.0% | 0.000 ms |     0 |      0 |    0 |    0 |    0.0% | 0.000 ms |       SendAllEndOfFrameUpdates                                                  |
[2026.09.12-12.39.37:687][150]LogRHI: Display:     |     0 |      0 |    0 |    0 |    0.0% | 0.000 ms |     0 |      0 |    0 |    0 |   91.0% | 6.310 ms |       SceneRender - ViewFamilies                                                |
[2026.09.12-12.39.37:687][150]LogRHI: Display:     |     0 |      0 |    0 |    0 |    0.0% | 0.000 ms |     0 |      0 |    0 |    0 |    0.0% | 0.000 ms |          MobileSceneRender                                                      |
[2026.09.12-12.39.37:687][150]LogRHI: Display:     |     0 |      0 |    0 |    0 |    0.0% | 0.000 ms |     0 |      0 |    0 |    0 |    0.0% | 0.000 ms |             InitViews                                                           |
[2026.09.12-12.39.37:687][150]LogRHI: Display:     |     0 |      0 |    0 |    0 |    0.0% | 0.000 ms |     0 |      0 |    0 |    0 |    0.0% | 0.000 ms |             RenderMobileShadowProjections                                       |
[2026.09.12-12.39.37:687][150]LogRHI: Display:     |     0 |      0 |    0 |    0 |    0.0% | 0.000 ms |     0 |      0 |    0 |    0 |   91.0% | 6.310 ms |          RenderGraphExecute - /ViewFamilies                                     |
[2026.09.12-12.39.37:687][150]LogRHI: Display:     |     0 |      0 |    0 |    0 |    0.0% | 0.000 ms |     0 |      0 |    0 |    0 |    0.0% | 0.000 ms |             FRDGBuilder::SubmitBufferUploads                                    |
[2026.09.12-12.39.37:687][150]LogRHI: Display:     |     0 |      0 |    0 |    0 |    1.5% | 0.101 ms |     0 |      0 |    0 |    0 |   91.0% | 6.310 ms |             MobileSceneRender                                                   |
[2026.09.12-12.39.37:687][150]LogRHI: Display:     |     0 |      0 |    0 |    0 |    0.0% | 0.000 ms |     0 |      0 |    0 |    0 |    0.1% | 0.010 ms |                UpdateAllPrimitiveSceneInfos                                     |
[2026.09.12-12.39.37:687][150]LogRHI: Display:     |     0 |      0 |    0 |    0 |    0.0% | 0.000 ms |     0 |      0 |    0 |    0 |    0.1% | 0.010 ms |                   GPUSceneUpdate                                                |
[2026.09.12-12.39.37:687][150]LogRHI: Display:     |     0 |      0 |    0 |    0 |    0.0% | 0.000 ms |     0 |      0 |    0 |    0 |    0.1% | 0.010 ms |                      GPUScene.Update                                            |
[2026.09.12-12.39.37:687][150]LogRHI: Display:     |     0 |      0 |    0 |    0 |    0.1% | 0.010 ms |     0 |      0 |    0 |    0 |    0.1% | 0.010 ms |                         GPUScene::SetInstancePrimitiveIdCS                      |
[2026.09.12-12.39.37:687][150]LogRHI: Display:     |     0 |      0 |    0 |    0 |    0.0% | 0.000 ms |     0 |      0 |    0 |    0 |    0.0% | 0.000 ms |                         GPUScene::SetInstancePrimitiveIdCS                      |
[2026.09.12-12.39.37:687][150]LogRHI: Display:     |     0 |      0 |    0 |    0 |    0.0% | 0.000 ms |     0 |      0 |    0 |    0 |    0.0% | 0.000 ms |                         UpdateGPUScene NumPrimitiveDataUploads 20               |
[2026.09.12-12.39.37:687][150]LogRHI: Display:     |     0 |      0 |    0 |    0 |    0.0% | 0.000 ms |     0 |      0 |    0 |    0 |    0.0% | 0.000 ms |                            ScatterUpload (Resource: GPUScene.PrimitiveData)     |
[2026.09.12-12.39.37:687][150]LogRHI: Display:     |     0 |      0 |    0 |    0 |    0.0% | 0.000 ms |     0 |      0 |    0 |    0 |    0.0% | 0.000 ms |                            ScatterUpload (Resource: GPUScene.InstanceSceneData) |
[2026.09.12-12.39.37:687][150]LogRHI: Display:     |     0 |      0 |    0 |    0 |    0.0% | 0.000 ms |     0 |      0 |    0 |    0 |    0.0% | 0.000 ms |                ClearGPUMessageBuffer                                            |
[2026.09.12-12.39.37:687][150]LogRHI: Display:     |     0 |      0 |    0 |    0 |    0.0% | 0.000 ms |     0 |      0 |    0 |    0 |    0.0% | 0.000 ms |                ShaderPrint::UploadParameters                                    |
[2026.09.12-12.39.37:687][150]LogRHI: Display:     |     0 |      0 |    0 |    0 |    0.0% | 0.000 ms |     0 |      0 |    0 |    0 |    0.0% | 0.000 ms |                AccessModePass[Graphics] (Textures: 0, Buffers: 1)               |
[2026.09.12-12.39.37:687][150]LogRHI: Display:     |     0 |      0 |    0 |    0 |    0.0% | 0.000 ms |     0 |      0 |    0 |    0 |    0.0% | 0.000 ms |                FXSystemPreRender                                                |
[2026.09.12-12.39.37:687][150]LogRHI: Display:     |     0 |      0 |    0 |    0 |    0.0% | 0.000 ms |     0 |      0 |    0 |    0 |    0.0% | 0.000 ms |                   GPUParticles_PreRender                                        |
[2026.09.12-12.39.37:687][150]LogRHI: Display:     |     0 |      0 |    0 |    0 |    0.0% | 0.000 ms |     0 |      0 |    0 |    0 |    0.8% | 0.057 ms |                ComputeLightGrid                                                 |
[2026.09.12-12.39.37:687][150]LogRHI: Display:     |     0 |      0 |    0 |    0 |    0.0% | 0.000 ms |     0 |      0 |    0 |    0 |    0.8% | 0.057 ms |                   CullLights 33x24x8 NumLights 0 NumCaptures 0                  |
[2026.09.12-12.39.37:687][150]LogRHI: Display:     |     0 |      0 |    0 |    0 |    0.0% | 0.000 ms |     0 |      0 |    0 |    0 |    0.0% | 0.000 ms |                      ClearBuffer(CulledLightLinkAllocator Size=4bytes)          |
[2026.09.12-12.39.37:687][150]LogRHI: Display:     |     0 |      0 |    0 |    0 |    0.0% | 0.000 ms |     0 |      0 |    0 |    0 |    0.0% | 0.000 ms |                      ClearBuffer(CulledLightDataAllocator Size=4bytes)          |
[2026.09.12-12.39.37:687][150]LogRHI: Display:     |     0 |      0 |    0 |    0 |    0.0% | 0.000 ms |     0 |      0 |    0 |    0 |    0.0% | 0.000 ms |                      ClearBuffer(NumCulledLightsGrid Size=101376bytes)          |
[2026.09.12-12.39.37:687][150]LogRHI: Display:     |     0 |      0 |    0 |    0 |    0.8% | 0.057 ms |     0 |      0 |    0 |    0 |    0.8% | 0.057 ms |                      LightGridInject NoLinkedList    SingleThread               |
[2026.09.12-12.39.37:687][150]LogRHI: Display:     |     0 |      0 |    0 |    0 |    0.0% | 0.000 ms |     0 |      0 |    0 |    0 |    0.0% | 0.000 ms |                      LightGridFeedbackStatus                                    |
[2026.09.12-12.39.37:687][150]LogRHI: Display:     |     0 |      0 |    0 |    0 |    0.0% | 0.000 ms |     0 |      0 |    0 |    0 |    2.6% | 0.178 ms |                ShadowDepths                                                     |
[2026.09.12-12.39.37:687][150]LogRHI: Display:     |     0 |      0 |    0 |    0 |    0.0% | 0.000 ms |     0 |      0 |    0 |    0 |    0.0% | 0.000 ms |                   BuildRenderingCommandsDeferred(Culling=On)                    |
[2026.09.12-12.39.37:687][150]LogRHI: Display:     |     0 |      0 |    0 |    0 |    0.0% | 0.000 ms |     0 |      0 |    0 |    0 |    0.0% | 0.000 ms |                      ClearIndirectArgInstanceCount                              |
[2026.09.12-12.39.37:687][150]LogRHI: Display:     |     0 |      0 |    0 |    0 |    0.0% | 0.000 ms |     0 |      0 |    0 |    0 |    0.0% | 0.000 ms |                      CullInstances(UnCulled). Bin 0                             |
[2026.09.12-12.39.37:687][150]LogRHI: Display:     |     0 |      0 |    0 |    0 |    0.0% | 0.000 ms |     0 |      0 |    0 |    0 |    0.0% | 0.000 ms |                      CullInstances(Generic). Bin 1                              |
[2026.09.12-12.39.37:687][150]LogRHI: Display:     |     0 |      0 |    0 |    0 |    2.6% | 0.178 ms |     0 |      0 |    0 |    0 |    2.6% | 0.178 ms |                   Atlas0 2048x1024                                              |
[2026.09.12-12.39.37:687][150]LogRHI: Display:     |     0 |      0 |    0 |    0 |    0.0% | 0.000 ms |     0 |      0 |    0 |    0 |    0.0% | 0.000 ms |                      ClearShadowDepth                                           |
[2026.09.12-12.39.37:687][150]LogRHI: Display:     |     0 |      0 |    0 |    0 |    0.0% | 0.000 ms |     0 |      0 |    0 |    0 |    0.0% | 0.000 ms |                      Frontier.DirectionalLight_2147482195                       |
[2026.09.12-12.39.37:687][150]LogRHI: Display:     |     0 |      0 |    0 |    0 |    0.0% | 0.000 ms |     0 |      0 |    0 |    0 |    0.0% | 0.000 ms |                         WholeScene split0 1016x1016                             |
[2026.09.12-12.39.37:687][150]LogRHI: Display:     |     0 |      0 |    0 |    0 |    0.0% | 0.000 ms |     0 |      0 |    0 |    0 |    0.0% | 0.000 ms |                            ShadowDepthPass                                      |
[2026.09.12-12.39.37:687][150]LogRHI: Display:     |     0 |      0 |    0 |    0 |    0.0% | 0.000 ms |     0 |      0 |    0 |    0 |    0.0% | 0.000 ms |                         WholeScene split1 1016x1016                             |
[2026.09.12-12.39.37:687][150]LogRHI: Display:     |     0 |      0 |    0 |    0 |    0.0% | 0.000 ms |     0 |      0 |    0 |    0 |    0.0% | 0.000 ms |                            ShadowDepthPass                                      |
[2026.09.12-12.39.37:687][150]LogRHI: Display:     |     0 |      0 |    0 |    0 |    0.0% | 0.000 ms |     0 |      0 |    0 |    0 |    0.0% | 0.000 ms |                AccessModePass[Graphics] (Textures: 1, Buffers: 0)               |
[2026.09.12-12.39.37:687][150]LogRHI: Display:     |     0 |      0 |    0 |    0 |   50.8% | 3.524 ms |     0 |      0 |    0 |    0 |   50.8% | 3.524 ms |                BasePass                                                         |
[2026.09.12-12.39.37:687][150]LogRHI: Display:     |     0 |      0 |    0 |    0 |    0.0% | 0.000 ms |     0 |      0 |    0 |    0 |    0.0% | 0.000 ms |                   MobileBasePass                                                |
[2026.09.12-12.39.37:687][150]LogRHI: Display:     |     0 |      0 |    0 |    0 |    0.0% | 0.000 ms |     0 |      0 |    0 |    0 |    0.0% | 0.000 ms |                      DynamicEd                                                  |
[2026.09.12-12.39.37:687][150]LogRHI: Display:     |     0 |      0 |    0 |    0 |    0.0% | 0.000 ms |     0 |      0 |    0 |    0 |    0.0% | 0.000 ms |                   BeginOcclusionTests                                           |
[2026.09.12-12.39.37:687][150]LogRHI: Display:     |     0 |      0 |    0 |    0 |    0.0% | 0.000 ms |     0 |      0 |    0 |    0 |    0.0% | 0.000 ms |                      GroupedQueries                                             |
[2026.09.12-12.39.37:687][150]LogRHI: Display:     |     0 |      0 |    0 |    0 |    0.0% | 0.000 ms |     0 |      0 |    0 |    0 |    0.0% | 0.000 ms |                      IndividualQueries                                          |
[2026.09.12-12.39.37:687][150]LogRHI: Display:     |     0 |      0 |    0 |    0 |    0.0% | 0.000 ms |     0 |      0 |    0 |    0 |    0.0% | 0.000 ms |                AsyncGpuTraceHelper::PostRenderOpaque                            |
[2026.09.12-12.39.37:687][150]LogRHI: Display:     |     0 |      0 |    0 |    0 |    0.0% | 0.000 ms |     0 |      0 |    0 |    0 |    0.0% | 0.000 ms |                Niagara::PostRenderFinish                                        |
[2026.09.12-12.39.37:687][150]LogRHI: Display:     |     0 |      0 |    0 |    0 |    0.0% | 0.000 ms |     0 |      0 |    0 |    0 |   21.4% | 1.483 ms |                ShadowProjection                                                 |
[2026.09.12-12.39.37:687][150]LogRHI: Display:     |     0 |      0 |    0 |    0 |    0.0% | 0.000 ms |     0 |      0 |    0 |    0 |   21.4% | 1.483 ms |                   RenderMobileShadowProjections                                 |
[2026.09.12-12.39.37:687][150]LogRHI: Display:     |     0 |      0 |    0 |    0 |    0.0% | 0.000 ms |     0 |      0 |    0 |    0 |   21.4% | 1.483 ms |                      Shadows                                                    |
[2026.09.12-12.39.37:687][150]LogRHI: Display:     |     0 |      0 |    0 |    0 |   21.4% | 1.483 ms |     0 |      0 |    0 |    0 |   21.4% | 1.483 ms |                         Frontier.DirectionalLight_2147482195                    |
[2026.09.12-12.39.37:687][150]LogRHI: Display:     |     0 |      0 |    0 |    0 |    0.0% | 0.000 ms |     0 |      0 |    0 |    0 |    0.0% | 0.000 ms |                            ShadowProjection WholeScene split1                   |
[2026.09.12-12.39.37:687][150]LogRHI: Display:     |     0 |      0 |    0 |    0 |    0.0% | 0.000 ms |     0 |      0 |    0 |    0 |    0.0% | 0.000 ms |                            ShadowProjection WholeScene split0                   |
[2026.09.12-12.39.37:687][150]LogRHI: Display:     |     0 |      0 |    0 |    0 |    0.0% | 0.000 ms |     0 |      0 |    0 |    0 |    0.0% | 0.000 ms |                LightingAndFog                                                   |
[2026.09.12-12.39.37:687][150]LogRHI: Display:     |     0 |      0 |    0 |    0 |    0.0% | 0.000 ms |     0 |      0 |    0 |    0 |    0.0% | 0.000 ms |                   Lighting                                                      |
[2026.09.12-12.39.37:687][150]LogRHI: Display:     |     0 |      0 |    0 |    0 |    0.0% | 0.000 ms |     0 |      0 |    0 |    0 |    0.0% | 0.000 ms |                      DeferredShading                                            |
[2026.09.12-12.39.37:687][150]LogRHI: Display:     |     0 |      0 |    0 |    0 |    0.0% | 0.000 ms |     0 |      0 |    0 |    0 |    0.0% | 0.000 ms |                         Frontier.DirectionalLight_2147482195                    |
[2026.09.12-12.39.37:687][150]LogRHI: Display:     |     0 |      0 |    0 |    0 |    0.0% | 0.000 ms |     0 |      0 |    0 |    0 |    0.0% | 0.000 ms |                   Fog                                                           |
[2026.09.12-12.39.37:687][150]LogRHI: Display:     |     0 |      0 |    0 |    0 |    0.0% | 0.000 ms |     0 |      0 |    0 |    0 |    0.0% | 0.000 ms |                      MobileFog                                                  |
[2026.09.12-12.39.37:687][150]LogRHI: Display:     |     0 |      0 |    0 |    0 |    0.0% | 0.000 ms |     0 |      0 |    0 |    0 |    0.0% | 0.000 ms |                Translucency                                                     |
[2026.09.12-12.39.37:687][150]LogRHI: Display:     |     0 |      0 |    0 |    0 |    0.0% | 0.000 ms |     0 |      0 |    0 |    0 |    0.0% | 0.000 ms |                   Translucency                                                  |
[2026.09.12-12.39.37:687][150]LogRHI: Display:     |     0 |      0 |    0 |    0 |    0.0% | 0.000 ms |     0 |      0 |    0 |    0 |   13.8% | 0.957 ms |                PostProcessing                                                   |
[2026.09.12-12.39.37:687][150]LogRHI: Display:     |     0 |      0 |    0 |    0 |    7.4% | 0.513 ms |     0 |      0 |    0 |    0 |    7.4% | 0.513 ms |                   BloomSetup 1026x768 in 1028x768 (PS)                          |
[2026.09.12-12.39.37:687][150]LogRHI: Display:     |     0 |      0 |    0 |    0 |    0.5% | 0.035 ms |     0 |      0 |    0 |    0 |    0.5% | 0.035 ms |                   BloomDown 513x384 in 514x384 RT (PS)                          |
[2026.09.12-12.39.37:687][150]LogRHI: Display:     |     0 |      0 |    0 |    0 |    0.2% | 0.015 ms |     0 |      0 |    0 |    0 |    0.2% | 0.015 ms |                   BloomDown 257x192 in 257x192 RT (PS)                          |
[2026.09.12-12.39.37:687][150]LogRHI: Display:     |     0 |      0 |    0 |    0 |    0.2% | 0.015 ms |     0 |      0 |    0 |    0 |    0.2% | 0.015 ms |                   BloomDown 129x96 in 129x96 RT (PS)                            |
[2026.09.12-12.39.37:687][150]LogRHI: Display:     |     0 |      0 |    0 |    0 |    0.2% | 0.016 ms |     0 |      0 |    0 |    0 |    0.2% | 0.016 ms |                   BloomDown 65x48 in 65x48 RT (PS)                              |
[2026.09.12-12.39.37:687][150]LogRHI: Display:     |     0 |      0 |    0 |    0 |    0.2% | 0.012 ms |     0 |      0 |    0 |    0 |    0.2% | 0.012 ms |                   BloomDown 33x24 in 33x24 RT (PS)                              |
[2026.09.12-12.39.37:687][150]LogRHI: Display:     |     0 |      0 |    0 |    0 |    0.1% | 0.010 ms |     0 |      0 |    0 |    0 |    0.1% | 0.010 ms |                   BloomDown 17x12 in 17x12 RT (PS)                              |
[2026.09.12-12.39.37:687][150]LogRHI: Display:     |     0 |      0 |    0 |    0 |    0.2% | 0.012 ms |     0 |      0 |    0 |    0 |    0.2% | 0.012 ms |                   BloomUp 33x24 in 33x24 RT (PS)                                |
[2026.09.12-12.39.37:687][150]LogRHI: Display:     |     0 |      0 |    0 |    0 |    0.2% | 0.014 ms |     0 |      0 |    0 |    0 |    0.2% | 0.014 ms |                   BloomUp 65x48 in 65x48 RT (PS)                                |
[2026.09.12-12.39.37:687][150]LogRHI: Display:     |     0 |      0 |    0 |    0 |    0.2% | 0.015 ms |     0 |      0 |    0 |    0 |    0.2% | 0.015 ms |                   BloomUp 129x96 in 129x96 RT (PS)                              |
[2026.09.12-12.39.37:687][150]LogRHI: Display:     |     0 |      0 |    0 |    0 |    0.2% | 0.013 ms |     0 |      0 |    0 |    0 |    0.2% | 0.013 ms |                   BloomUp 257x192 in 257x192 RT (PS)                            |
[2026.09.12-12.39.37:687][150]LogRHI: Display:     |     0 |      0 |    0 |    0 |    0.3% | 0.024 ms |     0 |      0 |    0 |    0 |    0.3% | 0.024 ms |                   BloomUp 513x384 in 514x384 RT (PS)                            |
[2026.09.12-12.39.37:687][150]LogRHI: Display:     |     0 |      0 |    0 |    0 |    0.7% | 0.048 ms |     0 |      0 |    0 |    0 |    0.7% | 0.048 ms |                   SunMerge 1028x768 (PS)                                        |
[2026.09.12-12.39.37:687][150]LogRHI: Display:     |     0 |      0 |    0 |    0 |    1.6% | 0.113 ms |     0 |      0 |    0 |    0 |    1.6% | 0.113 ms |                   Tonemap 2052x1536 (PS GammaOnly=0)                            |
[2026.09.12-12.39.37:687][150]LogRHI: Display:     |     0 |      0 |    0 |    0 |    0.0% | 0.000 ms |     0 |      0 |    0 |    0 |    1.5% | 0.104 ms |                   FXAA                                                          |
[2026.09.12-12.39.37:687][150]LogRHI: Display:     |     0 |      0 |    0 |    0 |    1.5% | 0.104 ms |     0 |      0 |    0 |    0 |    1.5% | 0.104 ms |                      FXAA(Quality=0) 2052x1536 PS                               |
[2026.09.12-12.39.37:687][150]LogRHI: Display:     |     0 |      0 |    0 |    0 |    0.0% | 0.000 ms |     0 |      0 |    0 |    0 |    0.0% | 0.000 ms |                VirtualTextureUpdate                                             |
[2026.09.12-12.39.37:687][150]LogRHI: Display:     |     0 |      0 |    0 |    0 |    0.0% | 0.000 ms |     0 |      0 |    0 |    0 |    0.0% | 0.000 ms |                ExtractUniformBuffer                                             |
[2026.09.12-12.39.37:687][150]LogRHI: Display:     |     0 |      0 |    0 |    0 |    0.0% | 0.000 ms |     0 |      0 |    0 |    0 |    0.0% | 0.000 ms |                EnqueueCopy(GPUMessageManager.MessageBuffer)                     |
[2026.09.12-12.39.37:687][150]LogRHI: Display:     |     0 |      0 |    0 |    0 |    8.8% | 0.610 ms |     0 |      0 |    0 |    0 |    8.8% | 0.610 ms |       RenderGraphExecute - CanvasRenderThreadScope                              |
[2026.09.12-12.39.37:687][150]LogRHI: Display:     |     0 |      0 |    0 |    0 |    0.0% | 0.000 ms |     0 |      0 |    0 |    0 |    0.0% | 0.000 ms |          FRDGBuilder::SubmitBufferUploads                                       |
[2026.09.12-12.39.37:687][150]LogRHI: Display:     |     0 |      0 |    0 |    0 |    0.0% | 0.000 ms |     0 |      0 |    0 |    0 |    0.0% | 0.000 ms |          CanvasBatchedElements                                                  |
[2026.09.12-12.39.37:687][150]LogRHI: Display:     |     0 |      0 |    0 |    0 |    0.0% | 0.000 ms |     0 |      0 |    0 |    0 |    0.0% | 0.000 ms |          CanvasBatchedElements                                                  |
[2026.09.12-12.39.37:687][150]LogRHI: Display:     |     0 |      0 |    0 |    0 |    0.0% | 0.000 ms |     0 |      0 |    0 |    0 |    0.0% | 0.000 ms |          CanvasBatchedElements                                                  |
[2026.09.12-12.39.37:687][150]LogRHI: Display:     |     0 |      0 |    0 |    0 |    0.0% | 0.000 ms |     0 |      0 |    0 |    0 |    0.0% | 0.000 ms |          CanvasBatchedElements                                                  |
[2026.09.12-12.39.37:687][150]LogRHI: Display:     |     0 |      0 |    0 |    0 |    0.0% | 0.000 ms |     0 |      0 |    0 |    0 |    0.0% | 0.000 ms |          CanvasBatchedElements                                                  |
[2026.09.12-12.39.37:687][150]LogRHI: Display:     |     0 |      0 |    0 |    0 |    0.0% | 0.000 ms |     0 |      0 |    0 |    0 |    0.0% | 0.000 ms |          CanvasBatchedElements                                                  |
[2026.09.12-12.39.37:687][150]LogRHI: Display:     |     0 |      0 |    0 |    0 |    0.0% | 0.000 ms |     0 |      0 |    0 |    0 |    0.0% | 0.000 ms |          CanvasBatchedElements                                                  |
[2026.09.12-12.39.37:687][150]LogRHI: Display:     |     0 |      0 |    0 |    0 |    0.0% | 0.000 ms |     0 |      0 |    0 |    0 |    0.0% | 0.000 ms |          CanvasBatchedElements                                                  |
[2026.09.12-12.39.37:687][150]LogRHI: Display:     |     0 |      0 |    0 |    0 |    0.0% | 0.000 ms |     0 |      0 |    0 |    0 |    0.0% | 0.000 ms |          CanvasBatchedElements                                                  |
[2026.09.12-12.39.37:687][150]LogRHI: Display:     |     0 |      0 |    0 |    0 |    0.0% | 0.000 ms |     0 |      0 |    0 |    0 |    0.0% | 0.000 ms |          CanvasBatchedElements                                                  |
[2026.09.12-12.39.37:687][150]LogRHI: Display:     |     0 |      0 |    0 |    0 |    0.0% | 0.000 ms |     0 |      0 |    0 |    0 |    0.0% | 0.000 ms |          CanvasBatchedElements                                                  |
[2026.09.12-12.39.37:687][150]LogRHI: Display:     |     0 |      0 |    0 |    0 |    0.0% | 0.000 ms |     0 |      0 |    0 |    0 |    0.0% | 0.000 ms |          CanvasBatchedElements                                                  |
[2026.09.12-12.39.37:687][150]LogRHI: Display:     |     0 |      0 |    0 |    0 |    0.0% | 0.000 ms |     0 |      0 |    0 |    0 |    0.0% | 0.000 ms |          CanvasBatchedElements                                                  |
[2026.09.12-12.39.37:687][150]LogRHI: Display:     |     0 |      0 |    0 |    0 |    0.0% | 0.000 ms |     0 |      0 |    0 |    0 |    0.0% | 0.000 ms |          CanvasBatchedElements                                                  |
[2026.09.12-12.39.37:687][150]LogRHI: Display:     |     0 |      0 |    0 |    0 |    0.0% | 0.000 ms |     0 |      0 |    0 |    0 |    0.0% | 0.000 ms |          CanvasBatchedElements                                                  |
[2026.09.12-12.39.37:687][150]LogRHI: Display:     |     0 |      0 |    0 |    0 |    0.0% | 0.000 ms |     0 |      0 |    0 |    0 |    0.0% | 0.000 ms |          CanvasBatchedElements                                                  |
[2026.09.12-12.39.37:687][150]LogRHI: Display:     |     0 |      0 |    0 |    0 |    0.0% | 0.000 ms |     0 |      0 |    0 |    0 |    0.0% | 0.000 ms |          CanvasBatchedElements                                                  |
[2026.09.12-12.39.37:687][150]LogRHI: Display:     |     0 |      0 |    0 |    0 |    0.0% | 0.000 ms |     0 |      0 |    0 |    0 |    0.0% | 0.000 ms |          CanvasBatchedElements                                                  |
[2026.09.12-12.39.37:687][150]LogRHI: Display:     |     0 |      0 |    0 |    0 |    0.0% | 0.000 ms |     0 |      0 |    0 |    0 |    0.0% | 0.000 ms |          CanvasBatchedElements                                                  |
[2026.09.12-12.39.37:687][150]LogRHI: Display:     |     0 |      0 |    0 |    0 |    0.0% | 0.000 ms |     0 |      0 |    0 |    0 |    0.0% | 0.000 ms |          CanvasBatchedElements                                                  |
[2026.09.12-12.39.37:687][150]LogRHI: Display:     |     0 |      0 |    0 |    0 |    0.0% | 0.000 ms |     0 |      0 |    0 |    0 |    0.0% | 0.000 ms |       RenderGraphExecute - Slate                                                |
[2026.09.12-12.39.37:687][150]LogRHI: Display:     |     0 |      0 |    0 |    0 |    0.0% | 0.000 ms |     0 |      0 |    0 |    0 |    0.0% | 0.000 ms |          FRDGBuilder::SubmitBufferUploads                                       |
[2026.09.12-12.39.37:687][150]LogRHI: Display:     |     0 |      0 |    0 |    0 |    0.0% | 0.000 ms |     0 |      0 |    0 |    0 |    0.0% | 0.000 ms |       EndDrawingViewport                                                        |
[2026.09.12-12.39.37:687][150]LogRHI: Display:     +-------+--------+------+------+---------+----------+-------+--------+------+------+---------+----------+---------------------------------------------------------------------------------+
[2026.09.12-12.39.37:687][150]LogRHI: Display: 
[2026.09.12-12.39.37:687][150]LogCinderQuality: Display: CINDERLINE_FRAME_PROFILE result map=Frontier samples=120 warmup_frames=30 viewport_px=2052x1536 window_seconds=4.048 mean_ms=33.731 median_ms=33.259 p95_ms=37.553 fps=29.65 foreground=unavailable background_frames=unavailable measurement=rendered_viewport_wall_clock gpu_timing=completed_engine_frames
[2026.09.12-12.39.37:687][150]LogCinderQuality: Display: CINDERLINE_FRAME_PROFILE_TIMING metric=game_thread status=available samples=120 viewport_samples=120 unavailable_observations=0 mean_ms=2.309 median_ms=2.150 p95_ms=3.937 source=GGameThreadTime availability=positive_latest_published_counter
[2026.09.12-12.39.37:687][150]LogCinderQuality: Display: CINDERLINE_FRAME_PROFILE_TIMING metric=render_thread status=available samples=120 viewport_samples=120 unavailable_observations=0 mean_ms=5.228 median_ms=5.075 p95_ms=7.868 source=GRenderThreadTime availability=separate_thread_and_positive_latest_published_counter
[2026.09.12-12.39.37:687][150]LogCinderQuality: Display: CINDERLINE_FRAME_PROFILE_TIMING metric=rhi_thread status=unavailable samples=0 viewport_samples=120 unavailable_observations=120 mean_ms=unavailable median_ms=unavailable p95_ms=unavailable source=GRHIThreadTime availability=separate_thread_and_positive_latest_published_counter
[2026.09.12-12.39.37:687][150]LogCinderQuality: Display: CINDERLINE_FRAME_PROFILE_TIMING metric=gpu status=available samples=120 viewport_samples=120 unavailable_observations=0 mean_ms=3.729 median_ms=3.369 p95_ms=6.830 source=FRHIGPUFrameTimeHistory availability=fresh_positive_completed_gpu_frames
[2026.09.12-12.39.37:687][150]LogCinderQuality: Display: CINDERLINE_FRAME_PROFILE_TIMING_SCOPE scope=global_engine cpu_alignment=latest_published gpu_alignment=asynchronous_completed gpu_frames=120 viewport_frames_without_gpu_completion=0 gpu_disjoint_events=0 gpu_poll_limit_hits=0 gpu_overflow_discarded=0 gpu_frame_bubbles_removed=1 render_thread_separate=1 rhi_thread_separate=0; CPU engine timings may include waits and are not CPU utilization or pure active work. GPU completions can lag, include other engine viewport work, and are not paired with these viewport frames; zero or missing timings are unavailable, not measured zero. No GPU utilization or synchronized frame attribution is inferred.
