[ 12%] Built target CinderlineSimulation
[ 17%] Built target CinderlineSustainedOrderBaseline
[ 20%] Built target CinderlineMatchBaseline
[ 20%] Built target CinderlineGameplayBaseline
[ 22%] Built target CinderlineTacticalOrderBaseline
[ 32%] Built target CinderlineAIChallengeBaseline
[ 32%] Built target CinderlineFormationOrderBaseline
[ 32%] Built target CinderlineTests
[ 32%] Built target CinderlineMatchWorker
[ 42%] Built target CinderlineMovementFollowingTests
[ 42%] Built target CinderlineNavigationRouteQualityTests
[ 42%] Built target CinderlineNavigationTests
[ 42%] Built target CinderlineNetworkTests
[ 52%] Built target CinderlineAITacticsTests
[ 52%] Built target CinderlineAIDifficultyProgressionTests
[ 52%] Built target CinderlineDefenseTests
[ 52%] Built target CinderlineAIDifficultyTests
[ 60%] Built target CinderlineAIEconomyTests
[ 60%] Built target CinderlineProductionAllocationTests
[ 60%] Built target CinderlineMatchLengthTests
[ 61%] Building CXX object CMakeFiles/CinderlineAIResourceControlTests.dir/Tests/AIResourceControlTests.cpp.o
[ 68%] Built target CinderlineTacticalOrderTests
[ 68%] Built target CinderlineFourPlayerTests
[ 68%] Built target CinderlineOrderCompletionTests
[ 76%] Built target CinderlinePatrolEscortTests
[ 76%] Built target CinderlineFormationOrderTests
[ 76%] Built target CinderlineTacticalInterruptionTests
[ 83%] Built target CinderlineBuilderQueueTests
[ 83%] Built target CinderlineWorkerOrderCompletionTests
[ 83%] Built target CinderlineSimulationProfilingTests
[ 91%] Built target CinderlineNavigationAttachmentCacheTests
[ 91%] Built target CinderlineNavigationPredicateParityTests
[ 91%] Built target CinderlineNavigationMultiSourceTests
[ 96%] Built target CinderlineNavigationTerrainVisibilityTests
[ 96%] Built target CinderlineProductionTrafficTests
[ 98%] Built target CinderlineProductionExitTests
[100%] Linking CXX executable CinderlineAIResourceControlTests
[100%] Built target CinderlineAIResourceControlTests
