[  1%] Building CXX object CMakeFiles/CinderlineSimulation.dir/Source/Cinderline/Private/Sim/SimulationAI.cpp.o
[  2%] Linking CXX static library libCinderlineSimulation.a
[ 12%] Built target CinderlineSimulation
[ 16%] Linking CXX executable CinderlineSustainedOrderBaseline
[ 16%] Linking CXX executable CinderlineMatchBaseline
[ 16%] Linking CXX executable CinderlineTacticalOrderBaseline
[ 17%] Linking CXX executable CinderlineGameplayBaseline
[ 18%] Built target CinderlineMatchBaseline
[ 20%] Built target CinderlineTacticalOrderBaseline
[ 21%] Built target CinderlineSustainedOrderBaseline
[ 22%] Built target CinderlineGameplayBaseline
[ 25%] Linking CXX executable CinderlineAIChallengeBaseline
[ 25%] Linking CXX executable CinderlineMatchWorker
[ 26%] Linking CXX executable CinderlineFormationOrderBaseline
[ 27%] Linking CXX executable CinderlineTests
[ 28%] Built target CinderlineFormationOrderBaseline
[ 30%] Built target CinderlineAIChallengeBaseline
[ 31%] Built target CinderlineMatchWorker
[ 32%] Built target CinderlineTests
[ 33%] Linking CXX executable CinderlineNavigationTests
[ 35%] Linking CXX executable CinderlineMovementFollowingTests
[ 36%] Linking CXX executable CinderlineNavigationRouteQualityTests
[ 37%] Linking CXX executable CinderlineNetworkTests
[ 38%] Built target CinderlineNavigationRouteQualityTests
[ 40%] Built target CinderlineMovementFollowingTests
[ 41%] Built target CinderlineNetworkTests
[ 42%] Built target CinderlineNavigationTests
[ 43%] Linking CXX executable CinderlineDefenseTests
[ 45%] Linking CXX executable CinderlineAIDifficultyTests
[ 47%] Linking CXX executable CinderlineAIDifficultyProgressionTests
[ 47%] Linking CXX executable CinderlineAITacticsTests
[ 48%] Built target CinderlineAIDifficultyTests
[ 50%] Built target CinderlineDefenseTests
[ 51%] Built target CinderlineAIDifficultyProgressionTests
[ 52%] Built target CinderlineAITacticsTests
[ 53%] Building CXX object CMakeFiles/CinderlineAIResourceControlTests.dir/Tests/AIResourceControlTests.cpp.o
[ 55%] Linking CXX executable CinderlineAIEconomyTests
[ 57%] Linking CXX executable CinderlineProductionAllocationTests
[ 57%] Linking CXX executable CinderlineMatchLengthTests
[ 58%] Built target CinderlineAIEconomyTests
[ 60%] Built target CinderlineMatchLengthTests
[ 61%] Built target CinderlineProductionAllocationTests
[ 62%] Linking CXX executable CinderlineFourPlayerTests
[ 63%] Linking CXX executable CinderlineOrderCompletionTests
[ 65%] Linking CXX executable CinderlineTacticalOrderTests
[ 66%] Built target CinderlineFourPlayerTests
[ 67%] Built target CinderlineOrderCompletionTests
[ 68%] Built target CinderlineTacticalOrderTests
[ 70%] Linking CXX executable CinderlinePatrolEscortTests
[ 71%] Linking CXX executable CinderlineFormationOrderTests
[ 72%] Linking CXX executable CinderlineTacticalInterruptionTests
[ 73%] Built target CinderlinePatrolEscortTests
[ 75%] Built target CinderlineFormationOrderTests
[ 76%] Built target CinderlineTacticalInterruptionTests
[ 77%] Linking CXX executable CinderlineWorkerOrderCompletionTests
[ 78%] Linking CXX executable CinderlineBuilderQueueTests
[ 80%] Linking CXX executable CinderlineSimulationProfilingTests
[ 81%] Built target CinderlineWorkerOrderCompletionTests
[ 82%] Built target CinderlineBuilderQueueTests
[ 83%] Built target CinderlineSimulationProfilingTests
[ 85%] Linking CXX executable CinderlineNavigationAttachmentCacheTests
[ 86%] Linking CXX executable CinderlineNavigationMultiSourceTests
[ 87%] Linking CXX executable CinderlineNavigationPredicateParityTests
[ 88%] Built target CinderlineNavigationAttachmentCacheTests
[ 90%] Built target CinderlineNavigationMultiSourceTests
[ 91%] Built target CinderlineNavigationPredicateParityTests
[ 92%] Linking CXX executable CinderlineNavigationTerrainVisibilityTests
[ 93%] Linking CXX executable CinderlineProductionExitTests
[ 95%] Linking CXX executable CinderlineProductionTrafficTests
[ 97%] Built target CinderlineProductionExitTests
[ 97%] Built target CinderlineNavigationTerrainVisibilityTests
[ 98%] Built target CinderlineProductionTrafficTests
[100%] Linking CXX executable CinderlineAIResourceControlTests
[100%] Built target CinderlineAIResourceControlTests
