[  1%] Building CXX object CMakeFiles/CinderlineSimulation.dir/Source/Cinderline/Private/Sim/SimulationAI.cpp.o
[  2%] Linking CXX static library libCinderlineSimulation.a
[ 12%] Built target CinderlineSimulation
[ 15%] Building CXX object CMakeFiles/CinderlineGameplayBaseline.dir/Tools/GameplayBaseline.cpp.o
[ 15%] Building CXX object CMakeFiles/CinderlineMatchBaseline.dir/Tools/MatchBaseline.cpp.o
[ 16%] Building CXX object CMakeFiles/CinderlineTacticalOrderBaseline.dir/Tools/TacticalOrderBaseline.cpp.o
[ 17%] Building CXX object CMakeFiles/CinderlineSustainedOrderBaseline.dir/Tools/SustainedOrderBaseline.cpp.o
[ 19%] Linking CXX executable CinderlineSustainedOrderBaseline
[ 20%] Linking CXX executable CinderlineTacticalOrderBaseline
[ 20%] Built target CinderlineSustainedOrderBaseline
[ 20%] Built target CinderlineTacticalOrderBaseline
[ 21%] Building CXX object CMakeFiles/CinderlineFormationOrderBaseline.dir/Tools/FormationOrderBaseline.cpp.o
[ 23%] Building CXX object CMakeFiles/CinderlineAIChallengeBaseline.dir/Tools/AIChallengeBaseline.cpp.o
[ 24%] Linking CXX executable CinderlineGameplayBaseline
[ 24%] Built target CinderlineGameplayBaseline
[ 25%] Building CXX object CMakeFiles/CinderlineMatchWorker.dir/Server/MatchWorker.cpp.o
[ 26%] Linking CXX executable CinderlineAIChallengeBaseline
[ 26%] Built target CinderlineAIChallengeBaseline
[ 28%] Building CXX object CMakeFiles/CinderlineTests.dir/Tests/SimulationTests.cpp.o
[ 29%] Linking CXX executable CinderlineMatchBaseline
[ 30%] Linking CXX executable CinderlineFormationOrderBaseline
[ 30%] Built target CinderlineMatchBaseline
[ 30%] Built target CinderlineFormationOrderBaseline
[ 32%] Building CXX object CMakeFiles/CinderlineNavigationTests.dir/Tests/NavigationTests.cpp.o
[ 33%] Building CXX object CMakeFiles/CinderlineMovementFollowingTests.dir/Tests/MovementFollowingTests.cpp.o
[ 34%] Linking CXX executable CinderlineMovementFollowingTests
[ 34%] Built target CinderlineMovementFollowingTests
[ 35%] Building CXX object CMakeFiles/CinderlineNavigationRouteQualityTests.dir/Tests/NavigationRouteQualityTests.cpp.o
[ 37%] Linking CXX executable CinderlineMatchWorker
[ 37%] Built target CinderlineMatchWorker
[ 38%] Building CXX object CMakeFiles/CinderlineNetworkTests.dir/Tests/NetworkTests.cpp.o
[ 39%] Linking CXX executable CinderlineNavigationRouteQualityTests
[ 39%] Built target CinderlineNavigationRouteQualityTests
[ 41%] Building CXX object CMakeFiles/CinderlineDefenseTests.dir/Tests/DefenseTests.cpp.o
[ 42%] Linking CXX executable CinderlineNavigationTests
[ 42%] Built target CinderlineNavigationTests
[ 43%] Building CXX object CMakeFiles/CinderlineAIDifficultyTests.dir/Tests/AIDifficultyTests.cpp.o
[ 44%] Linking CXX executable CinderlineDefenseTests
[ 44%] Built target CinderlineDefenseTests
[ 46%] Building CXX object CMakeFiles/CinderlineAIDifficultyProgressionTests.dir/Tests/AIDifficultyProgressionTests.cpp.o
[ 47%] Linking CXX executable CinderlineAIDifficultyTests
[ 47%] Built target CinderlineAIDifficultyTests
[ 48%] Linking CXX executable CinderlineNetworkTests
[ 50%] Building CXX object CMakeFiles/CinderlineAITacticsTests.dir/Tests/AITacticsTests.cpp.o
[ 50%] Built target CinderlineNetworkTests
[ 51%] Building CXX object CMakeFiles/CinderlineAIEconomyTests.dir/Tests/AIEconomyTests.cpp.o
[ 52%] Linking CXX executable CinderlineAIDifficultyProgressionTests
[ 52%] Built target CinderlineAIDifficultyProgressionTests
[ 53%] Building CXX object CMakeFiles/CinderlineProductionAllocationTests.dir/Tests/ProductionAllocationTests.cpp.o
[ 55%] Linking CXX executable CinderlineTests
[ 55%] Built target CinderlineTests
[ 56%] Building CXX object CMakeFiles/CinderlineMatchLengthTests.dir/Tests/MatchLengthTests.cpp.o
[ 57%] Linking CXX executable CinderlineAIEconomyTests
[ 57%] Built target CinderlineAIEconomyTests
[ 58%] Building CXX object CMakeFiles/CinderlineFourPlayerTests.dir/Tests/FourPlayerTests.cpp.o
[ 60%] Linking CXX executable CinderlineAITacticsTests
[ 60%] Built target CinderlineAITacticsTests
[ 61%] Building CXX object CMakeFiles/CinderlineOrderCompletionTests.dir/Tests/OrderCompletionTests.cpp.o
[ 62%] Linking CXX executable CinderlineMatchLengthTests
[ 62%] Built target CinderlineMatchLengthTests
[ 64%] Building CXX object CMakeFiles/CinderlineTacticalOrderTests.dir/Tests/TacticalOrderTests.cpp.o
[ 65%] Linking CXX executable CinderlineProductionAllocationTests
[ 65%] Built target CinderlineProductionAllocationTests
[ 66%] Building CXX object CMakeFiles/CinderlinePatrolEscortTests.dir/Tests/PatrolEscortTests.cpp.o
[ 67%] Linking CXX executable CinderlineOrderCompletionTests
[ 67%] Built target CinderlineOrderCompletionTests
[ 69%] Building CXX object CMakeFiles/CinderlineFormationOrderTests.dir/Tests/FormationOrderTests.cpp.o
[ 70%] Linking CXX executable CinderlineFourPlayerTests
[ 70%] Built target CinderlineFourPlayerTests
[ 71%] Building CXX object CMakeFiles/CinderlineTacticalInterruptionTests.dir/Tests/TacticalInterruptionTests.cpp.o
[ 73%] Linking CXX executable CinderlineTacticalInterruptionTests
[ 74%] Linking CXX executable CinderlineTacticalOrderTests
[ 74%] Built target CinderlineTacticalInterruptionTests
[ 74%] Built target CinderlineTacticalOrderTests
[ 75%] Building CXX object CMakeFiles/CinderlineWorkerOrderCompletionTests.dir/Tests/WorkerOrderCompletionTests.cpp.o
[ 76%] Building CXX object CMakeFiles/CinderlineBuilderQueueTests.dir/Tests/BuilderQueueTests.cpp.o
[ 78%] Linking CXX executable CinderlineWorkerOrderCompletionTests
[ 78%] Built target CinderlineWorkerOrderCompletionTests
[ 79%] Building CXX object CMakeFiles/CinderlineSimulationProfilingTests.dir/Tests/SimulationProfilingTests.cpp.o
[ 80%] Linking CXX executable CinderlinePatrolEscortTests
[ 80%] Built target CinderlinePatrolEscortTests
[ 82%] Building CXX object CMakeFiles/CinderlineNavigationAttachmentCacheTests.dir/Tests/NavigationAttachmentCacheTests.cpp.o
[ 83%] Linking CXX executable CinderlineFormationOrderTests
[ 83%] Built target CinderlineFormationOrderTests
[ 84%] Building CXX object CMakeFiles/CinderlineNavigationMultiSourceTests.dir/Tests/NavigationMultiSourceTests.cpp.o
[ 85%] Linking CXX executable CinderlineNavigationAttachmentCacheTests
[ 85%] Built target CinderlineNavigationAttachmentCacheTests
[ 87%] Building CXX object CMakeFiles/CinderlineNavigationPredicateParityTests.dir/Tests/NavigationPredicateParityTests.cpp.o
[ 88%] Linking CXX executable CinderlineNavigationMultiSourceTests
[ 88%] Built target CinderlineNavigationMultiSourceTests
[ 89%] Building CXX object CMakeFiles/CinderlineNavigationTerrainVisibilityTests.dir/Tests/NavigationTerrainVisibilityTests.cpp.o
[ 91%] Linking CXX executable CinderlineBuilderQueueTests
[ 92%] Linking CXX executable CinderlineSimulationProfilingTests
[ 92%] Built target CinderlineBuilderQueueTests
[ 92%] Built target CinderlineSimulationProfilingTests
[ 93%] Building CXX object CMakeFiles/CinderlineProductionExitTests.dir/Tests/ProductionExitTests.cpp.o
[ 94%] Building CXX object CMakeFiles/CinderlineProductionTrafficTests.dir/Tests/ProductionTrafficTests.cpp.o
[ 96%] Linking CXX executable CinderlineNavigationTerrainVisibilityTests
[ 96%] Built target CinderlineNavigationTerrainVisibilityTests
[ 97%] Linking CXX executable CinderlineNavigationPredicateParityTests
[ 97%] Built target CinderlineNavigationPredicateParityTests
[ 98%] Linking CXX executable CinderlineProductionTrafficTests
[ 98%] Built target CinderlineProductionTrafficTests
[100%] Linking CXX executable CinderlineProductionExitTests
[100%] Built target CinderlineProductionExitTests
