[ 33%] Building CXX object CMakeFiles/CinderlineSimulation.dir/Source/Cinderline/Private/Sim/Navigation.cpp.o
[ 33%] Building CXX object CMakeFiles/CinderlineSimulation.dir/Source/Cinderline/Private/Sim/Simulation.cpp.o
[ 33%] Building CXX object CMakeFiles/CinderlineSimulation.dir/Source/Cinderline/Private/Sim/Network.cpp.o
[ 33%] Building CXX object CMakeFiles/CinderlineSimulation.dir/Source/Cinderline/Private/Sim/SimulationAI.cpp.o
[ 41%] Building CXX object CMakeFiles/CinderlineSimulation.dir/Source/Cinderline/Private/Sim/SimulationJobs.cpp.o
[ 50%] Building CXX object CMakeFiles/CinderlineSimulation.dir/Source/Cinderline/Private/Sim/SimulationMovement.cpp.o
[ 58%] Building CXX object CMakeFiles/CinderlineSimulation.dir/Source/Cinderline/Private/Sim/SimulationProduction.cpp.o
[ 66%] Building CXX object CMakeFiles/CinderlineSimulation.dir/Source/Cinderline/Private/Sim/SimulationTactics.cpp.o
[ 75%] Building CXX object CMakeFiles/CinderlineSimulation.dir/Source/Cinderline/Private/Sim/SimulationWorkerPlans.cpp.o
[ 83%] Linking CXX static library libCinderlineSimulation.a
[ 83%] Built target CinderlineSimulation
[ 91%] Building CXX object CMakeFiles/CinderlineAIDifficultyTests.dir/Tests/AIDifficultyTests.cpp.o
[100%] Linking CXX executable CinderlineAIDifficultyTests
[100%] Built target CinderlineAIDifficultyTests
[ 83%] Built target CinderlineSimulation
[ 91%] Building CXX object CMakeFiles/CinderlineAIEconomyTests.dir/Tests/AIEconomyTests.cpp.o
[100%] Linking CXX executable CinderlineAIEconomyTests
[100%] Built target CinderlineAIEconomyTests
[ 83%] Built target CinderlineSimulation
[ 91%] Building CXX object CMakeFiles/CinderlineAITacticsTests.dir/Tests/AITacticsTests.cpp.o
[100%] Linking CXX executable CinderlineAITacticsTests
[100%] Built target CinderlineAITacticsTests
