[ 12%] Built target CinderlineSimulation
[ 18%] Built target CinderlineSustainedOrderBaseline
[ 20%] Built target CinderlineGameplayBaseline
[ 20%] Built target CinderlineMatchBaseline
[ 22%] Built target CinderlineTacticalOrderBaseline
[ 29%] Built target CinderlineAIChallengeBaseline
[ 29%] Built target CinderlineMatchWorker
[ 29%] Built target CinderlineFormationOrderBaseline
[ 31%] Built target CinderlineMapTerrainSimulationTests
[ 38%] Built target CinderlineMapDefinitionTests
[ 38%] Built target CinderlineMovementFollowingTests
[ 38%] Built target CinderlineTests
[ 41%] Built target CinderlineNavigationTests
[ 45%] Built target CinderlineNavigationRouteQualityTests
[ 45%] Built target CinderlineNetworkTests
[ 50%] Built target CinderlineDefenseTests
[ 50%] Built target CinderlineAIDifficultyTests
[ 52%] Built target CinderlineAIDifficultyProgressionTests
[ 55%] Built target CinderlineAIEconomyTests
[ 57%] Built target CinderlineAIResourceControlTests
[ 60%] Built target CinderlineAITacticsTests
[ 63%] Built target CinderlineProductionAllocationTests
[ 64%] Built target CinderlineOrderCompletionTests
[ 69%] Built target CinderlineFourPlayerTests
[ 69%] Built target CinderlineMatchLengthTests
[ 74%] Built target CinderlinePatrolEscortTests
[ 74%] Built target CinderlineTacticalOrderTests
[ 76%] Built target CinderlineTacticalInterruptionTests
[ 78%] Built target CinderlineFormationOrderTests
[ 82%] Built target CinderlineBuilderQueueTests
[ 87%] Built target CinderlineWorkerOrderCompletionTests
[ 88%] Built target CinderlineSimulationProfilingTests
[ 88%] Built target CinderlineNavigationAttachmentCacheTests
[ 97%] Built target CinderlineNavigationMultiSourceTests
[ 97%] Built target CinderlineNavigationTerrainVisibilityTests
[ 97%] Built target CinderlineProductionExitTests
[ 97%] Built target CinderlineNavigationPredicateParityTests
[100%] Built target CinderlineProductionTrafficTests
