match-baseline preparation tick 0 team0=5/100 supply=9/30 team1=5/100 supply=9/30 team2=5/100 supply=9/30 team3=5/100 supply=9/30
match-latency slow_step tick=1 phase=preparation update_wall_ms=21.666 monotonic_ms=49.838 wall_epoch_ms=1789400818576.071 profile_collected=1 profile_tick=1 setup_ms=0.000 production_ms=0.004 movement_economy_ms=21.641 vision_ms=0.019 combat_ms=0.001 ai_ms=0.000 completion_ms=0.000 terrain_hits=0 terrain_misses=67832 terrain_saturation_misses=0 terrain_resets=0 terrain_pages=61 terrain_targets=1112 terrain_payload_bytes=249856 profile_total_ms=21.665
match-latency slow_step tick=1921 phase=preparation update_wall_ms=29.419 monotonic_ms=768.234 wall_epoch_ms=1789400819294.464 profile_collected=1 profile_tick=1921 setup_ms=0.000 production_ms=0.008 movement_economy_ms=29.378 vision_ms=0.032 combat_ms=0.001 ai_ms=0.000 completion_ms=0.000 terrain_hits=0 terrain_misses=128156 terrain_saturation_misses=0 terrain_resets=0 terrain_pages=261 terrain_targets=1393 terrain_payload_bytes=1069056 profile_total_ms=29.418
match-latency slow_step tick=2602 phase=preparation update_wall_ms=27.936 monotonic_ms=1414.840 wall_epoch_ms=1789400819941.070 profile_collected=1 profile_tick=2602 setup_ms=0.000 production_ms=0.008 movement_economy_ms=27.889 vision_ms=0.038 combat_ms=0.001 ai_ms=0.000 completion_ms=0.000 terrain_hits=0 terrain_misses=101248 terrain_saturation_misses=0 terrain_resets=0 terrain_pages=765 terrain_targets=1582 terrain_payload_bytes=3133440 profile_total_ms=27.936
match-latency slow_step tick=2741 phase=preparation update_wall_ms=23.573 monotonic_ms=1657.012 wall_epoch_ms=1789400820183.244 profile_collected=1 profile_tick=2741 setup_ms=0.000 production_ms=0.011 movement_economy_ms=23.519 vision_ms=0.041 combat_ms=0.001 ai_ms=0.000 completion_ms=0.000 terrain_hits=34062 terrain_misses=54768 terrain_saturation_misses=0 terrain_resets=0 terrain_pages=854 terrain_targets=3301 terrain_payload_bytes=3497984 profile_total_ms=23.573
match-latency slow_step tick=3002 phase=preparation update_wall_ms=23.476 monotonic_ms=2009.897 wall_epoch_ms=1789400820536.128 profile_collected=1 profile_tick=3002 setup_ms=0.000 production_ms=0.012 movement_economy_ms=23.420 vision_ms=0.042 combat_ms=0.001 ai_ms=0.000 completion_ms=0.000 terrain_hits=146125 terrain_misses=7875 terrain_saturation_misses=0 terrain_resets=0 terrain_pages=902 terrain_targets=3516 terrain_payload_bytes=3694592 profile_total_ms=23.476
match-latency slow_step tick=3062 phase=preparation update_wall_ms=36.270 monotonic_ms=2105.761 wall_epoch_ms=1789400820631.993 profile_collected=1 profile_tick=3062 setup_ms=0.000 production_ms=0.012 movement_economy_ms=36.211 vision_ms=0.045 combat_ms=0.001 ai_ms=0.000 completion_ms=0.000 terrain_hits=1788 terrain_misses=58465 terrain_saturation_misses=0 terrain_resets=0 terrain_pages=968 terrain_targets=3581 terrain_payload_bytes=3964928 profile_total_ms=36.269
match-latency slow_step tick=3162 phase=preparation update_wall_ms=22.221 monotonic_ms=2248.287 wall_epoch_ms=1789400820774.517 profile_collected=1 profile_tick=3162 setup_ms=0.000 production_ms=0.011 movement_economy_ms=22.161 vision_ms=0.047 combat_ms=0.001 ai_ms=0.000 completion_ms=0.000 terrain_hits=134596 terrain_misses=5005 terrain_saturation_misses=0 terrain_resets=0 terrain_pages=996 terrain_targets=3623 terrain_payload_bytes=4079616 profile_total_ms=22.220
match-latency slow_step tick=3253 phase=preparation update_wall_ms=21.379 monotonic_ms=2409.691 wall_epoch_ms=1789400820935.920 profile_collected=1 profile_tick=3253 setup_ms=0.000 production_ms=0.011 movement_economy_ms=21.320 vision_ms=0.047 combat_ms=0.001 ai_ms=0.000 completion_ms=0.000 terrain_hits=0 terrain_misses=51940 terrain_saturation_misses=0 terrain_resets=0 terrain_pages=1024 terrain_targets=3731 terrain_payload_bytes=4194304 profile_total_ms=21.379
match-latency slow_step tick=3425 phase=preparation update_wall_ms=20.220 monotonic_ms=2686.741 wall_epoch_ms=1789400821212.974 profile_collected=1 profile_tick=3425 setup_ms=0.000 production_ms=0.011 movement_economy_ms=20.158 vision_ms=0.050 combat_ms=0.001 ai_ms=0.000 completion_ms=0.000 terrain_hits=47817 terrain_misses=16170 terrain_saturation_misses=0 terrain_resets=0 terrain_pages=1024 terrain_targets=3925 terrain_payload_bytes=4194304 profile_total_ms=20.220
match-latency slow_step tick=3462 phase=preparation update_wall_ms=36.672 monotonic_ms=2758.140 wall_epoch_ms=1789400821284.373 profile_collected=1 profile_tick=3462 setup_ms=0.000 production_ms=0.013 movement_economy_ms=36.606 vision_ms=0.050 combat_ms=0.001 ai_ms=0.000 completion_ms=0.000 terrain_hits=54339 terrain_misses=4557 terrain_saturation_misses=0 terrain_resets=0 terrain_pages=1024 terrain_targets=3968 terrain_payload_bytes=4194304 profile_total_ms=36.672
match-latency slow_step tick=3482 phase=preparation update_wall_ms=34.903 monotonic_ms=2837.836 wall_epoch_ms=1789400821364.068 profile_collected=1 profile_tick=3482 setup_ms=0.000 production_ms=0.014 movement_economy_ms=34.836 vision_ms=0.052 combat_ms=0.001 ai_ms=0.000 completion_ms=0.000 terrain_hits=51056 terrain_misses=2529 terrain_saturation_misses=0 terrain_resets=0 terrain_pages=1024 terrain_targets=4011 terrain_payload_bytes=4194304 profile_total_ms=34.903
match-latency slow_step tick=3502 phase=preparation update_wall_ms=20.731 monotonic_ms=2928.479 wall_epoch_ms=1789400821454.708 profile_collected=1 profile_tick=3502 setup_ms=0.000 production_ms=0.015 movement_economy_ms=20.664 vision_ms=0.050 combat_ms=0.001 ai_ms=0.000 completion_ms=0.000 terrain_hits=56539 terrain_misses=3621 terrain_saturation_misses=0 terrain_resets=0 terrain_pages=1024 terrain_targets=4054 terrain_payload_bytes=4194304 profile_total_ms=20.731
match-latency slow_step tick=3626 phase=preparation update_wall_ms=40.071 monotonic_ms=3180.798 wall_epoch_ms=1789400821707.029 profile_collected=1 profile_tick=3626 setup_ms=0.000 production_ms=0.013 movement_economy_ms=40.007 vision_ms=0.050 combat_ms=0.001 ai_ms=0.000 completion_ms=0.000 terrain_hits=153076 terrain_misses=164934 terrain_saturation_misses=0 terrain_resets=0 terrain_pages=1024 terrain_targets=4183 terrain_payload_bytes=4194304 profile_total_ms=40.071
match-latency slow_step tick=3669 phase=preparation update_wall_ms=76.254 monotonic_ms=3294.119 wall_epoch_ms=1789400821820.350 profile_collected=1 profile_tick=3669 setup_ms=0.000 production_ms=0.014 movement_economy_ms=76.184 vision_ms=0.054 combat_ms=0.001 ai_ms=0.000 completion_ms=0.000 terrain_hits=98469 terrain_misses=297871 terrain_saturation_misses=0 terrain_resets=0 terrain_pages=1024 terrain_targets=4226 terrain_payload_bytes=4194304 profile_total_ms=76.253
match-latency slow_step tick=3682 phase=preparation update_wall_ms=31.886 monotonic_ms=3434.526 wall_epoch_ms=1789400821960.757 profile_collected=1 profile_tick=3682 setup_ms=0.000 production_ms=0.015 movement_economy_ms=31.813 vision_ms=0.054 combat_ms=0.001 ai_ms=0.000 completion_ms=0.000 terrain_hits=384608 terrain_misses=19936 terrain_saturation_misses=0 terrain_resets=0 terrain_pages=1024 terrain_targets=4247 terrain_payload_bytes=4194304 profile_total_ms=31.883
match-latency slow_step tick=3722 phase=preparation update_wall_ms=66.959 monotonic_ms=3545.215 wall_epoch_ms=1789400822071.449 profile_collected=1 profile_tick=3722 setup_ms=0.000 production_ms=0.015 movement_economy_ms=66.888 vision_ms=0.054 combat_ms=0.001 ai_ms=0.000 completion_ms=0.000 terrain_hits=394064 terrain_misses=20952 terrain_saturation_misses=0 terrain_resets=0 terrain_pages=1024 terrain_targets=4312 terrain_payload_bytes=4194304 profile_total_ms=66.959
match-latency slow_step tick=4375 phase=preparation update_wall_ms=113.565 monotonic_ms=3984.825 wall_epoch_ms=1789400822511.058 profile_collected=1 profile_tick=4375 setup_ms=0.000 production_ms=0.009 movement_economy_ms=113.493 vision_ms=0.060 combat_ms=0.001 ai_ms=0.000 completion_ms=0.000 terrain_hits=46396 terrain_misses=585620 terrain_saturation_misses=0 terrain_resets=0 terrain_pages=1024 terrain_targets=4312 terrain_payload_bytes=4194304 profile_total_ms=113.564
match-latency slow_step tick=5294 phase=preparation update_wall_ms=20.864 monotonic_ms=4706.567 wall_epoch_ms=1789400823232.799 profile_collected=1 profile_tick=5294 setup_ms=0.000 production_ms=0.004 movement_economy_ms=20.772 vision_ms=0.086 combat_ms=0.001 ai_ms=0.000 completion_ms=0.000 terrain_hits=10672 terrain_misses=0 terrain_saturation_misses=0 terrain_resets=0 terrain_pages=1024 terrain_targets=4312 terrain_payload_bytes=4194304 profile_total_ms=20.863
match-baseline preparation tick 6000 team0=21/100 supply=21/184 team1=21/100 supply=21/184 team2=21/100 supply=21/184 team3=21/100 supply=21/184
match-latency slow_step tick=6042 phase=preparation update_wall_ms=21.482 monotonic_ms=5505.769 wall_epoch_ms=1789400824032.000 profile_collected=1 profile_tick=6042 setup_ms=0.000 production_ms=0.007 movement_economy_ms=21.408 vision_ms=0.065 combat_ms=0.001 ai_ms=0.000 completion_ms=0.000 terrain_hits=2236 terrain_misses=28 terrain_saturation_misses=0 terrain_resets=0 terrain_pages=1024 terrain_targets=4532 terrain_payload_bytes=4194304 profile_total_ms=21.481
match-latency slow_step tick=6416 phase=preparation update_wall_ms=145.447 monotonic_ms=5814.239 wall_epoch_ms=1789400824340.470 profile_collected=1 profile_tick=6416 setup_ms=0.000 production_ms=0.005 movement_economy_ms=145.374 vision_ms=0.065 combat_ms=0.001 ai_ms=0.000 completion_ms=0.000 terrain_hits=0 terrain_misses=840192 terrain_saturation_misses=0 terrain_resets=0 terrain_pages=1024 terrain_targets=4532 terrain_payload_bytes=4194304 profile_total_ms=145.446
match-latency slow_step tick=7223 phase=preparation update_wall_ms=20.670 monotonic_ms=6602.281 wall_epoch_ms=1789400825128.514 profile_collected=1 profile_tick=7223 setup_ms=0.000 production_ms=0.006 movement_economy_ms=20.597 vision_ms=0.065 combat_ms=0.001 ai_ms=0.000 completion_ms=0.000 terrain_hits=6552 terrain_misses=0 terrain_saturation_misses=0 terrain_resets=0 terrain_pages=1024 terrain_targets=4532 terrain_payload_bytes=4194304 profile_total_ms=20.670
match-latency slow_step tick=7229 phase=preparation update_wall_ms=21.242 monotonic_ms=6626.999 wall_epoch_ms=1789400825153.232 profile_collected=1 profile_tick=7229 setup_ms=0.000 production_ms=0.006 movement_economy_ms=21.166 vision_ms=0.068 combat_ms=0.001 ai_ms=0.000 completion_ms=0.000 terrain_hits=0 terrain_misses=21240 terrain_saturation_misses=0 terrain_resets=0 terrain_pages=1024 terrain_targets=4532 terrain_payload_bytes=4194304 profile_total_ms=21.241
match-latency slow_step tick=7353 phase=preparation update_wall_ms=28.072 monotonic_ms=6816.100 wall_epoch_ms=1789400825342.330 profile_collected=1 profile_tick=7353 setup_ms=0.000 production_ms=0.006 movement_economy_ms=28.010 vision_ms=0.055 combat_ms=0.001 ai_ms=0.000 completion_ms=0.000 terrain_hits=0 terrain_misses=80964 terrain_saturation_misses=0 terrain_resets=0 terrain_pages=1024 terrain_targets=4532 terrain_payload_bytes=4194304 profile_total_ms=28.072
match-latency slow_step tick=8164 phase=preparation update_wall_ms=23.342 monotonic_ms=7404.131 wall_epoch_ms=1789400825930.362 profile_collected=1 profile_tick=8164 setup_ms=0.000 production_ms=0.004 movement_economy_ms=23.250 vision_ms=0.086 combat_ms=0.001 ai_ms=0.000 completion_ms=0.000 terrain_hits=2060 terrain_misses=0 terrain_saturation_misses=0 terrain_resets=0 terrain_pages=1024 terrain_targets=4532 terrain_payload_bytes=4194304 profile_total_ms=23.341
match-latency slow_step tick=8167 phase=preparation update_wall_ms=25.087 monotonic_ms=7452.107 wall_epoch_ms=1789400825978.340 profile_collected=1 profile_tick=8167 setup_ms=0.001 production_ms=0.005 movement_economy_ms=25.013 vision_ms=0.066 combat_ms=0.001 ai_ms=0.000 completion_ms=0.000 terrain_hits=45172 terrain_misses=121748 terrain_saturation_misses=0 terrain_resets=0 terrain_pages=1024 terrain_targets=4532 terrain_payload_bytes=4194304 profile_total_ms=25.087
match-latency slow_step tick=8562 phase=preparation update_wall_ms=24.008 monotonic_ms=7838.010 wall_epoch_ms=1789400826364.240 profile_collected=1 profile_tick=8562 setup_ms=0.000 production_ms=0.004 movement_economy_ms=23.941 vision_ms=0.061 combat_ms=0.001 ai_ms=0.000 completion_ms=0.000 terrain_hits=73008 terrain_misses=18252 terrain_saturation_misses=0 terrain_resets=0 terrain_pages=1024 terrain_targets=4532 terrain_payload_bytes=4194304 profile_total_ms=24.008
match-latency slow_step tick=8827 phase=preparation update_wall_ms=55.913 monotonic_ms=8071.736 wall_epoch_ms=1789400826597.969 profile_collected=1 profile_tick=8827 setup_ms=0.000 production_ms=0.004 movement_economy_ms=55.849 vision_ms=0.060 combat_ms=0.001 ai_ms=0.000 completion_ms=0.000 terrain_hits=758472 terrain_misses=22308 terrain_saturation_misses=0 terrain_resets=0 terrain_pages=1024 terrain_targets=4532 terrain_payload_bytes=4194304 profile_total_ms=55.913
{
  "schema": "cinderline.match_latency_probe.v1",
  "success": false,
  "diagnostic_only": true,
  "full_acceptance": false,
  "repeat_run_performed": false,
  "completed": false,
  "diagnostic_interrupted_prefix": true,
  "diagnostic_stop_after_ticks": 10000,
  "measured_run_valid": false,
  "players": 4,
  "reference_mobile_units_per_team": 100,
  "reference_crew_per_team": 184,
  "supported_device_capacity_claim": false,
  "economy_bypass": false,
  "debug_spawn_used": false,
  "script_uses_authored_map_knowledge": true,
  "gather_requires_explored_resource": true,
  "preparation_combat_suppression": "accepted Move orders between two own-corner waypoints",
  "required_gathered_ore_per_team": 15220,
  "reference_layout_minimum_static_gap_world_units": 72.000000,
  "workers_join_holding_pattern_after_required_ore_gathered": true,
  "preparation_patrol_commands": 1889,
  "preparation_patrol_command_limit": 576000,
  "preparation_movement_scheduler_ms": {"p50": 0.000667, "p95": 0.005542, "p99": 0.018166, "max": 0.086417},
  "preparation_limit_seconds": 3600,
  "prepared": false,
  "preparation_ticks": 10000,
  "final_tick": 10000,
  "winner": -1,
  "early_end": false,
  "profile_enabled": true,
  "snapshots_enabled": true,
  "state_hash": "0x459b9f9102dc2f71",
  "repeat_state_hash": null,
  "trajectory_hash": "0x15f41ac71631e7d6",
  "repeat_trajectory_hash": null,
  "recording_hash": "0xe3a85e0ed47f14df",
  "repeat_recording_hash": null,
  "recorded_commands": 2061,
  "deterministic_repeat": null,
  "commands": {"accepted": 2061, "rejected": 0, "wall_total_ms": 10.161921, "wall_max_ms": 0.199958, "accepted_by_type": {"AutoBuild": 56, "AutoRally": 4, "AutoResearch": 8, "AutoTrain": 70, "Gather": 30, "Move": 1893}, "wall_ms_by_type": {"AutoBuild": {"p50": 0.012541, "p95": 0.021125, "p99": 0.023542, "max": 0.023542}, "AutoRally": {"p50": 0.000917, "p95": 0.112084, "p99": 0.112084, "max": 0.112084}, "AutoResearch": {"p50": 0.001541, "p95": 0.002500, "p99": 0.002500, "max": 0.002500}, "AutoTrain": {"p50": 0.001041, "p95": 0.003458, "p99": 0.005875, "max": 0.005875}, "Gather": {"p50": 0.000625, "p95": 0.002916, "p99": 0.199958, "max": 0.199958}, "Move": {"p50": 0.001084, "p95": 0.015833, "p99": 0.018917, "max": 0.068208}}},
  "phases": [
    {"name": "preparation", "ticks": 10000, "step_ms": {"p50": 0.186500, "p95": 0.971625, "p99": 9.259292, "max": 145.446334}, "profile_ms": {"setup": {"p50": 0.000125, "p95": 0.000250, "p99": 0.000875, "max": 0.003125}, "production": {"p50": 0.004292, "p95": 0.012459, "p99": 0.014500, "max": 0.905042}, "movement_economy": {"p50": 0.130667, "p95": 0.912292, "p99": 9.187083, "max": 145.374125}, "vision": {"p50": 0.046834, "p95": 0.058541, "p99": 0.067375, "max": 0.167208}, "combat": {"p50": 0.000792, "p95": 0.000958, "p99": 0.001084, "max": 0.011333}, "ai": {"p50": 0.000041, "p95": 0.000042, "p99": 0.000042, "max": 0.001834}, "completion": {"p50": 0.000083, "p95": 0.000125, "p99": 0.000250, "max": 0.003417}, "total": {"p50": 0.186500, "p95": 0.971625, "p99": 9.259292, "max": 145.446334}}, "snapshots": {"scope":"fog_filtered_opaque_snapshots_cpu_no_transport","cadence_hz":10,"protocol":7,"message_byte_limit":1048576,"batches":5000,"messages":20000,"build_ms":{"mean":0.036331,"p50":0.036584,"p95":0.040500,"p99":0.049000,"max":0.185458},"encode_ms":{"mean":0.009739,"p50":0.010500,"p95":0.012167,"p99":0.014750,"max":0.087250},"message_cpu_ms":{"mean":0.046069,"p50":0.047167,"p95":0.052625,"p99":0.063666,"max":0.211666},"all_seats_batch_cpu_ms":{"mean":0.185654,"p50":0.191167,"p95":0.214042,"p99":0.234458,"max":0.488709},"message_bytes":{"mean":3686.831650,"p50":4228.000000,"p95":4414.000000,"p99":4441.000000,"max":4960.000000},"all_seats_batch_bytes":{"mean":14747.326600,"p50":16957.000000,"p95":17389.000000,"p99":17422.000000,"max":18937.000000},"visible_entities":{"mean":35.709000,"p50":42.000000,"p95":43.000000,"p99":43.000000,"max":43.000000},"visible_effects":{"mean":0.000000,"p50":0.000000,"p95":0.000000,"p99":0.000000,"max":0.000000}}},
    {"name": "march", "ticks": 0, "step_ms": null, "profile_ms": null, "snapshots": {"scope":"fog_filtered_opaque_snapshots_cpu_no_transport","cadence_hz":10,"protocol":7,"message_byte_limit":1048576,"batches":0,"messages":0,"build_ms":null,"encode_ms":null,"message_cpu_ms":null,"all_seats_batch_cpu_ms":null,"message_bytes":null,"all_seats_batch_bytes":null,"visible_entities":null,"visible_effects":null}},
    {"name": "combat", "ticks": 0, "step_ms": null, "profile_ms": null, "snapshots": {"scope":"fog_filtered_opaque_snapshots_cpu_no_transport","cadence_hz":10,"protocol":7,"message_byte_limit":1048576,"batches":0,"messages":0,"build_ms":null,"encode_ms":null,"message_cpu_ms":null,"all_seats_batch_cpu_ms":null,"message_bytes":null,"all_seats_batch_bytes":null,"visible_entities":null,"visible_effects":null}}
  ],
  "navigation": {"searches": 11010, "expanded": 26919, "failures": 59, "budget_deferrals": 1142},
  "teams": [
    {"team": 0, "supply": 86, "capacity": 184, "ore": 5306, "gathered": 15226, "produced": 16, "built": 14, "tier": 3, "scheduler_ms": {"p50": 0.004125, "p95": 0.010875, "p99": 27.339000, "max": 36.861500}, "march": {"expected": 0, "alive": 0, "arrived": 0, "pending_valid_order": 0, "navigation_exhausted": 0, "missing": 0, "goal_changed": 0}, "prepared_supply": 0, "prepared_capacity": 0, "combat_delta": {"damage": 0.000000, "lost": 0, "killed": 0}, "prepared_units": {"Drudge": 0, "Ember": 0, "Needle": 0, "Skim": 0, "Anvil": 0, "Cinderthrow": 0, "Mend": 0, "Veil": 0}, "final_units": {"Drudge": 20, "Ember": 0, "Needle": 0, "Skim": 1, "Anvil": 0, "Cinderthrow": 0, "Mend": 0, "Veil": 0}},
    {"team": 1, "supply": 86, "capacity": 184, "ore": 5317, "gathered": 15237, "produced": 16, "built": 14, "tier": 3, "scheduler_ms": {"p50": 0.003250, "p95": 0.006750, "p99": 24.985583, "max": 38.668250}, "march": {"expected": 0, "alive": 0, "arrived": 0, "pending_valid_order": 0, "navigation_exhausted": 0, "missing": 0, "goal_changed": 0}, "prepared_supply": 0, "prepared_capacity": 0, "combat_delta": {"damage": 0.000000, "lost": 0, "killed": 0}, "prepared_units": {"Drudge": 0, "Ember": 0, "Needle": 0, "Skim": 0, "Anvil": 0, "Cinderthrow": 0, "Mend": 0, "Veil": 0}, "final_units": {"Drudge": 20, "Ember": 0, "Needle": 0, "Skim": 1, "Anvil": 0, "Cinderthrow": 0, "Mend": 0, "Veil": 0}},
    {"team": 2, "supply": 86, "capacity": 184, "ore": 5307, "gathered": 15227, "produced": 16, "built": 14, "tier": 3, "scheduler_ms": {"p50": 0.002958, "p95": 0.005958, "p99": 26.590208, "max": 40.791750}, "march": {"expected": 0, "alive": 0, "arrived": 0, "pending_valid_order": 0, "navigation_exhausted": 0, "missing": 0, "goal_changed": 0}, "prepared_supply": 0, "prepared_capacity": 0, "combat_delta": {"damage": 0.000000, "lost": 0, "killed": 0}, "prepared_units": {"Drudge": 0, "Ember": 0, "Needle": 0, "Skim": 0, "Anvil": 0, "Cinderthrow": 0, "Mend": 0, "Veil": 0}, "final_units": {"Drudge": 20, "Ember": 0, "Needle": 0, "Skim": 1, "Anvil": 0, "Cinderthrow": 0, "Mend": 0, "Veil": 0}},
    {"team": 3, "supply": 21, "capacity": 184, "ore": 9812, "gathered": 15222, "produced": 16, "built": 14, "tier": 2, "scheduler_ms": {"p50": 0.003000, "p95": 0.006500, "p99": 27.512417, "max": 38.289250}, "march": {"expected": 0, "alive": 0, "arrived": 0, "pending_valid_order": 0, "navigation_exhausted": 0, "missing": 0, "goal_changed": 0}, "prepared_supply": 0, "prepared_capacity": 0, "combat_delta": {"damage": 0.000000, "lost": 0, "killed": 0}, "prepared_units": {"Drudge": 0, "Ember": 0, "Needle": 0, "Skim": 0, "Anvil": 0, "Cinderthrow": 0, "Mend": 0, "Veil": 0}, "final_units": {"Drudge": 20, "Ember": 0, "Needle": 0, "Skim": 1, "Anvil": 0, "Cinderthrow": 0, "Mend": 0, "Veil": 0}}
  ],
  "blocked_statuses": {"build Resonator: Insufficient ore.": 59, "build Siphon: Insufficient ore.": 626, "place Kiln: A ground unit occupies this site.": 4, "place Siphon: A ground unit occupies this site.": 8, "reference layout Crucible: reserve full-army passage between static footprints": 16, "reference layout Kiln: reserve full-army passage between static footprints": 10, "reference layout Resonator: reserve full-army passage between static footprints": 16, "reference layout Siphon: reserve full-army passage between static footprints": 317, "research tier: Insufficient ore.": 154, "train Drudge: Insufficient ore for the complete batch.": 148, "train Ember: Not enough production queue space for the complete batch.": 3, "train Needle: Not enough production queue space for the complete batch.": 6, "train Skim: Build an operational Kiln first.": 273, "train Skim: Insufficient ore for the complete batch.": 4},
  "dropped_blocked_statuses": 0,
  "progress": [
    {"tick": 0, "team": 0, "ore": 10, "gathered": 0, "produced": 0, "built": 0, "tier": 1, "supply": 9, "capacity": 30, "mobile": 5},
    {"tick": 0, "team": 1, "ore": 10, "gathered": 0, "produced": 0, "built": 0, "tier": 1, "supply": 9, "capacity": 30, "mobile": 5},
    {"tick": 0, "team": 2, "ore": 10, "gathered": 0, "produced": 0, "built": 0, "tier": 1, "supply": 9, "capacity": 30, "mobile": 5},
    {"tick": 0, "team": 3, "ore": 10, "gathered": 0, "produced": 0, "built": 0, "tier": 1, "supply": 9, "capacity": 30, "mobile": 5},
    {"tick": 6000, "team": 0, "ore": 3482, "gathered": 8892, "produced": 16, "built": 13, "tier": 2, "supply": 21, "capacity": 184, "mobile": 21},
    {"tick": 6000, "team": 1, "ore": 3933, "gathered": 9343, "produced": 16, "built": 13, "tier": 2, "supply": 21, "capacity": 184, "mobile": 21},
    {"tick": 6000, "team": 2, "ore": 4401, "gathered": 9811, "produced": 16, "built": 13, "tier": 2, "supply": 21, "capacity": 184, "mobile": 21},
    {"tick": 6000, "team": 3, "ore": 4864, "gathered": 8874, "produced": 16, "built": 13, "tier": 1, "supply": 21, "capacity": 184, "mobile": 21},
    {"tick": 10000, "team": 0, "ore": 5306, "gathered": 15226, "produced": 16, "built": 14, "tier": 3, "supply": 86, "capacity": 184, "mobile": 21},
    {"tick": 10000, "team": 1, "ore": 5317, "gathered": 15237, "produced": 16, "built": 14, "tier": 3, "supply": 86, "capacity": 184, "mobile": 21},
    {"tick": 10000, "team": 2, "ore": 5307, "gathered": 15227, "produced": 16, "built": 14, "tier": 3, "supply": 86, "capacity": 184, "mobile": 21},
    {"tick": 10000, "team": 3, "ore": 9812, "gathered": 15222, "produced": 16, "built": 14, "tier": 2, "supply": 21, "capacity": 184, "mobile": 21}
  ],
  "errors": ["diagnostic interrupted preparation prefix; full workload criteria and repeat not performed"]
}
